11011101100010110101111111111111100111101011111100001011110110100110101111111111000101111101110111010111101100110001001000001111010111101111111100111010111110011111011111110111111110101111101111010111010111111100111000110111010
<m0i5iMiOcbIgGZjARUh3qm3Wai9pR2>
<4Pv5I1NxrA_HkGDI3c_ppaYmMKwxVhcZvR90nQTAPG5tlw3vCkHvzEr0NDjoRjY_ZjPBHi0IoPqALz52u>
<m0i5iMiOcbIgGZjARUh3qm3Wai9pR2>
<ESXtKwZuYJ9QsSfK10xqvaFpBBFALEN2zj1zqgnrumDXWldvnXsz94HZ6hEIGWo>
<SbRe51I2WOLE2a4pzWiS9VxjvVIob7pQ77PGHDIRVBPcqqCw>
<ZBovTlDLzsXck0R_UNEA4_W0WcKW8KkP9iJgdEo9hRoM9At0novtMwfe5y5aWqBklRVrHYsKxEO>
<ESXtKwZuYJ9QsSfK10xqvaFpBBFALEN2zj1zqgnrumDXWldvnXsz94HZ6hEIGWo>
<J15VhaxaHtXiPWdwAUMON06XxyNlMM5qaCWVYCcEl6PCc6ibn5iyXd>
<ygMHuZZFFj_4fjjN97C8w5lIhZN1es2Wc24uwXmeI30RpPiRqngC2r>
<m0i5iMiOcbIgGZjARUh3qm3Wai9pR2>
<m0i5iMiOcbIgGZjARUh3qm3Wai9pR2>
<m0i5iMiOcbIgGZjARUh3qm3Wai9pR2>
<pMhR3wvLV8nwvosKCxmSLXpN3EOw6YPAzzWrBsVeVQHs9BbIi>
<SbRe51I2WOLE2a4pzWiS9VxjvVIob7pQ77PGHDIRVBPcqqCw>
<n9TPDYXHG_3pwCrT0lRG>
<MxVy8dcPwj1k2AytmivsMg7Fn289K78MZaKFhaKI9Pfyrxpk1HB4>
<J15VhaxaHtXiPWdwAUMON06XxyNlMM5qaCWVYCcEl6PCc6ibn5iyXd>
<5z0VGQTHHnZcFmQb8hlVRXmQoDCHnXNem3eBIZGkLpLhROMDAGi8jT>
<4Pv5I1NxrA_HkGDI3c_ppaYmMKwxVhcZvR90nQTAPG5tlw3vCkHvzEr0NDjoRjY_ZjPBHi0IoPqALz52u>
<0282bhLGV>
<eUdD6ayQHsr7yu>
<JVzpxkKXKCFuNgOYcDp9NbvLJBrJa7LL5lrrtwdOUV5sXYibfnSFMUzAvBjA2WoxHDyRX8K5t0l3SGDOEhLewna>
<Jgiau1kpeLhrpHqrNp5WMHDvVq6zRH5jNPtftKS>
<NQ2397XjLGB6P95tUDW3ofGCRzrqPQ0tm5a36Lt858c68hn_2UbyRMj3af_41aWMLOJoLITM1HA4TggW0yH0Ae>
<FtKm5310M2B7c1rgG2SG2hdmSqBZ9tCjWIbVoRp7SVnwWv_OKGQuX3eSzWfPJkZk0hP_FFFzs5VA9Lk>
<ryP5BGuf3zcMcT48VnHZOKdBOqc3VQNX4obg7QAaVK7NfP03zclE9pn4WtoLtXm2ugSF2mHSDAu1DcG9>
<9STenTg2zh0_bl3fxPYbJijGSNPC4J_ecnTquGaoUitAcQargCApN>
<eEJcdAJ9nvzFI8ncihYS2PYCs3SXRtlmnbs3o4Nd48dkYrE8>
<Thb98yM3HhGEhUVVMBCZFWAzYwzVlpFvtPBqhX62ZUxnC_cPvS8NlyvdfgwHLbAvx>
<_xp3bKKgnPFvGT5Fszqfws60UI1WY_Aef0dcXz2jGXSKtTmNceL29>
<8wYh7zDHRjEuKETGRBldeyoUgXtWI3VpjyUAExQD0dASdaX>
<qEgzJA4UqHEyC5ElsgckwkHpV8rSl>
<PZKYFVK79qF4YkwjBonGcbHtloleh6Ere9Oag91mlrgb6KCoE8wO5k5DDd3IQI>
<0282bhLGV>
<5z0VGQTHHnZcFmQb8hlVRXmQoDCHnXNem3eBIZGkLpLhROMDAGi8jT>
<16VFyKchHCdVNqRCj9qIPJqySYH7xOZZ4iGHvhX03hhy5q0wSED_H4l_d5atLGYtjdBhTL5X155XI>
<4EqWiNwfJMJOX5YrS>
<XU3IFvQUUmilWCUKEkcv05rqpSWZ1he4a_fH>
<vlqmaqKrI6iNfXMtLanpCatMLY75bgs3dt0E0pc7F>
<5z0VGQTHHnZcFmQb8hlVRXmQoDCHnXNem3eBIZGkLpLhROMDAGi8jT>
<FaXfherEK3q8>
<_xp3bKKgnPFvGT5Fszqfws60UI1WY_Aef0dcXz2jGXSKtTmNceL29>
<MmKYJwKwaIAkLxwGJB>
<VbTvXFnREvNd56vEHv1v4V8crK8uM0mCI_wKqhF3_FzDYcZbJ6vEXJLkDWRioyAdk>
<VJL2kukTztTet1pIFjpiO1hpSQk1tIaLyggcGOM0T0GuAEb8UhO_vNVIDR3NRCZMqc9RKYPpawrapusDMSQg0zp7sHi3e4hTiy8>
<lnPggzXmMrZ__NdupYZwFBxx2VJoNi6FSYSKM>
<e9FvJObjz9jpn2aPWdMncHTYsEQtgM9Crc_7ZKTVkWP>
<06EvO2>
<VJL2kukTztTet1pIFjpiO1hpSQk1tIaLyggcGOM0T0GuAEb8UhO_vNVIDR3NRCZMqc9RKYPpawrapusDMSQg0zp7sHi3e4hTiy8>
<16VFyKchHCdVNqRCj9qIPJqySYH7xOZZ4iGHvhX03hhy5q0wSED_H4l_d5atLGYtjdBhTL5X155XI>
<m0i5iMiOcbIgGZjARUh3qm3Wai9pR2>
<FaXfherEK3q8>
<ccDNgllFqhzUfVYCCazkz_mRpkyDqLv7YF2b4Vkfd3kA8IXKJqks8hFHWUIsxtKKUca>
<e9FvJObjz9jpn2aPWdMncHTYsEQtgM9Crc_7ZKTVkWP>
<xoWO8r8Hvu7YFHWVM04LJhT79dJr6TuRgrjaemcXYHG2nLPqmw12e6iLUn0_aFbWEBU5e_wstnCHhHF>
<cao7nQ85CQfHamfjdj2X0lZw2k8aforoFt0cHCdSvdIi4CE3NLTpW0kPHV>
<HGp5pYZpmBDa_2y2nqZ2dy3>
<lhvq6U9c9CJoJY9EZFF3M7j4NbQEtL3RDVnUk_yPJlC8hPessbq_2uXc>
<FaXfherEK3q8>
<5tnm7>
<BaEin4NGUOzgMCu8dZsL72vKyoPEsZfOdbkyF5emfSxEncc1HjJmmom>
<J15VhaxaHtXiPWdwAUMON06XxyNlMM5qaCWVYCcEl6PCc6ibn5iyXd>
<RBWIzoeVqaUgyIGJnh46DFj_OS0NgclqhuDGNDkqIPwjj0cg9u_y>
<m0i5iMiOcbIgGZjARUh3qm3Wai9pR2>
<SbRe51I2WOLE2a4pzWiS9VxjvVIob7pQ77PGHDIRVBPcqqCw>
<31AN68cKiNz8L8vcc1MklNeebcl5YjHH8dZ6VYCLU5g4Wel9x24msQUWb6UM18aWk6483dVHQleamlvglKAGksJ>
<zqUPkbN9F2LGBgJ9W8oZWa70SKMUXC7UDju6dwWrOIMSHsq>
<eUdD6ayQHsr7yu>
<FCZAYu4_nevKcBRTvOkS5QC4FvUqDWPVogZw9Pt6XVOe78LsuK99FSHDXyG3G0ndefCQBB2EtrcxBrW8QoE31YoDBRzlGMFmR9B4>
<FaXfherEK3q8>
<9bKioOJu8tWmNcHh1wBUvzDdRYZBbpFMhMpu6yE5AAdKrd_nPmvWZo28IXkMeIXn4D3250bafnP>
<oi3RkDDaTbZbSpaWlbxq_wWDGw7F1oslOV3IJLl7TAvumvXRhxu2bwzK3c6>
<gAl9vZphbX1frPN1Iw3ZCuA3ENWELoS_0ORJMgjvDwRw5OXWFyYnVZgxRKpy6UlRrvF4HscGm>
<xmA3f3zt77skPlDz1bhIM6_s6TfQfNCH4bz_tuIJloEvkiQWY4aFhUugJLq>
<38ibMMOu95APnufzBomAOgA6TxJOcchw46lFa4IAf3olug51XSKTtZmyrb>
<RfbtlJvAlp2Vbh7jl3GHAHb5unYFMQIKWh5LpUKP9AN8TOIr30fAdNGB6Ew_0Zeh9DwJMnSOj89>
<zEB0xNyXRVHLNKa>
<Wfk3qWQl2aJECi37OduS2nQ_Vzz6ZgSYgiZ5CaFJtJ6tVMVA9UeYD00adJmuwv>
<1yN2QouYVTdEA6VP0lgRy31aA>
<linf4gQ2vaJLcC9cjAlOe5DFvy5JRRGyqW1B>
<Thb98yM3HhGEhUVVMBCZFWAzYwzVlpFvtPBqhX62ZUxnC_cPvS8NlyvdfgwHLbAvx>
<5z0VGQTHHnZcFmQb8hlVRXmQoDCHnXNem3eBIZGkLpLhROMDAGi8jT>
<pMhR3wvLV8nwvosKCxmSLXpN3EOw6YPAzzWrBsVeVQHs9BbIi>
<Onfd7YB462bhUMzuxl5XoxBPRkcc6KmVsOH6gb>
<FCZAYu4_nevKcBRTvOkS5QC4FvUqDWPVogZw9Pt6XVOe78LsuK99FSHDXyG3G0ndefCQBB2EtrcxBrW8QoE31YoDBRzlGMFmR9B4>
<rJmpqHR5EU54jjT8866ANZxO0aUZmCM5vEcjWr5DJYghSOe_ox549mgxJosLLfGiSewS26mejTh_DwV>
<Sck22TnJ3I1X8fYAm>
<t7BHB6DwcacXFUJqOK>
<oxSh>
<03DCZ1G2K00ZnNBDQgQoeml4eWv15chI8oXIIbyavnrBpSRnwu8csGKdIZE07NCGifRJKk7t0o4875nenu9W5QSE>
<4Pv5I1NxrA_HkGDI3c_ppaYmMKwxVhcZvR90nQTAPG5tlw3vCkHvzEr0NDjoRjY_ZjPBHi0IoPqALz52u>
<dYShCFPekAZHWVLdph0dCqqjl2oD7gq_HTRSUJ>
<vCkAZ>
<Jizl6a>
<SbRe51I2WOLE2a4pzWiS9VxjvVIob7pQ77PGHDIRVBPcqqCw>
<5XiQ2F5Urjqxv50fqmwzZwKLx0ubuoC65KJOE2cLAQtqYEatijGnsjA52JSJtjvggQ8AHtFWIjCxxKFdr>
<a5sOVkKudkrLQCOfP5VPbK>
<aQC6vKKLPr2QZAQKrUL87a4jTs7Djslw0QEP01xYuMZ37DscVCQwFmnRJk10PDUqdc>
<pMhR3wvLV8nwvosKCxmSLXpN3EOw6YPAzzWrBsVeVQHs9BbIi>
<rf5zNPbnllUaHKS1yZv21ObugfJV8VswsKXVp8kSwWkNvq85gaor>
<xoWO8r8Hvu7YFHWVM04LJhT79dJr6TuRgrjaemcXYHG2nLPqmw12e6iLUn0_aFbWEBU5e_wstnCHhHF>
<yv_KApA8Bdd7bFbjbAyy3XAPqwEwNs1fgZ69ng_N4YqmZGcNtrcX8E>
<3V5Nepg>
<ZLZ1KqPtHwyTDONsUmFI5SQ2ARWD4HyPDrSb3UoZV3b3Ln>
<77avbrGMM>
<JVzpxkKXKCFuNgOYcDp9NbvLJBrJa7LL5lrrtwdOUV5sXYibfnSFMUzAvBjA2WoxHDyRX8K5t0l3SGDOEhLewna>
<pUhRGb2oHYBhtArn03pIXFz>
<t6a1eI1p8FR0weTjTQHzs7v4v>
<03DCZ1G2K00ZnNBDQgQoeml4eWv15chI8oXIIbyavnrBpSRnwu8csGKdIZE07NCGifRJKk7t0o4875nenu9W5QSE>
<16VFyKchHCdVNqRCj9qIPJqySYH7xOZZ4iGHvhX03hhy5q0wSED_H4l_d5atLGYtjdBhTL5X155XI>
<p_CsSfnT1SVQPrf0XW9xUELP4hpDAoQ9sltkIXQzdr33v2jrA28vHH4PZCCnpGx>
<HaQIw223W2bV_v3L50ImZ9_tumVQfBQHKHyK2289EqAB6jSy4vgXof6uvz6SbZkOlyo10vSsJbUU56dAh3fJxFXJ>
<9STenTg2zh0_bl3fxPYbJijGSNPC4J_ecnTquGaoUitAcQargCApN>
<FtKm5310M2B7c1rgG2SG2hdmSqBZ9tCjWIbVoRp7SVnwWv_OKGQuX3eSzWfPJkZk0hP_FFFzs5VA9Lk>
<38ibMMOu95APnufzBomAOgA6TxJOcchw46lFa4IAf3olug51XSKTtZmyrb>
<w58oqwezV2ubWiaGsZuo_kWJtvtgvJZ>
<ccDNgllFqhzUfVYCCazkz_mRpkyDqLv7YF2b4Vkfd3kA8IXKJqks8hFHWUIsxtKKUca>
<eEJcdAJ9nvzFI8ncihYS2PYCs3SXRtlmnbs3o4Nd48dkYrE8>
<txhZBEVaszcmF_TCzRPCVZb4PrPcihIX_UkUvmj4Sq3RwosU8PIUJ_DrvnQIKk88>
<5z0VGQTHHnZcFmQb8hlVRXmQoDCHnXNem3eBIZGkLpLhROMDAGi8jT>
<5tnm7>
<Sck22TnJ3I1X8fYAm>
<e9FvJObjz9jpn2aPWdMncHTYsEQtgM9Crc_7ZKTVkWP>
<03DCZ1G2K00ZnNBDQgQoeml4eWv15chI8oXIIbyavnrBpSRnwu8csGKdIZE07NCGifRJKk7t0o4875nenu9W5QSE>
<hvPOdH40xnwBxefVoMHSXfHosnxzt5CzKdqWu2jYrCFKlGHXC9zeq5yzXwbYboYxjo0e7Iy1NEsLjnVjqp3vAi7tEAVqY9hZfq0>
<4gV_7QKrrC72QBA43gWkq8Ltdj1dxxb>
<z00BTrIw2lMWexzmRQ97bVh>
<MzRT3lArTb3fhrvxe_CdLZ5IlbFfySsgKJoq9lTApcvLm40kZU2jlqErQsImqzxMdWXJ5u_nhKDitKoHhI_6kJeey>
<JVzpxkKXKCFuNgOYcDp9NbvLJBrJa7LL5lrrtwdOUV5sXYibfnSFMUzAvBjA2WoxHDyRX8K5t0l3SGDOEhLewna>
<gDO1sKC5kj6DB2KFFUawgt9GsijIrPiBT8xYtRXXHO2GVn7G16Kb_hxDqdC_MU6F>
<lnPggzXmMrZ__NdupYZwFBxx2VJoNi6FSYSKM>
<kQ3IS4BKHv6W8eyeKbNrCDxTdkCXedMXUNmVAxaBFGMccNsgLSL9KDZTp5s8qCMYX3dG2y6h8uy3Suxw3U2yL7tLUviCWACki27>
<Vsgdyh4HmRHF1nOhAj2Tz9Taj7EDQq2V5tUgisAEsPvtLyOxkCyeZfDdLzZUCZIM35an9PU6nc>
<cKIAJm5O0Y2vLvjf361XdUK49Ne8ZUf7KBn9iABLjkpeM_YswOch2tSm7_p62HbaxK0>
<jS1U6u8DGXR0lQ2OJPkRFdi>
<31AN68cKiNz8L8vcc1MklNeebcl5YjHH8dZ6VYCLU5g4Wel9x24msQUWb6UM18aWk6483dVHQleamlvglKAGksJ>
<FFbYyg8_0b>
<viaN6wTsiZ4vkUH3RbE6FOf>
<FMFUkBH2TnRhoFv5DM5Zov>
<YAs3Ab_uZ6LNTjBy6vAYoXi0J8qvyWo9G1PgNb>
<TssiYYt57tbpEs9xJRZXSVosb07zVv8qy94wvQWd1xJJ7oGmCilPha7N8scJyqzeJgg>
<VkcKgISjHzWOBK7dOSdi4vkbP6zAKDoIhnR5q610OM>
<krPBQzL9wjCaP1y6NRmzF9_vvgT046napEtSISRJQXM7tBqZ8k6aWWpJipERpCzvjvlODpIwfj_s9q>
<UO6kL8ZpYLRrSoZ8d7rtjEm1BVVCLjglnLy8Nyel4t0q3NUvBLGaubByrsRighuZjqTBYs>
<0282bhLGV>
<ryP5BGuf3zcMcT48VnHZOKdBOqc3VQNX4obg7QAaVK7NfP03zclE9pn4WtoLtXm2ugSF2mHSDAu1DcG9>
<E8_ONGV00AA_SVsg8jJC5uYE9ZjINNR9b6KIvmqeCr0_Ujzr6vNP_0T0j_K>
<HOllwXIPHqr5wsh0TeRWtuI5DXdNbxI4x0cdYK64ughib9VF03vwubFVYizUambPL5F74FNYrjmoPn78XN3Vd1TACYL6>
<kVyZjzSKuaouNNef9YIDzbyKgL87wTW5l1f7AcDyhEoVjbwBWXOqcMWkzRXIF8A9MIxcrhkibhvBT3nk>
<BaEin4NGUOzgMCu8dZsL72vKyoPEsZfOdbkyF5emfSxEncc1HjJmmom>
<ROJWs8N5SQ>
<9STenTg2zh0_bl3fxPYbJijGSNPC4J_ecnTquGaoUitAcQargCApN>
<Gi9B>
<55VhISMeHVOMqoBKuR9QoFORNJl9_53EnTqBbgcYe2KFIWaKnp95ppMIjdgfJ4WoXajpXhk>
<7JCaKPm4iYxqtAU6f8XY3jCT4V4N9RQGKhZfBYobkBIlVOA5hLkmjEH2rBjmwME6vNy4LA4XC58rrH0ast1Ft>
<CWC6VDODXDxA7UFhaOyOTJm4htwfbC98jBgFg2MyjMkh4_7ypDELIFpFjwipsojCLcXrjBSw8oQHG4x>
<BEIMFEJHyCrNpF9r7xpLY_E9NMtNE3fsINqXGQrK0fQlCbCUpYaRquslI2RR9LHWIx0g1Ige5Gm0uQl5EIlkmaFgXFczu7F>
<4Pv5I1NxrA_HkGDI3c_ppaYmMKwxVhcZvR90nQTAPG5tlw3vCkHvzEr0NDjoRjY_ZjPBHi0IoPqALz52u>
<linf4gQ2vaJLcC9cjAlOe5DFvy5JRRGyqW1B>
<NTpDX5p1dDhbEUCta>
<AES3fvwUZEmvBt1KT4MUnu2PT89O7ajD2_f>
<j0OvS>
<AadKH2yg9qMhSFfopSPjJSITn6XFaeVmSo3OfPD9Kt6j8nanR>
<HVA4ZH8_8dJyF1TbOPCIFcr>
<kVyZjzSKuaouNNef9YIDzbyKgL87wTW5l1f7AcDyhEoVjbwBWXOqcMWkzRXIF8A9MIxcrhkibhvBT3nk>
<lLaXGXbJONUNLefekeX4qJLz_MOuffyBmHqM93DeZYFAIcoLy1ljCNyMQEYXYH>
<Jh4f6Qg1EwrDctdu6ROv4VUmzGLTZ_DKl8bsESpJS261hzowwPK5hRRXJc5GJpiGHZfwhygbqRJZCf0J8NhnZNHl5G>
<Yn450X6EOEJS7Z>
<v2gdB7kgNWoPDZLnOjLaeoZaihmGJEZP9XyQUSXjIo6VA5X9lz32CNFGUy>
<_Z6AcvvAMBwVRPtbUWF2EcrQ7Q5AOu_QOzl2PaGIyqHI_zhSTVW3FOWGgipZiTzlVXI00YfB02iK>
<hkl_SXmxXP7>
<RzFiu03E8GMrVvbFnq18b5xgHMUANy7cVKJMRyZEX>
<p_CsSfnT1SVQPrf0XW9xUELP4hpDAoQ9sltkIXQzdr33v2jrA28vHH4PZCCnpGx>
<DKUsXJ5BRtDSskW_rtECFBmifi2LWWnHMbGQLWF1CFAgIC40r7oHiMDt9kSBZKgJyG7HYeSQBKu4hc2JFlJ0x7oL2RbO8pSiGHQ>
<_SR2HgQcGPYds>
<NeM9hP2gvyPr1sFGQ06wiPu8Gy_zNk0HevN_6CiMwK33jydgy4wW3vG>
<Qu2BczaqxK3L1gE8UFB>
<DZAldcVV8HHRRCAi4xk6mjaLV8ciFs9kmayjRslb9JFi9qQF9D5SYqOcscKhdkvuI5kiS3p4TimR5zWSk05L1ei2YE7_DBPf3tn>
<qeR5639ON3Fe>
<nNXFDvdY1MzZiTbo3ucqfzAWAYumOtFCymOefOjwxP5jrW0OtiLabn46I2j6hcvXggMgpNhOgwVJ5V8Ms2u1sXL5MJGn>
<ZO4ezdVciVdUxaqMyTRdn8apw>
<5z0VGQTHHnZcFmQb8hlVRXmQoDCHnXNem3eBIZGkLpLhROMDAGi8jT>
<x05arVDcozb6ZyRbPPXa3aLTqgg2XfCGFh3XFRY621_g63NHlBu0Kw>
<4Pv5I1NxrA_HkGDI3c_ppaYmMKwxVhcZvR90nQTAPG5tlw3vCkHvzEr0NDjoRjY_ZjPBHi0IoPqALz52u>
<Mxd8iM2aF9wFtHHBptky2LICsaxt8zXspjiJBu3iZgirOftxGf4igFcTstSEm5>
<MMTMqkm3Eg_s8Qah2eOobcyLZTcG>
<S>
<Ng0JoBMS>
<Qxhlx6e4v1AzX_jrCA2kAeT2x5geX35OdEP8i8ZWezU5E7znnoUgaGHKI>
<FFbYyg8_0b>
<K7K721VKQaowjcdqyLBLvMYq4O4KF_BXqMNNC7jevF9IQb9HZk5y_bSUuLoRP2v3bS_YHbcZhrmYFoTp>
<AMHZyYApYf7riWMraxwyAtm8zpzRoQhLn8Py0scdUHxUszCAwBtqO9o6SwqbN2W74muF0F>
<TrHdnMWreLpoAR2LELEwAoRrBM7100GqOX3Bk2eSYOyquAuJiLyalkgUjAhDXHUkdW8>
<a_S>
<BaEin4NGUOzgMCu8dZsL72vKyoPEsZfOdbkyF5emfSxEncc1HjJmmom>
<dOrzL71wIdAyAnmxSoLIu_qfLghmfTzNeVNtgAAVQWSRytuH>
<ZLZ1KqPtHwyTDONsUmFI5SQ2ARWD4HyPDrSb3UoZV3b3Ln>
<5FXv15f6eUOpNBsUbaFBHOEIbqk3PkqzJyB4suERnQr>
<blxDA2I4kZZYnfRdaLdntNbv6CPLrKmJWEcVLZcePOCFG4Jvmhv7tjCNjpNzG7LrSS>
<g8XleY4>
<Yn450X6EOEJS7Z>
<6PvLY0R16OG01Gm5aDgC8V6bkVVsVH9HWwVFHnSrzBIJNGE53RcwidRb3z2H6cP6>
<m0i5iMiOcbIgGZjARUh3qm3Wai9pR2>
<b7Kjcg3mcN6ZT7UK924uexEAk8HQ5xgqq8_NVvChyvx6OuN9fcEVJ9n>
<GoCz7rEEH19twSTHirtO0DYU9tFgYyfSs8DcWhDh30uIvI4k8qZF0GDQhaWQoiIy4dNAoE10CFllPSXCbgsL3j>
<PasgLH3kOcjpagf4FaFhdwFK4uflEvXCFE>
<PRxIFNturcbgMix8XMsljSW3RleUEms7BfmA>
<RAxlGaL7ffQ>
<qJuP8wHZ5t8l1h7X9oFddZmI4bAI_vX5g7nGavibf2IP8A8qiz6gUBIWOKAxobHZXovML2LrOpw70Ugtc>
<BfErDMnnx290i3ev3vpTMCng5frgs>
<4Pv5I1NxrA_HkGDI3c_ppaYmMKwxVhcZvR90nQTAPG5tlw3vCkHvzEr0NDjoRjY_ZjPBHi0IoPqALz52u>
<5tnm7>
<AM3IUP5d4pqcsBr5jDLpmWSkPD7MStmXxo3hPJIEzPXDPy>
<wQghxRcxDAtt22Db6qfTY94FmQZaXVEPQnGW1xJ68ZLGWF98OLasnrbIQ5Ip7cwrs1gxsC>
<crU3PW2cHEm5qgc>
<ygMHuZZFFj_4fjjN97C8w5lIhZN1es2Wc24uwXmeI30RpPiRqngC2r>
<0282bhLGV>
<RzFiu03E8GMrVvbFnq18b5xgHMUANy7cVKJMRyZEX>
<siugVOGDBg7DezGlFOJeRAVD0i3VRFDhIhfu1FeWemaoDk4BMMHtXIJi0U2XupiwNLqbtyFEBepPeYYgCc9GdH2>
<gUL1MI5n3Fl4E8Ae1WTGXZfcd2uEYN6ztEm3XVmIXzBhpfcLWMLpSS9n>
<dYShCFPekAZHWVLdph0dCqqjl2oD7gq_HTRSUJ>
<JKI4mIpfZ>
<k_zAmS9GdOgS7p>
<UjUzsVNxOdhHjUKKBHfcBO868iaJJOMMs4BSJHzz5quJNnWTUikG8LRvQ9plwBLGx3LjIon>
<hvPOdH40xnwBxefVoMHSXfHosnxzt5CzKdqWu2jYrCFKlGHXC9zeq5yzXwbYboYxjo0e7Iy1NEsLjnVjqp3vAi7tEAVqY9hZfq0>
<E33SotdVqErKAQRehAvHamFcfghHOJSBbjt3tHjNB2O54TrmA9n_vICLVzbhnbe1lLaAiKNP7np3hs11ZltR9xzhq2u800qij>
<Yn450X6EOEJS7Z>
-----
