11000000011010001000000000000010011010111010100001010001011001100001000000111000000001000101000000010101100101000111100001001100100010000001000001100000010101010110011100011000100000011010011110001001100001101001001111011011000011011000001101001111011110101001101001011000010110000010100101100101110000101011100101001
<_0Bk>
<vqCqnt7a_352lOWih17XyoID98lkjRvQTJBAFg1l3Uqrr>
<vqCqnt7a_352lOWih17XyoID98lkjRvQTJBAFg1l3Uqrr>
<vqCqnt7a_352lOWih17XyoID98lkjRvQTJBAFg1l3Uqrr>
<vqCqnt7a_352lOWih17XyoID98lkjRvQTJBAFg1l3Uqrr>
<_0Bk>
<_0Bk>
<_0Bk>
<_0Bk>
<ZqSeBy0uypsmgLu2icXuaApOJ791Ry6RWgBlcaMgZslNb>
<u_PITgfLHxxVwpcYv0BxgnBpF0c2C7IBFEgMV4Je3e0yWzeMDpn1dlRRxjeb9uB5JrQi7iPQ9PFdyMagljz9V6Q1Ni6M>
<vqCqnt7a_352lOWih17XyoID98lkjRvQTJBAFg1l3Uqrr>
<O3OXlvdKXcq_F1rBIyOgDqvcyESjtajxH_MgCs9lSEt70HvZ6JeimFpJqgjTw_th98l6WZPgMeY8XoJ9jBsH_U12qbrUBP7AX>
<_0Bk>
<_0Bk>
<vqCqnt7a_352lOWih17XyoID98lkjRvQTJBAFg1l3Uqrr>
<jgcOiIApsSp77pR969YKRVwC4ae9q3ZICL0vk_lwBtNP5AoXojvwZR_J>
<_0Bk>
<_0Bk>
<vqCqnt7a_352lOWih17XyoID98lkjRvQTJBAFg1l3Uqrr>
<vqCqnt7a_352lOWih17XyoID98lkjRvQTJBAFg1l3Uqrr>
<vqCqnt7a_352lOWih17XyoID98lkjRvQTJBAFg1l3Uqrr>
<_0Bk>
<_0Bk>
<vqCqnt7a_352lOWih17XyoID98lkjRvQTJBAFg1l3Uqrr>
<u_PITgfLHxxVwpcYv0BxgnBpF0c2C7IBFEgMV4Je3e0yWzeMDpn1dlRRxjeb9uB5JrQi7iPQ9PFdyMagljz9V6Q1Ni6M>
<_0Bk>
<_0Bk>
<vqCqnt7a_352lOWih17XyoID98lkjRvQTJBAFg1l3Uqrr>
<vqCqnt7a_352lOWih17XyoID98lkjRvQTJBAFg1l3Uqrr>
<s2cnbCtdJHY4>
<vqCqnt7a_352lOWih17XyoID98lkjRvQTJBAFg1l3Uqrr>
<_0Bk>
<KZjH4YX>
<AMcoQiljwUp3LYH8oyzjv5_s5BGeNjNrY16FuJawd6Dzz8SIuoXkMRVRKPxRWjud0FUhiiSEhaj0PAmD9LmSuUp5aoZpZK0bX>
<vqCqnt7a_352lOWih17XyoID98lkjRvQTJBAFg1l3Uqrr>
<kt558YwIswMngAi>
<kt558YwIswMngAi>
<sENHjUkMh0lipLWyZq_LV9l1pPWmnUn8VOSJpxRsRkcJMrFiWROUQeh9FEgAnkvFaVT17at7FcbocFtt>
<FARYsN6k2g75QOWvNa2exWdQPomYO8CW5_vV3r7w_DMW2iyzk44ErynuSe6HlmeN_ZjCo7VfAU1od8E>
<cwkEwotmyh9P0A8CjvRMJJzvlUcvWK9_lbYU4z33cL0Fa3HCSorvgIBYGkRmsaJ1gi_N1yE05L9z>
<vqCqnt7a_352lOWih17XyoID98lkjRvQTJBAFg1l3Uqrr>
<ejToZp7gMqaq98LOzq7GJmvVNmYYTZm0phO0jP6Vk6bbd1cSeUjIVQSPzBx3O_T4xTbpbaaARvl3Y4amlm5pE04w3SF1>
<vqCqnt7a_352lOWih17XyoID98lkjRvQTJBAFg1l3Uqrr>
<DNDGnXx>
<vqCqnt7a_352lOWih17XyoID98lkjRvQTJBAFg1l3Uqrr>
<_0Bk>
<_0Bk>
<_0Bk>
<GwM7uZxQnfqkq>
<vqCqnt7a_352lOWih17XyoID98lkjRvQTJBAFg1l3Uqrr>
<tHb7iUxOI9QgqufAiSswzLzrDgkUYS7aSUkki>
<vqCqnt7a_352lOWih17XyoID98lkjRvQTJBAFg1l3Uqrr>
<_0Bk>
<vqCqnt7a_352lOWih17XyoID98lkjRvQTJBAFg1l3Uqrr>
<WbjdY7NwZQTY35y9Y0F4BVHY0xS8CH9Acr9Vv5Hjo9N4C9xzVtQW72YC2Awuxd>
<vqCqnt7a_352lOWih17XyoID98lkjRvQTJBAFg1l3Uqrr>
<gHX>
<JBxyje5tn>
<vqCqnt7a_352lOWih17XyoID98lkjRvQTJBAFg1l3Uqrr>
<_0Bk>
<RfXSXFX0ga2sblb7rV8FRCE3RXFB93mRCbhUaEl_UnTIlRry>
<6MRwZamU8GtB2tYquNQItQ0I4ax7DYo0bnft3dVd0COF84G>
<vqCqnt7a_352lOWih17XyoID98lkjRvQTJBAFg1l3Uqrr>
<kt558YwIswMngAi>
<_0Bk>
<vqCqnt7a_352lOWih17XyoID98lkjRvQTJBAFg1l3Uqrr>
<PHvzuMjxQzrWP5xCqvsrSAQZLrq15ExQHxw7OmmT6MAJ55XSymruENLKazIk_fpRw4fx6yhtWwPqQo3>
<vqCqnt7a_352lOWih17XyoID98lkjRvQTJBAFg1l3Uqrr>
<_0Bk>
<vqCqnt7a_352lOWih17XyoID98lkjRvQTJBAFg1l3Uqrr>
<_0Bk>
<FARYsN6k2g75QOWvNa2exWdQPomYO8CW5_vV3r7w_DMW2iyzk44ErynuSe6HlmeN_ZjCo7VfAU1od8E>
<WbjdY7NwZQTY35y9Y0F4BVHY0xS8CH9Acr9Vv5Hjo9N4C9xzVtQW72YC2Awuxd>
<J6JOefhO564VQmD1a_u3OmnXF9r4hjWX0xvH3SH1ay4aij4Y0SzlKqzoBnMWDg_pDaKsb1IhFts>
<uNVFOJg7QS_tGPiirWMPRi_XvikupfWjWWXqSu2wGXtVP9vDl3lLaUoTG4w1Vf2yiERE27vKVR_CYUVUvrSFv>
<G5Nk3Fzv4eRlboy9RGdoG7ySAMsMDiIqaVkfP2BhFUdOpCBx478BlqL9nhfdXKR5mtRtKQ0jBUcUFhYwTio806y>
<_0Bk>
<_0Bk>
<vqCqnt7a_352lOWih17XyoID98lkjRvQTJBAFg1l3Uqrr>
<kt558YwIswMngAi>
<FARYsN6k2g75QOWvNa2exWdQPomYO8CW5_vV3r7w_DMW2iyzk44ErynuSe6HlmeN_ZjCo7VfAU1od8E>
<vqCqnt7a_352lOWih17XyoID98lkjRvQTJBAFg1l3Uqrr>
<vqCqnt7a_352lOWih17XyoID98lkjRvQTJBAFg1l3Uqrr>
<WbjdY7NwZQTY35y9Y0F4BVHY0xS8CH9Acr9Vv5Hjo9N4C9xzVtQW72YC2Awuxd>
<IltoqFiCN0aGxd5B1ZojLNsTKEDZRRR_K_A8Go>
<sENHjUkMh0lipLWyZq_LV9l1pPWmnUn8VOSJpxRsRkcJMrFiWROUQeh9FEgAnkvFaVT17at7FcbocFtt>
<kt558YwIswMngAi>
<vqCqnt7a_352lOWih17XyoID98lkjRvQTJBAFg1l3Uqrr>
<ogALRjcOW5xrJv3A8yEvcyVdqqm_7myYjP8uqle05j0po6qFKbU9hEEn2R1Dc866xxD>
<PHvzuMjxQzrWP5xCqvsrSAQZLrq15ExQHxw7OmmT6MAJ55XSymruENLKazIk_fpRw4fx6yhtWwPqQo3>
<l9s3rpp1ogexPvjoP8H1L2DDop30pSHON4wofp2Cjj8WHx_KOruuoVvSuORuK_RgUHezBSfnci6otgF3dpk26rB>
<vqCqnt7a_352lOWih17XyoID98lkjRvQTJBAFg1l3Uqrr>
<vqCqnt7a_352lOWih17XyoID98lkjRvQTJBAFg1l3Uqrr>
<AMcoQiljwUp3LYH8oyzjv5_s5BGeNjNrY16FuJawd6Dzz8SIuoXkMRVRKPxRWjud0FUhiiSEhaj0PAmD9LmSuUp5aoZpZK0bX>
<PHvzuMjxQzrWP5xCqvsrSAQZLrq15ExQHxw7OmmT6MAJ55XSymruENLKazIk_fpRw4fx6yhtWwPqQo3>
<FARYsN6k2g75QOWvNa2exWdQPomYO8CW5_vV3r7w_DMW2iyzk44ErynuSe6HlmeN_ZjCo7VfAU1od8E>
<sENHjUkMh0lipLWyZq_LV9l1pPWmnUn8VOSJpxRsRkcJMrFiWROUQeh9FEgAnkvFaVT17at7FcbocFtt>
<vqCqnt7a_352lOWih17XyoID98lkjRvQTJBAFg1l3Uqrr>
<VWejwvmXJ8mFV>
<vqCqnt7a_352lOWih17XyoID98lkjRvQTJBAFg1l3Uqrr>
<nlEZLi9pWhSUTQVPO3xE_N2v4SZFc_4azyyvH0T04iirL2gRUr27xR85ZMx9FTJggKu_Qn2ONM>
<_0Bk>
<06EvO2>
<VeGQcPDIPCd2QvwfJaEHoZjBhm87UzBKCV13mYZMFiIEBeJZFQp1mMnmpAmKh5fURuErj1dyQ1hKCtN>
<_0Bk>
<FARYsN6k2g75QOWvNa2exWdQPomYO8CW5_vV3r7w_DMW2iyzk44ErynuSe6HlmeN_ZjCo7VfAU1od8E>
<5XiQ2F5Urjqxv50fqmwzZwKLx0ubuoC65KJOE2cLAQtqYEatijGnsjA52JSJtjvggQ8AHtFWIjCxxKFdr>
<_0Bk>
<oB5HbyVxkXTXnFIuiu>
<WbjdY7NwZQTY35y9Y0F4BVHY0xS8CH9Acr9Vv5Hjo9N4C9xzVtQW72YC2Awuxd>
<kt558YwIswMngAi>
<sENHjUkMh0lipLWyZq_LV9l1pPWmnUn8VOSJpxRsRkcJMrFiWROUQeh9FEgAnkvFaVT17at7FcbocFtt>
<ikBm_boxPR3UZP4WheS6dgmA5E_JJlNuoEhGGusEZMdEkw0H5eK>
<vqVkHPDJg55p8oW5XBzCcDhhAyaCYkCIyFw0uaeO6caoUvMFvAgH0RjuerpVA2ZKUuwq6VrZJeK8LX8268ztG37>
<4CwoSKOeFIIXfQvyqDPrbB6tOVMhLyVO8Xc>
<nUOUGEPSyvQVeqEx5tVHh1dlTFEdqkR91IWlwejPCUrdq8zUwFUD9z>
<u_PITgfLHxxVwpcYv0BxgnBpF0c2C7IBFEgMV4Je3e0yWzeMDpn1dlRRxjeb9uB5JrQi7iPQ9PFdyMagljz9V6Q1Ni6M>
<6MRwZamU8GtB2tYquNQItQ0I4ax7DYo0bnft3dVd0COF84G>
<_0Bk>
<kt558YwIswMngAi>
<bYfNTEQNmiLyqiYIo7wMmTMns9faZBRshr4IzJ7eH6QrVNBDFGLqKamxDbMkj19bvWuaBUUwu4UhaoMqy>
<PHvzuMjxQzrWP5xCqvsrSAQZLrq15ExQHxw7OmmT6MAJ55XSymruENLKazIk_fpRw4fx6yhtWwPqQo3>
<KZjH4YX>
<a64T2VKT7Eowg>
<9a7CwHo1vd9zmqmwiBukMgdZGhL0vGX5YEWJRWxKtKSAkhIXYfKuLP86BgEq69I28SamlYkxGYMe>
<_0Bk>
<nlEZLi9pWhSUTQVPO3xE_N2v4SZFc_4azyyvH0T04iirL2gRUr27xR85ZMx9FTJggKu_Qn2ONM>
<cfFugAE6ZjLgkAqitzRkmoX_EbKHgW_IDu1CUXeRiQp6EhZ2f8j09J1TvXrV2TBaWhcJv>
<6MRwZamU8GtB2tYquNQItQ0I4ax7DYo0bnft3dVd0COF84G>
<WbjdY7NwZQTY35y9Y0F4BVHY0xS8CH9Acr9Vv5Hjo9N4C9xzVtQW72YC2Awuxd>
<vqCqnt7a_352lOWih17XyoID98lkjRvQTJBAFg1l3Uqrr>
<E7L9T3Z6fH4JDhdK8yRYbF0zOQQ1MtAN7_X0GQAtfxiXiuzvi9a1cfYyEMb1OeXYWT2WP7>
<sENHjUkMh0lipLWyZq_LV9l1pPWmnUn8VOSJpxRsRkcJMrFiWROUQeh9FEgAnkvFaVT17at7FcbocFtt>
<_0Bk>
<PHvzuMjxQzrWP5xCqvsrSAQZLrq15ExQHxw7OmmT6MAJ55XSymruENLKazIk_fpRw4fx6yhtWwPqQo3>
<a64T2VKT7Eowg>
<nUOUGEPSyvQVeqEx5tVHh1dlTFEdqkR91IWlwejPCUrdq8zUwFUD9z>
<vqCqnt7a_352lOWih17XyoID98lkjRvQTJBAFg1l3Uqrr>
<yVj7SjFaKo_QNq4QV5Et7yrgOzqE_WvOHyfvK4nk4pFcjBs9wnq>
<DNDGnXx>
<vqCqnt7a_352lOWih17XyoID98lkjRvQTJBAFg1l3Uqrr>
<VeGQcPDIPCd2QvwfJaEHoZjBhm87UzBKCV13mYZMFiIEBeJZFQp1mMnmpAmKh5fURuErj1dyQ1hKCtN>
<_0Bk>
<sENHjUkMh0lipLWyZq_LV9l1pPWmnUn8VOSJpxRsRkcJMrFiWROUQeh9FEgAnkvFaVT17at7FcbocFtt>
<02uDro7VOzU>
<PFgNP2OwLwTqI8ObmyI17WxEIv8klQb3c7zyr9rZvFDUKSVsjoLn>
<sENHjUkMh0lipLWyZq_LV9l1pPWmnUn8VOSJpxRsRkcJMrFiWROUQeh9FEgAnkvFaVT17at7FcbocFtt>
<_0Bk>
<FARYsN6k2g75QOWvNa2exWdQPomYO8CW5_vV3r7w_DMW2iyzk44ErynuSe6HlmeN_ZjCo7VfAU1od8E>
<ZqSeBy0uypsmgLu2icXuaApOJ791Ry6RWgBlcaMgZslNb>
<vqCqnt7a_352lOWih17XyoID98lkjRvQTJBAFg1l3Uqrr>
<nUOUGEPSyvQVeqEx5tVHh1dlTFEdqkR91IWlwejPCUrdq8zUwFUD9z>
<s2yfdSBTBPYMZVJqBeu8A1gD2rS4c_uVwBcwJf8UdkGUGz9ozw2DozjgoDZCkM6soy0CljkOUNalUYFMRZ1IMVt8yulf0tXuP>
<u_PITgfLHxxVwpcYv0BxgnBpF0c2C7IBFEgMV4Je3e0yWzeMDpn1dlRRxjeb9uB5JrQi7iPQ9PFdyMagljz9V6Q1Ni6M>
<OOtwc33PzvqXmM>
<kt558YwIswMngAi>
<qPyMMbaqSXyDe4jtXu3nSxYss_tFQdSl2uQouMN_RKAz69jVE4>
<kt558YwIswMngAi>
<ajT6MuH9ghCNOu3EPOYsf5sTvAar0XYGpZ6KVKCygd2illygMuOBl95uVJDgmh5tQU3sSPKlk>
<kt558YwIswMngAi>
<koL4O_Ign4vhGprqZShZyfLkLZI>
<fPFqf1knNnkNE1JKffEkEKNzJ_Rtuz6dTlFNxDZFuVXzrij7n3kpzDg3fXPMLFAOvjxeWD36KikWNNvrHln28t>
<vqCqnt7a_352lOWih17XyoID98lkjRvQTJBAFg1l3Uqrr>
<s2yfdSBTBPYMZVJqBeu8A1gD2rS4c_uVwBcwJf8UdkGUGz9ozw2DozjgoDZCkM6soy0CljkOUNalUYFMRZ1IMVt8yulf0tXuP>
<StoVCSo942>
<sJ8U32NRjy3aa9vYpS5qq7qmmsCaqeKYlKNGwDYVnEhsjmK3HRbZBHDEJACf5DbjtDWCUzI>
<vzKq3jpWHtfTS4g_oEeFbQORg7YGxHiafWzieMnGsMTMAz4yMFQ5DV9fzthDyYclblL5lbcD>
<_0Bk>
<yVj7SjFaKo_QNq4QV5Et7yrgOzqE_WvOHyfvK4nk4pFcjBs9wnq>
<_0Bk>
<uE5xXfS_sfxIrryEJabk8Xgtkf1q8fCLlXWpXDiChJ84NN8BzZ0SNCn7rN7pUOWlbyjtetMh6rvafqZ0XbO7Xu0htLNDq138T>
<08ZzSICijn75tI>
<vqCqnt7a_352lOWih17XyoID98lkjRvQTJBAFg1l3Uqrr>
<_0Bk>
<yVj7SjFaKo_QNq4QV5Et7yrgOzqE_WvOHyfvK4nk4pFcjBs9wnq>
<2e5u9aBtyJNSyfI6Q>
<nlEZLi9pWhSUTQVPO3xE_N2v4SZFc_4azyyvH0T04iirL2gRUr27xR85ZMx9FTJggKu_Qn2ONM>
<sENHjUkMh0lipLWyZq_LV9l1pPWmnUn8VOSJpxRsRkcJMrFiWROUQeh9FEgAnkvFaVT17at7FcbocFtt>
<_0Bk>
<vqCqnt7a_352lOWih17XyoID98lkjRvQTJBAFg1l3Uqrr>
<vqCqnt7a_352lOWih17XyoID98lkjRvQTJBAFg1l3Uqrr>
<_0Bk>
<eSEqFC8Chv6Gyi1GZaKsSYejP2vuExvMiWGIVHzzolMFkFNVQkq5p1jOehJvxK6hsmuEmlASUnGntEo_xjpB3Np>
<0_XzXG4eh8XkTwP03ssdya3AbzxK0z2kbLQelWwjT_vRRUgJdQbrtdOgZtj_7qMPfYEJ0h>
<sENHjUkMh0lipLWyZq_LV9l1pPWmnUn8VOSJpxRsRkcJMrFiWROUQeh9FEgAnkvFaVT17at7FcbocFtt>
<asPr9yPPP2sPGK7p8jlkNEqPpIhwmcGOFyCnLp5sJxoGmc60ay8oV3_aGdaJLbUnzaeaqsX6WKCrRcVsdjV7i6M8aYb7l>
<_0Bk>
<_0Bk>
<3UNEGqiZrz1ZKyHrlSXdiz4glQXK0aRvJAmJYnmA__DYKnFpSSU1Lz6ytJTo_8rh0krKWZrqT7vI_3b>
<hPXYmhhWHpG9gC4f5nP6R1Jg0BsXn1uzYdpUOSlJ_Aaig64YLVh_pLvhD7pppGKyx23vk>
<oabNFgHc6GQ2JWMKlrOUiqahjB5SYzG05ue0u1tSgfciquSrHwIalG>
<mUi4_VydZ8jIt6J2iMR1vp94jAcBVv5T5ScNUAtG9O8Y8cIiPOVSFkJOCfnMQztiPTS3S>
<bYfNTEQNmiLyqiYIo7wMmTMns9faZBRshr4IzJ7eH6QrVNBDFGLqKamxDbMkj19bvWuaBUUwu4UhaoMqy>
<FARYsN6k2g75QOWvNa2exWdQPomYO8CW5_vV3r7w_DMW2iyzk44ErynuSe6HlmeN_ZjCo7VfAU1od8E>
<sENHjUkMh0lipLWyZq_LV9l1pPWmnUn8VOSJpxRsRkcJMrFiWROUQeh9FEgAnkvFaVT17at7FcbocFtt>
<A6myBhGqraYqTQNQDLA_Sfw80EZJLCVYQ004EXwtbNiOPrJHUvjSE_ZmYFpJuMZpXl4kk3O8lNBNv6tYXGiAyddFidjs>
<_0Bk>
<ZqSeBy0uypsmgLu2icXuaApOJ791Ry6RWgBlcaMgZslNb>
<WmJcBSaAX4STBqShiJLB4_s>
<V30JegbVGesUBIR5F8NGZAInfMOt1AbSAgPo1ZJuzfLTvLZcQLo75GU8eOCSsT3T>
<oB5HbyVxkXTXnFIuiu>
<_0Bk>
<u_PITgfLHxxVwpcYv0BxgnBpF0c2C7IBFEgMV4Je3e0yWzeMDpn1dlRRxjeb9uB5JrQi7iPQ9PFdyMagljz9V6Q1Ni6M>
<tHb7iUxOI9QgqufAiSswzLzrDgkUYS7aSUkki>
<rmPUq_HVAFLH>
<gpGNna3k_xFhgDD3mJYD_AtCBAaM1GgZdDOOKekZP1TwpeHR3PomD5iVqVsnwnZJS8PKB6L6x>
<kt558YwIswMngAi>
<XywlKu7Yle1FaTTzVS2CEQR5Wz1GdyCWBZb7DRZ79PmPn6GMmRQFeu4jBWuPHAr31q_QkNsKrxeZKMegZ1lfoULL8K7a12>
<tHb7iUxOI9QgqufAiSswzLzrDgkUYS7aSUkki>
<gpGNna3k_xFhgDD3mJYD_AtCBAaM1GgZdDOOKekZP1TwpeHR3PomD5iVqVsnwnZJS8PKB6L6x>
<iwFNutYl8ds4NfZqMLEBEZFFdbOxWaOYnnlT9UqXK7G8KkwdMja>
<_0Bk>
<nlEZLi9pWhSUTQVPO3xE_N2v4SZFc_4azyyvH0T04iirL2gRUr27xR85ZMx9FTJggKu_Qn2ONM>
<TpoDi8>
<IU7zCFMWjAh4nbCrfyne6jVM_>
<dLcnGJPcAfidWH03gNTh9sDOwacPPFN9JQaxAmRE3yt8tgEOFKeWdfm7qkm2cv0FH3mZ7_H4Nm3QmTUpHKBJug6lhkX7cILxd>
<p_070TXHMgp1bpBeM92ylUD818t3TaJQ8AgAU7fGEM9EYOfF8y3mjx5ubvaoKa4EQshIFbTOnYFTE0RVX9oc>
<vqCqnt7a_352lOWih17XyoID98lkjRvQTJBAFg1l3Uqrr>
<puZC1pg7JY2jnnwtVQiBAoSCyKhm1Lx5U5EHy0H1v_sBYAxhXgzaDko4gruhqSz7xh6QmB7xoMIFTh1cUFu2CMKHANu6jF>
<qe>
<kt558YwIswMngAi>
<y_lm055XSpKf5zxQiLYVK2GH>
<V6PUVmNC94YqOoco_YPHZumylnSx>
<u_PITgfLHxxVwpcYv0BxgnBpF0c2C7IBFEgMV4Je3e0yWzeMDpn1dlRRxjeb9uB5JrQi7iPQ9PFdyMagljz9V6Q1Ni6M>
<_0Bk>
<y_lm055XSpKf5zxQiLYVK2GH>
<_0Bk>
<D3ubFaD5tkhm9aPrrjn1R0>
<7W3ISgaxrDBDd4Ev2OfKYFCx40wDgnpnXB2Iz5ISS_x7NZ0LLJZA8k748HV6B5BVHRf5Vs1iA2CwrxZKCRT1kWRiVOwiAQ>
<vqCqnt7a_352lOWih17XyoID98lkjRvQTJBAFg1l3Uqrr>
<YKl_2Qf5P9gbKfX_y0XD3t5fW_RGlzreCxkca9x3PHCENIIKZcgtcPFTFNr6dn>
<lKATOYPKEcvwxEA9ABMnpG0fyKxkhVfJbReCdCAipG2awW7d0Z73PWp0yaKeA>
<0_XzXG4eh8XkTwP03ssdya3AbzxK0z2kbLQelWwjT_vRRUgJdQbrtdOgZtj_7qMPfYEJ0h>
<p_070TXHMgp1bpBeM92ylUD818t3TaJQ8AgAU7fGEM9EYOfF8y3mjx5ubvaoKa4EQshIFbTOnYFTE0RVX9oc>
<kt558YwIswMngAi>
<2e5u9aBtyJNSyfI6Q>
<vqCqnt7a_352lOWih17XyoID98lkjRvQTJBAFg1l3Uqrr>
<XajbVnoDGGtfphRXP2p>
<S4>
<V30JegbVGesUBIR5F8NGZAInfMOt1AbSAgPo1ZJuzfLTvLZcQLo75GU8eOCSsT3T>
<xv3LtmoqlMiWpLMxlkeRcTlGjMPExj0rXpCWlSLj4FJ2T7RznWXY>
<fPFqf1knNnkNE1JKffEkEKNzJ_Rtuz6dTlFNxDZFuVXzrij7n3kpzDg3fXPMLFAOvjxeWD36KikWNNvrHln28t>
<vqCqnt7a_352lOWih17XyoID98lkjRvQTJBAFg1l3Uqrr>
<yJYYy>
<5v0q3IQ32uD7Y2ZmL3lKQy6gE>
<T3V4RTuxWZHYiCXlLhkFmuqWg1mf4WP7grlfmhFzhjWhMQASQtWs6E3Fn_zPLsXwx8WcsXu7C7WC2q459>
<N80iP_q1o0EAOP_ciRpaN9wdHBDuz7NDG8S6JFAqoJLerYthzHk4etqex4dZJOa3WMalQtKpKsYG>
<_0Bk>
<on5VOYqtGOVAwUdKo43jO89imwL0g>
<qlYqeR6Ua_YPdcpfNvaItSiUXpsKEkgoFCjmlD7XGzWaz>
<daUUoVcFDsqv5ddZOWauFEXDwL22PtL3cQSFyA2qAMe86>
<VRJnxHkQbNfkwjZDRDIw1Tyzag0CPI76_AoUZUneojrShmY1cOSTCRrOOdLcAas>
<vqCqnt7a_352lOWih17XyoID98lkjRvQTJBAFg1l3Uqrr>
<rSqPbTKUVC1oAhki7SerM5se1aYADwyJ2DVPXEDcgixX_yyL3dsSdW_ddKHp>
<yVj7SjFaKo_QNq4QV5Et7yrgOzqE_WvOHyfvK4nk4pFcjBs9wnq>
<1CHMbNAXu3>
<vqCqnt7a_352lOWih17XyoID98lkjRvQTJBAFg1l3Uqrr>
<kt558YwIswMngAi>
<vZzvlEJ6cQseBW5kBeTMdifT4W9greHTqeOMlks6Cz872DCVDZqiXgGbwzrOpCa6urKqB6yv>
<sdfZWGgxUiX7SbgUnrNZyB>
<qPyMMbaqSXyDe4jtXu3nSxYss_tFQdSl2uQouMN_RKAz69jVE4>
<2z5ogkAayJ8n6etzXmND>
<VeGQcPDIPCd2QvwfJaEHoZjBhm87UzBKCV13mYZMFiIEBeJZFQp1mMnmpAmKh5fURuErj1dyQ1hKCtN>
<u_PITgfLHxxVwpcYv0BxgnBpF0c2C7IBFEgMV4Je3e0yWzeMDpn1dlRRxjeb9uB5JrQi7iPQ9PFdyMagljz9V6Q1Ni6M>
<qUjstEk__M_FUT7jqfL>
<9a7CwHo1vd9zmqmwiBukMgdZGhL0vGX5YEWJRWxKtKSAkhIXYfKuLP86BgEq69I28SamlYkxGYMe>
<Ya5kr6Rhs93u3M8funnJNrmpKoPl9pwksB3VQJoRbinhiNb7yGJxSs7>
<6D7nYPkagDpWkMSTB10a1XE0jahuri9MKNy7qpQWObLNLTrswedcVqcjBggGP6opT777MhurKV>
<_0Bk>
<vqCqnt7a_352lOWih17XyoID98lkjRvQTJBAFg1l3Uqrr>
<vqCqnt7a_352lOWih17XyoID98lkjRvQTJBAFg1l3Uqrr>
<p_070TXHMgp1bpBeM92ylUD818t3TaJQ8AgAU7fGEM9EYOfF8y3mjx5ubvaoKa4EQshIFbTOnYFTE0RVX9oc>
<SUCJ9AEfV6BoskKtEuZb9ebke17Mnb19sIbrxj9gVCFJLcnXKJ3zHoEyzMedFJPj9tR_>
<vqCqnt7a_352lOWih17XyoID98lkjRvQTJBAFg1l3Uqrr>
<stkRLu4U1nGJXQ95fD2ytg4CSORNsF0FqxWFQ1QnTmsN2jtfLn3pE12PgOMJpSpf3oYD1wrmtYnLCzIilz6nRp_pxUKoXM>
<F3gyuZjIUkRnn>
<sENHjUkMh0lipLWyZq_LV9l1pPWmnUn8VOSJpxRsRkcJMrFiWROUQeh9FEgAnkvFaVT17at7FcbocFtt>
<S4>
<sENHjUkMh0lipLWyZq_LV9l1pPWmnUn8VOSJpxRsRkcJMrFiWROUQeh9FEgAnkvFaVT17at7FcbocFtt>
<nUOUGEPSyvQVeqEx5tVHh1dlTFEdqkR91IWlwejPCUrdq8zUwFUD9z>
<tHb7iUxOI9QgqufAiSswzLzrDgkUYS7aSUkki>
<1gGKxTsGVdT_6ayBDzGWcR4GEo8Ke43kWjAk45IhB8ABszQKeYsn9mI84Lq8mbG2gfaATY6hra8NwDdZ>
<vqCqnt7a_352lOWih17XyoID98lkjRvQTJBAFg1l3Uqrr>
<lge0x1ToDedXHnoJVadVG6d3ADPkmzGFClrwHkoNvNRZKpeAnTCkfm1F11>
<vqCqnt7a_352lOWih17XyoID98lkjRvQTJBAFg1l3Uqrr>
<6MRwZamU8GtB2tYquNQItQ0I4ax7DYo0bnft3dVd0COF84G>
<8A2nmG93lTusUsu7K7ST71IgqszDKySuWhAkJ>
<_0Bk>
<D5VdQ8eRMYJcy2bQP8uI6Q>
<u_Kt0fB1M>
<tHb7iUxOI9QgqufAiSswzLzrDgkUYS7aSUkki>
<StoVCSo942>
<FwLhhr5EKK5kYEF2KOMtwqKsK6ituSQnhGPXevaKH_3sBEjehAuk_5U>
<vqCqnt7a_352lOWih17XyoID98lkjRvQTJBAFg1l3Uqrr>
<Is9ycPzh__l7i_RwvVrnlErQ>
<XpRcNIY1_GWydiG8CGK13fiEpUDfU3QALhaceS7tqRZA_82xbsXKODPutcHvXVPFDDFAo44AVRpCH>
<NlnTDA30rJfTwEnJO5LHBH>
<vqVkHPDJg55p8oW5XBzCcDhhAyaCYkCIyFw0uaeO6caoUvMFvAgH0RjuerpVA2ZKUuwq6VrZJeK8LX8268ztG37>
<p_070TXHMgp1bpBeM92ylUD818t3TaJQ8AgAU7fGEM9EYOfF8y3mjx5ubvaoKa4EQshIFbTOnYFTE0RVX9oc>
<N80iP_q1o0EAOP_ciRpaN9wdHBDuz7NDG8S6JFAqoJLerYthzHk4etqex4dZJOa3WMalQtKpKsYG>
<vzKq3jpWHtfTS4g_oEeFbQORg7YGxHiafWzieMnGsMTMAz4yMFQ5DV9fzthDyYclblL5lbcD>
<9kP1FfEemG2yM6Sa56mV7HyeqCCQmFEv_UA8s0i>
<sENHjUkMh0lipLWyZq_LV9l1pPWmnUn8VOSJpxRsRkcJMrFiWROUQeh9FEgAnkvFaVT17at7FcbocFtt>
<9vJE0zxI922Rx_Jm_gQi8QLZvmRrld3cVo1v1U3ohLsP6aytilI3q1GEJkvWXMNuvc1q3DocJe3>
<V30JegbVGesUBIR5F8NGZAInfMOt1AbSAgPo1ZJuzfLTvLZcQLo75GU8eOCSsT3T>
<FSz71JMCfpPaSk6inamrBIDzZXHEAJMOdX2QKwCqhVKbJoQOJzQ04iUIzpDMvTBHfZNu2jaMsAziHD9lIH77WyOWnEF7mKtz5bJ>
<rSjwMAb1QtDJ1JWu409MPTLN0RwQukHDlqFrWipHlcA1QhccjsVqvI42kI1uCOU3D>
<NWpnCJCk88N7h1hyoqpBJtWZm0VN_9O_zvyO39hCsyQa0_x3LWLW6ZHCGVWH>
<_0Bk>
<u_PITgfLHxxVwpcYv0BxgnBpF0c2C7IBFEgMV4Je3e0yWzeMDpn1dlRRxjeb9uB5JrQi7iPQ9PFdyMagljz9V6Q1Ni6M>
<JUugEEHwi7bTYiVOtDDRQCI_gijmh1tkGs072uuwcWzveUEOdkUBbitEKjy0q4tXshQfsXTWxEzxRM2Wrm3IhVKBIXuWy>
<u_PITgfLHxxVwpcYv0BxgnBpF0c2C7IBFEgMV4Je3e0yWzeMDpn1dlRRxjeb9uB5JrQi7iPQ9PFdyMagljz9V6Q1Ni6M>
<p6QU3Gz7sGZSq1F_3WcsOHhDf5L8x7XRIshYaN3Ym6KG61xVvb64Z4bh4IRDjXbB7MK5g7a4scPkGs4O2csl5aEq9cQT>
<u_PITgfLHxxVwpcYv0BxgnBpF0c2C7IBFEgMV4Je3e0yWzeMDpn1dlRRxjeb9uB5JrQi7iPQ9PFdyMagljz9V6Q1Ni6M>
<vzKq3jpWHtfTS4g_oEeFbQORg7YGxHiafWzieMnGsMTMAz4yMFQ5DV9fzthDyYclblL5lbcD>
<JiOwki>
-----
