0_0_0_118_0_0_0_0_928_821_0_0_0_0_0_0_0_0_0_-868_-894_0_0_-404_0_0_-180_0_0_0_126_0_0_196_0_0_-436_0_-679_0_0_0_0_0_0_0_0_0_0_0_872_0_0_0_0_0_0_-171_145_0_0_0_0_0_0_0_0_0_0_0_0_0_-206_0_-710_0_0_0_0_0_0_0_0
0_0_0_626_0_567_0_0_0_0_0_0_0_0_0_0_0_0_0_-318_0_0_0_0_0_0_-941_-899_0_0_0_0_0_427_0_0_0_0_-380_734_0_0_0_-361_0_0_0_0_0_0_0_0_0_0_540_62_0_292_0_0_0_0_0_0_0_212_0_0_0_-999_0_0_0_0_0_686_0_0_0_0_214_0_-798
0_0_0_0_0_0_829_0_0_531_0_0_0_0_0_0_0_0_0_0_0_0_0_0_0_0_249_-49_0_0_0_0_424_0_0_438_0_0_0_-471_650_0_0_0_0_0_0_0_893_0_0_-480_0_0_0_0_0_0_-995_0_774_0_0_913_-910_0_0_0_0_0_0_0_0_0_0_0_0_992_0_0_0_-895_0
0_0_0_0_0_841_304_0_0_0_0_0_0_0_0_0_0_781_-44_0_0_0_0_0_0_0_0_0_0_753_0_0_0_0_0_0_0_0_0_0_488_0_0_256_0_0_0_-357_571_0_0_0_0_0_454_0_0_0_0_0_0_0_0_0_0_0_0_0_0_0_0_0_0_0_12_0_0_0_0_741_0_0_0
0_0_0_0_0_0_0_0_0_0_-119_-722_0_0_0_0_0_0_0_0_0_0_484_0_0_0_0_-723_555_0_727_0_0_332_0_0_0_0_0_0_0_0_0_-699_0_0_165_0_0_-271_-761_0_113_760_0_0_67_0_0_0_0_0_0_-435_0_-535_0_0_727_-381_0_0_0_0_0_0_0_0_0_208_0_0_0
0_0_0_0_0_-973_0_0_0_0_0_0_-369_0_0_0_0_544_0_0_0_556_0_-945_0_0_0_-815_0_944_-211_0_0_0_0_0_0_410_0_71_0_0_0_0_0_0_0_0_0_0_0_0_0_-853_0_500_0_0_509_855_0_0_0_-841_0_0_0_0_0_0_0_0_0_0_0_0_0_0_0_0_0_0_-617
0_0_0_0_0_0_0_-412_0_452_0_0_0_173_962_189_0_0_216_0_0_0_0_0_0_0_0_0_0_0_0_0_0_0_-207_0_348_0_299_0_0_0_0_0_0_966_413_0_0_0_0_0_0_0_0_-486_-392_0_0_0_0_0_0_0_0_0_0_0_0_0_0_-558_0_0_0_0_-722_-611_0_0_0_0_0
0_0_0_0_0_0_0_0_0_0_0_-722_0_0_0_0_-431_0_0_0_0_0_410_-803_0_0_-38_0_0_-709_0_0_0_0_1_78_-92_0_0_0_17_0_0_-797_0_0_0_0_0_0_0_0_0_570_0_0_0_0_736_0_0_0_-161_0_0_0_0_0_261_0_0_0_0_0_0_-420_0_0_0_0_0_0_-965
-683_0_0_0_0_251_0_0_0_0_0_0_845_0_0_0_0_0_-687_0_0_-387_0_0_0_0_0_0_0_0_34_0_0_0_0_458_0_0_0_0_0_37_0_0_739_0_0_0_-368_0_0_0_0_0_0_0_0_-395_-174_0_0_0_-827_0_0_0_0_0_0_0_0_0_304_0_0_0_0_0_0_617_0_0_0
0_0_0_0_0_381_0_0_0_0_730_0_-226_0_0_347_0_0_-167_0_0_0_-764_0_0_0_0_0_0_0_0_0_0_0_0_14_0_0_-667_0_0_0_0_0_319_0_0_0_0_0_0_0_0_0_0_0_0_0_0_0_0_0_0_0_0_0_-298_0_0_0_-953_228_33_0_0_585_0_0_192_-772_0_0_0
0_0_0_0_0_0_0_0_0_0_0_425_0_0_0_-965_0_0_0_0_0_0_0_-360_0_0_0_0_0_429_735_0_0_0_0_0_0_0_0_0_-222_-528_0_0_-872_0_0_-638_-22_0_0_749_0_0_0_0_0_0_0_691_682_0_0_0_0_0_0_0_0_0_0_0_0_0_0_0_256_0_0_0_-223_0_70
-925_0_602_0_0_0_0_-509_0_0_0_0_0_0_0_0_0_0_0_0_0_0_0_0_0_0_0_0_0_0_938_0_0_0_0_0_0_0_0_0_-503_0_0_0_0_0_0_0_673_0_0_0_0_0_-527_0_-117_-537_0_0_0_0_-492_0_0_0_0_0_0_0_0_0_0_554_-969_0_0_0_0_0_0_0_0
0_114_-325_0_152_0_0_0_0_0_0_0_0_0_0_0_0_-471_-6_0_0_0_0_0_-701_0_0_0_-650_0_0_0_-677_149_0_0_0_0_0_0_0_-101_0_0_0_0_0_0_0_0_0_64_0_0_0_0_0_0_0_0_0_-991_0_0_0_0_-415_0_0_0_904_0_0_0_0_0_136_0_0_0_0_0_0
0_0_0_0_0_-557_0_0_0_-930_-886_0_0_0_0_0_-187_0_119_0_28_0_559_0_-402_0_0_0_0_0_0_0_0_0_0_0_0_0_692_0_0_0_275_0_0_0_0_0_0_0_0_0_0_0_0_0_0_0_0_0_-867_0_0_0_0_0_0_0_0_0_0_0_0_0_0_0_0_-798_0_0_0_0_0
0_0_0_0_0_916_0_0_0_0_176_0_0_0_0_0_0_0_0_225_-968_-827_0_0_0_0_0_0_0_261_-913_0_0_0_0_0_0_236_0_0_0_0_0_0_0_0_218_0_0_278_0_0_0_0_-56_0_0_-732_0_0_0_0_0_0_0_0_0_0_0_0_0_-570_0_-430_0_0_0_0_0_0_0_0_0
-973_0_-882_0_0_0_0_0_0_0_0_0_0_0_0_0_0_0_276_38_0_0_0_0_0_0_0_0_0_0_0_0_0_0_0_0_0_0_0_216_0_0_111_0_0_0_0_0_0_-37_0_844_0_0_138_0_0_0_0_867_0_0_0_0_0_0_0_0_0_0_0_0_0_0_0_0_0_0_0_0_0_0_0
0_0_0_0_0_0_697_-542_0_0_0_0_-41_0_0_1_0_0_0_0_11_0_0_0_0_-264_0_361_0_0_0_0_-280_0_80_0_0_0_0_0_327_0_0_0_0_0_0_0_0_0_0_0_0_0_579_310_-320_0_-948_0_0_-653_0_0_-623_0_0_-632_21_0_0_0_0_0_0_0_0_0_0_627_0_0_0
0_0_-900_0_0_0_0_0_0_0_0_0_0_0_0_0_0_131_-44_0_0_0_0_0_0_0_-562_-525_0_-9_0_0_0_0_0_0_0_0_0_0_0_0_-54_0_860_-694_0_0_-775_0_0_0_0_0_0_0_-967_0_166_0_0_0_0_0_0_156_0_0_977_2_0_0_651_0_0_0_0_0_0_0_0_0_0
0_110_0_765_0_0_0_0_0_0_0_0_0_885_-185_0_807_0_0_573_0_0_0_-245_0_0_0_0_0_0_628_0_0_-794_0_0_0_0_0_0_0_-974_0_0_0_0_-774_0_0_0_0_0_0_0_0_-951_0_0_790_0_0_0_0_0_0_0_834_0_0_0_0_0_295_0_0_0_0_0_0_0_0_0_0
0_-469_0_0_0_0_0_0_0_0_0_0_0_0_0_0_0_0_0_0_0_0_0_0_0_0_0_0_0_-388_0_0_0_0_527_0_0_24_0_0_0_0_-136_-445_634_0_0_0_0_-394_0_0_0_0_-545_0_0_0_0_0_0_0_0_0_0_484_0_-633_0_0_0_-160_-404_0_858_0_0_0_0_0_-617_-592_0
0_0_0_0_-362_0_0_0_-66_0_0_-473_132_0_0_0_0_0_0_0_-608_0_968_0_0_0_971_0_53_0_-341_0_0_-982_193_0_0_634_0_0_0_-634_0_-389_0_0_0_0_0_0_312_0_0_0_-380_-88_467_0_-295_0_0_0_0_0_0_0_0_0_0_0_0_0_-464_0_0_0_-352_458_0_0_0_0_0
0_0_-457_0_0_0_0_0_855_0_0_0_0_0_0_-77_0_0_-593_0_0_0_0_0_0_0_0_0_34_0_218_0_-682_0_0_0_-17_-453_0_0_0_0_0_0_0_0_0_0_0_580_0_-19_0_0_0_817_0_0_0_0_-44_0_0_0_-741_0_0_0_-395_391_0_997_368_0_0_-745_0_0_0_-184_0_0_0
0_0_0_-4_0_-613_0_0_0_0_0_0_0_0_0_0_0_-645_468_0_0_0_0_-261_0_0_0_0_0_-928_-710_0_0_0_277_-976_0_0_0_0_0_0_0_0_0_931_402_-445_0_0_0_0_0_0_0_0_0_0_0_0_0_-982_0_0_0_0_0_0_0_0_0_0_0_-922_0_874_0_0_0_0_502_0_0
0_0_0_0_444_0_0_0_0_0_0_0_0_0_0_0_371_0_0_956_0_0_0_862_0_0_0_0_12_0_137_0_0_-394_784_-409_0_0_-766_0_0_-798_0_0_0_0_0_0_0_-772_0_0_0_-83_0_0_247_0_0_0_0_0_-218_0_0_-646_0_0_0_0_-566_0_0_0_0_0_0_976_0_0_0_0_0
-195_0_0_0_0_0_0_0_0_0_0_0_0_-895_0_0_0_0_0_0_0_695_-662_0_0_-985_-924_124_0_625_0_873_0_0_0_413_0_0_-909_0_0_0_-257_0_694_0_0_0_0_0_0_179_0_0_0_-336_0_998_0_0_0_-879_-276_0_0_0_0_0_0_744_0_0_0_0_0_0_0_0_0_0_975_0_0
0_0_0_0_0_0_346_0_0_0_0_-417_0_0_0_0_0_-783_622_0_0_983_0_0_0_0_0_0_0_-133_0_-745_0_-668_0_0_0_-81_-456_0_0_0_0_0_0_0_-399_440_0_0_0_0_0_0_0_0_0_0_0_0_0_0_0_688_0_81_0_0_231_185_0_0_0_0_282_95_0_0_-857_0_0_-762_0
0_461_232_0_0_0_-176_0_0_0_0_0_0_0_0_0_0_0_0_0_0_0_-639_0_945_0_0_0_0_0_3_0_-28_0_-165_0_-853_0_0_0_0_0_0_555_0_0_0_0_393_0_0_338_0_0_0_0_0_0_0_0_454_0_0_0_0_0_-13_0_0_0_0_456_0_0_0_0_0_0_0_-484_0_0_616
-457_0_0_0_0_0_0_-172_0_0_0_0_0_97_0_0_0_0_475_0_539_0_0_0_0_0_0_-234_0_0_0_0_0_464_0_0_0_0_0_0_0_0_0_0_0_0_-169_0_0_0_0_0_0_0_0_0_0_0_0_0_-340_808_0_0_0_0_-754_0_0_469_0_0_0_0_-383_0_0_0_685_0_585_0_0
0_0_0_0_0_0_0_0_-322_0_0_0_-459_0_0_0_0_0_0_-334_0_0_0_-439_0_-301_0_0_0_0_0_0_284_0_0_0_0_744_-881_-651_0_-417_0_0_0_0_0_0_-389_394_0_0_0_0_0_-349_0_-535_0_69_0_0_0_0_0_915_0_-835_0_0_0_-824_0_0_0_0_0_0_0_0_0_-319_0
0_0_0_-98_-488_0_0_-500_-43_0_0_0_0_0_0_0_0_0_0_0_0_-6_0_0_58_-88_0_0_0_0_0_0_0_0_0_0_0_0_0_0_-579_0_0_0_0_-474_463_0_-238_0_858_0_575_0_877_0_0_0_938_0_0_0_0_0_0_-32_0_0_0_0_0_0_0_0_0_368_0_-234_0_0_0_0_983
0_0_0_0_0_0_494_385_365_0_0_0_0_0_0_-502_0_-699_0_0_0_0_-561_448_0_-521_0_0_0_0_0_0_0_-166_0_0_0_0_0_0_0_0_0_0_0_0_17_-822_0_0_0_0_0_0_0_0_0_0_0_0_0_0_-531_0_0_0_0_0_0_0_0_0_-962_0_0_0_0_0_217_667_0_0_439
0_0_0_0_0_963_0_0_0_-508_0_0_0_0_0_0_0_0_0_-591_0_0_0_923_0_0_0_0_0_0_0_0_0_0_0_0_0_-572_0_0_0_0_0_0_0_0_0_0_0_-293_122_0_466_0_-306_0_0_0_0_0_0_0_0_0_-251_0_0_-243_0_0_-850_0_-990_0_0_0_0_0_0_0_-740_0_-233
0_0_0_0_-642_0_0_0_0_0_857_0_0_0_128_0_0_0_-778_0_-890_0_0_0_-86_0_0_0_0_0_0_0_953_0_0_0_0_0_0_0_0_0_0_0_0_0_0_0_22_0_735_0_0_0_0_0_0_0_830_0_981_0_0_0_0_0_0_0_0_0_0_0_0_0_-69_0_-488_0_0_0_0_146_-758
0_739_0_0_0_0_0_0_0_0_0_908_0_0_842_0_0_0_0_623_0_0_0_191_724_0_0_0_0_25_147_714_0_0_0_0_0_0_727_836_0_-443_342_0_0_0_0_0_0_0_-305_0_306_0_0_208_0_0_0_499_0_0_0_0_0_-148_0_0_469_0_0_0_-281_0_0_0_501_0_0_163_262_0_0
0_0_0_0_514_0_0_0_-820_0_0_0_0_0_552_251_0_-695_0_0_0_0_-746_0_0_0_0_877_-312_0_401_0_0_0_-940_0_0_-782_710_0_-189_0_0_0_0_0_0_0_0_0_0_0_0_0_0_0_0_0_0_0_0_-896_433_0_0_-450_0_705_-27_-978_0_0_0_0_0_0_0_0_0_0_0_335_229
0_0_0_780_885_0_0_0_1000_0_-493_-375_0_868_0_0_0_0_0_0_0_413_0_0_0_0_0_0_0_-960_0_0_0_0_0_0_0_676_362_0_0_0_-528_0_0_0_0_-290_0_-990_0_0_0_0_0_0_0_0_0_0_441_0_0_825_-927_-208_-1_0_0_-205_0_0_0_0_0_0_0_0_0_0_-531_0_0
0_0_0_0_0_693_0_0_0_0_0_0_0_0_0_0_0_0_0_729_0_0_0_-947_712_0_0_106_0_-997_0_0_-865_0_692_0_43_0_0_0_-221_0_0_0_0_0_0_0_0_0_0_521_0_-226_694_0_0_0_0_0_0_0_0_0_0_0_-643_0_0_0_0_0_0_0_0_-447_0_0_0_0_0_437_0
0_657_0_0_-337_-28_0_0_0_156_0_402_0_768_-495_-62_0_0_0_0_0_0_0_0_0_0_0_0_0_0_-634_64_0_-756_0_0_0_-137_0_0_0_0_0_455_0_0_0_0_0_-909_0_0_0_0_0_0_0_-202_0_0_0_467_176_0_0_0_190_0_0_0_-823_0_0_0_0_0_0_0_0_0_0_0_30
0_0_0_0_0_831_0_0_0_0_0_0_0_0_0_0_0_0_0_-279_0_0_0_645_0_352_0_0_0_0_779_0_0_0_634_0_0_0_0_261_0_0_128_424_0_0_0_0_-189_0_0_0_-946_-255_0_0_418_-550_0_0_0_0_299_787_0_0_0_-369_-894_0_0_0_0_0_0_0_0_0_0_453_0_0_0
0_0_0_0_0_0_0_0_0_25_0_0_0_0_0_0_574_0_145_0_0_0_0_-50_0_0_0_0_0_0_0_-223_0_0_0_0_0_0_0_0_-632_0_0_-594_0_0_0_0_0_0_0_-47_722_0_0_0_0_0_34_0_-790_0_0_0_0_0_0_0_-466_-844_0_0_0_0_36_0_0_0_0_0_0_0_956
0_0_92_0_0_0_0_0_0_0_0_180_0_617_959_444_0_-500_0_0_-644_0_-122_0_-608_0_-80_0_0_0_173_0_0_0_0_519_0_0_0_0_0_0_-20_0_0_0_0_0_-991_0_0_0_0_0_0_0_0_0_0_0_0_-957_0_0_0_0_0_0_0_0_0_104_0_-393_0_0_0_0_0_0_0_462_0
0_0_0_0_0_0_0_573_0_0_0_0_0_0_0_0_0_0_0_0_0_-530_0_-662_0_0_0_0_0_0_0_0_0_883_-531_0_0_0_0_0_0_0_0_0_0_0_0_0_0_0_0_815_0_0_0_0_0_909_0_0_-511_0_0_0_0_0_0_178_203_0_0_0_0_0_0_0_0_0_536_0_0_0_0
0_0_726_0_0_975_0_-552_0_0_0_0_0_0_649_-520_0_0_0_-51_-648_0_-96_0_0_0_0_457_-978_0_0_-677_0_0_-323_0_0_0_0_0_114_-549_0_0_0_0_880_0_-782_0_0_0_0_0_0_0_0_0_0_0_0_0_238_-786_0_-206_-41_0_0_797_0_0_0_-705_0_0_0_0_0_0_0_0_-335
-971_0_0_575_0_0_0_0_0_0_0_0_0_0_188_0_-269_0_0_0_0_0_0_0_-70_0_0_0_0_0_0_-617_-980_0_-572_0_942_0_0_0_-867_713_-191_0_0_0_0_0_-330_267_0_-929_0_0_-824_0_0_0_-445_-194_0_0_0_0_0_563_0_-598_0_0_0_-589_18_0_-365_0_0_0_0_0_602_-791_0
0_0_0_238_0_0_0_0_0_0_0_0_0_0_0_-801_-516_0_795_0_185_0_0_0_0_0_0_0_0_0_0_0_0_0_963_0_0_0_-6_0_-248_0_0_0_0_0_0_0_0_0_0_-352_0_0_0_-75_0_0_0_0_0_0_-159_0_695_0_0_747_0_0_-99_0_0_0_0_0_0_0_870_0_0_0_0
-982_0_0_-502_0_0_0_0_745_0_0_0_0_963_0_0_0_374_0_0_0_0_0_0_0_0_0_0_0_0_0_0_0_0_0_0_0_0_0_-209_0_345_0_0_-150_0_0_846_0_-213_-3_0_0_0_722_0_0_0_0_0_0_0_0_0_0_-295_0_0_0_0_0_0_0_0_0_0_0_0_0_0_0_0_0
-664_0_0_69_0_0_0_0_0_0_0_0_0_953_624_0_0_0_0_0_0_0_0_0_0_0_0_0_72_0_0_0_0_483_0_0_0_0_0_0_0_-378_0_0_0_0_0_0_436_0_0_0_349_27_0_0_995_0_-609_88_0_0_477_0_0_0_0_0_0_-877_0_0_0_0_0_0_-248_0_0_-545_887_0_0
0_0_-475_0_76_0_155_0_0_0_0_0_0_220_0_0_0_0_0_0_0_0_0_-187_429_0_0_0_0_0_0_0_0_0_0_0_0_0_0_0_0_714_769_0_0_333_0_0_529_0_0_876_0_0_0_0_0_581_0_-2_0_0_0_0_-906_0_0_0_-796_0_0_0_0_0_0_0_0_0_569_18_0_-740_0
0_0_0_0_0_0_0_0_-53_0_-342_0_0_-97_0_0_0_-954_0_0_0_0_0_0_0_0_-799_0_0_0_0_0_0_0_956_0_0_0_-684_0_0_-887_0_0_0_0_0_-280_0_0_0_0_0_0_0_0_785_0_0_0_0_0_0_-988_0_-340_0_0_-911_0_0_-59_636_0_0_0_0_0_0_973_0_-47_0
0_0_0_0_0_0_0_0_-235_0_-772_-2_-515_0_0_0_0_0_0_0_0_0_0_0_0_0_0_0_0_0_0_0_0_-749_0_0_0_0_27_-282_0_0_0_983_0_0_0_0_0_0_0_0_0_0_0_0_958_0_0_0_0_0_0_0_0_-139_-489_0_0_0_0_0_0_0_0_572_719_575_0_0_0_275_-27
0_0_0_0_0_-181_0_0_675_0_0_0_0_0_0_0_0_0_0_0_0_0_0_0_0_0_0_-640_0_0_0_0_0_0_610_0_0_0_0_0_0_0_716_0_0_0_784_0_0_0_0_0_0_0_0_0_0_0_0_0_0_0_549_0_0_0_-259_0_0_0_-269_0_150_0_-50_0_0_0_651_50_0_0_0
0_0_-485_0_0_0_0_290_0_0_-835_-58_0_0_0_0_0_-23_0_0_0_0_187_0_0_0_0_736_0_-429_0_0_-173_280_0_0_-355_0_0_0_0_0_0_0_0_0_0_0_0_0_0_0_-226_0_-297_0_0_0_914_0_0_0_0_0_0_-681_333_0_0_157_0_0_0_0_0_-585_0_0_0_0_-240_0_0
0_0_0_0_0_0_0_0_0_0_0_0_0_0_0_0_-145_0_0_0_0_-219_0_0_0_317_-839_0_0_-125_0_0_0_0_0_0_0_0_0_0_0_0_0_0_0_0_0_0_0_0_0_0_0_0_0_0_0_0_-607_749_0_0_0_0_0_0_0_0_0_0_0_0_0_0_0_0_0_0_0_0_0_0_0
-557_0_0_0_0_0_0_0_0_0_0_0_235_0_0_-631_0_-432_0_0_870_0_0_0_0_231_0_0_244_0_0_0_350_0_0_0_0_0_0_303_0_922_311_0_0_0_0_0_-304_0_0_0_-823_0_265_0_286_385_0_0_0_0_-812_0_-512_0_0_0_0_-689_0_0_-186_-465_0_0_0_0_0_0_599_0_0
0_0_0_0_0_544_0_151_0_189_0_0_0_723_0_0_0_0_0_0_-521_0_-960_0_0_0_0_0_0_0_0_0_0_0_0_0_0_0_0_0_498_0_0_0_0_0_0_0_0_0_-847_0_0_0_0_443_0_995_0_-207_0_-452_0_0_0_0_0_0_946_0_0_0_0_-653_0_-60_0_0_0_0_0_0_0
0_0_-551_0_0_0_634_0_0_0_0_-748_0_0_0_0_0_0_0_0_-158_0_0_0_-802_0_0_0_0_0_0_0_308_0_0_0_0_0_-902_0_0_0_0_0_-495_0_0_0_0_0_-373_0_802_0_10_0_0_0_-903_0_0_0_0_0_0_0_0_-549_0_0_0_0_-286_0_0_0_0_0_-269_0_0_0_325
0_0_0_0_0_30_-922_0_0_0_0_0_0_0_0_0_0_0_468_0_936_0_0_-412_0_0_0_0_0_0_0_0_0_0_0_412_0_0_-665_0_0_0_0_-226_0_0_0_0_0_-473_0_0_0_0_0_0_0_-858_0_-72_951_-647_0_0_0_0_0_0_0_-245_0_99_0_0_0_0_0_593_0_0_0_-427_0
-358_0_0_0_0_0_0_0_0_754_448_0_0_0_-572_0_-77_0_702_-778_0_0_0_0_0_0_470_0_0_-916_0_26_0_0_0_926_0_0_-192_0_0_0_0_0_0_-23_0_0_0_0_0_0_0_-526_0_0_0_-470_0_-420_-365_-1_0_0_0_0_0_0_0_0_0_0_0_0_0_0_0_416_0_0_0_0_0
0_0_0_0_0_0_545_0_0_0_0_-636_0_0_0_0_0_0_0_-598_0_0_0_0_0_-651_444_0_-848_0_527_0_0_0_0_0_0_0_0_0_-795_0_-837_36_0_0_0_0_0_0_330_0_0_0_487_0_0_0_0_0_0_0_0_0_0_0_0_0_0_0_0_0_0_0_0_0_-757_0_0_247_0_0_0
0_0_0_0_0_0_0_0_0_0_0_0_0_0_962_0_0_0_0_0_0_0_0_-690_0_-311_0_-948_992_0_0_0_356_0_0_0_0_0_0_0_0_0_560_0_0_0_0_0_0_0_0_0_0_0_0_31_0_-628_0_-693_0_0_0_58_0_0_640_0_549_37_0_0_0_0_0_-222_0_0_408_0_-829_0_0
0_0_0_0_0_0_-662_0_0_0_0_0_0_0_755_0_0_841_-554_-159_530_486_-981_0_0_0_0_0_0_0_0_0_0_0_0_0_0_0_0_0_0_0_0_0_0_0_-447_0_196_0_0_0_-723_-628_0_984_-421_966_0_0_0_0_363_0_0_0_-706_0_0_0_0_0_0_0_-545_0_0_0_959_0_0_0_0
0_0_0_0_127_0_-159_0_0_0_0_-666_0_0_0_0_0_-628_0_-714_361_287_825_0_-273_0_0_0_0_0_0_0_172_0_0_0_0_0_0_0_-10_0_0_0_0_0_-935_0_0_-575_-201_0_0_0_0_0_0_0_0_0_-401_0_0_0_0_0_842_498_0_0_0_0_-37_0_0_0_0_0_0_-978_0_0_0
0_0_0_-387_0_0_-2_0_0_0_0_0_0_157_0_0_0_0_0_0_-455_0_-523_0_0_0_0_0_0_0_0_0_0_0_0_0_0_0_-513_348_0_0_0_263_-30_0_0_0_-553_0_-402_0_0_0_0_0_0_0_0_0_0_0_696_0_0_0_0_0_0_0_0_0_-81_0_0_0_0_0_28_0_0_0_0
0_0_0_0_0_0_0_0_0_0_0_0_-568_-425_0_0_-218_0_0_-524_0_0_0_0_0_0_0_0_0_0_0_0_0_-5_0_0_0_0_0_0_0_0_0_0_833_0_0_0_0_0_-406_0_0_0_-646_0_399_0_0_0_0_0_0_0_0_0_640_0_-762_0_-400_0_0_0_0_0_0_0_0_0_0_-959_0
0_533_0_477_0_350_0_0_0_0_346_0_0_0_0_0_-223_76_0_919_0_0_0_484_0_0_0_328_0_0_0_0_0_0_0_0_0_0_0_0_0_0_0_0_0_0_0_906_0_0_-536_0_0_0_340_0_0_0_-667_0_50_0_0_0_0_0_0_0_0_0_0_324_0_0_122_0_0_-256_149_-879_0_0_0
0_0_695_0_0_0_0_0_0_0_371_-181_0_0_0_0_0_-758_0_0_0_-102_0_0_0_0_0_655_0_0_-69_0_0_486_0_0_0_0_0_0_0_0_0_-394_0_-89_0_0_0_461_0_0_0_0_0_0_0_0_0_0_0_0_0_0_0_0_0_0_388_0_0_0_0_0_0_0_-633_-169_0_-505_0_0_679
0_0_0_0_0_0_-636_0_894_0_-414_0_0_0_0_173_-361_0_70_345_0_0_0_-115_813_890_0_-559_0_0_0_0_0_0_0_0_199_0_0_0_533_-309_0_0_0_0_0_-169_0_0_0_-644_259_-662_0_0_0_0_0_541_0_0_0_0_0_0_0_0_990_0_-188_0_0_-478_-169_0_0_0_0_0_0_0_0
737_0_0_0_0_0_0_462_0_0_0_0_0_0_0_0_0_-787_0_0_0_191_0_0_0_-286_0_-691_472_0_0_0_-516_0_0_673_0_-891_0_0_0_0_0_0_0_0_0_0_0_0_0_0_0_-273_0_0_0_0_192_0_-282_0_0_0_0_0_0_0_0_0_0_0_0_0_0_0_-243_0_0_0_0_0_0
0_0_-477_892_0_0_340_0_637_0_642_0_0_0_0_0_0_0_567_-411_0_0_0_873_0_0_0_366_0_0_-858_0_-410_0_0_-512_742_0_0_0_-67_0_397_0_0_0_0_0_0_-88_0_0_0_-879_0_0_0_0_-405_0_0_0_0_0_0_0_0_0_0_60_0_0_0_0_0_0_0_0_0_0_0_0_0
-228_-18_0_-101_0_0_0_0_0_0_-24_0_0_0_481_0_0_0_0_-55_0_0_0_-128_0_0_0_-264_0_0_0_0_0_-80_427_0_0_0_0_0_0_45_0_0_0_0_0_-886_0_-73_0_0_0_0_0_0_0_0_0_0_836_0_0_318_0_0_363_0_0_0_0_0_0_0_0_0_181_-792_0_0_0_0_-339
0_0_0_0_-346_239_0_105_0_0_0_0_0_0_512_0_-134_-407_-636_0_-733_0_0_0_0_-285_0_0_0_0_340_0_0_0_0_-53_0_0_0_0_0_0_0_716_0_0_0_0_-934_0_0_0_749_0_0_0_0_0_0_0_0_0_0_0_0_0_0_86_0_0_0_0_0_0_-627_-949_0_0_0_-317_0_-215_0
-610_0_0_0_0_0_0_0_0_0_0_0_0_-809_0_0_0_0_0_0_-208_0_0_0_734_776_0_-920_-992_0_0_0_0_0_0_0_0_0_0_-327_0_937_0_0_0_0_0_0_805_0_766_0_0_0_0_0_0_0_0_0_0_0_0_548_0_0_0_0_634_0_0_507_0_0_458_0_-523_0_0_0_0_0_0
0_0_0_0_422_0_0_0_0_0_0_-60_0_0_0_0_0_0_117_0_0_-944_0_0_113_0_0_0_0_0_-381_0_0_-134_0_0_0_0_0_0_0_0_-233_0_0_817_0_0_0_0_659_0_0_0_457_0_0_542_0_0_0_0_0_0_541_0_0_0_-571_0_734_0_0_0_0_0_0_0_0_266_0_0_0
0_0_0_0_0_0_0_0_0_0_0_0_0_0_0_-712_0_0_0_0_0_0_0_0_0_0_-418_0_0_0_0_0_-947_0_0_0_614_0_-682_0_0_0_0_-35_0_0_0_0_551_0_0_0_0_0_0_0_-945_0_0_0_785_0_0_0_0_0_0_0_-897_556_0_0_-177_0_0_0_0_-479_0_0_0_0_0
-460_0_0_-848_484_0_0_643_0_0_0_0_383_0_0_0_0_-241_0_0_0_0_0_-741_0_0_473_0_278_0_0_0_0_0_0_876_0_-802_0_0_0_0_0_0_0_0_0_0_0_0_0_0_-22_0_0_0_0_0_0_423_69_0_0_0_0_0_0_-117_0_0_-725_0_0_0_0_0_0_0_0_54_0_0_0
0_0_0_-683_665_568_0_0_0_0_-83_0_0_0_0_0_0_0_0_0_-232_0_0_918_0_0_0_0_0_0_-849_0_0_-312_0_912_0_0_0_0_959_-980_0_-345_0_0_0_0_0_0_0_0_0_0_0_0_0_0_-546_742_440_0_-125_0_336_0_792_-758_-377_0_665_0_0_0_0_0_0_0_0_0_0_0_0
0_563_0_0_0_0_287_0_0_0_0_-933_0_-51_0_0_0_0_-484_0_0_509_0_0_0_0_0_0_0_0_0_497_0_0_-707_498_0_591_0_0_0_0_0_0_0_0_592_-586_0_-252_0_679_463_0_0_0_0_0_0_0_0_0_0_-42_-665_0_687_0_0_0_0_0_0_-330_0_0_0_285_0_0_0_0_-716
0_0_465_0_0_0_875_0_0_0_0_-425_0_-494_-777_0_0_0_-658_0_-450_0_0_0_0_0_0_-546_0_0_0_0_0_0_0_0_-34_0_0_-860_0_0_0_0_0_0_0_0_0_0_0_0_0_-300_708_0_0_0_0_0_0_0_0_0_-269_0_0_-631_0_0_813_-665_0_0_0_0_-748_-132_0_0_0_-721_0
0_0_0_0_0_0_0_0_0_0_0_0_281_0_945_0_0_0_0_0_522_0_0_-703_0_0_0_0_0_0_-49_0_0_-7_0_0_0_0_0_856_81_-570_0_0_204_-358_0_0_0_0_0_24_0_0_0_65_0_0_0_0_0_0_0_0_0_378_0_0_0_0_0_0_0_0_348_-783_0_0_49_0_0_0_0
0_0_0_0_0_-767_988_0_0_0_0_0_0_0_0_-64_0_420_0_0_687_429_801_0_0_0_0_0_0_0_0_0_948_-310_0_0_0_0_138_0_0_0_0_0_0_0_0_0_0_0_537_0_0_0_0_0_0_0_0_0_0_0_0_336_0_0_215_0_0_0_-993_0_0_0_0_-890_-686_0_0_0_0_658_0
0_0_194_0_0_0_154_0_0_0_0_0_0_0_0_0_0_0_0_0_0_0_0_0_0_0_0_0_0_0_833_0_-83_0_0_0_0_-840_0_0_0_503_0_0_917_0_0_-295_0_0_358_0_73_0_0_0_0_0_386_-766_0_0_0_752_0_0_234_0_-37_0_0_0_0_0_421_0_0_0_0_0_0_0_0
0_0_0_0_0_-753_0_0_-248_0_0_0_0_0_0_248_0_0_-587_0_103_0_0_0_0_0_832_0_0_0_0_0_0_0_0_0_0_0_0_0_0_0_0_248_0_0_0_0_0_0_0_0_0_0_0_-819_426_0_0_0_-688_0_0_0_0_0_0_0_390_0_0_0_0_0_0_0_0_0_0_0_252_0_0
0_0_239_0_0_0_0_0_0_-82_0_-53_0_0_0_-559_0_0_-114_0_0_0_0_0_0_0_0_0_0_0_0_-310_0_0_0_0_-795_0_671_0_0_0_62_0_0_0_0_0_0_108_0_0_0_0_0_0_0_0_0_0_0_145_0_0_0_-257_200_0_0_-708_0_-73_0_232_0_0_0_0_0_0_0_900_0
0_0_-627_0_-424_0_0_0_-530_0_0_0_220_0_-33_-499_0_0_0_0_576_0_-274_0_-672_0_0_0_0_0_0_0_0_0_0_0_850_0_0_0_0_0_0_0_0_-615_0_0_0_151_0_0_-703_0_0_0_0_0_0_0_0_-742_0_-765_0_-502_0_0_0_730_0_0_0_-937_0_0_0_-763_0_-52_-208_0_0
0_0_-452_0_0_0_-213_0_0_134_91_0_0_0_0_0_-739_0_0_48_0_0_0_0_0_0_346_0_0_0_0_0_0_0_0_0_0_-668_0_0_0_0_-478_0_0_0_0_0_0_-222_0_0_0_0_0_870_-630_0_539_0_0_180_0_0_0_0_122_0_0_0_0_0_0_0_0_0_-157_0_520_0_0_0_0
0_0_0_0_0_0_0_0_0_0_0_0_0_-235_0_0_0_0_-756_681_-824_0_0_123_0_0_0_0_0_0_0_0_0_-241_0_0_982_0_0_777_332_0_0_0_648_211_590_805_0_0_0_508_0_0_0_0_0_0_0_0_-123_520_-699_0_0_0_0_0_553_-366_0_511_0_0_0_0_0_0_0_0_0_0_0
0_-340_0_0_0_0_720_0_0_-182_-905_0_0_-818_0_0_10_0_0_0_0_0_-854_505_0_0_0_0_-191_0_108_0_0_-820_0_0_0_253_0_0_0_103_0_0_-16_-130_278_0_0_0_0_576_0_0_0_0_0_-58_0_0_0_0_-93_0_0_0_0_45_0_0_0_0_-959_672_0_0_0_0_0_0_0_-139_0
0_0_0_551_-489_0_0_0_0_0_0_0_0_-737_0_935_0_0_0_0_0_0_0_0_0_0_0_0_0_0_0_0_0_0_0_0_0_0_0_0_0_0_0_0_0_0_0_0_0_-792_-514_0_0_0_0_0_0_0_0_0_0_0_638_151_0_-151_0_0_961_0_0_0_0_0_0_-744_0_0_0_0_0_0_0
0_0_964_0_0_0_0_0_0_0_0_0_0_-203_0_0_562_0_0_0_0_0_-274_0_0_0_0_325_0_0_0_0_-259_848_0_0_0_0_0_0_0_-661_0_0_0_0_655_-854_0_-784_467_0_0_0_0_0_299_0_0_0_0_0_0_0_0_0_0_923_0_0_0_0_0_-651_0_0_0_0_0_0_0_0_0
0_0_0_309_0_-916_0_0_0_628_459_-723_929_0_0_0_0_0_0_0_0_0_-744_0_0_0_0_0_0_0_0_0_206_0_-137_0_-262_0_0_405_0_0_0_-193_914_0_-348_0_836_0_0_0_0_341_0_0_0_-616_0_0_0_0_0_0_0_0_0_553_0_0_0_0_0_308_0_0_0_0_0_0_0_0_31
0_0_0_0_0_0_0_720_0_0_0_0_166_0_0_0_0_183_0_0_0_622_0_0_-347_0_-630_0_0_0_558_0_0_0_544_0_0_0_589_0_0_0_0_0_-831_0_0_689_0_0_-972_330_0_-564_825_0_0_-931_0_0_0_0_0_0_0_0_40_0_0_0_0_0_0_0_0_0_0_0_0_0_0_0_0
0_0_0_0_-646_0_0_0_0_0_158_0_0_0_0_0_0_0_0_0_0_840_0_7_0_0_0_0_0_0_0_452_0_0_0_0_0_0_0_-980_-65_0_0_0_693_0_0_0_0_0_-773_0_-769_0_0_-965_0_434_337_0_0_0_0_0_0_0_0_0_0_0_0_0_0_0_0_0_0_0_0_-422_0_0_0
