490_0_0_0_0_0_0_0_0_0_0_0_0_0_0_0_0_0_-901_0_0_0_74_-83_0_0_0_0_0_0_0_0_0_0_-123_0_0_746_0_0_81_890_0_0_0_0_0_0_0_0_0_0_0_327_0_0_558_364_0_0_0_181_0_0_0_-1_0_0_0_0_0_-645_0_0_0_0_0_0_0_0_0_0_-859_-713_0_0_0_0_0_0_0_0_0_0_0
0_0_0_0_0_0_-773_0_0_0_0_0_0_0_0_0_0_0_0_0_0_0_0_972_0_0_0_-352_0_0_304_-615_0_0_0_0_690_0_0_0_0_0_0_0_0_0_0_0_0_0_0_0_0_320_0_0_946_0_0_-504_0_783_0_0_0_0_0_0_0_0_0_0_-129_0_0_486_0_0_0_598_0_0_0_0_0_0_0_-107_0_0_0_0_0_585_0
0_981_-882_0_0_0_0_0_0_0_0_0_0_0_0_0_0_0_0_566_0_0_0_0_0_0_825_-242_0_750_0_0_0_0_0_0_0_0_0_0_0_-610_0_-754_0_-429_0_0_0_0_0_0_0_0_0_0_171_0_0_0_239_0_0_0_0_0_0_0_0_0_0_0_0_0_0_0_0_0_0_0_0_0_0_0_-168_0_-750_0_520_-179_0_0_0_0_0
39_0_0_0_0_0_0_0_-429_0_0_121_0_0_0_-134_0_0_-323_0_0_0_0_0_0_0_0_0_0_0_0_0_-155_0_0_0_0_0_0_688_-39_-485_0_0_477_0_0_957_0_0_-398_-382_0_0_0_0_0_0_0_0_0_0_-646_0_0_-452_0_67_0_0_0_0_0_0_0_0_0_0_-283_0_896_0_-495_0_0_0_0_0_0_0_0_-906_0_0_0
-546_0_0_0_0_0_-820_-339_0_0_0_123_0_0_-641_-858_0_0_0_-302_0_0_0_0_0_0_-399_0_0_0_0_0_0_0_0_0_0_0_0_0_0_0_195_0_93_0_0_0_279_0_-868_16_0_0_-888_0_0_0_0_0_0_0_0_-221_0_0_-448_0_0_0_0_0_0_0_0_0_0_0_0_0_0_-670_0_0_0_0_0_460_0_0_0_0_0_0_0
24_505_0_0_0_0_0_178_0_0_0_37_0_0_0_0_0_0_0_0_0_694_-191_0_0_0_540_-131_0_0_-562_-923_0_0_-895_0_630_0_0_-553_0_-127_0_0_0_0_0_0_-604_0_0_0_0_0_0_8_0_0_-210_0_0_0_-414_0_0_0_0_0_0_0_-760_0_0_-33_0_0_0_0_0_0_0_0_0_0_0_0_-767_0_0_0_0_0_810_0_0
0_0_0_0_0_0_0_0_585_901_0_0_0_0_-246_0_0_0_0_0_0_0_0_0_0_0_0_0_0_0_654_0_0_0_0_0_0_0_0_0_0_0_0_0_0_0_0_0_0_0_0_0_362_0_310_0_0_0_0_0_0_0_-659_0_88_0_-233_0_192_43_0_0_0_0_0_0_0_0_0_0_0_-663_0_0_0_827_0_0_0_0_0_0_0_0_0
0_0_0_904_-872_0_0_0_0_0_0_0_0_785_0_-191_0_0_0_0_0_0_-213_0_0_173_-378_0_0_0_0_0_0_0_-694_0_0_0_-183_0_0_0_0_0_0_0_0_0_0_0_0_0_0_-211_-233_609_0_0_-280_0_0_-998_0_252_0_0_0_0_0_0_0_0_0_903_631_0_0_0_0_0_0_0_0_0_0_0_171_-984_0_-567_0_0_0_0_0
0_0_-309_0_0_0_0_178_0_0_0_0_998_0_0_0_0_0_0_0_0_0_0_0_0_0_0_0_0_-8_0_523_0_0_0_0_0_0_0_944_0_0_436_0_0_0_0_0_0_-77_0_-532_0_0_0_0_333_0_0_0_-355_0_0_0_0_-850_0_0_0_0_515_0_0_0_228_257_0_0_0_0_0_0_0_0_0_0_0_0_0_0_0_0_0_0_0
0_-490_0_0_0_0_0_0_0_0_0_0_0_-337_0_0_0_0_0_0_0_0_0_0_239_0_0_581_0_0_0_0_0_0_0_0_0_0_0_-462_0_0_0_0_0_0_0_0_0_0_0_0_0_0_0_0_0_0_0_0_0_0_0_0_0_0_0_0_0_0_0_0_0_0_0_0_0_-966_0_0_0_0_0_0_0_0_0_0_0_0_0_0_0_0_0
0_0_0_-105_798_0_0_0_0_-578_0_0_-159_0_0_0_0_-531_0_0_0_0_0_0_0_-312_0_0_0_0_0_0_0_0_0_0_498_-553_0_0_0_839_0_0_0_287_0_0_-115_0_0_-161_0_0_0_0_0_0_-524_0_0_-236_-714_0_0_0_0_0_0_-795_0_0_-227_0_0_0_18_-947_0_0_0_0_0_932_0_0_0_0_37_0_0_0_0_0_0
0_0_0_0_0_922_349_0_0_0_0_0_0_0_0_0_0_0_0_0_0_0_0_0_-107_0_0_0_0_0_0_0_483_0_0_131_0_0_0_278_0_-798_0_0_0_0_0_0_605_0_0_0_0_0_0_523_279_0_0_0_-335_0_0_0_0_0_-288_0_0_0_0_0_0_0_0_0_-59_0_607_0_0_0_0_0_0_0_0_0_0_0_0_0_-867_0_0
0_0_0_0_0_0_0_0_0_0_0_0_0_0_0_0_0_0_870_0_0_0_0_-278_-171_0_0_0_0_0_0_119_0_0_0_0_0_0_0_0_0_0_0_0_893_0_0_0_0_0_0_577_0_0_0_0_0_0_-944_0_0_0_0_0_0_0_0_0_-489_0_0_0_0_0_-711_0_0_0_654_-479_0_0_-908_0_0_373_-540_-967_0_289_0_0_0_0_0
0_0_0_-756_0_0_0_0_0_0_494_0_0_-858_0_-754_0_0_0_713_-688_0_0_0_861_0_-191_0_377_0_0_0_0_0_0_575_0_0_-821_644_0_0_0_0_0_-483_0_0_0_-911_0_0_455_0_0_-180_0_0_0_0_-907_0_0_0_0_0_170_0_0_0_0_0_150_887_0_0_47_-70_0_0_0_0_-849_0_0_566_0_0_-542_0_0_815_0_0_0
0_0_0_0_0_0_0_0_0_0_0_0_0_0_-330_0_0_0_-860_697_0_0_0_0_0_0_0_0_0_0_0_0_790_732_0_0_0_0_0_0_-552_0_0_0_0_0_0_0_0_0_0_0_0_0_0_0_0_0_0_0_0_0_0_0_0_0_0_0_0_0_0_0_920_0_0_0_0_0_0_0_-199_0_0_0_488_0_476_0_0_0_0_0_-578_0_0
422_0_0_0_0_0_0_0_-810_0_0_0_661_0_0_0_0_0_0_0_0_0_0_0_0_313_0_967_0_0_154_0_-743_599_0_0_0_0_0_0_0_0_0_0_0_0_0_0_0_0_0_0_0_523_0_0_0_559_0_0_0_0_0_0_0_0_0_0_351_0_-32_200_0_0_0_-134_0_354_0_-882_0_0_0_0_0_0_0_0_0_0_0_498_0_0_0
-943_0_0_0_0_0_0_899_0_0_0_0_-139_0_905_0_0_0_-173_0_0_-593_-359_136_0_0_0_0_0_0_0_0_0_0_-889_194_0_0_0_0_0_-655_0_-469_0_0_0_0_0_0_0_0_49_0_0_0_0_0_-31_0_606_0_0_0_0_0_0_0_0_0_-583_0_0_0_0_0_0_0_0_0_-631_0_255_0_0_981_0_0_0_-269_-34_0_0_0_0
