JqtKs08RIy7PBefs2X3L2RXyy8U29g38CJ6Tzz4jX0ILLbgVWclu86DxjOJtNARzQhxbuYYpCvNxM2oTb3RN6wLQkW9fSIUMdVHjr5XODsvONWswX1MCa9TGJCdmaeWibX0NfCYokgFZFUJXCHwUXxEqj0Ih1XueQaWoLDLOnBUHluWqm24Au4UF7C66oI
JqtKs08RIy7PBefs2X3L2RXyy8U29g38CJ6T
JqtKs08RI
Jq
J
 q
  t
   Ks08RI
   K
    s
     08RI
     08
     0
      8
       R
        I
         y
          7PBefs2X3L2RXyy8U29g38CJ6T
          7PBefs2X3L2RX
          7PBef
          7PBe
          7PB
          7
           P
            B
             e
              f
               s
                2X3L2RX
                2
                 X
                  3L2RX
                  3L2R
                  3L2
                  3
                   L
                    2
                     R
                      X
                       y
                        y8U29g38CJ6T
                        y
                         8U29g38CJ6T
                         8U29
                         8
                          U
                           29
                           2
                            9
                             g
                              38CJ6T
                              38CJ6
                              38C
                              38
                              3
                               8
                                C
                                 J
                                  6
                                   T
                                    z
                                     z4jX0ILLbgVWclu86DxjOJtNARzQhxbuYYpCvNxM2oTb3RN6wLQkW9fSIUMdVHjr5XODsvONWswX1MCa9TGJCdmaeWibX0NfCYokgFZFUJXCHwUXxEqj0Ih1XueQaWoLDLOnBUHluWqm24Au4UF7C66oI
                                     z
                                      4jX0ILLbgVWclu86DxjOJtNARzQhxbuYYpCvNxM2oTb3RN6wLQkW9fSIUMdVHjr5XODsvONWswX1MCa9TGJCdmaeWibX0NfCYokgFZFUJXCHwUXxEqj0Ih1XueQaWoLDLOnBUHluWqm24Au4UF7C66oI
                                      4jX0ILLbgVWclu86DxjOJtNAR
                                      4jX0ILLbgVWclu86D
                                      4jX0ILLbgVWcl
                                      4jX0ILLbgVWc
                                      4
                                       j
                                        X0ILLbgVWc
                                        X0ILLb
                                        X0ILL
                                        X
                                         0ILL
                                         0I
                                         0
                                          I
                                           L
                                            L
                                             b
                                              g
                                               VWc
                                               VW
                                               V
                                                W
                                                 c
                                                  l
                                                   u
                                                    86D
                                                    86
                                                    8
                                                     6
                                                      D
                                                       x
                                                        jOJtNAR
                                                        jOJ
                                                        j
                                                         OJ
                                                         O
                                                          J
                                                           t
                                                            NAR
                                                            NA
                                                            N
                                                             A
                                                              R
                                                               z
                                                                QhxbuYYpCvNxM2oTb3RN6wLQkW9fSIUMdVHjr5XODsvONWswX1MCa9TGJCdmaeWibX0NfCYokgFZFUJXCHwUXxEqj0Ih1XueQaWoLDLOnBUHluWqm24Au4UF7C66oI
                                                                Qh
                                                                Q
                                                                 h
                                                                  x
                                                                   buYYpCvNxM2oTb3RN6wLQkW9fSIUMdVHjr5XODsvONWswX1MCa9TGJCdmaeWibX0NfCYokgFZFUJXCHwUXxEqj0Ih1XueQaWoLDLOnBUHluWqm24Au4UF7C66oI
                                                                   buYYpCvN
                                                                   buYYpC
                                                                   b
                                                                    u
                                                                     YYpC
                                                                     YY
                                                                     Y
                                                                      Y
                                                                       p
                                                                        C
                                                                         v
                                                                          N
                                                                           x
                                                                            M2oTb3RN6wLQkW9fSIUMdVHjr5XODsvONWswX1MCa9TGJCdmaeWibX0NfCYokgFZFUJXCHwUXxEqj0Ih1XueQaWoLDLOnBUHluWqm24Au4UF7C66oI
                                                                            M2oTb3RN6wLQkW9fSIUMdVHjr5XODsvONWswX1MCa9TGJCdmaeWibX0NfCYokgFZFUJXCHwUX
                                                                            M2oTb3RN6
                                                                            M2
                                                                            M
                                                                             2
                                                                              o
                                                                               Tb3RN6
                                                                               T
                                                                                b
                                                                                 3RN6
                                                                                 3
                                                                                  R
                                                                                   N6
                                                                                   N
                                                                                    6
                                                                                     w
                                                                                      LQkW9fSIUMdVHjr5XODsvONWswX1MCa9TGJCdmaeWibX0NfCYokgFZFUJXCHwUX
                                                                                      LQkW9fSIUMdVHjr5XODsvONWs
                                                                                      LQkW9fSIUMdVHjr5XODs
                                                                                      LQkW9fSIUMdVHjr5XOD
                                                                                      LQkW9fSIUMdVHj
                                                                                      LQ
                                                                                      L
                                                                                       Q
                                                                                        k
                                                                                         W9fSIUMdVHj
                                                                                         W9fSIUMdVH
                                                                                         W9
                                                                                         W
                                                                                          9
                                                                                           f
                                                                                            SIUMdVH
                                                                                            SIUM
                                                                                            SI
                                                                                            S
                                                                                             I
                                                                                              U
                                                                                               M
                                                                                                d
                                                                                                 VH
                                                                                                 V
                                                                                                  H
                                                                                                   j
                                                                                                    r
                                                                                                     5XOD
                                                                                                     5
                                                                                                      X
                                                                                                       OD
                                                                                                       O
                                                                                                        D
                                                                                                         s
                                                                                                          v
                                                                                                           ONWs
                                                                                                           ONW
                                                                                                           ON
                                                                                                           O
                                                                                                            N
                                                                                                             W
                                                                                                              s
                                                                                                               w
                                                                                                                X1MCa9TGJCdmaeWibX0NfCYokgFZFUJXCHwUX
                                                                                                                X1MCa9TGJCdmaeWibX0NfCYokgFZFUJXCH
                                                                                                                X1MCa9TGJCdmaeWibX0NfCY
                                                                                                                X1MCa9TGJCd
                                                                                                                X1MCa9TGJC
                                                                                                                X1MC
                                                                                                                X
                                                                                                                 1MC
                                                                                                                 1
                                                                                                                  M
                                                                                                                   C
                                                                                                                    a
                                                                                                                     9TGJC
                                                                                                                     9
                                                                                                                      T
                                                                                                                       GJC
                                                                                                                       G
                                                                                                                        J
                                                                                                                         C
                                                                                                                          d
                                                                                                                           m
                                                                                                                            aeWibX0NfCY
                                                                                                                            aeW
                                                                                                                            a
                                                                                                                             e
                                                                                                                              W
                                                                                                                               i
                                                                                                                                bX0NfCY
                                                                                                                                bX0N
                                                                                                                                b
                                                                                                                                 X0N
                                                                                                                                 X
                                                                                                                                  0N
                                                                                                                                  0
                                                                                                                                   N
                                                                                                                                    f
                                                                                                                                     CY
                                                                                                                                     C
                                                                                                                                      Y
                                                                                                                                       o
                                                                                                                                        kgFZFUJXCH
                                                                                                                                        k
                                                                                                                                         gFZFUJXCH
                                                                                                                                         g
                                                                                                                                          FZFUJXCH
                                                                                                                                          F
                                                                                                                                           Z
                                                                                                                                            FUJXCH
                                                                                                                                            FUJ
                                                                                                                                            F
                                                                                                                                             U
                                                                                                                                              J
                                                                                                                                               X
                                                                                                                                                CH
                                                                                                                                                C
                                                                                                                                                 H
                                                                                                                                                  w
                                                                                                                                                   UX
                                                                                                                                                   U
                                                                                                                                                    X
                                                                                                                                                     x
                                                                                                                                                      Eqj0Ih1XueQaWoLDLOnBUHluWqm24Au4UF7C66oI
                                                                                                                                                      Eqj0Ih1X
                                                                                                                                                      E
                                                                                                                                                       q
                                                                                                                                                        j0Ih1X
                                                                                                                                                        j
                                                                                                                                                         0Ih1X
                                                                                                                                                         0I
                                                                                                                                                         0
                                                                                                                                                          I
                                                                                                                                                           h
                                                                                                                                                            1X
                                                                                                                                                            1
                                                                                                                                                             X
                                                                                                                                                              u
                                                                                                                                                               eQaWoLDLOnBUHluWqm24Au4UF7C66oI
                                                                                                                                                               eQaWoLDLOnBUHl
                                                                                                                                                               eQaW
                                                                                                                                                               e
                                                                                                                                                                QaW
                                                                                                                                                                Q
                                                                                                                                                                 a
                                                                                                                                                                  W
                                                                                                                                                                   o
                                                                                                                                                                    LDLOnBUHl
                                                                                                                                                                    LDLO
                                                                                                                                                                    LDL
                                                                                                                                                                    L
                                                                                                                                                                     DL
                                                                                                                                                                     D
                                                                                                                                                                      L
                                                                                                                                                                       O
                                                                                                                                                                        n
                                                                                                                                                                         BUHl
                                                                                                                                                                         BUH
                                                                                                                                                                         B
                                                                                                                                                                          U
                                                                                                                                                                           H
                                                                                                                                                                            l
                                                                                                                                                                             u
                                                                                                                                                                              Wqm24Au4UF7C66oI
                                                                                                                                                                              Wqm24A
                                                                                                                                                                              W
                                                                                                                                                                               q
                                                                                                                                                                                m24A
                                                                                                                                                                                m
                                                                                                                                                                                 24A
                                                                                                                                                                                 24
                                                                                                                                                                                 2
                                                                                                                                                                                  4
                                                                                                                                                                                   A
                                                                                                                                                                                    u
                                                                                                                                                                                     4UF7C66oI
                                                                                                                                                                                     4UF7C66
                                                                                                                                                                                     4
                                                                                                                                                                                      U
                                                                                                                                                                                       F7C66
                                                                                                                                                                                       F
                                                                                                                                                                                        7C66
                                                                                                                                                                                        7
                                                                                                                                                                                         C
                                                                                                                                                                                          66
                                                                                                                                                                                          6
                                                                                                                                                                                           6
                                                                                                                                                                                            o
                                                                                                                                                                                             I
