1010101010
<>
<>
<a>
<a>
<aa>
<aa>
<aaa>
<aaa>
<aaaa>
<aaaa>
-----
