1/2
0/4
2/3
3/5
4/3
2/4
0/3
1/1
3/2
4/4
6/3
4/2
2/1
3/3
4/1
2/2
1/0
0/2
1/4
