0_0_0_0_0_0_0_0_-290_120_0_0_0_0_0_0_0_0_0_442_129_0_0_0_0_0_0_-3_0_0_0_0_0_0_0_-892_0_0_0_-90_0_0_0_0_0_0_0_0_0_0_0_-146_0_0_-458_661_0_0_806_0_-597_0_0_0_724_0_0_0_0_0_0_994_0_0_601_0_0_-394_0_0_0_0_0_0_0_0_0_0_0_0_0_-832_0_0_0_-220_0_0_0_0
300_0_0_0_134_0_0_-71_0_0_0_0_0_163_0_0_0_0_0_0_0_0_0_0_221_0_0_0_0_0_0_-472_0_988_0_0_0_0_0_0_0_0_0_0_0_9_0_0_0_0_0_0_-829_-966_0_0_0_0_0_0_0_0_0_0_-6_364_0_0_508_904_0_0_-55_0_0_0_0_0_0_0_0_0_0_0_0_0_0_896_0_0_0_0_0_0_0_0_487_0_-337_0
-474_0_0_0_0_0_0_0_684_0_775_0_0_0_0_0_298_0_0_0_0_0_0_-111_0_0_0_-690_-447_416_0_0_0_0_0_0_0_-811_-400_0_0_0_0_0_0_0_-559_780_0_0_0_0_354_0_0_671_466_0_-60_0_0_0_0_0_0_0_0_0_0_0_0_0_0_0_0_423_0_204_0_0_0_-673_0_0_173_0_-997_0_0_0_0_-861_-846_-592_0_0_0_0_0_0
0_0_0_0_324_0_0_0_0_0_0_0_0_0_0_638_0_0_0_0_0_0_0_0_0_0_423_0_390_0_0_0_0_0_0_0_0_0_0_0_0_0_0_0_0_0_0_0_0_0_0_0_0_0_0_0_0_0_0_0_0_720_0_0_691_0_0_0_0_0_0_0_-767_0_0_0_0_0_0_0_0_0_-353_0_0_0_0_0_718_0_0_0_0_0_-613_0_0_-648_0_0
0_0_-72_0_0_0_0_0_0_0_0_0_0_0_0_502_0_0_0_649_0_-777_0_0_0_0_0_0_0_0_0_0_0_0_0_-889_-430_0_0_0_236_0_0_0_0_-398_0_0_0_0_0_0_0_0_0_0_0_0_0_0_0_0_0_0_0_0_0_0_0_0_0_0_0_0_0_0_0_0_0_0_0_832_0_0_0_-654_0_0_0_0_0_0_-830_0_0_0_0_0_0_0
0_0_0_0_0_0_0_0_-684_-49_0_0_0_-341_0_-722_0_0_0_0_-233_-699_0_0_0_0_-724_0_0_0_0_0_0_-64_0_999_0_0_0_0_0_0_757_0_0_631_0_-54_0_0_0_0_0_0_0_0_871_0_627_0_0_0_0_0_0_398_0_0_0_0_0_0_0_0_0_0_0_0_662_0_0_0_0_0_0_0_0_193_0_-291_0_0_507_0_0_0_0_0_0_0
0_887_0_0_0_0_0_0_0_0_0_0_0_280_0_0_208_0_-836_0_0_0_0_0_0_0_0_-935_275_0_-227_0_0_0_0_0_0_-384_0_817_0_0_0_0_0_-232_0_0_0_0_0_0_0_0_0_0_0_0_0_0_0_0_0_0_-931_0_0_484_0_0_0_-212_548_0_0_-405_0_0_0_952_0_0_-157_0_738_-800_0_-452_-847_0_0_0_0_0_0_0_0_0_0_0
0_0_0_0_0_888_0_0_0_0_0_0_0_0_0_0_-815_0_38_0_0_0_0_0_0_0_-721_-905_0_0_0_0_0_0_0_0_0_0_0_0_0_0_0_0_0_0_0_0_962_0_0_0_0_-965_0_0_0_0_0_0_0_0_0_0_0_0_0_0_90_-862_0_0_0_0_0_0_0_0_0_0_0_0_0_0_0_0_0_0_799_0_0_0_0_0_0_0_0_0_0_0
0_0_0_0_0_0_0_0_0_0_0_0_0_0_0_0_0_0_0_0_0_0_0_0_0_0_0_0_0_0_0_-951_-703_0_0_0_-327_9_0_0_0_0_0_0_0_0_0_249_0_0_0_0_-39_0_0_71_0_0_0_0_0_0_0_0_0_0_0_0_0_0_0_0_0_0_-754_0_0_0_0_0_95_0_0_0_0_0_0_0_0_0_105_0_0_0_0_0_612_0_0_0
0_0_0_0_0_0_0_0_0_0_100_0_0_471_0_0_0_0_0_0_0_0_0_240_0_0_0_0_-678_0_0_0_0_0_585_0_0_0_0_0_0_0_0_0_59_0_0_0_0_0_0_0_824_0_0_0_0_0_0_0_0_0_-619_0_0_0_0_0_0_0_0_170_0_0_-805_0_0_312_0_0_0_0_0_0_0_0_0_0_0_-473_225_-185_0_0_-143_726_0_-952_0_0
0_0_0_0_0_0_0_0_0_0_0_0_0_0_756_0_0_0_0_0_538_0_0_0_0_0_0_0_0_0_0_0_0_0_0_0_0_0_0_37_-744_0_0_0_0_0_0_0_0_0_0_0_0_0_0_0_0_0_0_0_0_0_0_0_0_0_0_-80_0_0_0_0_0_0_0_0_-235_0_0_-426_0_0_-817_-415_0_0_389_-197_0_0_0_0_362_0_0_0_0_-744_-926_0
0_0_0_0_0_0_0_0_823_0_0_0_0_0_700_0_0_0_0_0_0_0_0_0_0_0_0_0_0_0_0_0_0_0_0_0_0_0_0_0_0_0_-172_-770_0_0_0_-139_0_0_0_0_0_0_0_356_0_0_0_0_-359_0_0_0_0_0_0_0_558_0_0_0_0_0_949_0_0_380_0_0_0_-677_0_0_0_0_0_0_0_0_0_0_0_0_0_0_0_0_0_0
0_0_0_0_0_0_458_0_0_0_0_0_0_0_0_0_0_0_0_0_0_351_0_0_0_0_0_0_0_0_0_0_277_0_0_0_0_0_0_0_0_0_0_0_0_0_-251_0_0_0_0_0_717_0_-648_-218_0_0_0_0_0_0_0_-43_0_0_0_0_791_0_0_-484_0_0_0_0_0_0_-970_0_0_0_24_0_0_0_0_0_0_0_0_0_0_0_0_0_0_0_0_0
0_0_0_0_0_0_0_0_-226_0_0_242_0_0_0_0_0_0_0_0_0_-275_0_0_234_-732_0_0_0_0_0_0_0_0_0_0_0_0_0_0_0_0_-413_0_0_0_0_0_888_0_0_0_0_0_0_0_0_168_0_0_0_0_0_0_0_0_0_0_0_0_0_0_0_0_0_0_0_0_0_0_0_0_0_0_0_0_0_0_0_-197_0_0_0_-117_0_-656_0_0_0_0
0_0_0_692_0_0_0_0_0_0_0_0_757_0_0_885_0_-493_0_188_0_0_0_0_0_0_0_0_-952_0_-503_0_0_0_0_0_0_0_0_0_0_0_0_-76_0_0_0_0_0_0_0_0_0_0_0_0_0_0_0_0_0_0_439_0_0_0_0_0_0_361_0_-352_0_0_0_-55_0_0_0_0_0_0_0_0_0_0_0_912_0_0_0_0_0_0_0_-561_0_0_0_287
0_0_0_0_0_0_0_635_297_0_0_0_0_0_0_0_0_435_0_-919_0_0_925_0_0_0_0_0_0_0_0_0_0_0_0_0_0_0_0_0_0_-638_0_0_0_0_0_0_0_0_0_0_0_0_0_0_0_0_0_0_0_0_0_0_0_-990_0_0_0_0_0_-247_0_0_0_0_0_0_0_-588_0_0_374_-410_0_0_0_0_0_0_0_0_0_0_0_0_0_0_0_0
0_-83_622_0_0_0_0_0_0_0_0_0_0_0_0_0_0_0_0_0_0_0_0_0_0_0_183_0_0_0_0_0_0_0_0_0_-667_0_0_0_0_-862_0_0_0_0_0_0_0_0_-100_0_32_0_0_0_0_0_160_0_0_0_0_-708_0_0_0_0_0_-868_-283_0_0_0_266_-500_0_0_0_0_0_-646_0_0_0_0_26_620_0_0_0_0_865_0_0_0_0_0_0_0
0_584_0_0_0_0_0_0_0_0_0_0_0_0_0_0_0_0_0_0_0_0_0_0_0_0_0_0_0_0_-148_0_0_0_0_0_0_0_0_0_0_0_0_0_0_0_0_0_0_0_0_0_0_0_0_0_0_0_0_0_0_701_0_-929_791_0_0_-443_0_0_0_0_0_0_0_0_0_0_0_0_0_0_0_0_-25_-354_0_0_269_0_513_0_0_0_0_0_442_0_0_0
-675_827_0_0_0_1_0_954_742_0_566_0_0_521_0_0_0_0_0_0_355_0_0_0_0_-990_0_0_-491_0_0_0_0_0_0_0_0_0_0_0_0_0_0_0_0_0_0_0_0_0_0_0_0_0_0_0_0_0_0_0_0_0_0_0_-703_0_0_0_290_0_0_0_0_0_0_0_0_321_0_0_0_0_0_0_0_0_0_0_0_0_0_0_0_0_0_0_0_0_0_0
0_0_0_0_0_0_0_-153_0_0_0_467_0_0_0_0_0_0_0_0_0_0_0_0_0_0_41_0_521_0_0_0_0_0_0_0_0_0_929_0_0_0_0_0_0_0_0_0_764_0_0_0_-751_0_0_0_-579_0_0_0_0_0_0_0_0_-884_0_0_0_0_0_104_0_0_0_0_545_0_0_555_0_0_694_0_0_0_0_0_0_0_0_0_-240_0_0_0_0_0_0_0
0_0_-282_0_0_0_0_0_-999_0_0_0_0_0_0_0_415_0_0_0_0_0_0_0_0_0_0_0_-760_-209_0_0_0_0_0_0_983_0_0_0_0_0_0_0_-508_0_0_150_0_0_0_0_0_0_-811_0_0_0_0_0_538_0_0_0_0_0_-859_0_0_0_0_-394_0_0_0_985_0_0_0_757_0_0_0_0_0_0_0_0_0_-121_0_0_0_-446_0_0_0_0_0_0
0_497_0_0_0_0_0_0_0_0_969_0_734_0_0_0_0_0_0_-807_0_0_0_0_0_0_0_0_0_825_0_-596_0_0_0_0_441_0_0_0_0_0_0_0_0_0_0_0_0_0_0_0_0_0_0_0_0_0_0_0_0_0_0_0_0_0_301_0_0_0_0_0_0_0_0_-704_0_0_0_0_0_0_0_0_573_0_18_259_0_0_0_0_0_0_0_682_0_0_0_0
0_958_0_0_0_0_0_0_459_0_0_524_-384_0_0_-170_0_0_0_0_0_0_0_0_0_0_984_0_0_0_0_0_0_689_0_0_0_0_26_695_0_0_430_0_0_453_0_0_0_0_0_-709_0_0_0_0_0_0_0_0_0_0_0_-133_0_-814_0_-893_0_0_-84_0_0_0_0_0_0_0_0_0_0_-515_0_0_0_0_435_0_0_0_0_0_0_0_0_-509_0_0_0_0
0_0_0_0_0_449_0_0_0_0_728_517_-823_0_0_0_0_-870_0_0_0_0_0_0_0_0_164_0_399_0_450_0_0_0_0_0_0_0_0_0_0_0_0_0_0_0_0_0_0_0_480_0_0_0_0_0_0_0_0_0_0_0_0_0_0_0_0_0_0_0_0_0_759_-933_0_0_0_658_82_0_0_0_0_0_0_0_0_0_0_0_0_0_0_0_0_0_0_0_-845_503
0_0_0_0_0_0_0_0_0_0_0_83_0_0_0_0_0_0_0_-579_0_-588_0_128_0_-693_0_0_0_0_0_0_151_0_0_0_0_183_0_0_0_0_0_0_0_0_0_0_0_0_-191_-692_0_524_0_0_0_0_0_0_0_0_520_-827_0_0_0_0_0_0_0_0_898_741_0_0_0_923_0_0_821_0_0_0_-359_0_0_0_0_0_0_0_0_0_0_0_0_0_0_0
0_60_0_100_0_-278_0_0_-216_555_0_0_0_939_-690_0_-845_0_0_0_0_0_487_0_0_0_-138_0_0_379_0_0_0_0_0_907_0_0_-516_417_0_144_0_0_0_0_0_0_0_0_0_0_0_0_0_0_0_-51_0_-213_0_0_0_908_867_0_0_0_994_0_0_0_0_0_-307_0_0_0_0_0_0_0_0_0_0_0_0_0_0_0_0_0_0_0_0_0_0_0_-23_0
0_0_0_0_0_-820_264_-187_-571_-483_0_0_-478_0_0_0_0_0_0_-838_61_0_0_0_0_0_0_0_803_0_56_0_0_0_-583_0_660_-747_0_-450_0_0_0_0_0_0_0_-132_0_0_0_0_0_0_0_-991_0_0_0_0_0_0_0_0_0_0_767_0_0_0_0_0_0_0_-22_0_0_0_-464_-877_0_0_-35_896_0_-867_0_0_773_0_0_-685_103_0_0_0_0_0_0_0
-888_669_0_636_0_0_0_0_0_0_0_0_0_0_0_0_0_0_0_706_0_0_0_0_0_0_0_0_0_0_891_0_0_0_0_0_0_0_0_0_0_0_0_0_0_-990_0_0_0_0_0_0_-584_0_0_0_-542_93_0_807_0_0_0_0_0_0_183_0_0_0_0_0_0_0_0_0_0_0_0_0_0_0_-79_0_0_0_0_0_0_0_0_0_0_0_0_0_0_-976_0_0
0_0_10_0_0_0_0_0_0_0_860_-213_0_0_0_0_0_0_0_0_0_0_0_0_679_0_0_0_0_0_0_0_0_195_0_-921_0_0_0_0_0_0_0_0_0_0_0_0_0_0_0_0_0_0_0_0_0_0_0_0_0_0_0_0_156_0_0_0_0_0_-3_0_0_0_0_0_0_0_0_0_0_0_0_0_0_0_753_0_0_0_0_0_0_0_0_0_0_0_0_0
0_0_0_-564_0_0_0_0_466_0_0_0_0_0_0_0_0_0_0_0_0_0_-526_-258_0_0_0_0_0_0_0_0_-712_0_0_0_0_-882_0_0_0_0_0_0_215_0_0_0_0_0_0_0_0_-86_871_-453_0_0_0_-532_0_360_0_0_0_0_124_0_0_746_0_0_0_-843_0_0_0_0_884_0_0_0_0_0_0_0_0_0_0_0_0_0_0_0_0_0_0_0_0_724
0_0_0_0_-941_0_0_0_0_0_0_0_0_0_0_0_0_0_0_0_0_0_0_0_0_0_482_0_0_0_-635_0_0_0_0_31_0_0_0_0_0_0_0_0_0_0_38_0_0_0_0_0_759_0_0_-674_386_185_0_0_0_0_0_0_0_0_0_761_0_0_0_-178_0_0_275_0_0_0_-967_0_0_0_652_0_0_0_0_0_0_0_0_134_46_0_0_0_0_-423_0_0
0_-805_0_0_0_0_0_0_262_0_0_0_0_0_0_0_865_0_0_0_0_0_0_0_0_0_0_0_0_0_0_0_0_0_-987_0_0_0_0_0_0_0_-550_0_0_0_0_0_-111_221_0_0_0_-131_0_0_0_0_0_0_0_-924_0_0_0_0_0_0_0_0_0_0_0_0_0_0_0_-410_606_0_0_0_0_0_0_406_0_0_-399_90_0_0_0_0_0_0_0_0_0_0
0_0_0_0_0_0_0_0_0_0_0_0_0_0_-866_0_0_0_0_0_-53_0_0_0_0_0_0_-607_0_0_760_0_0_0_0_0_0_0_0_0_0_0_0_0_182_0_0_0_0_0_0_0_0_0_0_0_0_0_0_0_0_0_0_0_801_0_0_0_0_0_0_0_0_0_0_-766_217_0_0_0_0_0_0_0_0_0_708_403_0_0_0_0_-679_0_0_0_0_0_0_0
0_0_0_0_0_0_0_0_0_0_0_403_0_0_0_0_0_0_0_0_599_0_0_0_0_-119_0_-26_0_0_0_0_0_0_-832_820_0_627_0_0_0_0_0_0_0_0_0_0_0_0_0_0_0_0_0_0_0_0_0_-579_0_0_259_559_0_892_165_600_0_0_0_-114_0_0_0_0_0_0_0_824_0_0_0_0_0_0_0_0_582_0_0_0_0_239_574_0_0_0_0_0
-36_0_0_0_0_0_0_0_0_0_0_528_0_0_0_0_-482_0_0_0_0_0_0_0_0_0_0_0_0_0_0_0_0_0_0_0_0_0_0_0_0_0_0_0_0_-91_0_0_0_0_0_0_0_0_0_0_0_0_0_491_0_-679_-596_-485_0_474_641_0_0_0_0_0_0_0_0_0_0_0_0_0_0_0_-967_0_0_0_0_0_0_0_0_0_0_0_0_-939_0_0_0_0
-328_0_0_0_-295_754_0_0_0_0_0_0_0_0_0_0_0_0_-94_-276_0_0_0_0_873_0_0_0_0_0_0_0_890_0_0_0_551_0_0_0_-272_0_0_0_0_-578_0_0_0_0_0_0_0_0_0_0_0_0_0_0_0_0_0_0_0_0_0_0_0_0_0_0_0_0_0_0_0_0_0_0_0_0_0_24_-676_0_0_0_0_0_26_0_542_0_0_0_0_-861_0_0
0_551_0_0_0_0_0_0_0_0_0_0_0_0_0_0_0_0_0_0_0_0_0_0_0_0_0_0_666_0_0_0_0_0_0_-700_0_942_0_0_0_0_0_0_0_0_0_0_345_0_0_0_0_-362_-679_0_0_0_0_14_0_0_0_411_0_0_163_0_0_0_0_-837_-578_0_0_0_0_0_0_0_0_0_0_0_0_0_0_0_0_-389_0_0_0_0_0_469_0_0_0_0
0_0_0_0_0_0_0_0_662_0_0_0_0_288_0_0_0_0_0_947_835_447_0_0_0_0_0_0_0_0_0_-727_0_0_0_0_-289_0_283_0_0_0_0_0_0_0_0_0_0_0_0_0_0_763_0_0_0_-457_0_0_715_0_0_67_389_43_0_0_0_0_0_0_102_0_-435_252_0_98_0_0_0_0_0_0_0_-167_0_0_0_0_0_0_0_0_0_-432_0_0_0_0
154_889_0_-259_0_639_205_0_0_0_0_0_0_-194_0_0_-768_0_0_-164_0_0_0_0_0_0_0_0_0_0_0_-771_0_0_0_0_0_0_0_0_0_0_0_0_0_0_0_972_0_0_0_0_0_0_0_0_0_0_0_0_0_0_264_0_0_0_945_0_0_0_-184_0_0_0_0_0_0_0_0_887_0_-416_0_0_-935_0_735_0_0_-404_0_0_0_0_354_0_0_-752_0_0
0_0_0_529_0_0_0_0_0_0_-1_0_616_0_0_0_0_0_0_0_0_0_0_0_0_0_0_0_0_0_134_0_0_0_0_0_0_362_0_0_0_229_0_0_0_0_0_-951_0_0_0_0_0_0_0_0_0_0_937_0_0_0_0_0_0_0_360_-694_0_0_0_0_0_0_0_0_0_0_0_-618_0_0_0_0_0_0_662_0_-870_0_0_-732_0_667_0_0_100_0_0_0
0_0_-536_0_0_0_0_0_885_0_0_0_0_0_-606_0_0_0_0_0_0_0_0_0_0_0_0_5_0_0_0_0_0_0_0_0_0_0_0_0_0_0_0_0_0_-734_0_0_0_0_0_931_-255_0_0_-95_0_0_856_0_0_0_0_0_161_0_0_0_0_0_0_0_0_0_0_0_0_0_-832_0_0_0_0_0_0_0_0_0_0_0_0_744_0_0_527_0_0_0_0_0
0_0_0_0_0_550_0_0_0_0_229_-224_609_0_0_-527_0_0_0_0_0_0_0_0_0_0_0_0_0_0_0_0_0_0_0_0_0_0_0_330_673_0_0_0_0_0_0_0_0_0_0_0_0_0_0_-811_-180_0_0_0_0_0_0_-191_-417_0_0_-984_0_0_532_235_-770_0_0_-712_0_0_0_267_0_0_0_578_0_0_0_0_0_0_0_0_557_0_0_0_0_0_0_0
10_0_0_0_0_0_0_0_0_0_-868_0_0_0_0_0_0_399_0_-933_0_0_0_0_0_-574_0_0_0_0_326_0_0_0_0_-190_-179_0_0_0_-560_0_0_0_0_0_-941_0_0_0_0_0_530_0_0_735_0_0_0_0_0_0_0_0_0_0_0_0_-743_0_0_0_0_0_0_0_0_0_0_0_0_0_0_0_0_0_0_0_0_0_0_0_0_0_0_0_0_0_0_0
0_0_0_0_0_0_0_0_0_0_0_0_0_0_0_0_0_0_-230_0_0_0_0_0_0_300_0_0_786_0_0_161_0_0_0_0_0_0_0_0_0_0_0_939_0_-672_0_0_0_0_-63_0_0_0_0_0_755_0_0_0_0_0_0_0_0_0_0_0_0_0_-5_-601_0_0_0_0_0_0_0_0_0_0_0_0_0_0_0_418_0_0_0_0_-859_812_0_815_0_0_0_0
0_0_0_0_0_-945_0_0_0_0_415_0_0_0_0_0_0_0_0_0_0_0_0_0_0_0_0_739_-771_801_0_0_0_0_0_0_0_-894_0_0_0_0_-535_0_0_0_0_0_0_0_0_0_0_0_0_0_0_0_0_0_0_380_75_0_0_0_0_0_628_0_0_0_0_0_0_0_0_0_0_0_0_0_0_0_0_0_494_0_0_0_0_0_0_0_-318_-323_0_0_0_0
0_0_0_112_0_0_-537_0_0_0_0_0_0_0_96_0_606_0_0_0_0_0_0_0_0_0_0_0_0_0_0_0_0_0_0_0_314_0_0_0_0_452_0_0_0_0_0_0_0_0_0_0_0_0_0_0_0_-17_0_0_0_0_0_0_0_0_0_0_0_0_0_0_0_982_0_0_-810_0_0_0_0_0_0_0_0_0_0_0_0_0_0_0_0_0_0_0_0_0_0_0
0_0_-725_0_0_0_0_0_0_0_598_0_0_0_620_0_0_0_0_0_0_0_0_0_272_0_371_0_0_0_0_0_0_0_0_0_0_0_0_0_0_0_0_0_0_0_0_0_0_0_991_0_0_0_0_0_0_-724_0_0_0_0_0_0_0_0_0_235_0_0_257_-216_361_218_0_0_0_0_0_0_0_0_0_31_-328_0_0_0_0_0_0_-284_0_0_0_0_0_0_0_0
441_0_0_0_-554_0_0_0_464_0_0_0_0_0_0_0_0_724_0_0_0_-244_0_0_-732_0_0_605_0_686_-45_0_0_0_0_-128_0_0_0_0_0_0_0_0_0_872_0_0_-370_0_0_436_0_0_0_0_0_0_-137_0_0_0_0_312_0_67_0_0_0_0_0_0_-56_0_0_0_-552_0_0_0_0_0_268_0_0_0_0_0_0_0_0_-693_0_0_0_0_0_0_0_0
0_0_0_461_0_0_-852_0_0_0_0_0_0_-944_0_0_0_0_0_0_-157_0_0_0_0_0_0_0_0_0_-298_0_0_-679_2_648_0_0_-423_0_0_0_0_0_0_0_0_0_675_0_0_0_0_0_0_0_0_0_0_0_0_0_0_0_0_0_0_0_0_0_0_0_0_0_923_0_-823_0_-241_0_0_0_0_0_0_0_0_0_0_0_0_0_0_545_0_931_0_0_0_0
0_0_0_0_0_0_0_0_0_0_433_0_0_0_0_0_0_121_-219_0_0_0_0_-428_0_0_0_0_0_0_0_0_0_0_0_0_0_0_0_0_374_-2_0_246_0_0_0_0_0_0_0_0_-479_0_0_-37_0_0_0_0_-615_0_0_0_0_0_0_-431_0_0_0_0_0_-113_0_0_0_0_0_0_0_0_0_0_835_0_0_0_0_0_0_0_0_0_0_0_0_0_0_0
0_0_0_0_0_-585_0_0_0_0_404_0_0_0_0_0_0_0_0_0_0_0_0_0_0_0_0_0_0_0_893_0_0_0_0_0_0_0_-924_0_-49_0_-954_0_705_0_0_0_0_0_-710_221_0_0_0_0_0_0_0_0_0_0_0_0_0_557_0_0_0_0_0_0_0_0_0_-216_0_900_0_0_0_0_0_-843_0_0_78_551_0_0_893_0_0_0_0_0_0_369_-152_0
0_-175_0_0_0_0_0_0_0_-949_0_0_0_0_258_0_0_0_0_0_0_0_0_0_0_0_-998_0_0_0_0_-515_0_0_-396_51_0_0_0_0_0_0_0_382_0_0_0_0_0_0_0_0_0_0_0_0_0_0_0_0_0_0_0_0_0_0_-287_0_209_0_0_0_0_0_0_0_0_800_-599_0_0_0_0_0_0_0_0_0_0_-799_0_266_0_0_0_0_-912_0_0_0
0_-85_0_0_0_0_-623_0_0_0_0_0_0_0_0_0_0_0_0_0_0_0_0_0_0_0_0_-24_0_0_0_0_0_0_0_0_-994_0_0_0_0_0_0_0_0_0_0_0_0_-790_0_0_0_0_0_-247_0_0_0_260_-326_0_0_0_0_0_0_-320_0_0_0_0_0_0_0_0_0_0_0_0_0_696_0_0_0_0_-304_0_593_0_0_0_0_0_0_0_173_0_869_0
0_0_0_0_0_0_0_421_790_0_0_0_0_805_80_0_0_0_0_0_0_0_0_0_0_0_0_0_0_0_0_0_0_0_0_0_0_0_0_0_0_0_0_0_0_0_0_0_-101_0_-787_0_0_0_173_0_0_0_0_0_0_0_0_0_734_-628_253_0_0_0_0_0_0_984_0_0_0_0_0_0_0_-413_0_0_0_0_0_0_0_0_0_0_494_0_0_0_0_0_0_0
-106_0_0_0_0_0_21_0_484_0_0_0_0_0_-617_0_476_0_0_0_0_-699_0_0_0_0_0_0_0_0_0_0_0_0_0_0_0_0_806_0_0_0_0_0_0_0_0_0_0_-21_0_0_0_0_0_0_0_0_0_0_0_0_0_0_0_0_0_77_29_0_0_0_0_421_0_0_0_-950_0_0_0_0_0_0_0_0_0_0_0_0_0_0_0_0_0_0_0_0_0_0
0_0_0_0_0_0_0_0_0_0_0_0_162_0_0_0_0_0_64_0_0_0_0_0_0_0_0_0_0_0_0_-250_0_0_538_0_0_0_0_0_0_457_0_0_0_0_0_0_0_0_0_0_127_0_0_0_0_0_0_0_0_599_0_0_0_-690_0_0_0_859_0_-706_0_0_-517_256_0_0_0_0_318_-444_0_0_0_-94_0_0_0_0_0_0_0_0_-971_0_0_0_0_0
0_0_0_0_0_0_431_893_0_28_95_0_0_810_0_0_0_0_0_0_0_0_0_0_-235_0_0_0_-103_0_900_0_0_0_0_0_464_-446_0_0_0_0_0_0_0_0_0_0_0_-167_0_0_0_0_0_0_0_0_0_0_0_0_-266_0_0_0_0_0_0_0_0_0_0_879_0_-784_0_0_-332_0_0_0_660_0_0_0_265_0_0_0_0_0_0_0_0_0_0_0_0_780
0_0_0_0_0_833_0_0_570_0_0_0_-564_0_0_0_0_0_-800_0_0_0_0_0_576_0_0_0_0_0_0_0_0_0_0_0_0_0_0_0_0_0_0_0_0_0_0_0_0_0_0_0_0_-998_0_0_0_0_0_0_0_985_0_0_-36_0_0_0_0_-198_0_0_845_0_-845_0_-728_533_0_0_0_521_0_0_-177_0_-786_0_0_0_-464_0_0_0_-780_328_0_0_0_0
0_0_0_0_0_0_0_0_0_0_0_0_0_0_0_0_0_0_0_0_0_0_0_0_0_485_0_134_0_0_0_0_0_-92_0_0_0_0_0_0_0_0_0_0_485_0_443_0_0_0_166_0_0_0_0_0_-357_0_0_0_0_0_0_0_0_0_0_0_0_0_-108_0_0_0_0_0_0_447_0_0_-847_0_0_0_0_0_0_0_0_0_0_-823_112_0_0_0_0_222_0_0
0_0_0_0_0_0_0_0_0_0_0_0_-622_685_0_0_0_0_0_0_0_0_0_0_0_0_0_820_0_0_0_0_-552_0_0_0_0_0_0_0_0_0_0_0_0_0_0_0_0_-484_0_0_0_0_0_0_0_0_0_0_0_0_0_652_0_0_0_486_-407_510_0_0_0_0_0_0_0_829_0_0_0_456_0_0_0_0_0_0_0_0_-184_0_0_0_0_0_-128_0_0_0
0_0_0_0_0_0_378_0_0_0_0_0_0_0_0_0_0_-982_0_0_0_290_0_0_0_0_0_0_437_0_0_0_807_0_0_0_0_0_0_0_0_0_0_0_0_0_0_0_0_0_0_0_0_878_0_0_0_0_0_0_0_0_449_0_695_0_0_0_0_0_0_-759_0_0_0_903_0_0_0_0_0_0_0_0_0_0_0_0_0_0_0_760_0_0_0_0_0_0_0_0
0_0_0_0_0_0_0_0_0_0_0_0_0_-769_0_0_0_0_0_-858_0_0_0_0_0_0_0_0_0_469_283_0_0_724_0_0_0_0_0_57_0_0_0_-988_0_198_0_0_0_0_0_0_0_0_0_0_0_0_0_0_0_753_0_0_0_0_105_0_0_0_0_0_0_0_0_0_0_0_0_0_0_0_0_0_0_0_0_0_0_0_0_0_0_0_0_0_0_0_0_0
0_0_0_0_4_0_0_-826_0_0_0_0_0_0_0_0_0_0_0_0_0_924_0_0_0_947_0_0_0_0_-413_-114_0_0_0_0_0_0_0_0_0_0_0_0_0_0_0_0_0_-870_0_0_0_0_0_0_0_0_0_-516_-525_0_0_0_0_0_0_0_657_0_0_0_0_0_0_0_0_0_0_0_0_0_0_654_0_-636_0_851_24_-163_-598_0_0_0_0_0_0_0_-450_0
0_0_0_0_0_0_0_0_0_0_0_958_0_0_0_0_987_0_0_0_0_0_0_0_0_0_0_0_0_0_0_0_0_0_0_0_-780_0_-287_0_0_-578_0_0_0_0_0_618_0_0_140_0_0_0_0_0_0_0_33_0_0_714_502_0_0_0_0_0_0_0_175_0_0_0_0_0_0_0_0_0_0_0_-452_75_0_0_0_0_0_0_0_0_0_0_0_0_0_0_0_0
0_0_0_0_566_0_0_0_0_0_0_0_-764_0_0_-142_0_-200_0_107_-77_0_0_0_0_0_0_0_-133_0_0_0_0_0_-309_0_0_0_-736_0_0_0_0_0_0_-708_0_0_0_0_176_0_0_0_0_817_0_0_0_0_0_0_0_0_506_728_0_0_0_0_0_843_0_-267_0_0_0_0_0_0_0_811_0_0_0_0_0_0_0_0_0_0_0_-482_24_0_0_0_0_0
-374_0_0_0_231_0_0_0_391_0_0_0_682_0_0_0_0_0_0_0_0_0_0_0_0_0_0_-201_0_0_0_0_0_0_0_0_0_0_0_0_0_0_0_0_0_-851_0_0_-532_0_0_0_-366_0_0_0_0_-889_0_0_0_0_0_0_0_0_0_0_0_0_0_428_0_0_0_0_0_0_-371_490_0_0_0_0_0_0_0_0_0_-290_0_396_0_0_0_0_0_0_682_0
0_0_0_0_0_0_0_0_0_0_0_-368_0_0_0_0_0_0_0_0_0_920_0_0_0_0_-683_0_0_-221_0_0_281_0_602_0_0_0_0_0_0_0_0_0_0_0_0_0_0_0_0_322_0_0_0_0_0_0_-595_0_0_0_0_-892_205_216_0_0_0_645_0_0_0_0_0_500_0_0_0_0_0_0_0_0_-268_0_0_0_0_0_0_11_0_0_0_0_0_0_0_0
0_0_0_0_0_-325_810_0_0_929_0_0_0_0_0_0_0_0_313_0_0_0_0_0_358_0_0_0_892_0_0_0_0_0_0_503_0_0_155_0_0_0_0_0_0_0_0_0_0_0_0_0_0_0_0_0_0_0_0_0_0_0_0_0_0_0_0_0_0_0_589_0_0_-258_0_0_0_0_0_-764_0_-821_0_0_0_0_0_0_0_0_-456_0_0_0_0_0_43_0_0_0
0_0_0_0_0_0_0_0_0_0_-920_0_0_0_0_0_-15_-878_614_0_0_0_0_0_0_0_0_0_0_0_0_0_0_0_0_0_0_284_-76_0_0_369_0_0_0_0_0_0_641_0_0_-439_0_0_0_0_335_0_0_408_-964_0_0_0_0_-287_0_0_0_0_-357_0_0_448_251_0_0_0_0_0_596_0_317_0_0_0_0_0_0_0_0_0_0_0_0_0_0_0_0_0
0_0_0_0_546_0_0_0_0_0_0_0_0_0_0_0_0_0_0_0_0_0_0_0_35_0_0_0_0_0_0_0_0_0_0_0_0_0_0_0_0_0_0_0_0_0_0_0_0_0_0_-189_0_0_0_0_0_0_0_0_0_0_0_0_0_0_0_0_0_0_0_0_0_0_0_0_0_0_0_0_-293_0_0_456_100_0_0_0_0_0_0_0_0_0_0_0_353_0_0_0
0_44_0_0_0_0_0_0_0_0_0_0_319_0_0_0_0_0_0_0_0_0_0_0_0_0_0_0_0_0_-952_0_0_0_0_0_0_0_0_0_0_0_0_0_0_0_0_0_-844_0_0_0_0_0_0_0_0_0_0_-53_0_0_0_0_0_0_0_0_0_-743_0_0_0_0_368_0_0_0_0_0_0_115_0_787_0_0_0_0_0_-929_-763_0_0_0_0_0_0_0_0_0
0_0_0_0_0_0_0_0_0_0_0_0_0_-51_-810_0_0_0_-544_0_0_0_0_0_0_0_0_0_-850_0_0_0_776_0_0_0_0_0_-8_-117_-393_0_0_0_0_0_0_-814_-960_130_0_0_0_0_0_0_0_0_0_0_0_0_0_0_0_0_0_0_0_0_0_0_0_840_0_0_0_0_-115_0_0_0_318_0_0_-603_0_940_0_0_0_-65_-695_0_0_0_0_0_0_371
0_-292_373_0_575_0_0_370_0_250_417_0_427_0_930_0_0_0_0_0_-983_0_0_0_0_470_0_-419_0_0_0_0_0_0_0_0_0_0_0_0_0_0_0_0_0_0_0_0_-73_0_645_0_0_0_0_0_0_0_0_0_0_-619_0_0_0_0_0_0_0_0_-133_-290_0_0_0_0_0_0_0_0_0_0_0_-472_-504_0_0_0_606_0_0_0_0_0_0_776_0_0_379_0
105_0_0_0_0_0_0_0_26_0_0_0_0_-396_0_0_0_0_0_0_0_0_0_0_0_0_0_0_0_845_0_-734_0_0_0_0_0_0_0_0_0_0_0_0_837_0_0_0_0_0_0_0_0_716_38_0_0_0_0_0_0_0_0_0_0_0_0_0_0_0_0_0_0_0_0_0_0_0_0_0_0_0_0_0_0_0_0_0_0_0_0_0_-8_0_0_0_-585_147_0_0
0_0_0_0_0_0_0_0_0_0_0_-662_0_0_0_0_0_-395_0_346_0_0_0_0_0_0_0_0_0_0_0_0_0_0_925_0_0_656_0_0_0_0_0_-998_0_769_0_0_547_813_-597_0_0_0_0_0_0_0_0_0_0_0_0_0_0_0_0_0_0_0_0_880_0_0_949_0_0_0_69_0_0_0_0_0_0_-444_0_0_0_0_453_-631_0_0_0_0_0_0_787_-225
0_0_0_0_0_0_0_0_0_0_0_0_0_938_0_0_0_0_0_0_0_0_0_0_0_0_0_0_0_0_0_0_0_0_0_-258_0_0_0_0_0_0_0_0_0_0_-197_0_0_0_0_0_0_303_0_0_0_0_0_0_0_0_347_0_0_578_0_0_0_0_0_-244_0_0_0_0_-42_288_0_0_0_0_0_0_-108_0_0_0_0_0_0_-872_0_0_0_0_0_0_0_0
0_0_743_0_0_0_0_0_0_0_0_0_0_0_0_0_610_0_-208_0_0_0_-756_0_0_0_0_0_0_0_0_0_0_0_0_0_0_0_211_0_0_0_0_0_0_0_0_0_0_-594_0_0_0_0_0_0_0_0_0_0_0_0_0_0_0_0_0_0_-280_0_0_0_0_0_0_0_-739_0_0_0_0_0_0_0_0_279_0_0_0_0_0_0_0_115_0_0_0_-448_0_0
0_0_0_0_0_0_201_905_0_0_0_0_0_-597_0_0_-535_0_0_0_0_0_0_0_0_290_973_-205_-389_0_0_0_0_0_0_0_0_0_0_0_0_0_0_-636_0_0_0_0_0_0_0_405_0_0_0_0_0_0_939_0_0_760_0_0_0_0_0_0_-706_0_478_-884_0_0_0_0_0_0_0_0_0_0_0_0_201_0_0_277_0_0_0_0_0_0_0_0_0_0_0_0
0_0_0_0_0_0_0_-259_623_0_0_446_0_0_0_-297_0_0_0_0_0_597_0_-813_0_0_0_0_0_0_0_0_0_0_0_0_0_0_0_0_0_0_0_0_0_0_0_0_0_0_0_0_0_0_-158_0_880_342_0_0_0_0_0_0_578_0_0_0_0_0_0_0_0_0_0_108_0_0_0_0_-831_0_0_0_0_0_0_0_315_0_0_0_0_0_0_0_0_0_0_0
0_0_0_0_0_0_0_-139_0_-846_0_0_0_0_0_0_0_0_0_0_0_0_0_15_0_0_0_-833_-477_0_0_0_0_0_0_0_0_0_-466_0_0_-212_0_-728_-434_0_0_0_0_0_0_0_0_0_0_0_0_-803_-689_0_0_743_0_0_-526_0_0_0_0_0_933_0_0_0_0_0_0_0_0_0_0_0_0_0_0_0_0_0_228_0_0_0_0_0_0_0_0_0_0_-98
-326_0_0_0_0_0_0_0_0_0_0_0_0_449_0_0_0_0_0_0_0_0_0_0_0_0_0_0_0_0_0_0_0_-391_0_0_0_0_0_-83_0_0_0_0_0_0_0_0_-661_0_0_0_0_0_0_0_0_0_0_0_-762_0_624_0_0_0_0_0_0_0_0_0_0_0_0_350_0_0_981_0_0_0_649_0_0_0_0_0_0_0_0_-274_-849_0_0_0_0_0_0_0
0_-276_0_0_0_96_0_0_-755_0_0_0_592_0_0_0_0_0_0_0_0_0_0_0_0_0_0_477_0_0_0_0_0_0_0_0_0_0_0_0_0_0_814_0_0_-495_-120_0_0_0_0_0_0_0_0_0_0_-502_-79_0_-908_0_-822_0_0_0_0_0_0_0_0_0_0_0_-638_625_0_0_0_-181_0_0_0_0_0_0_0_0_0_0_0_0_0_0_0_0_0_0_0_0
0_0_0_0_0_-131_0_0_-445_0_941_0_0_0_0_0_0_0_0_0_0_0_0_0_0_0_0_0_0_0_-3_-737_0_0_0_742_-378_0_0_0_0_0_608_0_85_0_0_0_0_-807_0_0_0_0_0_0_0_0_0_102_-304_0_0_0_-701_0_0_0_0_0_0_-65_0_0_0_0_0_0_397_-950_0_-97_0_0_765_0_0_0_-815_0_0_0_0_0_0_0_505_0_-63_0
-488_0_-427_0_0_0_291_535_0_0_0_0_0_0_0_0_-441_-750_0_0_0_0_0_852_0_0_0_0_0_0_0_0_0_0_0_0_0_0_0_0_0_676_0_0_0_0_0_0_0_0_0_0_0_0_0_0_0_0_0_0_0_0_270_0_0_0_-293_0_0_0_-814_0_0_0_0_0_0_0_0_0_0_0_151_0_0_0_-384_0_0_0_0_0_0_0_0_0_0_0_0_0
0_0_0_0_0_860_0_0_0_0_0_0_0_0_0_0_0_0_0_-931_0_0_0_0_0_0_0_-469_0_0_0_0_0_0_0_0_487_0_0_0_0_0_0_0_684_0_0_0_0_0_0_0_0_0_762_-853_0_0_0_0_0_0_0_0_0_0_0_0_0_0_0_0_0_0_0_0_0_0_-136_0_0_0_0_0_0_0_0_0_0_0_0_0_0_0_0_0_0_0_0_0
0_0_0_-863_0_0_802_0_-565_0_0_0_0_0_0_231_0_0_0_0_0_0_0_-777_0_0_0_0_0_0_-287_0_0_0_0_0_0_0_0_0_0_0_-484_0_0_0_0_-857_463_0_0_0_0_0_0_0_0_0_0_0_600_0_0_-705_0_0_0_0_0_0_0_0_0_0_0_0_0_-946_0_0_-143_0_-780_0_0_0_0_0_0_0_0_24_0_0_0_0_0_0_0_0
882_0_0_0_0_0_0_0_74_-749_0_0_0_728_0_448_0_0_0_0_0_0_0_870_0_0_0_0_0_0_-195_0_326_0_0_0_0_0_0_29_0_-130_0_0_0_0_0_0_-383_0_0_0_0_0_572_0_680_971_0_0_0_0_0_0_0_0_0_0_206_0_0_0_-820_-71_0_-388_428_0_0_0_0_0_0_0_-830_0_0_0_0_443_0_0_0_0_0_857_0_0_0_0
0_0_0_0_0_0_0_0_0_0_0_0_0_0_0_0_0_0_0_0_0_0_0_0_-281_0_0_0_363_0_0_0_0_0_0_0_0_0_0_0_0_0_0_0_0_154_0_0_0_0_0_0_0_0_373_0_0_0_0_0_0_0_334_0_0_0_0_0_-967_0_0_0_703_0_0_0_0_0_0_0_0_0_-135_0_0_0_0_0_0_162_0_0_0_0_0_-849_0_218_0_0
0_375_0_0_0_0_0_0_720_0_0_0_0_673_0_0_0_-303_187_-405_0_0_0_0_0_0_-823_0_0_0_0_0_0_0_847_0_0_0_0_0_0_0_0_0_0_0_0_0_0_-363_0_0_0_0_0_120_0_0_0_0_0_0_0_0_0_0_0_0_0_0_-1000_0_0_-362_-829_208_0_-480_0_-112_0_0_0_691_0_0_183_0_0_848_0_0_0_-748_0_0_0_0_0_0
0_0_0_474_0_0_882_0_0_736_0_0_-45_0_0_-388_0_0_0_0_0_0_0_-107_0_0_-934_0_0_0_0_0_0_0_0_0_0_-432_0_0_0_0_0_0_0_0_0_0_0_0_-80_0_0_0_951_0_0_0_0_0_0_0_0_389_522_0_0_-147_0_0_0_0_0_0_0_0_0_0_0_0_-901_0_0_0_0_0_0_0_0_0_0_0_723_0_0_614_0_0_0_0
0_0_0_0_0_439_0_877_0_0_0_0_0_0_0_0_0_0_0_0_0_0_0_0_0_-26_0_0_0_0_0_0_0_706_0_685_0_0_0_0_0_0_0_523_0_0_-12_0_0_0_0_0_0_0_-613_0_0_0_0_0_0_0_0_0_0_-793_600_0_0_0_0_0_0_0_0_0_0_0_-805_0_0_0_0_0_0_0_0_0_0_0_0_0_0_0_0_277_0_0_0_0
0_0_0_0_0_0_0_0_0_0_0_0_10_0_0_0_0_0_0_0_0_0_0_0_0_0_0_0_0_0_0_0_0_0_0_-185_0_0_0_564_0_0_0_21_0_0_0_0_0_0_-923_-135_86_0_0_0_0_0_0_0_0_0_0_0_131_165_-330_0_0_0_0_0_975_0_0_252_-897_0_0_0_0_0_0_0_0_0_0_0_0_0_0_0_0_0_0_0_0_98_0_0
0_0_0_0_0_0_0_26_0_659_0_0_0_0_0_0_0_0_0_0_0_0_0_0_0_0_0_0_0_0_0_0_0_0_0_0_0_0_0_0_0_0_0_0_116_0_0_0_0_869_0_0_780_0_0_0_0_0_0_0_0_-13_0_-366_0_0_0_0_0_273_0_0_0_0_-837_0_0_0_0_-189_0_0_0_0_0_0_0_0_0_0_0_0_0_0_0_0_0_0_0_0
0_0_393_0_0_0_-522_0_0_0_0_15_0_0_0_319_0_0_0_0_0_0_0_-515_0_0_903_87_0_0_0_-80_-56_207_0_0_0_0_0_779_0_524_0_896_-373_192_0_0_-274_0_0_0_0_138_0_0_0_0_0_0_0_0_418_0_-687_0_0_0_0_0_0_0_798_0_0_0_479_0_0_0_622_0_0_0_0_0_0_0_0_0_0_0_0_0_0_0_0_0_0_0
0_0_0_-241_155_0_0_0_0_0_248_0_0_0_0_0_0_0_0_0_878_0_0_0_-621_0_0_0_0_0_0_0_0_0_-590_0_0_0_0_0_0_-229_151_0_0_0_-134_0_-422_0_0_0_0_0_0_0_0_0_0_0_0_-603_0_0_0_0_0_0_-841_0_0_0_0_609_0_-859_0_0_0_0_0_0_0_0_0_0_0_0_1000_831_0_0_0_0_0_0_712_0_0_0
0_0_0_0_0_-91_0_0_0_0_0_-378_0_0_0_0_0_-962_0_0_0_0_0_0_0_0_0_-759_0_340_-649_0_0_0_0_0_0_0_0_0_477_0_0_41_0_0_0_0_0_83_0_0_0_0_0_0_0_0_0_0_0_0_0_0_0_0_0_0_0_0_0_0_0_0_-580_774_0_0_-586_0_0_0_0_0_0_0_0_0_0_0_0_0_0_0_0_0_0_0_0_0
0_0_0_-740_0_444_0_0_0_0_0_0_0_0_0_0_0_0_0_0_0_0_-705_0_0_0_0_0_0_0_0_0_0_0_0_0_0_0_0_0_0_0_0_0_0_0_0_0_0_0_0_0_0_0_0_0_0_583_417_0_0_0_0_0_0_0_0_0_0_0_0_523_584_0_0_0_0_0_0_0_0_0_0_0_0_0_0_0_0_0_0_0_0_0_0_0_0_0_0_862
-796_0_0_-524_-978_0_0_0_-65_0_486_0_0_0_0_0_-233_0_0_0_0_0_0_0_124_0_0_0_-108_0_-285_0_0_0_0_0_0_0_0_0_0_0_0_0_0_0_0_0_0_0_448_0_0_0_-492_689_0_0_0_0_0_329_0_-556_0_0_0_0_-780_0_0_0_-645_0_861_0_435_0_0_0_70_0_0_0_0_0_0_-244_0_420_0_0_0_0_0_0_0_0_0_0
0_-64_0_0_0_0_-848_0_17_0_0_-487_0_0_0_0_0_0_-275_0_0_0_0_0_0_0_-554_0_0_0_0_0_0_0_0_0_0_0_0_0_0_0_0_0_0_0_0_0_0_658_0_0_0_0_0_-670_0_0_0_-590_0_0_631_740_0_644_-813_0_0_0_0_0_0_7_0_0_0_0_0_0_0_0_913_0_0_0_0_0_0_0_-680_0_0_569_0_0_637_0_0_0
0_0_0_0_0_998_0_0_0_0_522_0_0_0_0_0_0_0_0_0_0_709_0_116_0_0_0_0_0_0_0_0_0_0_0_0_0_0_0_0_0_0_0_0_0_-616_0_0_0_0_0_0_0_0_0_0_0_0_0_0_-762_0_0_0_0_0_-629_0_0_0_0_0_0_0_0_0_0_0_0_777_0_0_0_0_0_0_0_846_0_-324_0_0_0_0_0_0_0_0_0_0
