2/1
3/3
5/4
6/2
5/0
3/1
5/2
4/0
6/1
4/2
2/3
3/5
1/4
0/6
2/5
4/4
3/6
1/7
