11111110111110110011110111110011011010111100111111011111111001001110110111111011110101110110111011111101001100111101101010010110
<ZhtHiNz2DOUxBGTRiOCXE8BGyKAAbRjqV9wksw8ENUjdtDwvJcg0AuKJzf89bCMmnQhW1KUBoRQ>
<kNosLkXSa2JzPq_wb5lGhDZSMX7arYsQ1VrphOZTEzFTZhKpu6Yc>
<jkdmbt1HZEj7r3lvQWvcHpBWEOecuwo8CSoodlZLDPPAK3qeV61WvAIB6gzDD>
<mKYwKTTQPC9GEIOc8KEqhkmVX_l8hd6mB7kdozwh>
<3VXZexz2rUaymK76Nt2buE_l9DYw7VIwflbuVIzcOdsv8XJQ>
<Oix8fZtXYzH>
<CYo5VPuwiQhsmshZ046TKKLovOj9OpKWEtL>
<kNosLkXSa2JzPq_wb5lGhDZSMX7arYsQ1VrphOZTEzFTZhKpu6Yc>
<eAA9qvEYWkXaC9Z5n6jZoiyL3rDVldk4BLuTye9qBEVoRG>
<Y2O>
<0ibMJh0D9HPqTV>
<YoPwmZZVmZ8oJWxppCwpYoQVL0wu8qqiwinLTi8z_Dne3oKYpr2D>
<_ZZAUYIyF12gwY4L1G6xAAnv5S6rpPKeSizTEoa3LdEfpwdw579Og0mUzIx13vgAL1NRmSRoGE4URHcPLvY0uyuOB6sZZO9zfnE9>
<mKYwKTTQPC9GEIOc8KEqhkmVX_l8hd6mB7kdozwh>
<bTpl6Tjq9jpLw>
<t9XB7OqydysMT8Q4_QCr6jqq5HcyZo697Lyy8WusqRZcoUK1hh>
<t9XB7OqydysMT8Q4_QCr6jqq5HcyZo697Lyy8WusqRZcoUK1hh>
<ZhtHiNz2DOUxBGTRiOCXE8BGyKAAbRjqV9wksw8ENUjdtDwvJcg0AuKJzf89bCMmnQhW1KUBoRQ>
<_pTnfmQwKpfYLKQ_aitXvVJ5w17kQz5bV9Si8MJdHQAoAp8ewFyOBeAXlLOa7JuuTbxqR_dYiESsWyyzg3JdvC8ln09>
<aQ6DDLwBVn9W1RJMxOY76Dd3XHnGaRpjusDWj97tQ9mJRcp5>
<mwXXUw5xZaUwAUmUiOIKTOEW7Ukje1RBlGK_TVg4p0c9N>
<CEUy_d36Mfr5wcI8s0sghI7_SUAv>
<mwXXUw5xZaUwAUmUiOIKTOEW7Ukje1RBlGK_TVg4p0c9N>
<r7yevvIwzf88tQxIbKeqNW2s6yM9zLqDlXyG2w1maFeOSqBeNiMxLeAlYHe57os8O3EjF9uO>
<91nlefMaAm560bUdMALun16fmUXLU8Q7oyNH1V9vfaXCQtBw2G>
<vkTyXqsXZX7eIoCImRlYsZiDq8_BfOmfEyFKCOwRzbXGKnQZCy74T1GKG3JBE5sfvFX_g>
<lN1Ygb9g3q>
<uhWj9nW0Xjh0CMI4eyaDUtlnk46vFpb10jmFXMS1iPORB4yqJPt6pALDZMS07k>
<r7yevvIwzf88tQxIbKeqNW2s6yM9zLqDlXyG2w1maFeOSqBeNiMxLeAlYHe57os8O3EjF9uO>
<ZhtHiNz2DOUxBGTRiOCXE8BGyKAAbRjqV9wksw8ENUjdtDwvJcg0AuKJzf89bCMmnQhW1KUBoRQ>
<TZeENc_1rHbw_5yC>
<G3ZP5_d23EcTJRPbqBH3sqb53YPuCRWJHiyT9u03j0IEKOY3P>
<CEUy_d36Mfr5wcI8s0sghI7_SUAv>
<Z5pu_LuotITWm7NW600Fb4dFKkr99yT03_w5egeCpB4JZpXCeBlQA6f5MRiupjF7>
<o3w4CHdjKnVIqouzxRWPbMzXkzfNW7ebzyUD8uPR4ss7_r3tNuBWhL3EsY2XZ9Bt8NNjBCa7BnuJuLCy5SFcAMXCC4oAv>
<mKYwKTTQPC9GEIOc8KEqhkmVX_l8hd6mB7kdozwh>
<fQhpPjRZAozedvxp9_9J44Ca_AVREaFfjF>
<91nlefMaAm560bUdMALun16fmUXLU8Q7oyNH1V9vfaXCQtBw2G>
<l834ofTEBzxk_d>
<gvKlRaJGqszkDCZet>
<MLkLFYmsJAI9DbsEQmkzdYBNIE2wHzNb_kT2aOHtO8ufTs>
<rzaZXNavTnQq9p0PlyQSrzGGgiRbZ9MgqN>
<vkTyXqsXZX7eIoCImRlYsZiDq8_BfOmfEyFKCOwRzbXGKnQZCy74T1GKG3JBE5sfvFX_g>
<kNosLkXSa2JzPq_wb5lGhDZSMX7arYsQ1VrphOZTEzFTZhKpu6Yc>
<1wblljq2yDbB5khhVNHhl3>
<07PzQoaFg9Mvi_x>
<uun5uYR2PzxcHEe11neogt>
<kA9mWdSFQIHY1OtuLnHDGToI34aQQVUS58SlLNS5OMy5wlrBrpoRFFElFkS3n1U>
<w6EZT1EXmi8PqcE1rbpjrnxxebtrbm8whbJ1B2RdAGakEi1t_iGJItx>
<OnQFL8yovy6U2NO0Hr9yRdAp_PUa6pe5rnxF>
<t9XB7OqydysMT8Q4_QCr6jqq5HcyZo697Lyy8WusqRZcoUK1hh>
<EEmaPWUII_cLWNTrtipC4sCM1yMHaSnnvCNmvEd5Hwv>
<0qPum6alX_zGey955HS6trlRuoK3DQjCJA8dakeHh4lhhyO5brpEEIB8oAtMSnTgfIIef6kHG>
<e6eKxCkmaCT_zW8LFbTWLpa0dpZ6IJaWiLkrIEJGAoc2xc6uzkmsnDTCZoYPF4S8MHLlqoeARhH0knpf4dax>
<qJ7lJyJtQGLHt_5KAghDNtqKd45LB17SUGzKp2rssfs7G5mLl>
<GHQKhOAV9Wg_Co38rK4lCHGjhVuDZxlpEw0xw3bh0uRUMetB9Cuo4QoOw8ntz4UTRGqYW56dczap1T6xUWzbezHObtMgBezgvL>
<WsvXvmGytTAV6hgFXKok0zgD_r28112Sg_0shyXJV>
<OJSytIwDV6K67ZKh3YqV95cqbzkuZ7Yi9jJtqHLVW2d3JfwBS6Wo6g4rtxLULwjg_SppB2yt_dDMECcuJtqbYjhXzXrBT>
<mztfoXT2n64nuuKwH5A2TqZWbhlxrSLFugOGC1DGuNRo2kSwqGbgYGNfoPrGYhOAXH0NyHigRsP>
<_pTnfmQwKpfYLKQ_aitXvVJ5w17kQz5bV9Si8MJdHQAoAp8ewFyOBeAXlLOa7JuuTbxqR_dYiESsWyyzg3JdvC8ln09>
<_pTnfmQwKpfYLKQ_aitXvVJ5w17kQz5bV9Si8MJdHQAoAp8ewFyOBeAXlLOa7JuuTbxqR_dYiESsWyyzg3JdvC8ln09>
<YihOyqq9G0rkzXlWaVLlloD21KralRJL0sFLl13tVPf2Uw0>
<r7yevvIwzf88tQxIbKeqNW2s6yM9zLqDlXyG2w1maFeOSqBeNiMxLeAlYHe57os8O3EjF9uO>
<ZhtHiNz2DOUxBGTRiOCXE8BGyKAAbRjqV9wksw8ENUjdtDwvJcg0AuKJzf89bCMmnQhW1KUBoRQ>
<hOAH3gmAYvVU7CujDYK7c3IbGN0LUzjlmzOtS2b4JSBm8oAAFfGjekn33b1WyAZoDvLQPlSxrSK>
<_FAm2j_lYN3AZhypL01UV>
<QVeBOkzAhy>
<GHQKhOAV9Wg_Co38rK4lCHGjhVuDZxlpEw0xw3bh0uRUMetB9Cuo4QoOw8ntz4UTRGqYW56dczap1T6xUWzbezHObtMgBezgvL>
<fNga>
<QfAlGA7gT6gE8D8jPHAgX4uasjrFWiQzujIKWUEVLwZ2dM8m7r80RxDptD0eipPmYuW7I_2esTcIpErMPERWLD6agyKBnb_7>
<3VXZexz2rUaymK76Nt2buE_l9DYw7VIwflbuVIzcOdsv8XJQ>
<HgTTB1F0ztFjdImmHAfuqErY_Ll8esv1mdyJ76bsNjvfY>
<uf__eYOZqazTleWu6izMx3AlM4o>
<FRtZLA>
<Md4b6q56U4QcKXna3H5n5w5FDu_dd68ZW0KfBTyhNMutgvZBpqK2Wds>
<0wDAkao3tceVa8j9XCGjeTpW5Ys9kbCu7Dg2fyONbh5EAtZmCvfLNGB>
<R7JsQPAOqJWihLdrUDfsr76XYM5kjYlsC8vKea2E0x5PLVKhFRdylbjSC1JXJkbFNa33qvm5sa9W1pICjBdlqH2>
<WsvXvmGytTAV6hgFXKok0zgD_r28112Sg_0shyXJV>
<Ysyalv2SQQwhmaCRtjrX4sk0pRw58Dypc>
<sPFlX2zYz1VlAIK5JhBSimawkH8qYtSHfp8y9WwA6N9znm6t2ylAm1Wb84kTHDfJ96iPW9xM5TDZKKPtJ9X_ADBop9>
<JaMqWaVOSUrvUxb8XbAiAkCGvQdXL_a5Boe5HgAtBhIJLeRcugy6ZSJQPhVN>
<n>
<MLkLFYmsJAI9DbsEQmkzdYBNIE2wHzNb_kT2aOHtO8ufTs>
<UI5OM3XAl1EKm6Yzc7IB1Ho5fgZwQ9OaKfhJ>
<vkTyXqsXZX7eIoCImRlYsZiDq8_BfOmfEyFKCOwRzbXGKnQZCy74T1GKG3JBE5sfvFX_g>
<hm3FoIXaKraHJ9GbkO74>
<qyM3an4FK8e1dn54UmVWZTLrC4Nnm>
<az>
<0qPum6alX_zGey955HS6trlRuoK3DQjCJA8dakeHh4lhhyO5brpEEIB8oAtMSnTgfIIef6kHG>
<UAzkF14U4xXdK2QtsOww5KyMiy6fRaVKbi_hnPTHqaucGzDboXn5L7853oL5lwGY8WUk7XYLX07>
<UA8B4zf>
<e6eKxCkmaCT_zW8LFbTWLpa0dpZ6IJaWiLkrIEJGAoc2xc6uzkmsnDTCZoYPF4S8MHLlqoeARhH0knpf4dax>
<Azu>
<WI1Ra5ySQ0FTOh3fwna4ELhtq291UzlypvnkL8eabAvz>
<cLdgQEiIeYpqPvYSkeKtRAfsqQ0Ki_j1RxU2g8aDonda3cl6c0ItwRWhYMWrg53XuElF39>
<aQ6DDLwBVn9W1RJMxOY76Dd3XHnGaRpjusDWj97tQ9mJRcp5>
<BRkrqg2w5ieIfjTZlWzuDgf_jmEiz3aIFcVNSlCUGW7avPUG_aBGh1NlB_8BHQRLl6eP7UWcF3AGOKNMEl>
<q3TGIxUzuHlg_LPgrgb05vyjquudruakDYCWz0jn4>
<LxywCLO3PtGVyFYZ2x5NRO25m>
<nmtGZzI5fE7hsAoiZatq2qOoC_vVMt0sa8_XIxcVXoHD4DfWglN9wJR63WutONd1dZYk>
<R1YDJwE4DZgX2L5BTpvoBuq6nNbnHcH_oa1hA_lYqrrg>
<rzIPz_SSjd71MHxCM9Ey2uxHhUCZeEyvB3vdOnSKWp1khb4wWyk4zw2l0QbHoE>
<_FAm2j_lYN3AZhypL01UV>
<gseDFpc5zmmZ9ZlXryQvJ6st4WBvJYQYMjh3DA>
<_FAm2j_lYN3AZhypL01UV>
<mKYwKTTQPC9GEIOc8KEqhkmVX_l8hd6mB7kdozwh>
<hZko0EK5FmdnMBlTPllj98BwU>
<9ZuFZKFecoscqWw6r02YLHlc68XUTQXNXgFopoxfSwdchvbIVMa7lVxVWwi4CgkhZt8GuDXMZyaqWKvl2Qw9X2sEkVXdi>
<UI5OM3XAl1EKm6Yzc7IB1Ho5fgZwQ9OaKfhJ>
<r7yevvIwzf88tQxIbKeqNW2s6yM9zLqDlXyG2w1maFeOSqBeNiMxLeAlYHe57os8O3EjF9uO>
<t1JW7J6RfUj3ibDWILHsSM6b2cpGci0hHe456m_kLPFkrFHNeS3H>
<XcbkaxwoLWneWmZO6NNRfkn1UZT_RGysrDplevSmSALeh9L0thA4oVId>
<jdQcQbwn5xM1PtoWu58P5Yb7ICKNIcGWdulvu6VeXEw>
<OUJOcaJwLGgrd3vlhmcXHwAfDOk0Rz4KzI9ls7vvX0Xgfp1Ro1EOmSPG1Uxe37bGg2Ywi>
<mKYwKTTQPC9GEIOc8KEqhkmVX_l8hd6mB7kdozwh>
<sDsZlOdwI8Dsco0E8ta2VKPIT9W9rJ7525vRVoB9ezdRdF02G8so6jSpZeMbVCmwovJKz>
<N8RBqeZn0>
<eAA9qvEYWkXaC9Z5n6jZoiyL3rDVldk4BLuTye9qBEVoRG>
<eENfKDJWmZ9THV3y_nWQzqJnVUOQsmwIIGeBxWITwgptH3cx0jaBhYOd4YY_cCQyvncHvDiXBJjTPFs0Q1I_1V3VAQkEj>
<ZhtHiNz2DOUxBGTRiOCXE8BGyKAAbRjqV9wksw8ENUjdtDwvJcg0AuKJzf89bCMmnQhW1KUBoRQ>
<Lx191c3RS4yAVVdLsPLN7EyCkUI1XVyS6UY46rrd>
<o3w4CHdjKnVIqouzxRWPbMzXkzfNW7ebzyUD8uPR4ss7_r3tNuBWhL3EsY2XZ9Bt8NNjBCa7BnuJuLCy5SFcAMXCC4oAv>
<N8RBqeZn0>
<cTj8KNEVAm_U7pT_gXUvaxAgFIH87WHmqAy2JhoqqcMYhcd2JbBfx20LT9paLPALTcFV_qR2x3hBVA6dIK_VxNxPXXk9uIxhOXC>
<N8RBqeZn0>
<l_KXFeMM29O3WoyQthEa>
<Bn3fpF6_gTWRDk13TlrOXh0SgHJ5fsAEF_aDQPaqwth5Vq1lUJvkL>
<aQ6DDLwBVn9W1RJMxOY76Dd3XHnGaRpjusDWj97tQ9mJRcp5>
-----
