100001001111111111111010000000000011010000011111001000001001001010010000000011001011101110010100011000000000110100011011000010001101000110001101100000000100100000001111111110100101100101000011101010100000010000010111111000000010010100000110001010010000010010010111100010100000110110110000001100001001001000000100001011110000000001000101111010001011010101000001010000000111100100010111111000000001100100010111000011000000111100011110110100000110010110000100011000010010100011100001111101101000100
<E4NemJG6MCTHm9kFVgzJmGa2cXaPLfmJHW4zj2Azuok4YNjYNUxnr7UyGz2x9p>
<E4NemJG6MCTHm9kFVgzJmGa2cXaPLfmJHW4zj2Azuok4YNjYNUxnr7UyGz2x9p>
<E4NemJG6MCTHm9kFVgzJmGa2cXaPLfmJHW4zj2Azuok4YNjYNUxnr7UyGz2x9p>
<E4NemJG6MCTHm9kFVgzJmGa2cXaPLfmJHW4zj2Azuok4YNjYNUxnr7UyGz2x9p>
<E4NemJG6MCTHm9kFVgzJmGa2cXaPLfmJHW4zj2Azuok4YNjYNUxnr7UyGz2x9p>
<dOx6LELFsYwOOfh_Iup0BNlpNzqtsFajOMCTqIQu2ho20l>
<E4NemJG6MCTHm9kFVgzJmGa2cXaPLfmJHW4zj2Azuok4YNjYNUxnr7UyGz2x9p>
<E4NemJG6MCTHm9kFVgzJmGa2cXaPLfmJHW4zj2Azuok4YNjYNUxnr7UyGz2x9p>
<qYNv4yiE0WE>
<oJswKNPooPMooC6VrX6yysdKGA>
<3fCf4YZYls2qtvTv5P9AnnoqlMBgT7QZThHgaNHu6jPQgbjeq_KtVlM2>
<UsMN35NAfLEEXYYjOm5j3d8FI0vAjI3ZrNgtBT1Rjs7kKarI3ytE3gdhHXXuDFmNO9YF1L0oRderNwvsnk>
<zgcNoAoFZTtfdp3ZGq3BUNcwUIs8BJCmOHR8zmJbXxVEK732QvndYRbZEsg07V>
<KDwe4zUslU0IypRGR7b3e1QJ1>
<8jYwy1hI_e488pRwNT4gR95NlfKI2NY0pzAXl44eFSuf8J_ShpBiZO7lRrkL22vyvtvfhrxrpREbvVsdJ>
<zyqGEWwCI9G9JkIFMsTRkJIlEbFZoxZCB4sYfdDBJecfBjXm>
<DlA4tP4>
<oGUce_tBJQP0ZvjAbZHAK3WC36DtdPsA7E3R9N_BGqUqTVfNK6r>
<kvUW7qezKxy_WOKfXAraJ>
<eMnU9tV>
<gP_V5YTDILVdxlYc7WKOPxD6VwbwSMSkT1GEt9luEnrzomqfuPjni5Xb0wYx1TRjvJ4EEiqHnjDIaFof>
<E4NemJG6MCTHm9kFVgzJmGa2cXaPLfmJHW4zj2Azuok4YNjYNUxnr7UyGz2x9p>
<hB0WPaB48YbN6HOVoRBe>
<zgcNoAoFZTtfdp3ZGq3BUNcwUIs8BJCmOHR8zmJbXxVEK732QvndYRbZEsg07V>
<dOx6LELFsYwOOfh_Iup0BNlpNzqtsFajOMCTqIQu2ho20l>
<8jYwy1hI_e488pRwNT4gR95NlfKI2NY0pzAXl44eFSuf8J_ShpBiZO7lRrkL22vyvtvfhrxrpREbvVsdJ>
<KDwe4zUslU0IypRGR7b3e1QJ1>
<UsMN35NAfLEEXYYjOm5j3d8FI0vAjI3ZrNgtBT1Rjs7kKarI3ytE3gdhHXXuDFmNO9YF1L0oRderNwvsnk>
<E4NemJG6MCTHm9kFVgzJmGa2cXaPLfmJHW4zj2Azuok4YNjYNUxnr7UyGz2x9p>
<8jYwy1hI_e488pRwNT4gR95NlfKI2NY0pzAXl44eFSuf8J_ShpBiZO7lRrkL22vyvtvfhrxrpREbvVsdJ>
<E4NemJG6MCTHm9kFVgzJmGa2cXaPLfmJHW4zj2Azuok4YNjYNUxnr7UyGz2x9p>
<dOx6LELFsYwOOfh_Iup0BNlpNzqtsFajOMCTqIQu2ho20l>
<8jYwy1hI_e488pRwNT4gR95NlfKI2NY0pzAXl44eFSuf8J_ShpBiZO7lRrkL22vyvtvfhrxrpREbvVsdJ>
<8jYwy1hI_e488pRwNT4gR95NlfKI2NY0pzAXl44eFSuf8J_ShpBiZO7lRrkL22vyvtvfhrxrpREbvVsdJ>
<qpSOpIsjnUsDl3zZzJkvPjn6fDOd29QodEqfcw6OOGKWnG7Gh5Eq0r3q3jYFr>
<LjTyzkzTJS579GrVUEqaNU97pPSG4YgvhE76yfyiUu8ZovmvvlDV5VWdBwgA8nw0Csur4WubWN1ymmrghQA>
<oGUce_tBJQP0ZvjAbZHAK3WC36DtdPsA7E3R9N_BGqUqTVfNK6r>
<A2TQowhfGv0aQ4zhckUpcNwz1ZSo_lS_amzaTnYmPh6YEgB0RLaxybBczr92v3O3nuViCRfuzPcXXYezDLwMvv1>
<oGUce_tBJQP0ZvjAbZHAK3WC36DtdPsA7E3R9N_BGqUqTVfNK6r>
<E4NemJG6MCTHm9kFVgzJmGa2cXaPLfmJHW4zj2Azuok4YNjYNUxnr7UyGz2x9p>
<8jYwy1hI_e488pRwNT4gR95NlfKI2NY0pzAXl44eFSuf8J_ShpBiZO7lRrkL22vyvtvfhrxrpREbvVsdJ>
<E4NemJG6MCTHm9kFVgzJmGa2cXaPLfmJHW4zj2Azuok4YNjYNUxnr7UyGz2x9p>
<8jYwy1hI_e488pRwNT4gR95NlfKI2NY0pzAXl44eFSuf8J_ShpBiZO7lRrkL22vyvtvfhrxrpREbvVsdJ>
<K74MIunrhRYdgeXWGcJhYdFYYj_fncGuIXJ9hhugTjZY5h5>
<M6ny_penKMe9zOJFkFFHK1L3Ap5GgxqN5F57yntnWjmMvYLV05o9Q8jAkT0XHw5C46kPki7SODA0eE>
<cWMs4C6Zd1f2I38ZVEWnG49AwF9icT50_krCUI9rMzjcqrmZufxY_z03e5Eef3xaB3dne9aywWk9FNOj0LMloHM54uq>
<552P07V_8xgACXKyN4Oyp9cfY8vpuZkBr20elpWJJONwmuGxwEa22V_EUXz0doKbCsJFnYOQzPPOTk2f3ScRtOc9FQF>
<jmVsPtZuqQfl14ZIQW_tJaAXHEo0WeYuIgZVUfme6a36z1pJZs9T8MeBlkucHwxtQsY>
<dOx6LELFsYwOOfh_Iup0BNlpNzqtsFajOMCTqIQu2ho20l>
<8jYwy1hI_e488pRwNT4gR95NlfKI2NY0pzAXl44eFSuf8J_ShpBiZO7lRrkL22vyvtvfhrxrpREbvVsdJ>
<8EQYs1Ag4S26Aa2I8nEwSYnGi>
<8jYwy1hI_e488pRwNT4gR95NlfKI2NY0pzAXl44eFSuf8J_ShpBiZO7lRrkL22vyvtvfhrxrpREbvVsdJ>
<K74MIunrhRYdgeXWGcJhYdFYYj_fncGuIXJ9hhugTjZY5h5>
<E4NemJG6MCTHm9kFVgzJmGa2cXaPLfmJHW4zj2Azuok4YNjYNUxnr7UyGz2x9p>
<3fCf4YZYls2qtvTv5P9AnnoqlMBgT7QZThHgaNHu6jPQgbjeq_KtVlM2>
<8jYwy1hI_e488pRwNT4gR95NlfKI2NY0pzAXl44eFSuf8J_ShpBiZO7lRrkL22vyvtvfhrxrpREbvVsdJ>
<NuJDC9ckT4J273tsOp8Gl46w5_rth7ATEczCtaFBE0KQGDTiRgeBt1YAUbd>
<zgcNoAoFZTtfdp3ZGq3BUNcwUIs8BJCmOHR8zmJbXxVEK732QvndYRbZEsg07V>
<3fCf4YZYls2qtvTv5P9AnnoqlMBgT7QZThHgaNHu6jPQgbjeq_KtVlM2>
<hVV7YlCGiW>
<8jYwy1hI_e488pRwNT4gR95NlfKI2NY0pzAXl44eFSuf8J_ShpBiZO7lRrkL22vyvtvfhrxrpREbvVsdJ>
<8jYwy1hI_e488pRwNT4gR95NlfKI2NY0pzAXl44eFSuf8J_ShpBiZO7lRrkL22vyvtvfhrxrpREbvVsdJ>
<HsL0tksBooVGEtyqmyhJFQyV5xEnRCrJtHd2KEaKp5H9Hp_5D0>
<hVV7YlCGiW>
<f8ZHku2Hqce70BqdfwEukpQJen5dOYMkwt159MxjnpFqvbhPChOKf0VhXacACrbl2NV2LtLBl6U_QbUEp93nr9kfkcPta_fUsiB8>
<DlA4tP4>
<qYNv4yiE0WE>
<hl1hHEr98HcW57FbcEFfOCDgseVpfWsS2ESx04w3Y9Yn3fcrqBgZDhcVFSbJzvt_CHaeP>
<HsL0tksBooVGEtyqmyhJFQyV5xEnRCrJtHd2KEaKp5H9Hp_5D0>
<dOx6LELFsYwOOfh_Iup0BNlpNzqtsFajOMCTqIQu2ho20l>
<8jYwy1hI_e488pRwNT4gR95NlfKI2NY0pzAXl44eFSuf8J_ShpBiZO7lRrkL22vyvtvfhrxrpREbvVsdJ>
<E4NemJG6MCTHm9kFVgzJmGa2cXaPLfmJHW4zj2Azuok4YNjYNUxnr7UyGz2x9p>
<UsMN35NAfLEEXYYjOm5j3d8FI0vAjI3ZrNgtBT1Rjs7kKarI3ytE3gdhHXXuDFmNO9YF1L0oRderNwvsnk>
<f8ZHku2Hqce70BqdfwEukpQJen5dOYMkwt159MxjnpFqvbhPChOKf0VhXacACrbl2NV2LtLBl6U_QbUEp93nr9kfkcPta_fUsiB8>
<cWMs4C6Zd1f2I38ZVEWnG49AwF9icT50_krCUI9rMzjcqrmZufxY_z03e5Eef3xaB3dne9aywWk9FNOj0LMloHM54uq>
<hVV7YlCGiW>
<84ktf75zPhJuk3ggBFkFplCiWNQsspY1xNB8EfD7T0BmD>
<yTkNQ0Kn6bp55VVInyKa9x8xAz6PeUexpabfJSx96IEb8rqbs>
<K74MIunrhRYdgeXWGcJhYdFYYj_fncGuIXJ9hhugTjZY5h5>
<yTkNQ0Kn6bp55VVInyKa9x8xAz6PeUexpabfJSx96IEb8rqbs>
<gVzbIxUmbwhNan7X8AB31cVl_gdfPn2jVpfmhqWHq_LyEkDWXmaNA7iRTMWwmXNab0B_pck0yzzwOLqg1H8YVdB1FXzRDCPixMXb>
<E4NemJG6MCTHm9kFVgzJmGa2cXaPLfmJHW4zj2Azuok4YNjYNUxnr7UyGz2x9p>
<I7YZyjtFiKX5izWSXFztOnabeOXStd310xc7zIS2BSj4QaBMVur>
<3_e1j0eyev6RZfITrw0FFBVmd3KlW16GijJXiFzKQBQD_lWwM8QYrqJ6OXC6AuCEYFkaZ4r83avbOOG7ppB5vK0jc2BGozAV>
<5DoiXYr6DblOXmiyTpWh2NUm8LAd3XpRCgUeDybBS_dJlVUwdt>
<oGUce_tBJQP0ZvjAbZHAK3WC36DtdPsA7E3R9N_BGqUqTVfNK6r>
<iY8R69dBfKzWL8BnbGMiW8P5nG3LZK9Uz_uxeB3enAPB>
<4fe8fTxP3U9wJO2Z2ewQEFhm4vmYRUbVVefA0pvZH0zMIGHzl7xZqMXbFHvnhwstjIldmFyfb7Vr_HB2NGWsWZ>
<Ng4pt4xwSIhhOKGvvYchn93c7qGps2yC5YeM257h35fM_Eor2VxfABCZO1pO4>
<NuJDC9ckT4J273tsOp8Gl46w5_rth7ATEczCtaFBE0KQGDTiRgeBt1YAUbd>
<HsL0tksBooVGEtyqmyhJFQyV5xEnRCrJtHd2KEaKp5H9Hp_5D0>
<_2L1CC3B0y3WUUflBvnSXiFeIakf3ZK3ndJPVjgxQniqj7GZj4_IMk1QVYp>
<8jYwy1hI_e488pRwNT4gR95NlfKI2NY0pzAXl44eFSuf8J_ShpBiZO7lRrkL22vyvtvfhrxrpREbvVsdJ>
<7htUA>
<8jYwy1hI_e488pRwNT4gR95NlfKI2NY0pzAXl44eFSuf8J_ShpBiZO7lRrkL22vyvtvfhrxrpREbvVsdJ>
<8jYwy1hI_e488pRwNT4gR95NlfKI2NY0pzAXl44eFSuf8J_ShpBiZO7lRrkL22vyvtvfhrxrpREbvVsdJ>
<5DoiXYr6DblOXmiyTpWh2NUm8LAd3XpRCgUeDybBS_dJlVUwdt>
<rfog1SlVwIZlhzjZOwgRJ22Tx5PQ>
<Yl3GZ>
<DlA4tP4>
<hl1hHEr98HcW57FbcEFfOCDgseVpfWsS2ESx04w3Y9Yn3fcrqBgZDhcVFSbJzvt_CHaeP>
<oGUce_tBJQP0ZvjAbZHAK3WC36DtdPsA7E3R9N_BGqUqTVfNK6r>
<M6ny_penKMe9zOJFkFFHK1L3Ap5GgxqN5F57yntnWjmMvYLV05o9Q8jAkT0XHw5C46kPki7SODA0eE>
<HsL0tksBooVGEtyqmyhJFQyV5xEnRCrJtHd2KEaKp5H9Hp_5D0>
<zyqGEWwCI9G9JkIFMsTRkJIlEbFZoxZCB4sYfdDBJecfBjXm>
<cWMs4C6Zd1f2I38ZVEWnG49AwF9icT50_krCUI9rMzjcqrmZufxY_z03e5Eef3xaB3dne9aywWk9FNOj0LMloHM54uq>
<E4NemJG6MCTHm9kFVgzJmGa2cXaPLfmJHW4zj2Azuok4YNjYNUxnr7UyGz2x9p>
<E4NemJG6MCTHm9kFVgzJmGa2cXaPLfmJHW4zj2Azuok4YNjYNUxnr7UyGz2x9p>
<ClYOABCGxDuhfjPLMUV4ftPDLR_gt0OrD3HNSDX>
<zXuaPu1bWQS2tb2NuvJJFut0ZN2RTjczOD9Es4yoyY6ynfXBS0VEpLuGmQAGtAD>
<E4NemJG6MCTHm9kFVgzJmGa2cXaPLfmJHW4zj2Azuok4YNjYNUxnr7UyGz2x9p>
<i71yBL8xHGbI88bDEdwkmW>
<E4NemJG6MCTHm9kFVgzJmGa2cXaPLfmJHW4zj2Azuok4YNjYNUxnr7UyGz2x9p>
<E4NemJG6MCTHm9kFVgzJmGa2cXaPLfmJHW4zj2Azuok4YNjYNUxnr7UyGz2x9p>
<UsMN35NAfLEEXYYjOm5j3d8FI0vAjI3ZrNgtBT1Rjs7kKarI3ytE3gdhHXXuDFmNO9YF1L0oRderNwvsnk>
<FlTiHQXXX3W5CjBYEGtFl3vrkCbh05SF0Pn9yM7H4mFt8>
<dPd7Uz5K7ORt3uK31rK_Jlw1Sl1kVOMng5vSJKp8TusrcKfmMDH3eSeylsy5SmB_R0OJyOGdq>
<E4NemJG6MCTHm9kFVgzJmGa2cXaPLfmJHW4zj2Azuok4YNjYNUxnr7UyGz2x9p>
<y6A4GUKqse_WM3vKJsLnyhntnyFHAI_7>
<TZ2biXlTLMpYXcp15L4AFBXIt51uPkFVr_DFVpLn8JyqaNCR_Azvm99RG9Y43hQowMN7qYdK4JzCFhJbCLm3fpDzRm>
<NuJDC9ckT4J273tsOp8Gl46w5_rth7ATEczCtaFBE0KQGDTiRgeBt1YAUbd>
<hB0WPaB48YbN6HOVoRBe>
<8jYwy1hI_e488pRwNT4gR95NlfKI2NY0pzAXl44eFSuf8J_ShpBiZO7lRrkL22vyvtvfhrxrpREbvVsdJ>
<zgcNoAoFZTtfdp3ZGq3BUNcwUIs8BJCmOHR8zmJbXxVEK732QvndYRbZEsg07V>
<nCFax1BItoJgD3GUkDZgdKOqWGijQO5xYdOk2T>
<E4NemJG6MCTHm9kFVgzJmGa2cXaPLfmJHW4zj2Azuok4YNjYNUxnr7UyGz2x9p>
<UsMN35NAfLEEXYYjOm5j3d8FI0vAjI3ZrNgtBT1Rjs7kKarI3ytE3gdhHXXuDFmNO9YF1L0oRderNwvsnk>
<E4NemJG6MCTHm9kFVgzJmGa2cXaPLfmJHW4zj2Azuok4YNjYNUxnr7UyGz2x9p>
<l6e93O6y193otmpaO8IZwIBEeLgz3ylC4DgCtf12vLShqmYF6pO>
<BuWVXYuTF3kt7Y6WE6kGpNXsFJh8G5AMXAciqovj6vmFFq5lT>
<84ktf75zPhJuk3ggBFkFplCiWNQsspY1xNB8EfD7T0BmD>
<Zu8RO_steah_NA8IYvLCfxUIG8tWK1CFvb2C>
<I7YZyjtFiKX5izWSXFztOnabeOXStd310xc7zIS2BSj4QaBMVur>
<hl1hHEr98HcW57FbcEFfOCDgseVpfWsS2ESx04w3Y9Yn3fcrqBgZDhcVFSbJzvt_CHaeP>
<hl1hHEr98HcW57FbcEFfOCDgseVpfWsS2ESx04w3Y9Yn3fcrqBgZDhcVFSbJzvt_CHaeP>
<zcAqvFv5bbzrpwpyGjA_F8cK37LzoYnokeyn2YpvtyIx7oC2OcOcPKsvNLcs>
<xuXTzSso8MOOFQvVvCKxesLDRVLqAJYWOEFTKsiQiOn5XobYXiI>
<UsMN35NAfLEEXYYjOm5j3d8FI0vAjI3ZrNgtBT1Rjs7kKarI3ytE3gdhHXXuDFmNO9YF1L0oRderNwvsnk>
<DlA4tP4>
<KDwe4zUslU0IypRGR7b3e1QJ1>
<LezD4Mvxm>
<l1XyNe44yNoo16vLLKzXPp8lZ8RLdFk6DZjyO1PG4ONMxJkwVY3K_Uj9y_Jx0WOx5imxxUcOXP3m_nrR457gV>
<hVV7YlCGiW>
<gDQQn5>
<cgEiSixC3COPT87zk2Ar>
<HsL0tksBooVGEtyqmyhJFQyV5xEnRCrJtHd2KEaKp5H9Hp_5D0>
<E4NemJG6MCTHm9kFVgzJmGa2cXaPLfmJHW4zj2Azuok4YNjYNUxnr7UyGz2x9p>
<f8ZHku2Hqce70BqdfwEukpQJen5dOYMkwt159MxjnpFqvbhPChOKf0VhXacACrbl2NV2LtLBl6U_QbUEp93nr9kfkcPta_fUsiB8>
<8jYwy1hI_e488pRwNT4gR95NlfKI2NY0pzAXl44eFSuf8J_ShpBiZO7lRrkL22vyvtvfhrxrpREbvVsdJ>
<zXuaPu1bWQS2tb2NuvJJFut0ZN2RTjczOD9Es4yoyY6ynfXBS0VEpLuGmQAGtAD>
<E4NemJG6MCTHm9kFVgzJmGa2cXaPLfmJHW4zj2Azuok4YNjYNUxnr7UyGz2x9p>
<oGUce_tBJQP0ZvjAbZHAK3WC36DtdPsA7E3R9N_BGqUqTVfNK6r>
<qpSOpIsjnUsDl3zZzJkvPjn6fDOd29QodEqfcw6OOGKWnG7Gh5Eq0r3q3jYFr>
<DmIzEareCiO8mzw8eMtLS5qTSGTuV_sfMcKHhSf3A52dwRNoxkaGDoyeirmua1tTtdC8Ax922Jx46GMu>
<zgcNoAoFZTtfdp3ZGq3BUNcwUIs8BJCmOHR8zmJbXxVEK732QvndYRbZEsg07V>
<iY8R69dBfKzWL8BnbGMiW8P5nG3LZK9Uz_uxeB3enAPB>
<iXIpcUQp9RUyYNLlqG40G6iuyOvZ1qEE5PZJBQAvIaANmzHul3JI0fEvkvl1hAbM_Svx1Z7634XCuA6H>
<kvUW7qezKxy_WOKfXAraJ>
<K74MIunrhRYdgeXWGcJhYdFYYj_fncGuIXJ9hhugTjZY5h5>
<rfog1SlVwIZlhzjZOwgRJ22Tx5PQ>
<KDwe4zUslU0IypRGR7b3e1QJ1>
<E4NemJG6MCTHm9kFVgzJmGa2cXaPLfmJHW4zj2Azuok4YNjYNUxnr7UyGz2x9p>
<E4NemJG6MCTHm9kFVgzJmGa2cXaPLfmJHW4zj2Azuok4YNjYNUxnr7UyGz2x9p>
<UsMN35NAfLEEXYYjOm5j3d8FI0vAjI3ZrNgtBT1Rjs7kKarI3ytE3gdhHXXuDFmNO9YF1L0oRderNwvsnk>
<cMNWqqqTk18mCez4g7x9Rkokc7GRUnIJT3A19kWPJ48sf_HJB0ELdGqmQGefy9FLsZBeUF>
<ttj7knzoxkD9QR9UYxW9ksiDywgXupYUae9aKLYONmkfZXII9f2aglM_ctVS8NXlf>
<PZtTueHX2NeGU7gcrGEbDBImS01u>
<u3l7va5PBjh1jm3Dbbv7s276E_88j_XW86IM6AkV0x_fno8xzbS9VvTp6p5_TfJHKPM4LMP5jL9uMD4Z9Non>
<xLlWpQWulmw97KeZ8J5jrf154qD>
<NnwsqQP58cvefFfXOC8E1AREp8yGDVlmzalVQlDQU1rVX6EYlGRZWqDIEc8NxnWpSbqCaaX9UW7JIC8wiTDu9t9>
<ZMXkvcGUQniD6lRejZc_3x7BZUqJwIhbe0juvDXRwIhJghJucTCrWjgto8meAadTEKXXQ66OKpIuXbxVXfjzdSvH2x6xB>
<LQiJy4o_vqD8yDWBTafIdicU>
<NAT8Fgf_Gh7RtEGU_LvfiKbWSE4xC0W0AatZCYoyk5MjfO_e4EkuQCoRTUspIECnMxKp2H104OHe0qrsy0wK5BUZtFIBC5_>
<NAT8Fgf_Gh7RtEGU_LvfiKbWSE4xC0W0AatZCYoyk5MjfO_e4EkuQCoRTUspIECnMxKp2H104OHe0qrsy0wK5BUZtFIBC5_>
<DG9lxLp1i6ZVoSYTlMs2nRN18WHTdOyDJXtJC6cA8hqFhOyHQ8ilwjAxJxX1cMUHYRI4eWCz>
<Yl3GZ>
<E4NemJG6MCTHm9kFVgzJmGa2cXaPLfmJHW4zj2Azuok4YNjYNUxnr7UyGz2x9p>
<oDmLFYWzVwmBOHhCN4GMXNGzw1V_lg5GIYtRmKf23ycBz31GX6NH4zLRJDFgDT3omLlaVhH>
<NAT8Fgf_Gh7RtEGU_LvfiKbWSE4xC0W0AatZCYoyk5MjfO_e4EkuQCoRTUspIECnMxKp2H104OHe0qrsy0wK5BUZtFIBC5_>
<_i3SA5dM714MY2X0kaJUqh4V>
<q8Uk8Lq1Jfzo3vKbDYi4q94wFCkR_6mj91fGTL9_bGzF2nSEXretDqW8SJ1FDLtjZM8g0OJe>
<K74MIunrhRYdgeXWGcJhYdFYYj_fncGuIXJ9hhugTjZY5h5>
<zgcNoAoFZTtfdp3ZGq3BUNcwUIs8BJCmOHR8zmJbXxVEK732QvndYRbZEsg07V>
<2sBCwxb5bDAU1NMwELkbNwYEjAvjq6x0gDzc8o0HvzFgM_dYnq>
<E4NemJG6MCTHm9kFVgzJmGa2cXaPLfmJHW4zj2Azuok4YNjYNUxnr7UyGz2x9p>
<1pwdrM77DAYBwNPJ2v4qKKjhqY65oGq_9HNPPPF8sC7lOcYpNc4CoFwboPQlu9QHXRzoTef0sDUKmorcgAWw6WXcsoZLR8uh>
<ttj7knzoxkD9QR9UYxW9ksiDywgXupYUae9aKLYONmkfZXII9f2aglM_ctVS8NXlf>
<E4NemJG6MCTHm9kFVgzJmGa2cXaPLfmJHW4zj2Azuok4YNjYNUxnr7UyGz2x9p>
<zgcNoAoFZTtfdp3ZGq3BUNcwUIs8BJCmOHR8zmJbXxVEK732QvndYRbZEsg07V>
<qpSOpIsjnUsDl3zZzJkvPjn6fDOd29QodEqfcw6OOGKWnG7Gh5Eq0r3q3jYFr>
<HqtLuJiL47wP8Jxe9ngPfjOe6FTQbvcLuEXH70rXuVa4RpoUy1Kpklke8Or1bV4zxPr2FNT>
<skr9KoWvXMYRGFupAZ7kJEapbDhjGkVjCEzE4gM1bGho6mO2jmwMAAoIblaJgMAkcl>
<KWUdmsSix4qfXCurzaUUz2cROS8SkAUsuM_T5lXC9aa3RT1mewWQfQKBm1DUxfJdBAh596BiU5jRqadIDwfUO5vS9GpbvcpZIO7>
<f8ZHku2Hqce70BqdfwEukpQJen5dOYMkwt159MxjnpFqvbhPChOKf0VhXacACrbl2NV2LtLBl6U_QbUEp93nr9kfkcPta_fUsiB8>
<HEZUqwQYTYDdn0N4_FrU0ckUPx0G52cgyKPJC4QDd28PU8b2HDlr3YVJt7HAAiWKaoQkE9gygUXBJ_X91Yl1LHoYmrDa_f>
<E4NemJG6MCTHm9kFVgzJmGa2cXaPLfmJHW4zj2Azuok4YNjYNUxnr7UyGz2x9p>
<1syXy0gqbtBkJY_N8PDOnH6dvsN>
<rfog1SlVwIZlhzjZOwgRJ22Tx5PQ>
<6GQjZq2pA7eORsvt0d3h1UtbGMATh9E0yy>
<oGUce_tBJQP0ZvjAbZHAK3WC36DtdPsA7E3R9N_BGqUqTVfNK6r>
<E4NemJG6MCTHm9kFVgzJmGa2cXaPLfmJHW4zj2Azuok4YNjYNUxnr7UyGz2x9p>
<hB0WPaB48YbN6HOVoRBe>
<84ktf75zPhJuk3ggBFkFplCiWNQsspY1xNB8EfD7T0BmD>
<KWUdmsSix4qfXCurzaUUz2cROS8SkAUsuM_T5lXC9aa3RT1mewWQfQKBm1DUxfJdBAh596BiU5jRqadIDwfUO5vS9GpbvcpZIO7>
<E4NemJG6MCTHm9kFVgzJmGa2cXaPLfmJHW4zj2Azuok4YNjYNUxnr7UyGz2x9p>
<D7TYXek9Vh_5l0HtPpQ118i0lx3q_6yE0dDTYvHOXK00TlBq5mEvSxKdRucqDDSraFiQpBVPP6eZ9giOhUw3mN>
<E4NemJG6MCTHm9kFVgzJmGa2cXaPLfmJHW4zj2Azuok4YNjYNUxnr7UyGz2x9p>
<hVV7YlCGiW>
<yTkNQ0Kn6bp55VVInyKa9x8xAz6PeUexpabfJSx96IEb8rqbs>
<E4NemJG6MCTHm9kFVgzJmGa2cXaPLfmJHW4zj2Azuok4YNjYNUxnr7UyGz2x9p>
<zyqGEWwCI9G9JkIFMsTRkJIlEbFZoxZCB4sYfdDBJecfBjXm>
<TX4es6FlzT22GwPhCnZtTGmXFHbAjIkCnDTyVkK_D0WteyZGzYm93eUgVKX4>
<8EQYs1Ag4S26Aa2I8nEwSYnGi>
<UkzrzgePkY6CoZhzuO>
<UierFpCrNS5M>
<1wXgIK>
<xFa8i7U9SZ_0yhqp3O4giiEsXzF_GBqtJe9j6aSEWd4>
<COaGxbjuznbFAUqIjoc3a6hmZtmMMNXTza7Ad08Kd10TSxU0xwbSjwjYC9CBCoZhKPrlre>
<UoYM8qbfXlB3lVpgLt0UJASwUQhiDzYyAnnOOYDr30X_ecnyaONE>
<3fCf4YZYls2qtvTv5P9AnnoqlMBgT7QZThHgaNHu6jPQgbjeq_KtVlM2>
<K74MIunrhRYdgeXWGcJhYdFYYj_fncGuIXJ9hhugTjZY5h5>
<NAT8Fgf_Gh7RtEGU_LvfiKbWSE4xC0W0AatZCYoyk5MjfO_e4EkuQCoRTUspIECnMxKp2H104OHe0qrsy0wK5BUZtFIBC5_>
<UsMN35NAfLEEXYYjOm5j3d8FI0vAjI3ZrNgtBT1Rjs7kKarI3ytE3gdhHXXuDFmNO9YF1L0oRderNwvsnk>
<jmVsPtZuqQfl14ZIQW_tJaAXHEo0WeYuIgZVUfme6a36z1pJZs9T8MeBlkucHwxtQsY>
<3_e1j0eyev6RZfITrw0FFBVmd3KlW16GijJXiFzKQBQD_lWwM8QYrqJ6OXC6AuCEYFkaZ4r83avbOOG7ppB5vK0jc2BGozAV>
<u3l7va5PBjh1jm3Dbbv7s276E_88j_XW86IM6AkV0x_fno8xzbS9VvTp6p5_TfJHKPM4LMP5jL9uMD4Z9Non>
<m0AWgfeVrcQTE0PaBwX7AmBnYL00DCl4>
<DlA4tP4>
<cMNWqqqTk18mCez4g7x9Rkokc7GRUnIJT3A19kWPJ48sf_HJB0ELdGqmQGefy9FLsZBeUF>
<gdR4QmOmecfqfYC0f1QJgS3XjKvEi>
<DlA4tP4>
<dGvxVtsq_4VGtWndK0mEGeZXG1C>
<gP_V5YTDILVdxlYc7WKOPxD6VwbwSMSkT1GEt9luEnrzomqfuPjni5Xb0wYx1TRjvJ4EEiqHnjDIaFof>
<TX4es6FlzT22GwPhCnZtTGmXFHbAjIkCnDTyVkK_D0WteyZGzYm93eUgVKX4>
<NAT8Fgf_Gh7RtEGU_LvfiKbWSE4xC0W0AatZCYoyk5MjfO_e4EkuQCoRTUspIECnMxKp2H104OHe0qrsy0wK5BUZtFIBC5_>
<UsMN35NAfLEEXYYjOm5j3d8FI0vAjI3ZrNgtBT1Rjs7kKarI3ytE3gdhHXXuDFmNO9YF1L0oRderNwvsnk>
<E4NemJG6MCTHm9kFVgzJmGa2cXaPLfmJHW4zj2Azuok4YNjYNUxnr7UyGz2x9p>
<lYpSYJyzVvKQv8mBxZMpY5Epy8t_kEtQa8xcFdy9sCkujffZrtpD2wKBlmEYcKI43fPW_94lJcIfFQ3M6sdHUuOE8F>
<8NpcdEZS>
<zgcNoAoFZTtfdp3ZGq3BUNcwUIs8BJCmOHR8zmJbXxVEK732QvndYRbZEsg07V>
<UsMN35NAfLEEXYYjOm5j3d8FI0vAjI3ZrNgtBT1Rjs7kKarI3ytE3gdhHXXuDFmNO9YF1L0oRderNwvsnk>
<3fCf4YZYls2qtvTv5P9AnnoqlMBgT7QZThHgaNHu6jPQgbjeq_KtVlM2>
<7_1rF_7Ei7R_klDroV7e1kDzFCorjCmcEXxjtWw2ORKdfX6m9zjterVFgSuV2Ckj64ALGmBOv>
<8jYwy1hI_e488pRwNT4gR95NlfKI2NY0pzAXl44eFSuf8J_ShpBiZO7lRrkL22vyvtvfhrxrpREbvVsdJ>
<f0U5xCY7ESU9ARiSkN4CGtJfMaB76myKTh3U6TZQijURvRwzhGHunZcaYVrURkB31BzGl2b6KDikELoAZNkuIEdm55dbAls8VhT>
<oGUce_tBJQP0ZvjAbZHAK3WC36DtdPsA7E3R9N_BGqUqTVfNK6r>
<E4NemJG6MCTHm9kFVgzJmGa2cXaPLfmJHW4zj2Azuok4YNjYNUxnr7UyGz2x9p>
<aBJadtk0L7ZVmLZeNYXGeLrMcB1UVTbI33U4acFe6ofQS31EOwUcLFA87paw>
<f8ZHku2Hqce70BqdfwEukpQJen5dOYMkwt159MxjnpFqvbhPChOKf0VhXacACrbl2NV2LtLBl6U_QbUEp93nr9kfkcPta_fUsiB8>
<NuJDC9ckT4J273tsOp8Gl46w5_rth7ATEczCtaFBE0KQGDTiRgeBt1YAUbd>
<cWMs4C6Zd1f2I38ZVEWnG49AwF9icT50_krCUI9rMzjcqrmZufxY_z03e5Eef3xaB3dne9aywWk9FNOj0LMloHM54uq>
<DG9lxLp1i6ZVoSYTlMs2nRN18WHTdOyDJXtJC6cA8hqFhOyHQ8ilwjAxJxX1cMUHYRI4eWCz>
<7_1rF_7Ei7R_klDroV7e1kDzFCorjCmcEXxjtWw2ORKdfX6m9zjterVFgSuV2Ckj64ALGmBOv>
<zowqiO7Djp2M1qdVUPESRbPF7sImcx1KXtlGJ6Lfllg9NMSwdfYdZOoZzmfeygmUwCas9SFqME0DfD2iUvrnH5xiDN>
<DlA4tP4>
<qYNv4yiE0WE>
<IccbKWXEBy2gjGPsXZdwlNPImR1WCEatlXE_lVBhr8o7rqVEb86>
<552P07V_8xgACXKyN4Oyp9cfY8vpuZkBr20elpWJJONwmuGxwEa22V_EUXz0doKbCsJFnYOQzPPOTk2f3ScRtOc9FQF>
<f8ZHku2Hqce70BqdfwEukpQJen5dOYMkwt159MxjnpFqvbhPChOKf0VhXacACrbl2NV2LtLBl6U_QbUEp93nr9kfkcPta_fUsiB8>
<y5Tt7rqfXRSegZX5pzIKPJ8t22dHu>
<f8ZHku2Hqce70BqdfwEukpQJen5dOYMkwt159MxjnpFqvbhPChOKf0VhXacACrbl2NV2LtLBl6U_QbUEp93nr9kfkcPta_fUsiB8>
<ZBcbeEeBPKEhQtegAZCoAZCziFMC6p1Y62FUt4KR2S5tA1FyZE_MTKxSYGzAa>
<kPLtcnu8ZU5NPrHOIXT9fw2WB94bU0hwQQn_pPL7XdVXUAWyK9E0TfK>
<l4iwH5Or8tHv4TlNN4pSvp3OYjDEAgcYfF8h_FXuF94BLrXQyEUSen>
<aHGwDJjW6fEmgfYg5Wc>
<BuWVXYuTF3kt7Y6WE6kGpNXsFJh8G5AMXAciqovj6vmFFq5lT>
<yTkNQ0Kn6bp55VVInyKa9x8xAz6PeUexpabfJSx96IEb8rqbs>
<hl1hHEr98HcW57FbcEFfOCDgseVpfWsS2ESx04w3Y9Yn3fcrqBgZDhcVFSbJzvt_CHaeP>
<lwJEmjrRVNeBhsr6_rUEZ0sA8vm_GODlo1XmlpEO63MGv9D9rskk8NuyqCxJMAxGydd>
<NnwsqQP58cvefFfXOC8E1AREp8yGDVlmzalVQlDQU1rVX6EYlGRZWqDIEc8NxnWpSbqCaaX9UW7JIC8wiTDu9t9>
<J1MegatJYUHyoSFPoT4uyX3Wwk>
<oGUce_tBJQP0ZvjAbZHAK3WC36DtdPsA7E3R9N_BGqUqTVfNK6r>
<zXuaPu1bWQS2tb2NuvJJFut0ZN2RTjczOD9Es4yoyY6ynfXBS0VEpLuGmQAGtAD>
<8jYwy1hI_e488pRwNT4gR95NlfKI2NY0pzAXl44eFSuf8J_ShpBiZO7lRrkL22vyvtvfhrxrpREbvVsdJ>
<5DoiXYr6DblOXmiyTpWh2NUm8LAd3XpRCgUeDybBS_dJlVUwdt>
<zgcNoAoFZTtfdp3ZGq3BUNcwUIs8BJCmOHR8zmJbXxVEK732QvndYRbZEsg07V>
<uqQ3euWtNRc0TqUNzBFIfQ9YNnLGD2fQWQVVimOFg9bmUGz8TKRiYJFbnIvzdhDW>
<dwECPgmp0IGxqK4tVc6k0kV3uyt9ewRdhhOAxIQ7jywhkzF8LPspnf7TPpVe7N37ZfZ5xJf2GdGlgbv5D177bYvu17ul98aSO>
<3fCf4YZYls2qtvTv5P9AnnoqlMBgT7QZThHgaNHu6jPQgbjeq_KtVlM2>
<pzKDgRfZDLC90rVl9CuFGa86gir7G0hzqcLqVCCFOU869VVWtr34p0pWNyaTlVn15g_9_wNDwsWBNfhgY>
<ZZUNN3ZRPM8ZPlybpIzkPmFwuZk17e0f25>
<UsMN35NAfLEEXYYjOm5j3d8FI0vAjI3ZrNgtBT1Rjs7kKarI3ytE3gdhHXXuDFmNO9YF1L0oRderNwvsnk>
<s93ZezYZ>
<uq2Zz1qH6VD9oiwhWVd5UmgfTo0m9vzhfXXUTxymsWFmjKgBLRUpmj5ISIFezQdOy_lVlvqMBc_rnOf9R9axXyxi>
<Ng4pt4xwSIhhOKGvvYchn93c7qGps2yC5YeM257h35fM_Eor2VxfABCZO1pO4>
<2sBCwxb5bDAU1NMwELkbNwYEjAvjq6x0gDzc8o0HvzFgM_dYnq>
<zgcNoAoFZTtfdp3ZGq3BUNcwUIs8BJCmOHR8zmJbXxVEK732QvndYRbZEsg07V>
<_i3SA5dM714MY2X0kaJUqh4V>
<y6A4GUKqse_WM3vKJsLnyhntnyFHAI_7>
<8jYwy1hI_e488pRwNT4gR95NlfKI2NY0pzAXl44eFSuf8J_ShpBiZO7lRrkL22vyvtvfhrxrpREbvVsdJ>
<9PKV2Ii0hxf6MPbDQU8j_ft7O4orJZN1E0MfVs99KDX8BI6av2HMcrjbH54FXUDnOogrhbtbEybTrRqAsypNR>
<Y6BjnLYnKLcqo5>
<E4NemJG6MCTHm9kFVgzJmGa2cXaPLfmJHW4zj2Azuok4YNjYNUxnr7UyGz2x9p>
<8EQYs1Ag4S26Aa2I8nEwSYnGi>
<8jYwy1hI_e488pRwNT4gR95NlfKI2NY0pzAXl44eFSuf8J_ShpBiZO7lRrkL22vyvtvfhrxrpREbvVsdJ>
<KDwe4zUslU0IypRGR7b3e1QJ1>
<Lhck_v60zFKUMJkbEPhPRdXXytrXD4Dxe_OhDeCYZLXr52mksxsmHQqOnuYDXX1dS6ZOP>
<oGUce_tBJQP0ZvjAbZHAK3WC36DtdPsA7E3R9N_BGqUqTVfNK6r>
<6GQjZq2pA7eORsvt0d3h1UtbGMATh9E0yy>
<uGpcSHrRbhZsUOmjB6Ty9FNwO>
<hVV7YlCGiW>
<f8ZHku2Hqce70BqdfwEukpQJen5dOYMkwt159MxjnpFqvbhPChOKf0VhXacACrbl2NV2LtLBl6U_QbUEp93nr9kfkcPta_fUsiB8>
<RvqMHIVcTHFexs59aOevKDzt9UPGSL>
<oGUce_tBJQP0ZvjAbZHAK3WC36DtdPsA7E3R9N_BGqUqTVfNK6r>
<8jYwy1hI_e488pRwNT4gR95NlfKI2NY0pzAXl44eFSuf8J_ShpBiZO7lRrkL22vyvtvfhrxrpREbvVsdJ>
<E4NemJG6MCTHm9kFVgzJmGa2cXaPLfmJHW4zj2Azuok4YNjYNUxnr7UyGz2x9p>
<3_e1j0eyev6RZfITrw0FFBVmd3KlW16GijJXiFzKQBQD_lWwM8QYrqJ6OXC6AuCEYFkaZ4r83avbOOG7ppB5vK0jc2BGozAV>
<cWMs4C6Zd1f2I38ZVEWnG49AwF9icT50_krCUI9rMzjcqrmZufxY_z03e5Eef3xaB3dne9aywWk9FNOj0LMloHM54uq>
<dPd7Uz5K7ORt3uK31rK_Jlw1Sl1kVOMng5vSJKp8TusrcKfmMDH3eSeylsy5SmB_R0OJyOGdq>
<xZjInRONpfw2lGBudY84iiQVsWPe5PDp6u5nmoGYh1kvDTzX>
<hB0WPaB48YbN6HOVoRBe>
<UsMN35NAfLEEXYYjOm5j3d8FI0vAjI3ZrNgtBT1Rjs7kKarI3ytE3gdhHXXuDFmNO9YF1L0oRderNwvsnk>
<BuWVXYuTF3kt7Y6WE6kGpNXsFJh8G5AMXAciqovj6vmFFq5lT>
<UsMN35NAfLEEXYYjOm5j3d8FI0vAjI3ZrNgtBT1Rjs7kKarI3ytE3gdhHXXuDFmNO9YF1L0oRderNwvsnk>
<K_GeWa4OktES57moizQDloc7cSgcbg56YRFVTQGYpmGMYD87qGe8MUB1hyhxcj_5amL9sJtgCQn>
<HsL0tksBooVGEtyqmyhJFQyV5xEnRCrJtHd2KEaKp5H9Hp_5D0>
<q7bvweAwczLRvV_1rOQ1nVpV4AlEnhWpWs0aTRQcoLbPzoerfXZ73ja_LLcLHoNccUD6tX1rZXpxkuvvPQUJI>
<vllkUrlKz7pG0ulHt2tN_86rQmmlIrsWtzK2bqQMkXN7uVmKLwluT5f47SfgQmaDpJRx2rfhri_DSc9kCrmJpNUPN87G>
<t3bSrfBilwj2scVbpwB6JFCPhi3As85GV9qIQphgD_uYzrkw8WDYPesfH_CX_dwGiTQX0eH5uY2r2iks_mXjU0Gd>
<gAfTM7DfxcsyZBzOZuOpMUvNYO5KVKYFGbCVx5k_GZ>
<gdR4QmOmecfqfYC0f1QJgS3XjKvEi>
<UsMN35NAfLEEXYYjOm5j3d8FI0vAjI3ZrNgtBT1Rjs7kKarI3ytE3gdhHXXuDFmNO9YF1L0oRderNwvsnk>
<5DoiXYr6DblOXmiyTpWh2NUm8LAd3XpRCgUeDybBS_dJlVUwdt>
<hVV7YlCGiW>
<E4NemJG6MCTHm9kFVgzJmGa2cXaPLfmJHW4zj2Azuok4YNjYNUxnr7UyGz2x9p>
<KDwe4zUslU0IypRGR7b3e1QJ1>
<8jYwy1hI_e488pRwNT4gR95NlfKI2NY0pzAXl44eFSuf8J_ShpBiZO7lRrkL22vyvtvfhrxrpREbvVsdJ>
<LjTyzkzTJS579GrVUEqaNU97pPSG4YgvhE76yfyiUu8ZovmvvlDV5VWdBwgA8nw0Csur4WubWN1ymmrghQA>
<s93ZezYZ>
<n90ioXH>
<dPd7Uz5K7ORt3uK31rK_Jlw1Sl1kVOMng5vSJKp8TusrcKfmMDH3eSeylsy5SmB_R0OJyOGdq>
<NAT8Fgf_Gh7RtEGU_LvfiKbWSE4xC0W0AatZCYoyk5MjfO_e4EkuQCoRTUspIECnMxKp2H104OHe0qrsy0wK5BUZtFIBC5_>
<E4NemJG6MCTHm9kFVgzJmGa2cXaPLfmJHW4zj2Azuok4YNjYNUxnr7UyGz2x9p>
<ac1A_7dDCgYu6qRBDTRQco8Be9qkAznX10f0CUm3QtfP9RiFJP9bp0KPA9lkSfHj2i9qlYcCa9ZMJylzWjhISvTRVKM4i4pyhX>
<NuJDC9ckT4J273tsOp8Gl46w5_rth7ATEczCtaFBE0KQGDTiRgeBt1YAUbd>
<xcI040NlQdrX63CXTWtKxR8gy9gjcHeizzPfwktlKn0FlEnvsSsCFzsaTBNHpD3ZkVNGof2m80JA7EC902ZeS1Xf469N>
<3PTWHSyyRTGIJsqJrzhd1L0TZkr_N0cLRyDOJ1Kc08MC_Gm7PEzfVGGgmmrfwG3sBctDeFaa8C5dZ>
<1VL2rtuIuHxr5>
<vimFa219YCxxGyflk_FtCSGHMJzjcZtLPRmDQW8FkRa1Awzlxb1M_G3aG79xGSuc7U6YRIHNQbQkN>
<8jYwy1hI_e488pRwNT4gR95NlfKI2NY0pzAXl44eFSuf8J_ShpBiZO7lRrkL22vyvtvfhrxrpREbvVsdJ>
<3ImQ9>
<8jYwy1hI_e488pRwNT4gR95NlfKI2NY0pzAXl44eFSuf8J_ShpBiZO7lRrkL22vyvtvfhrxrpREbvVsdJ>
<oGUce_tBJQP0ZvjAbZHAK3WC36DtdPsA7E3R9N_BGqUqTVfNK6r>
<gVzbIxUmbwhNan7X8AB31cVl_gdfPn2jVpfmhqWHq_LyEkDWXmaNA7iRTMWwmXNab0B_pck0yzzwOLqg1H8YVdB1FXzRDCPixMXb>
<9bnSe_Ewm72jglhvLznjBmQbdOPT7wEe93hOy>
<IccbKWXEBy2gjGPsXZdwlNPImR1WCEatlXE_lVBhr8o7rqVEb86>
<zyiQcMIsDHbJTl0St0Q2f9xgm2mywHhnwNccYl9Dtmmbu9URCtFPgszBkAOTeJv226VjpM98qRJWOi1>
<cJ6oxYT6oSsPuObgAe1ZMoNeAOdKIkYqvtx1KKQ4MoeYM8_GwzuidmlG6yIn9X0>
<KDwe4zUslU0IypRGR7b3e1QJ1>
<4WRBV9s0eTgsn6u2UigS59wVrWkwwP_1bb31xmgRuPZEVRCO4kC20Xrgd0yqD>
<KWUdmsSix4qfXCurzaUUz2cROS8SkAUsuM_T5lXC9aa3RT1mewWQfQKBm1DUxfJdBAh596BiU5jRqadIDwfUO5vS9GpbvcpZIO7>
<LuESMCAyMl5CaEtt_WTcE25fUV8EYTc62gpposdKgkkrXuwC1Bg9WGuowqR9AmJyxXYVAqwKVMnYTBrsl>
<Ng4pt4xwSIhhOKGvvYchn93c7qGps2yC5YeM257h35fM_Eor2VxfABCZO1pO4>
<7GIiaeOurPYAQjoDeSnFoAb>
<l4iwH5Or8tHv4TlNN4pSvp3OYjDEAgcYfF8h_FXuF94BLrXQyEUSen>
<qYNv4yiE0WE>
<skr9KoWvXMYRGFupAZ7kJEapbDhjGkVjCEzE4gM1bGho6mO2jmwMAAoIblaJgMAkcl>
<hB0WPaB48YbN6HOVoRBe>
<E4NemJG6MCTHm9kFVgzJmGa2cXaPLfmJHW4zj2Azuok4YNjYNUxnr7UyGz2x9p>
<Ns3AYWAaHz6cZLBK5rOubARE5AZeyCY4g>
<A2TQowhfGv0aQ4zhckUpcNwz1ZSo_lS_amzaTnYmPh6YEgB0RLaxybBczr92v3O3nuViCRfuzPcXXYezDLwMvv1>
<sqpscgfw9B>
<q8Uk8Lq1Jfzo3vKbDYi4q94wFCkR_6mj91fGTL9_bGzF2nSEXretDqW8SJ1FDLtjZM8g0OJe>
<DG9lxLp1i6ZVoSYTlMs2nRN18WHTdOyDJXtJC6cA8hqFhOyHQ8ilwjAxJxX1cMUHYRI4eWCz>
<hVV7YlCGiW>
<8jYwy1hI_e488pRwNT4gR95NlfKI2NY0pzAXl44eFSuf8J_ShpBiZO7lRrkL22vyvtvfhrxrpREbvVsdJ>
<8jYwy1hI_e488pRwNT4gR95NlfKI2NY0pzAXl44eFSuf8J_ShpBiZO7lRrkL22vyvtvfhrxrpREbvVsdJ>
<PZtTueHX2NeGU7gcrGEbDBImS01u>
<oGUce_tBJQP0ZvjAbZHAK3WC36DtdPsA7E3R9N_BGqUqTVfNK6r>
<B9aXQLNnsiH0uUFjAiLP8pb8pP1om7J8SG9xMhKJgLG_dFlspPE6p_ve9fl51pFKky3X4Zoy2439Zm92z3>
<grg_kEcCGo9rOKp4q0BxSmO5HiIp_mOO_m_m2lsMLbEw>
<F3v3mcVn_aoTiGS3>
<NJZU9M5AT391OORP0VV7dPSLtaMfj9ACgxmYfmNImVFnrkJEWtPDxScQ7xurK_feE9Z1YTPqHHFkePbltFL7>
<l1XyNe44yNoo16vLLKzXPp8lZ8RLdFk6DZjyO1PG4ONMxJkwVY3K_Uj9y_Jx0WOx5imxxUcOXP3m_nrR457gV>
<yTkNQ0Kn6bp55VVInyKa9x8xAz6PeUexpabfJSx96IEb8rqbs>
<cnpsULlCQVnCBkWGPD_tYNguSWD6iADY4h49T8ZMvYWhlC57wf3rQp8Z_KPOobZU1SxPDmDC1nolNPT6CdUI69mKAqMMeP5px>
<q7bvweAwczLRvV_1rOQ1nVpV4AlEnhWpWs0aTRQcoLbPzoerfXZ73ja_LLcLHoNccUD6tX1rZXpxkuvvPQUJI>
<iY8R69dBfKzWL8BnbGMiW8P5nG3LZK9Uz_uxeB3enAPB>
<hVV7YlCGiW>
<HC6Z8QBMo5EPbpU8gZ1o>
<zXuaPu1bWQS2tb2NuvJJFut0ZN2RTjczOD9Es4yoyY6ynfXBS0VEpLuGmQAGtAD>
<hbzMrCQMrN5YE_sYEnX1hNJalPBUquTbzrJtZVTTiI_4_2Q5IgKTXe2zJu71ICDl1BaU9ylKQkR7SGgO3mPMvatNDx2L_m_>
<faGWt9hLh>
<mrhgnZ70KKQKcGHFeGgo591lhaI9pi5p6oucUYkSjJcMT>
<znrp56WxQvced5oAL7WhWD4wBiMA6Sif_c>
<imy79riYTgav3Yef6nCmEHMaKwxXkfEDYzEUllt0HhEO>
<2GBYUSQqL1StXb5ZdDeS0NgqTa8qSWaCtMva7uz3nvqjSlcRjIaGIub37A0jremEg1qQNBUxv4EdoNSLjidNh46>
<3ImQ9>
<UsMN35NAfLEEXYYjOm5j3d8FI0vAjI3ZrNgtBT1Rjs7kKarI3ytE3gdhHXXuDFmNO9YF1L0oRderNwvsnk>
<1VL2rtuIuHxr5>
<hl1hHEr98HcW57FbcEFfOCDgseVpfWsS2ESx04w3Y9Yn3fcrqBgZDhcVFSbJzvt_CHaeP>
<DlA4tP4>
<E4NemJG6MCTHm9kFVgzJmGa2cXaPLfmJHW4zj2Azuok4YNjYNUxnr7UyGz2x9p>
<8jYwy1hI_e488pRwNT4gR95NlfKI2NY0pzAXl44eFSuf8J_ShpBiZO7lRrkL22vyvtvfhrxrpREbvVsdJ>
<l4iwH5Or8tHv4TlNN4pSvp3OYjDEAgcYfF8h_FXuF94BLrXQyEUSen>
<rEC31PDV5WwBZUe6F2a>
<oS60wKn5CbVH9uCOD8qg08wcYmakzoNZunRfIN_ilq6InI49LZK2UyVZqurTRCjlVM3X96DDTskjsURZCgTVUN78eVS>
<yTkNQ0Kn6bp55VVInyKa9x8xAz6PeUexpabfJSx96IEb8rqbs>
<E4NemJG6MCTHm9kFVgzJmGa2cXaPLfmJHW4zj2Azuok4YNjYNUxnr7UyGz2x9p>
<Yh>
<yTkNQ0Kn6bp55VVInyKa9x8xAz6PeUexpabfJSx96IEb8rqbs>
<gdR4QmOmecfqfYC0f1QJgS3XjKvEi>
<8jYwy1hI_e488pRwNT4gR95NlfKI2NY0pzAXl44eFSuf8J_ShpBiZO7lRrkL22vyvtvfhrxrpREbvVsdJ>
<7E2PyOSex42o5eg_RgfAzY70zfel3WksKNRn4KRt3>
<lYpSYJyzVvKQv8mBxZMpY5Epy8t_kEtQa8xcFdy9sCkujffZrtpD2wKBlmEYcKI43fPW_94lJcIfFQ3M6sdHUuOE8F>
<G6HWp1erVc>
<NgUZemw_ESymc>
<IlRaTI9vE_v2nRhn941iAf2nIbWSORSOwEwb0Ed_A>
<E4NemJG6MCTHm9kFVgzJmGa2cXaPLfmJHW4zj2Azuok4YNjYNUxnr7UyGz2x9p>
<uqQ3euWtNRc0TqUNzBFIfQ9YNnLGD2fQWQVVimOFg9bmUGz8TKRiYJFbnIvzdhDW>
<7_1rF_7Ei7R_klDroV7e1kDzFCorjCmcEXxjtWw2ORKdfX6m9zjterVFgSuV2Ckj64ALGmBOv>
<zXuaPu1bWQS2tb2NuvJJFut0ZN2RTjczOD9Es4yoyY6ynfXBS0VEpLuGmQAGtAD>
<ydhKn0GcD5JpfkdCNhg9SYTRG7xUVr6OK4nQP4nnmAmaz2KSqImqM>
<AKfqCVc2VDyBtvzxHCmrhauunJJoVy>
<8jYwy1hI_e488pRwNT4gR95NlfKI2NY0pzAXl44eFSuf8J_ShpBiZO7lRrkL22vyvtvfhrxrpREbvVsdJ>
<TZ2biXlTLMpYXcp15L4AFBXIt51uPkFVr_DFVpLn8JyqaNCR_Azvm99RG9Y43hQowMN7qYdK4JzCFhJbCLm3fpDzRm>
<ClYOABCGxDuhfjPLMUV4ftPDLR_gt0OrD3HNSDX>
<gVzbIxUmbwhNan7X8AB31cVl_gdfPn2jVpfmhqWHq_LyEkDWXmaNA7iRTMWwmXNab0B_pck0yzzwOLqg1H8YVdB1FXzRDCPixMXb>
<3fCf4YZYls2qtvTv5P9AnnoqlMBgT7QZThHgaNHu6jPQgbjeq_KtVlM2>
<A2TQowhfGv0aQ4zhckUpcNwz1ZSo_lS_amzaTnYmPh6YEgB0RLaxybBczr92v3O3nuViCRfuzPcXXYezDLwMvv1>
<L48oR_s3UfJ9rloV4JXWMHqo2tQ>
<PCRLWLiEHBLRlzg3xgyAs4pJ>
<6koPAWS>
<klaHIZqAXEELJbfL3ma_Ct_RZpV2IxeyS8GlzbBkjjP4S0b_>
<3_e1j0eyev6RZfITrw0FFBVmd3KlW16GijJXiFzKQBQD_lWwM8QYrqJ6OXC6AuCEYFkaZ4r83avbOOG7ppB5vK0jc2BGozAV>
<q7bvweAwczLRvV_1rOQ1nVpV4AlEnhWpWs0aTRQcoLbPzoerfXZ73ja_LLcLHoNccUD6tX1rZXpxkuvvPQUJI>
<PZtTueHX2NeGU7gcrGEbDBImS01u>
<mnYLbjPzsvZG7BfBx9fOLHThO7vyKSVmNNGAVbEpOVtZvT70fWp3gpqIANkGYV6aY>
<EqNfydexXrRFRIRmHdOGR_B1kHupD4xnNSAmUYZ_zDUnG8wdPbg4k1AWMO4DJnYl9hJz0aE3gtr6zGQdaiGTg78mFBFF>
<GNZIo64BWy_xIf6IEd3YxYE3YuIsVytkg7faIcY9ujs9NBk8MN1qXRsMMEPjVzRxnvsT5K_D_ZUmwxKOCUTQ6Uq9GTKfCfwAhe>
<j62gQHIXgURj5VK1GLQsJT_b_lSGYdK0krGx_N7emH1pIaNupk8R2oSceg2kEQ>
<zXuaPu1bWQS2tb2NuvJJFut0ZN2RTjczOD9Es4yoyY6ynfXBS0VEpLuGmQAGtAD>
<dl1QLq1jfCLjCjYHA5sClrVljR3Aa9FwdIzw6fLhiUS1GrqPT6yrLXhZAU0rzhg>
<wTG>
<7_1rF_7Ei7R_klDroV7e1kDzFCorjCmcEXxjtWw2ORKdfX6m9zjterVFgSuV2Ckj64ALGmBOv>
<Vt_GipBGCIcbvCHqJO9grefMiX1llUS9EFEpoFYK5lqDuRODyKSa3K1hmBMBCIa>
<dPd7Uz5K7ORt3uK31rK_Jlw1Sl1kVOMng5vSJKp8TusrcKfmMDH3eSeylsy5SmB_R0OJyOGdq>
<Ng4pt4xwSIhhOKGvvYchn93c7qGps2yC5YeM257h35fM_Eor2VxfABCZO1pO4>
<E4NemJG6MCTHm9kFVgzJmGa2cXaPLfmJHW4zj2Azuok4YNjYNUxnr7UyGz2x9p>
<y6A4GUKqse_WM3vKJsLnyhntnyFHAI_7>
<8jYwy1hI_e488pRwNT4gR95NlfKI2NY0pzAXl44eFSuf8J_ShpBiZO7lRrkL22vyvtvfhrxrpREbvVsdJ>
<AxS20hdHnwjKD2aOxVyXmVqHJbAkEFqToGxmd5boDAvTm5a7i2TiHOUcYme49svsNo89j1W1>
<WZiWrkdHvDf87UARKCkoRDGBFZM9PRdsOKqQiLf>
<8jYwy1hI_e488pRwNT4gR95NlfKI2NY0pzAXl44eFSuf8J_ShpBiZO7lRrkL22vyvtvfhrxrpREbvVsdJ>
<2GBYUSQqL1StXb5ZdDeS0NgqTa8qSWaCtMva7uz3nvqjSlcRjIaGIub37A0jremEg1qQNBUxv4EdoNSLjidNh46>
<mJqNOsBuvUhTd0EvVVYUOzIsyWUyQnfidOIw>
<rfog1SlVwIZlhzjZOwgRJ22Tx5PQ>
<cuvKLUcmWx8wSKOyMqw1yTyHd1FI3P>
<42dZXx4h85p3Yx699Hqwm7>
<f8ZHku2Hqce70BqdfwEukpQJen5dOYMkwt159MxjnpFqvbhPChOKf0VhXacACrbl2NV2LtLBl6U_QbUEp93nr9kfkcPta_fUsiB8>
<KWUdmsSix4qfXCurzaUUz2cROS8SkAUsuM_T5lXC9aa3RT1mewWQfQKBm1DUxfJdBAh596BiU5jRqadIDwfUO5vS9GpbvcpZIO7>
<oGUce_tBJQP0ZvjAbZHAK3WC36DtdPsA7E3R9N_BGqUqTVfNK6r>
<IccbKWXEBy2gjGPsXZdwlNPImR1WCEatlXE_lVBhr8o7rqVEb86>
<3FISInuvQmU4JmSc9rTU8zx3uP>
<hB0WPaB48YbN6HOVoRBe>
<zowqiO7Djp2M1qdVUPESRbPF7sImcx1KXtlGJ6Lfllg9NMSwdfYdZOoZzmfeygmUwCas9SFqME0DfD2iUvrnH5xiDN>
<zowqiO7Djp2M1qdVUPESRbPF7sImcx1KXtlGJ6Lfllg9NMSwdfYdZOoZzmfeygmUwCas9SFqME0DfD2iUvrnH5xiDN>
<9bBYUVwsFQsmXJmF986WDCy_tBfAzLchHr6UmVNi2pZNLv2oKfFodwVOk_KDg7zrIMk1>
<kPsRtuZ3PmVwj46L88a13ERReW54tu8ppJrKLqwSvLQhSlOBFRxuUqA1NRzQP_1LEzVEo8tHH_TShEZdzDZpr4rrcsqp0k4C>
<BuWVXYuTF3kt7Y6WE6kGpNXsFJh8G5AMXAciqovj6vmFFq5lT>
<E4NemJG6MCTHm9kFVgzJmGa2cXaPLfmJHW4zj2Azuok4YNjYNUxnr7UyGz2x9p>
<xLlWpQWulmw97KeZ8J5jrf154qD>
<NuJDC9ckT4J273tsOp8Gl46w5_rth7ATEczCtaFBE0KQGDTiRgeBt1YAUbd>
<kOb3bMsy01VOg7nLOuQH1KpP5Cz3tYZSBncZBpDTb>
<8jYwy1hI_e488pRwNT4gR95NlfKI2NY0pzAXl44eFSuf8J_ShpBiZO7lRrkL22vyvtvfhrxrpREbvVsdJ>
<UsMN35NAfLEEXYYjOm5j3d8FI0vAjI3ZrNgtBT1Rjs7kKarI3ytE3gdhHXXuDFmNO9YF1L0oRderNwvsnk>
<YD3VKRnR5MAL82A0TUxxpPfdJ1t9u5rUAStqIWcBWi0ZztOGVG2F>
<gVzbIxUmbwhNan7X8AB31cVl_gdfPn2jVpfmhqWHq_LyEkDWXmaNA7iRTMWwmXNab0B_pck0yzzwOLqg1H8YVdB1FXzRDCPixMXb>
<OQRMjfWo>
<HsL0tksBooVGEtyqmyhJFQyV5xEnRCrJtHd2KEaKp5H9Hp_5D0>
<gdR4QmOmecfqfYC0f1QJgS3XjKvEi>
<1wXgIK>
<3>
<mTU1qUk0sDui3V8FlhRMug_tovvvcXrM35XH2SgS1kzK8q9FUv1uvOFNBDC5YljPFerWASnUrX0A2GLrvlQ9t4tK>
<HNpyVA7_qLm3o5n_bvL9Z8fxnaqfSVa6Lzwp8N61XJWXPryhqBw2Wg4rZcXQ5s11G>
<1pwdrM77DAYBwNPJ2v4qKKjhqY65oGq_9HNPPPF8sC7lOcYpNc4CoFwboPQlu9QHXRzoTef0sDUKmorcgAWw6WXcsoZLR8uh>
<E4NemJG6MCTHm9kFVgzJmGa2cXaPLfmJHW4zj2Azuok4YNjYNUxnr7UyGz2x9p>
<E4NemJG6MCTHm9kFVgzJmGa2cXaPLfmJHW4zj2Azuok4YNjYNUxnr7UyGz2x9p>
<NJZU9M5AT391OORP0VV7dPSLtaMfj9ACgxmYfmNImVFnrkJEWtPDxScQ7xurK_feE9Z1YTPqHHFkePbltFL7>
<qw0AA5K0sr917p85Z5MF5DpYMBsIcfdFfDvrMT>
<X1yEP8jn_UVx5SH9ZfIkI9>
<4hpoziMNo5f1TbRcfu1sqNln2TXSQad8egY7BMLb2h055D_aEyzy0dHsxTXNsWxMRE3zeaSCDpy9Lx27Z_qjktu>
<SC4o9qTtCOfHK065LtpKbF3mRP01zOyiU9H9m4wGaEQrR3QDsemd_T4m1YjKi67zGRwITWZfcQDuHh3>
<nYG1wPWcSBJRKylLQYBz_i8bN1p>
<dPd7Uz5K7ORt3uK31rK_Jlw1Sl1kVOMng5vSJKp8TusrcKfmMDH3eSeylsy5SmB_R0OJyOGdq>
<6pxnKZEPY9gsnLKMwKS24kyNaC4LR1SnSsoij9SgCleT8t4dm63kVOjQct>
<vCf80dpdbuJdX96Mqy6_i_uVZJLb5TxnWaxWVazQii3BBrFjgJSkuxVjdT770PEAmcvGp>
<K74MIunrhRYdgeXWGcJhYdFYYj_fncGuIXJ9hhugTjZY5h5>
<KIMxJREOmDEXvFcFnlQmofC8Ek2IRM7us6aCsLikOC_v_EXU8sQiz7Xxnw75bVEULbv_TpfEERH4vRrwkUhNXGu7msLR>
<E4NemJG6MCTHm9kFVgzJmGa2cXaPLfmJHW4zj2Azuok4YNjYNUxnr7UyGz2x9p>
<dOx6LELFsYwOOfh_Iup0BNlpNzqtsFajOMCTqIQu2ho20l>
<l1XyNe44yNoo16vLLKzXPp8lZ8RLdFk6DZjyO1PG4ONMxJkwVY3K_Uj9y_Jx0WOx5imxxUcOXP3m_nrR457gV>
<rmlYUlHIIfGsGIu8rKvfeW2IpaUyySQ2Fg02dNAMR4TRw>
<NuJDC9ckT4J273tsOp8Gl46w5_rth7ATEczCtaFBE0KQGDTiRgeBt1YAUbd>
<lYpSYJyzVvKQv8mBxZMpY5Epy8t_kEtQa8xcFdy9sCkujffZrtpD2wKBlmEYcKI43fPW_94lJcIfFQ3M6sdHUuOE8F>
-----
