101010000000101001111101110111011110101110101000110100110110110101111100010101001111001111011011110100100111110100111101110110110001100101001111010110110010111011011000011110101010110101111010101111111111101010011101111101000011100001111101111111100111000111111110
<wFziteJVSC47ldSXc4_jZP95tonHoOMNflAkiLNvzZmw3c3yJpgHQjr6TRCD3Rcxo2ZXo8g670RIIpE04mpo5Ba_37>
<wFziteJVSC47ldSXc4_jZP95tonHoOMNflAkiLNvzZmw3c3yJpgHQjr6TRCD3Rcxo2ZXo8g670RIIpE04mpo5Ba_37>
<MmhGSzGGixS37YVb1lrv_VWUqM>
<wFziteJVSC47ldSXc4_jZP95tonHoOMNflAkiLNvzZmw3c3yJpgHQjr6TRCD3Rcxo2ZXo8g670RIIpE04mpo5Ba_37>
<pERZWnTS6LbK0PcjpFZeQzPZpukA_GWNwIOWnyh_bJpgEoSNwgOp2ze6tS99NVHNrlP8Dw__hoDiPID>
<wFziteJVSC47ldSXc4_jZP95tonHoOMNflAkiLNvzZmw3c3yJpgHQjr6TRCD3Rcxo2ZXo8g670RIIpE04mpo5Ba_37>
<wFziteJVSC47ldSXc4_jZP95tonHoOMNflAkiLNvzZmw3c3yJpgHQjr6TRCD3Rcxo2ZXo8g670RIIpE04mpo5Ba_37>
<MmhGSzGGixS37YVb1lrv_VWUqM>
<MmhGSzGGixS37YVb1lrv_VWUqM>
<wFziteJVSC47ldSXc4_jZP95tonHoOMNflAkiLNvzZmw3c3yJpgHQjr6TRCD3Rcxo2ZXo8g670RIIpE04mpo5Ba_37>
<MmhGSzGGixS37YVb1lrv_VWUqM>
<MmhGSzGGixS37YVb1lrv_VWUqM>
<aOxENEZFnzizO1B151EljFOkoMndBBy_3sjMY241KJXDuSGOywaHvzyMIQJEJs>
<aOxENEZFnzizO1B151EljFOkoMndBBy_3sjMY241KJXDuSGOywaHvzyMIQJEJs>
<CtB60blJDUleBwTtMAicz9u398xtvX6CIYOtv7kIMqQpJRZKDD7zHGtoRg36WjtirTvAUH58SyfUjaAZQlWApd>
<MmhGSzGGixS37YVb1lrv_VWUqM>
<wFziteJVSC47ldSXc4_jZP95tonHoOMNflAkiLNvzZmw3c3yJpgHQjr6TRCD3Rcxo2ZXo8g670RIIpE04mpo5Ba_37>
<BkWNsntqZYBY1g3FS7BF5ZYWZjesY92RznKA177rpHjEJlwufdWchBVgib2V4xF2CeyYXl5JcB77jk1suwC56hk>
<HP90lKdfAPGQ03_7TsT7YowKfA0iPBArn8avVxIz6p>
<KpcVVd7Qlg2NPGa6qa82adfKB>
<3ZRtndhM3S5UQB7AsBt6VIYuuMeolipu6w30GLTRfC6m5ROMlYIX64w8ZsASNownIvjZXinfq5lDM6U>
<VncX7Xi2j1AW7ICCPbak4eVU0OT5e2964837vsy2Mln9ma3cZ5bmPzKfNBZk84UKcDvtvONQ2WyqUGyLNWc09>
<wFziteJVSC47ldSXc4_jZP95tonHoOMNflAkiLNvzZmw3c3yJpgHQjr6TRCD3Rcxo2ZXo8g670RIIpE04mpo5Ba_37>
<UdJvuupH7Or7X0DbgnJQd>
<TRW5BMUkMKvT5>
<fZz7I2He7c3uUB5G9Er8UcXIUbJkc6_OUA40bLRjGCegmAsKnSutrIitTuUBUIDvZR3M5HcPOarsoubKNNCF>
<wFziteJVSC47ldSXc4_jZP95tonHoOMNflAkiLNvzZmw3c3yJpgHQjr6TRCD3Rcxo2ZXo8g670RIIpE04mpo5Ba_37>
<KTrlVw_AE_zROUTpsKxqN5dcW3uerrEkxEG_RnEMOpzKaISYQgdQvYCy6q1nlmKZHHHDMg6D7MhWR9tiJRqfSjy>
<tKYs0SR0gUwomvsPqRE07BYfqerHWIoXy1QCQjx3a>
<zHyWFy0k9hUtwLPY2fe4jA_m0_oLD5E4oYt8Z_pBzxN0ju_d6LiN0XXwAFXDAYXY_3lxTXiL>
<aOxENEZFnzizO1B151EljFOkoMndBBy_3sjMY241KJXDuSGOywaHvzyMIQJEJs>
<LphFs41nVenvLu0VpNftoo8MAj7DXAMKdd7ruTb5IJM4BqT4cF4lKkFyrR>
<I8_QKo3uOcWyMQ4BtiaARi7wbrgyZsHESNp6ITCUVm>
<1wDqMjnas6AnUVmz3bFtn>
<xritIubxmXPizqW5MX48QYQ8zzHFkSwgYSySxXvEmeqwvuzt6BxYJfgGt0_9UK8LChma6gWnWyp7pfxnGHV55hUgVwnwjC>
<wFziteJVSC47ldSXc4_jZP95tonHoOMNflAkiLNvzZmw3c3yJpgHQjr6TRCD3Rcxo2ZXo8g670RIIpE04mpo5Ba_37>
<BsxB5klglJW2jti5bQSIyN6d8ONiN9KDtp19WN3ST1fd8ii5MA78BA>
<I8_QKo3uOcWyMQ4BtiaARi7wbrgyZsHESNp6ITCUVm>
<xsl4sdWQi6aOHQ0lvOhDh5LYu8PEkJlRohzCmZa6x6aezMjMtT7hcQFsH>
<C>
<9lvB>
<C>
<mGhejfZrNLy2lGXd0aMBEaZyuRwNRYvmI6PDOLZ5NIl0Q8EpZgO1P2aIE4mrj_zsY_Ux6THHqAl75UbGoeaedQ2S4yqDvu2eRWAj>
<BsxB5klglJW2jti5bQSIyN6d8ONiN9KDtp19WN3ST1fd8ii5MA78BA>
<M4Ab2pcLbn6y2UjObpnFOj39XU_0hhngP6G2WOrtNcF6vFURhbAGUJ5RwbNFYmVE4UTrcUwhlkEsWdQuwNXKj>
<wFziteJVSC47ldSXc4_jZP95tonHoOMNflAkiLNvzZmw3c3yJpgHQjr6TRCD3Rcxo2ZXo8g670RIIpE04mpo5Ba_37>
<MmhGSzGGixS37YVb1lrv_VWUqM>
<KpcVVd7Qlg2NPGa6qa82adfKB>
<Lx3i7GkzYy8D9Ci>
<3HblrJ_l1>
<MmhGSzGGixS37YVb1lrv_VWUqM>
<o7XsPdPjGZh7Xx9EY_BDwie3FOx35iqTXZmn0pix0IfnXLHy0o9a>
<wFziteJVSC47ldSXc4_jZP95tonHoOMNflAkiLNvzZmw3c3yJpgHQjr6TRCD3Rcxo2ZXo8g670RIIpE04mpo5Ba_37>
<zHyWFy0k9hUtwLPY2fe4jA_m0_oLD5E4oYt8Z_pBzxN0ju_d6LiN0XXwAFXDAYXY_3lxTXiL>
<FGxW7UX6H7NVBBLWN6Bkh4PzC>
<znYcPwGWP>
<HP90lKdfAPGQ03_7TsT7YowKfA0iPBArn8avVxIz6p>
<K6J0jHvPksetu12br7xEFqHQOyFZBr1Y_964LrnzdaAmPvHgBFNG5VajI9qXe54DvezUepefb9g59fgXqgNfTlT>
<ri7X5VwQpFLaE1UBqstlDLN2gl3X4gZ8mfyW5e5xIeIG>
<I8_QKo3uOcWyMQ4BtiaARi7wbrgyZsHESNp6ITCUVm>
<ihRuOOPOo8Ixd7Oj84hP4EZCgco5B3eUQ5MHm43uTfUIJQ7nEplzXNQZK6nI>
<zfwupLgAILsyaHDTr7C1ZgII3BTMruOD9I40ZZ354eSRhomhNJCYfanlmWeMH30c>
<wFziteJVSC47ldSXc4_jZP95tonHoOMNflAkiLNvzZmw3c3yJpgHQjr6TRCD3Rcxo2ZXo8g670RIIpE04mpo5Ba_37>
<c44GPkDDkFI9uKwQo_quzJ24Dna1njl8gOaHoYgr80_FxqDHL>
<aOxENEZFnzizO1B151EljFOkoMndBBy_3sjMY241KJXDuSGOywaHvzyMIQJEJs>
<KNdcTrdH8n0c6hRqkXhIdkVlDHQiCUisI1QFcJa_wmBS5PKfxNaEscakgzLrnsZCm0oQXooAKXyHD3jY2gulZj4>
<kbtTFZ4MXZheBAukvH7VZVrDIoD5R8NCEACiym29EBravAyEBwbO4yYLgasvkQdkyUHhJ0yfzHwGQQ>
<6T1ERp4Y46xxUT56EileyNh1XNtFnbcPxTOG_V_SUT5Zxeyd73OAnG67BISRquV1X26xyWSWcE9GFGww47lBOjbKO>
<ZwbohZMD6pumJElDb_ijRcQgsGEyUCkc1X4Wv9zBIzz7kQjtmMzA0fy2>
<03tAjH2Gz_7Ktqe>
<znYcPwGWP>
<MmhGSzGGixS37YVb1lrv_VWUqM>
<KpcVVd7Qlg2NPGa6qa82adfKB>
<QIjqDjhpBZZtzKqkebmg2fKAJuT8as2v5Tx0RRIcLmM5DpmI>
<I8_QKo3uOcWyMQ4BtiaARi7wbrgyZsHESNp6ITCUVm>
<x40BRwHKHLZu5UGiiUNye>
<03tAjH2Gz_7Ktqe>
<K7W0X6Gxjec5lFuTbOe6ByPF7AUzP9iCPZsKDLBu_mP7mRn8rBeiKomDk5dMxMV>
<03tAjH2Gz_7Ktqe>
<UdJvuupH7Or7X0DbgnJQd>
<KANEYpg>
<S82VqaUsaCfm9rYf8HCPhgdsODZ5Ft3m__8m60vKHbv40ZWwNtLhfpdDOOIDEmn6cu2HoES6k8ubKVV9P4ju2ziM>
<gRTkmtGhtl0mqJK612ZJIcEv04gb9V_C4LdFNdDIOo9yAQSd8hdeTtl>
<R>
<VncX7Xi2j1AW7ICCPbak4eVU0OT5e2964837vsy2Mln9ma3cZ5bmPzKfNBZk84UKcDvtvONQ2WyqUGyLNWc09>
<wFziteJVSC47ldSXc4_jZP95tonHoOMNflAkiLNvzZmw3c3yJpgHQjr6TRCD3Rcxo2ZXo8g670RIIpE04mpo5Ba_37>
<Y7hgj4x6Ni1DRIqWqsjncMMAfBKrvTgj8H6nG8gcKDtXylGHuiHTeosjExZEt8t_AJu6TV>
<4ViRveBXlQOky8mySstVHSLyFeS0n_KtQvgTbIbvSxH3L6Sjxjj26tZWPqrH3puuERkL4qfBC3eTRyR7m47cod_m>
<AfA1yhftquYDlrSdJFNDSJ3yUvIZb_cbH9nKptFn72XnLYSdLx3Ydm21UvjWtbwxXOhBmhGX29mtZM_x3ip>
<NWVu9Rl4XfRq6LvGHszPAMnKN0N9nPWgqDgnJ1LRiXsYT7OVNSvB1jG_IJBQTkvHAH8thhz>
<K7W0X6Gxjec5lFuTbOe6ByPF7AUzP9iCPZsKDLBu_mP7mRn8rBeiKomDk5dMxMV>
<RMmxyNj_Q2JJylLKodQMEbg7mjvcY46JQ6ABy9414Oky13VfMCzS4cwUvty_Ds4lH_8q>
<CGlSkIb3OGBDRhKvNnsH3F7HAgrOk4jwRI97SBbp63Cfciz2aWm2knQcPjZ0HhLgIiPgkUrqyWyaR0y9E9PJh>
<o7XsPdPjGZh7Xx9EY_BDwie3FOx35iqTXZmn0pix0IfnXLHy0o9a>
<JFjEtPzt20OWB8O4gp84Cee__T091L4XVYsVJQFBRH4aykM74KqxwUkRYw459jVNEMPPdTmxGS3AwulyU0>
<OrzHJQk8Vd3nmynhaKPZAK9Yc09X_qmIMDVI4MXxkM8Wu2NUfMu1a>
<oB>
<RqQadtt9DUBxwyQPxw0Lmw_0wyrc02IfoBLe5c3_CS92pEWcni0_9yZtFRIio_YBGTuNu2x5EQmiyoclJ>
<MmhGSzGGixS37YVb1lrv_VWUqM>
<hb3Xj2RgItxriRgL>
<KpcVVd7Qlg2NPGa6qa82adfKB>
<K7W0X6Gxjec5lFuTbOe6ByPF7AUzP9iCPZsKDLBu_mP7mRn8rBeiKomDk5dMxMV>
<EgpqPv2muvue>
<xritIubxmXPizqW5MX48QYQ8zzHFkSwgYSySxXvEmeqwvuzt6BxYJfgGt0_9UK8LChma6gWnWyp7pfxnGHV55hUgVwnwjC>
<o7XsPdPjGZh7Xx9EY_BDwie3FOx35iqTXZmn0pix0IfnXLHy0o9a>
<PbxlalSkZ8lGmZXAma8bAAswQUUGzusO0>
<2h>
<HxCO__5QN6dA_zETdGhYaKoIobIKXexeAmMwUYHpJvf96NO7>
<mx4iLz_2MrkKl1JKxX2ZzCBP2oxvnItK7Pp1DFzhWg12H5jSSC4zvh4zYGaF4JeqXJcblatfcfuU8ar>
<ljs8_fEm03g3jjgaxQUd6eRvWaUg9ebaFgvIVMFzf>
<I8_QKo3uOcWyMQ4BtiaARi7wbrgyZsHESNp6ITCUVm>
<z_B0_W4XpPNKpfJz9BrF5SoZHSZ86JLebynFad0jHxiEAdUccKikJvXT5LOFiQqOCUg_dW6SeXnDHNsQOyfcsaI>
<wFziteJVSC47ldSXc4_jZP95tonHoOMNflAkiLNvzZmw3c3yJpgHQjr6TRCD3Rcxo2ZXo8g670RIIpE04mpo5Ba_37>
<wFziteJVSC47ldSXc4_jZP95tonHoOMNflAkiLNvzZmw3c3yJpgHQjr6TRCD3Rcxo2ZXo8g670RIIpE04mpo5Ba_37>
<kGO_k7LDvjD>
<9hTg8Ffm40ttVWAI8DY9VXr>
<ILqat2wmwyrcgro6SpkFftP9C9>
<tFuaOIzNPNFR3mm8pJzIvXoO5FfdBvgCZu1Wyx5j02Lc6smvXfZaey01TvbxAMil9bjeot>
<wFziteJVSC47ldSXc4_jZP95tonHoOMNflAkiLNvzZmw3c3yJpgHQjr6TRCD3Rcxo2ZXo8g670RIIpE04mpo5Ba_37>
<BMhk7kKj6NqLvGNrHeJ1gHsWBYXYLZmc3BBXlSINoN0UWJ3K1IIv8M9q>
<FvlYIaFaYpi1vF53IhbqQkqeZtyIhl49ytyOjfFrnmAeU8Cn3VIdppbNQrrRWRXyh>
<MnDMZAuXwvWOgLLuqBbf6eNJgVx24Y1_VFTgZBieg6V7luDO05dr3wV7uCebqijhkD0MVGJJi_>
<mx4iLz_2MrkKl1JKxX2ZzCBP2oxvnItK7Pp1DFzhWg12H5jSSC4zvh4zYGaF4JeqXJcblatfcfuU8ar>
<pCm87Vx6Fiym0vOoe06vRmTQKpJkm>
<lVAggGfiQq1IzGRqoRlyhVgO1xwzvpF917I6YvbVtHVDtwIDIcvQM8oFtFTbvXgCzlwqLA2hWLBCGnJplp>
<KpcVVd7Qlg2NPGa6qa82adfKB>
<x0uLi3SIuQsIYNIQVfef4s>
<KIMxJREOmDEXvFcFnlQmofC8Ek2IRM7us6aCsLikOC_v_EXU8sQiz7Xxnw75bVEULbv_TpfEERH4vRrwkUhNXGu7msLR>
<MmhGSzGGixS37YVb1lrv_VWUqM>
<MmhGSzGGixS37YVb1lrv_VWUqM>
<KTrlVw_AE_zROUTpsKxqN5dcW3uerrEkxEG_RnEMOpzKaISYQgdQvYCy6q1nlmKZHHHDMg6D7MhWR9tiJRqfSjy>
<1wIx7FPsMy0dNRwMIIfBUSnUPfxFAa5_yABAGkxn_fDTD>
<TRzh3N7Mz7yAMglhUKNanhAr_5iEMjYMCkSRSNDJXHfMIdvVCIQPbEy0QJIAHFnoe1RU>
<KpcVVd7Qlg2NPGa6qa82adfKB>
<MmhGSzGGixS37YVb1lrv_VWUqM>
<NRbxjsXrumVit4Ik8WYkARMWOQ8dCYGCpr>
<o7XsPdPjGZh7Xx9EY_BDwie3FOx35iqTXZmn0pix0IfnXLHy0o9a>
<IqOYUpfvTpujQzHJbvxaFHKsYMGVCb4uRzq7EWT4qlTWakVjUlvEfz2nw2ts7InFAp3Lw4KjfE6oBf7CjO22iunx2>
<MmhGSzGGixS37YVb1lrv_VWUqM>
<CGlSkIb3OGBDRhKvNnsH3F7HAgrOk4jwRI97SBbp63Cfciz2aWm2knQcPjZ0HhLgIiPgkUrqyWyaR0y9E9PJh>
<oLz0RvC7JKY4PSpii_3erEz9d0lXFCiCYK5z7Ul1IEq397pBIrr0piTL3qMQowYeR3j_TDWHEJC>
<nkLKuaDb9_nh0_CskQiAjbTMNkAfQ5k2xtgcIvUL0uomrSIqgVq9WWJIp4Kg2EEVz6jhDHC_lACxLm0IiDVfZ_cBaKMT5Vj8hli>
<Fv8GJ70iELLkaFEEMiOs7sSVhtQ0D8NbNgsjurMPM>
<0hda01_eLXSp_ZYPoMtXNuZ1iNhTYbPbbdn01aNuDmtE>
<I8_QKo3uOcWyMQ4BtiaARi7wbrgyZsHESNp6ITCUVm>
<JZny6Oi_3txyCkKPlh_DQDz7RyxiGri4UfGNBr>
<MmhGSzGGixS37YVb1lrv_VWUqM>
<i2ESY0HnZLoFvoKXDjbXoXh7cJ5ACEm7UE8ZO32H3cocoiWmMRT1sRrGDFcdoXklx1ETMIf_pyaso6bl9FOpB9vbzB9VWCDDG>
<DjQMzTbCTo3LEuPvnAACFVmUoeesmHGWdC4oElXXIM2iU1mOkhncmErv23CP4YwHQCoLUrwXep7VimXVthH2La6DLlJv2YTCz>
<2h>
<g9EkZ_HbjPJYvfHyBOP1z3h13Ml6vcQno499UfklKFUQJmjdUatZlmJfQPO6rzTEl1Ykv>
<gV5khmG4O1Qbbkj2J7Yx9cxCBvXHlsL13TTIl5s_KKy5sJn0oLOjXIn1_EvN_mSrY9s_QLJTNeibdO4XQEWtwA0icmE8jUfOhG>
<o7XsPdPjGZh7Xx9EY_BDwie3FOx35iqTXZmn0pix0IfnXLHy0o9a>
<aOxENEZFnzizO1B151EljFOkoMndBBy_3sjMY241KJXDuSGOywaHvzyMIQJEJs>
<9mulGXV_DzwqUT4Ga1U1Voo9CA4fve_q0ZzOC4sB9tHR8L6OASWITITIf_meaZWqcN78WANsUJ4lvHu5SwuAqGsJ1tVbGzdD>
<C>
<0UT2gqgmTGcq6AttupVnDM5cLkHTuiE9Ke67NfLvVuXGWoihqBfk>
<eWcKQ1XHqXOEIJxe47gvhbSAObza0NA5VyA>
<ZC1OUJSnaR3zt5jFXZsb1FKSstXmcWAwws0Os4V9lBnX2lKhOQT9MrWBV3GZ4Efu_A1>
<IqOYUpfvTpujQzHJbvxaFHKsYMGVCb4uRzq7EWT4qlTWakVjUlvEfz2nw2ts7InFAp3Lw4KjfE6oBf7CjO22iunx2>
<tqTJod1GalgKGNmYHt0H48dzFjZtV8d>
<6bh8sbtRuLjhT0rc6s86DjHTTOKsohbyexfXsYbYAOaZA0aavY>
<wFziteJVSC47ldSXc4_jZP95tonHoOMNflAkiLNvzZmw3c3yJpgHQjr6TRCD3Rcxo2ZXo8g670RIIpE04mpo5Ba_37>
<jFDVP9q0sfcPx3>
<nJXtPfrFXK_dHEqB3k>
<gRTkmtGhtl0mqJK612ZJIcEv04gb9V_C4LdFNdDIOo9yAQSd8hdeTtl>
<KpcVVd7Qlg2NPGa6qa82adfKB>
<nJXtPfrFXK_dHEqB3k>
<MmhGSzGGixS37YVb1lrv_VWUqM>
<j92LWZn6Yv0MTFZtPJzE8h43EiEOsdBTgin5UQAAQ3LBedFpNkJLVGgwVCPSELBQeo>
<VpBVgWhDFKy2pIztH7md7eoMC0AH4tXEJmr9fKO6YAJRx9x6r47o9lFdROMMc_7rsD02zVfeq3HeOtpqbmYdVsK31>
<E2ZduKwCggOMV5vmhqLuKLKcmCid>
<uzxqVkmV3yls0NLJrZWUcAclrbnDCjbK6wWW3mM5xS6L5p2sZo6zHFPUwO>
<FvlYIaFaYpi1vF53IhbqQkqeZtyIhl49ytyOjfFrnmAeU8Cn3VIdppbNQrrRWRXyh>
<8FWHx5yvNEKdHn1WXlUwJxtjPmnzqpwBdWGsbUb>
<BsxB5klglJW2jti5bQSIyN6d8ONiN9KDtp19WN3ST1fd8ii5MA78BA>
<kf3ECv18NTycdqSzVWdM8CR7NHLhp5kNGdr7xEKKr7uRKY6hbGdpHutKiQSdHuBZf>
<CtB60blJDUleBwTtMAicz9u398xtvX6CIYOtv7kIMqQpJRZKDD7zHGtoRg36WjtirTvAUH58SyfUjaAZQlWApd>
<6HFihk4NehVQfqx7g4G3U7qs9LYK5iODav2nmb>
<znYcPwGWP>
<F0WJ9IfWlcUu1pRYtYJjkb6iNX7AZ399Iv8JVKXzPvWp8rK>
<jS3y8cm3PDT4A2JiBT3gTV0kqs4hC8aH>
<BsxB5klglJW2jti5bQSIyN6d8ONiN9KDtp19WN3ST1fd8ii5MA78BA>
<3B31eFxhAyWT_m4We5sYIuQBm0SUP1mBDrR2O0jXN2k8GA8hWJ54ZL8hjwDlB5D_o_zP07WDzc8VlDk7W7>
<MmhGSzGGixS37YVb1lrv_VWUqM>
<nJ0DrBoU0EtN6RUR3ZueM7mpMaQdNGZZ67aIZKzLvTtDemLeGeIN4gr2v4ZameaXj1LtPGKoz55GCZPRx9TEibV>
<9y6h_NdB2kSMSWlbLqsKngT_njS2LIzElGZVrIDxLgrzB672kSaQYAqlc8GO8E30dVfX03sf4Ddw4SNY>
<z7AvkUNNIN>
<OPi8xzIOvCb7Ug_F3NSoOBruzwQv8A7Dz11QeLLtG_6sPPt7LkFoy2gRjI_q20gPR67cPG35nKPJ>
<ZC1OUJSnaR3zt5jFXZsb1FKSstXmcWAwws0Os4V9lBnX2lKhOQT9MrWBV3GZ4Efu_A1>
<SqJjLOVhE3yMxO_Ricor4MSzSBp32qfdFaA5QqiDqKzMszgDYfJRwSU8ekzflzwWmwRT6pM38iWqxqvcSvYx4bMQlwx>
<MmhGSzGGixS37YVb1lrv_VWUqM>
<lAFRBp_aMj9CrDe7cs8ITQHQIA7trcqWQpHtJeG9OUJKeJuHB1LoZRmGFO8Cl2s3TBX_1_3o>
<K7W0X6Gxjec5lFuTbOe6ByPF7AUzP9iCPZsKDLBu_mP7mRn8rBeiKomDk5dMxMV>
<kjJiJyIhzF_qDpEu8mftKkzm_gKxODPt0uFe1d1ta>
<GUYr3u1azp1DZxocdsNQxKtjBxypPDozfVvzRJI0ZZFSMLw3th3>
<n1iWw79G17gGbiwRobtc32O6ywtCIx1ol2C5Q9s7EzSx079txnTslXbIUyZJoi09foO8B10K6PLcXql1xIFK4iVW6H>
<IvQyAMCrSVnPn_eLFDdOYBxqyf6QjHMlQra0MD49r1BOyY7yo2hv9NekAaQIYDpf4D8MGugOQJ_0ckxXUKiVM0LoQADyKEFZ>
<LEIxVjGwbgcQ9f1a8B7FKI>
<up1SxS9933fHCjWAQwFCQbzJxO9SaeOvstjrC3g2bJZd>
<fl>
<250_GozCn5CEe_coN1yxr_ggVYOQkMO307rJ7WkN_iC9f8xk_zhZWE3IctneDfhZfJrxW3AW1>
<iM5hFRNRSl75VVQ2TF3pif7NmqZgsXdywEc9Yig23ij1S61VEk3CDz>
<lW8EJRr28E>
<o23qOmf4X74vnNJkICfPJDabviJ8FzrPCgIrEBxurRnYe5WIuVtHT441lsDHhCbMn7IS7lejrP8nFvK0ITwql5U8zX>
<Lx3i7GkzYy8D9Ci>
<nvJlImd6XOfgCr16>
<lVAggGfiQq1IzGRqoRlyhVgO1xwzvpF917I6YvbVtHVDtwIDIcvQM8oFtFTbvXgCzlwqLA2hWLBCGnJplp>
<ReAFwOYepoV_>
<1wIx7FPsMy0dNRwMIIfBUSnUPfxFAa5_yABAGkxn_fDTD>
<tqTJod1GalgKGNmYHt0H48dzFjZtV8d>
<PkRqnrP7UqC8J>
<Q22fG8TLjQ9gDIm1pDesx3XSBVpsnFf_ZH828sHz_0nhlW93DYqoeuvOLkZpqZ1waOxDRgz6rqA2ptwwKa8mYCkpj0db77jRH>
<xUZD3eaev_jNK29MxbRPivjac_A75_djPgnEyNxIrh>
<I8_QKo3uOcWyMQ4BtiaARi7wbrgyZsHESNp6ITCUVm>
<tlpGFdrTIrBK8m9M4BoTO2skfRIvPyVRwRdArlkdUQOJ0fdFTwTw>
<CD52FtQRmq8jti9RQlRcaxTBTFcZlpAa71biXG9aA2Q>
<S4HvOPfOxlmYOqTvRPuSIIcfijg6M8H7sF0y60zkjwV9MyVczyOS5lhzS4f>
<DOJoqo3d5xQkEWWeTPyMG74V0aVA8MtotSAyAeZXjFpGrpf_QGHsoRu>
<LXsczIJKdnNlWHVAfwo>
<x40BRwHKHLZu5UGiiUNye>
<_rm3tnV4CrUuFmBRyskmGG7nWvcRxyS8zDtTzDXuxrGdxI9aR8>
<aOxENEZFnzizO1B151EljFOkoMndBBy_3sjMY241KJXDuSGOywaHvzyMIQJEJs>
<0UT2gqgmTGcq6AttupVnDM5cLkHTuiE9Ke67NfLvVuXGWoihqBfk>
<tqTJod1GalgKGNmYHt0H48dzFjZtV8d>
<x40BRwHKHLZu5UGiiUNye>
<gZUr7N3rumPS6inhsXHvPrBxHMlGYDo1Bnc6ziQoz2Pg4DUldjJQWwrB>
<kLU5vq5RukDiozEW9EfjRWEmwg7z4cz9A9PsdVAw8otZVTySQReFNoD0IO>
<HSh6txBsBgG0aioMI4rKTIDuhEUsj0ShvO2HW>
<250_GozCn5CEe_coN1yxr_ggVYOQkMO307rJ7WkN_iC9f8xk_zhZWE3IctneDfhZfJrxW3AW1>
<CGlSkIb3OGBDRhKvNnsH3F7HAgrOk4jwRI97SBbp63Cfciz2aWm2knQcPjZ0HhLgIiPgkUrqyWyaR0y9E9PJh>
<1wDqMjnas6AnUVmz3bFtn>
<x40BRwHKHLZu5UGiiUNye>
<t85mOdliwqNFEIYhB40y8VlvfnmztX7XjCcXIwIqW3tz0H8BOq2AQw06VnMFAfAB2GJ4wU938JqOvkuRakPqmAoACigGEM>
<FyFjx0JXTPH0dOK__zQlYCN7JEbZCgyV6xazm8v9V>
<NFohzkFDCEPiH_uvkVjsqPLwed9yNb72E3hwReXySEL6gthuSZP1EjSxFBzeiRkGrS37nFngLodecFKUUdtsMqIus3GN>
<WTM7YSDMGLQHGuRWzTNF6KMudY_DMjoSa3oTNVIwZQslCOn8SCY5wxBQ4z90F>
<JS5e_URUnNvf4GQ_4c6D6F1ZJ42UspqGim3s9X4BJnQy5SRsgBLg76q_K1pNtssdXZhaCyAAB1g>
<LEIxVjGwbgcQ9f1a8B7FKI>
<sZ2aoJ4wOWl5Q1Bid7JCGzK4FjGEH81is5WzGtU43g>
<MQ5cK1Oa2dCn5HTL4sU4>
<Lx_g7KwgsqYXvCBTnWozNhhOTSYdTnEGg5rvSfTIa5KNEVPkp>
<ZVKdy7IMPN43uR2X1SpUXtVH5PPbapBx2RszHYHK1t5tpCoKHw>
<AIadNdbyrnKMi0JZvy3T2CFNaLoVMGQZCwoAXpR4Wy8DoE8DLk>
<2r5xp3i_lrEEzmuHzmFQrQfizvM91LIES1QOo1hdUIVEFtwsmDlNpCc7AHM6jgnvZ_C>
<02zsd33yv9ZlFvlc41SMJTowLBAGLLTurYXSY5TBDq0jGJWXEQyEyC2aCAiRab6o0RD02P>
<F8WQcunrbHtR5aKlwkJaPWrrmdIqD8FDh8s2PAZOwZqwbcKSF4vm5nJpKdJWAT3HmTm7QxKgzrgaEWum8sfyM>
<C>
<8FWHx5yvNEKdHn1WXlUwJxtjPmnzqpwBdWGsbUb>
<QbonzNL77DDofLtVbHFvhdJQYKHuzzmYZPgue3j1v97oiHk9Pez6o7W7Hog>
<mZ54o5yVc3DD7Ynvw0a__R6iQZSSwAlL_yk_ePnxP5L26lMmUh7PTZBmeYp08K8TslHPxVkWfGrXU9A7TfYtTWz6eg4rLx7o>
<ljjcwMpbQ5QPpULnJBVSAfJqADQKHcN3JrDfbbkpPutvC5dZppN0LlN1T>
<9mulGXV_DzwqUT4Ga1U1Voo9CA4fve_q0ZzOC4sB9tHR8L6OASWITITIf_meaZWqcN78WANsUJ4lvHu5SwuAqGsJ1tVbGzdD>
<aOxENEZFnzizO1B151EljFOkoMndBBy_3sjMY241KJXDuSGOywaHvzyMIQJEJs>
<NRbxjsXrumVit4Ik8WYkARMWOQ8dCYGCpr>
<gZyfSOYWgDws9OgFKanvIVoVZL0DhOJINAzB>
<8cfolN8NENgwLVTtIc7PnXNnNm>
<0iMc2BdCLFgEjnOMIVKYCBhenN7rTxe_vRgbVH>
<hewc_XmqX7bzisPd2>
<k5SQW_8r69D1xokQZ0jDJkc4pdQpA0eTCt3c70NzfYsp>
<MSRd0uDCJ1jdbmF3Vs8SJdD8xiePoyGDNh09Wl2bj3_huVWoPgiFbnnFoyiiKf2neFohb9CCjCGC9mzW5kcZ4ythvj4Z>
<pBGnTcpVumk11Ccd9sbr76fKlzFvBKhqi2qUEFPa67tqIGCq4ZloB69MRLrKO>
<kAdkzUXwWEKf0qw6ibO>
<I8_QKo3uOcWyMQ4BtiaARi7wbrgyZsHESNp6ITCUVm>
-----
