10101011110110001010101010110101110000010110011010111011101111111101011111011100011111010001101001001011000011111000010110011100111111010110011110010110110111100010111110011000111011011110110101100110101110100101101101110111011011111111010001101001010110101111000111110111111010111011111111111011111111100111110111101010111111100011111111011110101110101110101101011100101000111110100011111100
<DAbvD7Qutmo_1POKiMKOpaHskzA458MnYnj5yFx8H107s5nJbZrlLxD4XonsuEQSeLQLwyqFKh>
<DAbvD7Qutmo_1POKiMKOpaHskzA458MnYnj5yFx8H107s5nJbZrlLxD4XonsuEQSeLQLwyqFKh>
<Xs5Hf7hfeVFKfFIHZh3sDjxtAQ0FHLkj2iC7ui_Ehmb94z4YHsGDKqxmywG2LPizWEJr0M_I_I_V88OkhAnVr6N5WU>
<Xs5Hf7hfeVFKfFIHZh3sDjxtAQ0FHLkj2iC7ui_Ehmb94z4YHsGDKqxmywG2LPizWEJr0M_I_I_V88OkhAnVr6N5WU>
<Xs5Hf7hfeVFKfFIHZh3sDjxtAQ0FHLkj2iC7ui_Ehmb94z4YHsGDKqxmywG2LPizWEJr0M_I_I_V88OkhAnVr6N5WU>
<Xs5Hf7hfeVFKfFIHZh3sDjxtAQ0FHLkj2iC7ui_Ehmb94z4YHsGDKqxmywG2LPizWEJr0M_I_I_V88OkhAnVr6N5WU>
<Xs5Hf7hfeVFKfFIHZh3sDjxtAQ0FHLkj2iC7ui_Ehmb94z4YHsGDKqxmywG2LPizWEJr0M_I_I_V88OkhAnVr6N5WU>
<cnT2O>
<DAbvD7Qutmo_1POKiMKOpaHskzA458MnYnj5yFx8H107s5nJbZrlLxD4XonsuEQSeLQLwyqFKh>
<cnT2O>
<DAbvD7Qutmo_1POKiMKOpaHskzA458MnYnj5yFx8H107s5nJbZrlLxD4XonsuEQSeLQLwyqFKh>
<woYggY6uu8MaJ5C_sUwOsAXFiaTJ3Q7EEWE1Eehkl8S47dUZQSFSwns65V_J>
<Xs5Hf7hfeVFKfFIHZh3sDjxtAQ0FHLkj2iC7ui_Ehmb94z4YHsGDKqxmywG2LPizWEJr0M_I_I_V88OkhAnVr6N5WU>
<Xs5Hf7hfeVFKfFIHZh3sDjxtAQ0FHLkj2iC7ui_Ehmb94z4YHsGDKqxmywG2LPizWEJr0M_I_I_V88OkhAnVr6N5WU>
<Xs5Hf7hfeVFKfFIHZh3sDjxtAQ0FHLkj2iC7ui_Ehmb94z4YHsGDKqxmywG2LPizWEJr0M_I_I_V88OkhAnVr6N5WU>
<woYggY6uu8MaJ5C_sUwOsAXFiaTJ3Q7EEWE1Eehkl8S47dUZQSFSwns65V_J>
<BCIz_SSOc>
<DAbvD7Qutmo_1POKiMKOpaHskzA458MnYnj5yFx8H107s5nJbZrlLxD4XonsuEQSeLQLwyqFKh>
<_bEyaR4k1Mg8_Rge2QUJKkr9FGAF_YDsy0hLqC0qGqV0rlljiGwd>
<cnT2O>
<We5A9hjywir6vLaKnTDfH7EVfBh7OIxeRf5Uad_JHtPqeDB0Z2Ltr4zB>
<Xs5Hf7hfeVFKfFIHZh3sDjxtAQ0FHLkj2iC7ui_Ehmb94z4YHsGDKqxmywG2LPizWEJr0M_I_I_V88OkhAnVr6N5WU>
<Q_bfbAIfZRy_7sAnAoBQ1Xb6LhxVEnp0vgyCcm>
<_bEyaR4k1Mg8_Rge2QUJKkr9FGAF_YDsy0hLqC0qGqV0rlljiGwd>
<QdKGgW9_qwTsvnxdiLH6sLp1hqteqZcrxPiL0cHVU66o0vXDKzR5Ugqe3blTIp7DQXWEwp77WZ6Nb1XTqXHiGdtP84i4tJ_fBE>
<woYggY6uu8MaJ5C_sUwOsAXFiaTJ3Q7EEWE1Eehkl8S47dUZQSFSwns65V_J>
<DAbvD7Qutmo_1POKiMKOpaHskzA458MnYnj5yFx8H107s5nJbZrlLxD4XonsuEQSeLQLwyqFKh>
<5EOuAEF7fSVROP1EvELUhzo4yOKd>
<Xs5Hf7hfeVFKfFIHZh3sDjxtAQ0FHLkj2iC7ui_Ehmb94z4YHsGDKqxmywG2LPizWEJr0M_I_I_V88OkhAnVr6N5WU>
<Xs5Hf7hfeVFKfFIHZh3sDjxtAQ0FHLkj2iC7ui_Ehmb94z4YHsGDKqxmywG2LPizWEJr0M_I_I_V88OkhAnVr6N5WU>
<Xs5Hf7hfeVFKfFIHZh3sDjxtAQ0FHLkj2iC7ui_Ehmb94z4YHsGDKqxmywG2LPizWEJr0M_I_I_V88OkhAnVr6N5WU>
<Q_bfbAIfZRy_7sAnAoBQ1Xb6LhxVEnp0vgyCcm>
<DAbvD7Qutmo_1POKiMKOpaHskzA458MnYnj5yFx8H107s5nJbZrlLxD4XonsuEQSeLQLwyqFKh>
<_bEyaR4k1Mg8_Rge2QUJKkr9FGAF_YDsy0hLqC0qGqV0rlljiGwd>
<Q_bfbAIfZRy_7sAnAoBQ1Xb6LhxVEnp0vgyCcm>
<cnT2O>
<cnT2O>
<woYggY6uu8MaJ5C_sUwOsAXFiaTJ3Q7EEWE1Eehkl8S47dUZQSFSwns65V_J>
<BCIz_SSOc>
<CwvgYBSmW_sYww7PN5i95yzhukBnhP3LbkrNmx_gJFIG3pBSN_rel70l38Zh>
<Xs5Hf7hfeVFKfFIHZh3sDjxtAQ0FHLkj2iC7ui_Ehmb94z4YHsGDKqxmywG2LPizWEJr0M_I_I_V88OkhAnVr6N5WU>
<MlKVCqQ0fAc>
<We5A9hjywir6vLaKnTDfH7EVfBh7OIxeRf5Uad_JHtPqeDB0Z2Ltr4zB>
<woYggY6uu8MaJ5C_sUwOsAXFiaTJ3Q7EEWE1Eehkl8S47dUZQSFSwns65V_J>
<Xs5Hf7hfeVFKfFIHZh3sDjxtAQ0FHLkj2iC7ui_Ehmb94z4YHsGDKqxmywG2LPizWEJr0M_I_I_V88OkhAnVr6N5WU>
<Xs5Hf7hfeVFKfFIHZh3sDjxtAQ0FHLkj2iC7ui_Ehmb94z4YHsGDKqxmywG2LPizWEJr0M_I_I_V88OkhAnVr6N5WU>
<LzzLSbBeDw2vxpkHJxrxNAH4l>
<Xs5Hf7hfeVFKfFIHZh3sDjxtAQ0FHLkj2iC7ui_Ehmb94z4YHsGDKqxmywG2LPizWEJr0M_I_I_V88OkhAnVr6N5WU>
<EYo_8Pnn>
<woYggY6uu8MaJ5C_sUwOsAXFiaTJ3Q7EEWE1Eehkl8S47dUZQSFSwns65V_J>
<Xs5Hf7hfeVFKfFIHZh3sDjxtAQ0FHLkj2iC7ui_Ehmb94z4YHsGDKqxmywG2LPizWEJr0M_I_I_V88OkhAnVr6N5WU>
<WK9qScHfH0BW9LBvVP0N5HqO3NwutHQ38qkFdhexsp66c92MdyPQreryO_BiMm3g6rHbfep7SxVMvE2>
<BCIz_SSOc>
<Xs5Hf7hfeVFKfFIHZh3sDjxtAQ0FHLkj2iC7ui_Ehmb94z4YHsGDKqxmywG2LPizWEJr0M_I_I_V88OkhAnVr6N5WU>
<zjIVhTqC1oOJsAbDVRCzawMwaz36HOjur6mbRGk4AN>
<c_OnMTfzC>
<LzzLSbBeDw2vxpkHJxrxNAH4l>
<DAbvD7Qutmo_1POKiMKOpaHskzA458MnYnj5yFx8H107s5nJbZrlLxD4XonsuEQSeLQLwyqFKh>
<QdKGgW9_qwTsvnxdiLH6sLp1hqteqZcrxPiL0cHVU66o0vXDKzR5Ugqe3blTIp7DQXWEwp77WZ6Nb1XTqXHiGdtP84i4tJ_fBE>
<We5A9hjywir6vLaKnTDfH7EVfBh7OIxeRf5Uad_JHtPqeDB0Z2Ltr4zB>
<LyN8_btOEdV6YmFemtbRec04J_lXbA95vFgYn3YjuUteH5cOWIIAS>
<LyN8_btOEdV6YmFemtbRec04J_lXbA95vFgYn3YjuUteH5cOWIIAS>
<MlKVCqQ0fAc>
<cnT2O>
<mUVo>
<iC1bbanSV9QsYS0BVH4QxKRR1o>
<We5A9hjywir6vLaKnTDfH7EVfBh7OIxeRf5Uad_JHtPqeDB0Z2Ltr4zB>
<gCSwTwn7KNqicxAP6IL79PzX>
<QdKGgW9_qwTsvnxdiLH6sLp1hqteqZcrxPiL0cHVU66o0vXDKzR5Ugqe3blTIp7DQXWEwp77WZ6Nb1XTqXHiGdtP84i4tJ_fBE>
<9mg8aa77EyaHe6pLFmQnSWYcTr17a31Fu9Xa>
<DAbvD7Qutmo_1POKiMKOpaHskzA458MnYnj5yFx8H107s5nJbZrlLxD4XonsuEQSeLQLwyqFKh>
<TplKxP5gJa2uprlqxzjPUCLMNPMryn8cZTPFpYlPlfRbeTI5ATER1CH29aQZzZzsIRTVqBeXiLEHj9YqA52tK7>
<TplKxP5gJa2uprlqxzjPUCLMNPMryn8cZTPFpYlPlfRbeTI5ATER1CH29aQZzZzsIRTVqBeXiLEHj9YqA52tK7>
<1ol>
<Xs5Hf7hfeVFKfFIHZh3sDjxtAQ0FHLkj2iC7ui_Ehmb94z4YHsGDKqxmywG2LPizWEJr0M_I_I_V88OkhAnVr6N5WU>
<bILqIXw0YuJdJvNflKHPjQCR>
<mUVo>
<9mg8aa77EyaHe6pLFmQnSWYcTr17a31Fu9Xa>
<QdKGgW9_qwTsvnxdiLH6sLp1hqteqZcrxPiL0cHVU66o0vXDKzR5Ugqe3blTIp7DQXWEwp77WZ6Nb1XTqXHiGdtP84i4tJ_fBE>
<Xs5Hf7hfeVFKfFIHZh3sDjxtAQ0FHLkj2iC7ui_Ehmb94z4YHsGDKqxmywG2LPizWEJr0M_I_I_V88OkhAnVr6N5WU>
<c_OnMTfzC>
<c2HmMeA81zSKfMHkFy3hMh7p2RByct9txJ7d0pQ79JI1Vt5giH5b5m3enwJTBxHdrRFpNfYbJoP>
<BCIz_SSOc>
<gdlbExkgEQCWnaNHdWu6lbAlrVjo7QRRMWbIWCOoa2KQgKZA_A4uKiref2aiYaunvL68F9mV6NsZ1kZxV_DsStwb6ir1bNRj9P>
<woYggY6uu8MaJ5C_sUwOsAXFiaTJ3Q7EEWE1Eehkl8S47dUZQSFSwns65V_J>
<9rkI83G4DT4dtRg8qX4_Ya3U4NDtk9WO1z08miMY>
<LyN8_btOEdV6YmFemtbRec04J_lXbA95vFgYn3YjuUteH5cOWIIAS>
<EYo_8Pnn>
<MlKVCqQ0fAc>
<cnT2O>
<mUVo>
<EYo_8Pnn>
<9mg8aa77EyaHe6pLFmQnSWYcTr17a31Fu9Xa>
<cnT2O>
<5DtvOMTw0TYIThUQ0eb3128KDcTYSmxzehURZo5wpm>
<BCIz_SSOc>
<Xs5Hf7hfeVFKfFIHZh3sDjxtAQ0FHLkj2iC7ui_Ehmb94z4YHsGDKqxmywG2LPizWEJr0M_I_I_V88OkhAnVr6N5WU>
<sQaw8MUP>
<Xs5Hf7hfeVFKfFIHZh3sDjxtAQ0FHLkj2iC7ui_Ehmb94z4YHsGDKqxmywG2LPizWEJr0M_I_I_V88OkhAnVr6N5WU>
<Xs5Hf7hfeVFKfFIHZh3sDjxtAQ0FHLkj2iC7ui_Ehmb94z4YHsGDKqxmywG2LPizWEJr0M_I_I_V88OkhAnVr6N5WU>
<yP6H80QCNWepelQYkJXLt2tW9>
<DAbvD7Qutmo_1POKiMKOpaHskzA458MnYnj5yFx8H107s5nJbZrlLxD4XonsuEQSeLQLwyqFKh>
<ElY20xPyqeNmpqA7wur2IWdH1FzjFfbgqbZfkYSgIJ_K84S>
<Xsmm5QptU6qKcfOGajMQ3fKDC8hj7O>
<QdKGgW9_qwTsvnxdiLH6sLp1hqteqZcrxPiL0cHVU66o0vXDKzR5Ugqe3blTIp7DQXWEwp77WZ6Nb1XTqXHiGdtP84i4tJ_fBE>
<Xs5Hf7hfeVFKfFIHZh3sDjxtAQ0FHLkj2iC7ui_Ehmb94z4YHsGDKqxmywG2LPizWEJr0M_I_I_V88OkhAnVr6N5WU>
<Xs5Hf7hfeVFKfFIHZh3sDjxtAQ0FHLkj2iC7ui_Ehmb94z4YHsGDKqxmywG2LPizWEJr0M_I_I_V88OkhAnVr6N5WU>
<MlKVCqQ0fAc>
<zFnr0HtwO8cAnb8zQUe44r1aqpUaoaiZnxA2R0>
<1ol>
<bILqIXw0YuJdJvNflKHPjQCR>
<ZyqLdOCUNMhNkYPOX8gUiYReHDbkHjUKTYxL0s>
<ybXAoIjGtNRukzmlUc1kylhR1npNNN3aCX8SGFfIL3aFsAZP8Zsy6uyV4TT8eRnk9q_6jFknx8VT_htGX6nAyEmgUlSOT>
<MlKVCqQ0fAc>
<Xs5Hf7hfeVFKfFIHZh3sDjxtAQ0FHLkj2iC7ui_Ehmb94z4YHsGDKqxmywG2LPizWEJr0M_I_I_V88OkhAnVr6N5WU>
<Xs5Hf7hfeVFKfFIHZh3sDjxtAQ0FHLkj2iC7ui_Ehmb94z4YHsGDKqxmywG2LPizWEJr0M_I_I_V88OkhAnVr6N5WU>
<Xs5Hf7hfeVFKfFIHZh3sDjxtAQ0FHLkj2iC7ui_Ehmb94z4YHsGDKqxmywG2LPizWEJr0M_I_I_V88OkhAnVr6N5WU>
<rTW0V8fkZvSOQmJljNqfMaaUZBVifcqx7qKObLUi5dB1EX3Knr0kGJUoeYrOpcwWb6he15ByZsAAJ8RxpgqD4qAQ3Dj5IJz>
<cnT2O>
<gdlbExkgEQCWnaNHdWu6lbAlrVjo7QRRMWbIWCOoa2KQgKZA_A4uKiref2aiYaunvL68F9mV6NsZ1kZxV_DsStwb6ir1bNRj9P>
<XeWEffN4ZcWh9IN>
<Xs5Hf7hfeVFKfFIHZh3sDjxtAQ0FHLkj2iC7ui_Ehmb94z4YHsGDKqxmywG2LPizWEJr0M_I_I_V88OkhAnVr6N5WU>
<MlKVCqQ0fAc>
<mRaBz4Sx4YnGzLiqjFXHncIYkWYNTlPfdwukjkx1zkDA2NWLzOB1VeFO7qkm8GXcrOw7JZyGu4oyLB778LMQMYun>
<G9JeJz58Fn8jqldcpvkv_rcDt7QEF7zsPGb4cflNGLXa_QUsIyEl3xWh9kGbDT0O8R2wgvHCUer5akpT_vlnSXJ>
<MlKVCqQ0fAc>
<DAbvD7Qutmo_1POKiMKOpaHskzA458MnYnj5yFx8H107s5nJbZrlLxD4XonsuEQSeLQLwyqFKh>
<c_OnMTfzC>
<T9GVHLvpeXVyLRS3zACzwgQQH_GD5o7aIYGCJ1CFCok7qsYT0wKIK47lukh8tU98FEZFobsSRl>
<JS5e_URUnNvf4GQ_4c6D6F1ZJ42UspqGim3s9X4BJnQy5SRsgBLg76q_K1pNtssdXZhaCyAAB1g>
<H71FKf3qNxNpdkls0ayp9r8F6uVh>
<ybXAoIjGtNRukzmlUc1kylhR1npNNN3aCX8SGFfIL3aFsAZP8Zsy6uyV4TT8eRnk9q_6jFknx8VT_htGX6nAyEmgUlSOT>
<arDj4tSxtSwYH9d4DRzKGIirbiDtN7rWbInnQBzUXPDwyQTgwIKTPG2mVawSHTd4QLmLMeNC>
<ElY20xPyqeNmpqA7wur2IWdH1FzjFfbgqbZfkYSgIJ_K84S>
<cnT2O>
<ybXAoIjGtNRukzmlUc1kylhR1npNNN3aCX8SGFfIL3aFsAZP8Zsy6uyV4TT8eRnk9q_6jFknx8VT_htGX6nAyEmgUlSOT>
<woYggY6uu8MaJ5C_sUwOsAXFiaTJ3Q7EEWE1Eehkl8S47dUZQSFSwns65V_J>
<We5A9hjywir6vLaKnTDfH7EVfBh7OIxeRf5Uad_JHtPqeDB0Z2Ltr4zB>
<c_OnMTfzC>
<We5A9hjywir6vLaKnTDfH7EVfBh7OIxeRf5Uad_JHtPqeDB0Z2Ltr4zB>
<zFnr0HtwO8cAnb8zQUe44r1aqpUaoaiZnxA2R0>
<1ol>
<NUMrdKCIqBj5j>
<Xs5Hf7hfeVFKfFIHZh3sDjxtAQ0FHLkj2iC7ui_Ehmb94z4YHsGDKqxmywG2LPizWEJr0M_I_I_V88OkhAnVr6N5WU>
<XJjFCpzokTKEVZYV5cm9DOMQ56_aWsNdbTI7r49WIo5eJnSaHGry14tT_VJ2eB9BMarpZWFYTWJK7PTp2njqyvr>
<H71FKf3qNxNpdkls0ayp9r8F6uVh>
<DAbvD7Qutmo_1POKiMKOpaHskzA458MnYnj5yFx8H107s5nJbZrlLxD4XonsuEQSeLQLwyqFKh>
<ZyqLdOCUNMhNkYPOX8gUiYReHDbkHjUKTYxL0s>
<MlKVCqQ0fAc>
<im52P3KXG17lwsdBJTkULPGmm02JGtPu5EHY0hrpL0ur6hAcrGmnzsULf_Qx9HMGr1vLO97TIfVP>
<ElY20xPyqeNmpqA7wur2IWdH1FzjFfbgqbZfkYSgIJ_K84S>
<MlKVCqQ0fAc>
<BCIz_SSOc>
<Rt1UvUhDY4YQhm4M6clbb2TyefizivjAwL9aINhyTp8L7OaF2QKqi>
<Xs5Hf7hfeVFKfFIHZh3sDjxtAQ0FHLkj2iC7ui_Ehmb94z4YHsGDKqxmywG2LPizWEJr0M_I_I_V88OkhAnVr6N5WU>
<ElY20xPyqeNmpqA7wur2IWdH1FzjFfbgqbZfkYSgIJ_K84S>
<Xs5Hf7hfeVFKfFIHZh3sDjxtAQ0FHLkj2iC7ui_Ehmb94z4YHsGDKqxmywG2LPizWEJr0M_I_I_V88OkhAnVr6N5WU>
<Xs5Hf7hfeVFKfFIHZh3sDjxtAQ0FHLkj2iC7ui_Ehmb94z4YHsGDKqxmywG2LPizWEJr0M_I_I_V88OkhAnVr6N5WU>
<ngUB5B4evKoMVBU8zQMZ5cSrEG5d1hCGlNxGHsAirfbMXIhQf_rMWTDSQOQ1Vj5g6j6BiwoaLIynAepi1YFPIlAN>
<Xs5Hf7hfeVFKfFIHZh3sDjxtAQ0FHLkj2iC7ui_Ehmb94z4YHsGDKqxmywG2LPizWEJr0M_I_I_V88OkhAnVr6N5WU>
<Xs5Hf7hfeVFKfFIHZh3sDjxtAQ0FHLkj2iC7ui_Ehmb94z4YHsGDKqxmywG2LPizWEJr0M_I_I_V88OkhAnVr6N5WU>
<woYggY6uu8MaJ5C_sUwOsAXFiaTJ3Q7EEWE1Eehkl8S47dUZQSFSwns65V_J>
<aKNCD0K7OSZN9dAPb3LdQbTij5ih31ReLQH83J80CKgtm6txPXKsdP29u86BzqSiFwEfUf3HuOhHs_v54_>
<c_OnMTfzC>
<gdlbExkgEQCWnaNHdWu6lbAlrVjo7QRRMWbIWCOoa2KQgKZA_A4uKiref2aiYaunvL68F9mV6NsZ1kZxV_DsStwb6ir1bNRj9P>
<c_OnMTfzC>
<CT1MZ9SqRNkQR>
<Q_bfbAIfZRy_7sAnAoBQ1Xb6LhxVEnp0vgyCcm>
<CT1MZ9SqRNkQR>
<We5A9hjywir6vLaKnTDfH7EVfBh7OIxeRf5Uad_JHtPqeDB0Z2Ltr4zB>
<c_OnMTfzC>
<msNenFYzt_bsvmFP_5VcD8VNQF_yor5_WhWa5hhqrP7HbAmxROgsq5AubF93BK8ezkXu>
<MpPc8NhxYjIyB4mCmrLlQNQGpFBXEFpYv7ZpGurvJogaI9pYa>
<MlKVCqQ0fAc>
<woYggY6uu8MaJ5C_sUwOsAXFiaTJ3Q7EEWE1Eehkl8S47dUZQSFSwns65V_J>
<_bEyaR4k1Mg8_Rge2QUJKkr9FGAF_YDsy0hLqC0qGqV0rlljiGwd>
<VUGNq6Nzbxz>
<EUHwlVeKq>
<CT1MZ9SqRNkQR>
<gdlbExkgEQCWnaNHdWu6lbAlrVjo7QRRMWbIWCOoa2KQgKZA_A4uKiref2aiYaunvL68F9mV6NsZ1kZxV_DsStwb6ir1bNRj9P>
<H71FKf3qNxNpdkls0ayp9r8F6uVh>
<XJjFCpzokTKEVZYV5cm9DOMQ56_aWsNdbTI7r49WIo5eJnSaHGry14tT_VJ2eB9BMarpZWFYTWJK7PTp2njqyvr>
<c_OnMTfzC>
<_inZFpd07QyYjxxOHbjLBGE6N6WerEQEUxpOEgfz7Q4gy6wSzF2SYYwKtmlnJtEhUhGZf23xeuPBMk1Jv4BnyYLF>
<PqtfXMhuAdDd_TloFpgQaG6_X5_S5NhjFWSJJgw5EKbxTbFyHzQIjqoMCSzVpivsbXjURLpq>
<arDj4tSxtSwYH9d4DRzKGIirbiDtN7rWbInnQBzUXPDwyQTgwIKTPG2mVawSHTd4QLmLMeNC>
<yP6H80QCNWepelQYkJXLt2tW9>
<VUGNq6Nzbxz>
<WdTA7hD8QOEst>
<_bEyaR4k1Mg8_Rge2QUJKkr9FGAF_YDsy0hLqC0qGqV0rlljiGwd>
<Xs5Hf7hfeVFKfFIHZh3sDjxtAQ0FHLkj2iC7ui_Ehmb94z4YHsGDKqxmywG2LPizWEJr0M_I_I_V88OkhAnVr6N5WU>
<DAbvD7Qutmo_1POKiMKOpaHskzA458MnYnj5yFx8H107s5nJbZrlLxD4XonsuEQSeLQLwyqFKh>
<MlKVCqQ0fAc>
<OzxNo_IafbPEqNjN15KO1bmDz4TY7ckVX5kF_WjT_VjdAPku>
<ybXAoIjGtNRukzmlUc1kylhR1npNNN3aCX8SGFfIL3aFsAZP8Zsy6uyV4TT8eRnk9q_6jFknx8VT_htGX6nAyEmgUlSOT>
<woYggY6uu8MaJ5C_sUwOsAXFiaTJ3Q7EEWE1Eehkl8S47dUZQSFSwns65V_J>
<gdlbExkgEQCWnaNHdWu6lbAlrVjo7QRRMWbIWCOoa2KQgKZA_A4uKiref2aiYaunvL68F9mV6NsZ1kZxV_DsStwb6ir1bNRj9P>
<MnbswTkw_FFz0AYcLTHo6Xrunwx3WUJLF0b2lUXScYt0kFXg5qiXZ_cWhPLej8PnQCtjs5bAEW09o47kfSg>
<BCIz_SSOc>
<Xs5Hf7hfeVFKfFIHZh3sDjxtAQ0FHLkj2iC7ui_Ehmb94z4YHsGDKqxmywG2LPizWEJr0M_I_I_V88OkhAnVr6N5WU>
<7j9nDkijQIZ6UAznLy9e1UNiB0hkfFGdi0yU_PLRR8MoJFYEkHWUvxAi6lJbUHWpPYUGQyRGz15VfzXa>
<woYggY6uu8MaJ5C_sUwOsAXFiaTJ3Q7EEWE1Eehkl8S47dUZQSFSwns65V_J>
<c2HmMeA81zSKfMHkFy3hMh7p2RByct9txJ7d0pQ79JI1Vt5giH5b5m3enwJTBxHdrRFpNfYbJoP>
<aN>
<go6rZ5FynxW_JA0WFCSviLrzmBqqiQY1GisdvTBooxEfwmmz2RLBxyHfYdItlWoAUGfAqJWwN26MOLQhop8>
<Xs5Hf7hfeVFKfFIHZh3sDjxtAQ0FHLkj2iC7ui_Ehmb94z4YHsGDKqxmywG2LPizWEJr0M_I_I_V88OkhAnVr6N5WU>
<XeWEffN4ZcWh9IN>
<CT1MZ9SqRNkQR>
<ElY20xPyqeNmpqA7wur2IWdH1FzjFfbgqbZfkYSgIJ_K84S>
<ElY20xPyqeNmpqA7wur2IWdH1FzjFfbgqbZfkYSgIJ_K84S>
<DAbvD7Qutmo_1POKiMKOpaHskzA458MnYnj5yFx8H107s5nJbZrlLxD4XonsuEQSeLQLwyqFKh>
<ZyqLdOCUNMhNkYPOX8gUiYReHDbkHjUKTYxL0s>
<ybXAoIjGtNRukzmlUc1kylhR1npNNN3aCX8SGFfIL3aFsAZP8Zsy6uyV4TT8eRnk9q_6jFknx8VT_htGX6nAyEmgUlSOT>
<MlKVCqQ0fAc>
<lHf94UYHXlBFH3NUHm2EN_MJqSYBnJtPIQbRb3iqO3V954GchsXz05iEb>
<JS5e_URUnNvf4GQ_4c6D6F1ZJ42UspqGim3s9X4BJnQy5SRsgBLg76q_K1pNtssdXZhaCyAAB1g>
<cnT2O>
<LAGTUw01ULRaPlTt5d94B2VthG6wR6mBUOjEO15j4jV9jg5q8X3QD8WoEBLZG9cEPhDRj5l9xzsYUVoAkhetlPw>
<woYggY6uu8MaJ5C_sUwOsAXFiaTJ3Q7EEWE1Eehkl8S47dUZQSFSwns65V_J>
<93RySBEUIJxAmUt61GArquXy5vKnbEKTCTy>
<woYggY6uu8MaJ5C_sUwOsAXFiaTJ3Q7EEWE1Eehkl8S47dUZQSFSwns65V_J>
<SgUWM5trG0>
<eP1NMV7MMIQhmFUHzMm43EomG5ow1eL994vZ6xejyj1a1irS7uJE2YB>
<sQaw8MUP>
<woYggY6uu8MaJ5C_sUwOsAXFiaTJ3Q7EEWE1Eehkl8S47dUZQSFSwns65V_J>
<J941ctHSGq7cFdDsKruSGhEMLwv04kj6u>
<RjfCCsHFPOooP2tPe7ceyvD0o6cCTyk992ktvyBInqqggyC3R9uCYZ9>
<_bEyaR4k1Mg8_Rge2QUJKkr9FGAF_YDsy0hLqC0qGqV0rlljiGwd>
<mRaBz4Sx4YnGzLiqjFXHncIYkWYNTlPfdwukjkx1zkDA2NWLzOB1VeFO7qkm8GXcrOw7JZyGu4oyLB778LMQMYun>
<93RySBEUIJxAmUt61GArquXy5vKnbEKTCTy>
<Ydw>
<MnbswTkw_FFz0AYcLTHo6Xrunwx3WUJLF0b2lUXScYt0kFXg5qiXZ_cWhPLej8PnQCtjs5bAEW09o47kfSg>
<wHjjgBXN0Iu2t997hJ0Uw6>
<Rt1UvUhDY4YQhm4M6clbb2TyefizivjAwL9aINhyTp8L7OaF2QKqi>
<JXFSf5KxdxrQUcpSMyJObughOXo9sNy2Xj_0wKdJxje6JyFFR9hB7RZ6ZKfq14N>
<Q_bfbAIfZRy_7sAnAoBQ1Xb6LhxVEnp0vgyCcm>
<We5A9hjywir6vLaKnTDfH7EVfBh7OIxeRf5Uad_JHtPqeDB0Z2Ltr4zB>
<O9i_xqjT0pOh4C1dL1UTAEo9hW8SNYwuxRp0zTVZia5qqLtwcy7DLoueYDcPkMvdgTYTdSPJ4hdqOpBpY1JMucMJhChX5KDYP>
<T9GVHLvpeXVyLRS3zACzwgQQH_GD5o7aIYGCJ1CFCok7qsYT0wKIK47lukh8tU98FEZFobsSRl>
<Xs5Hf7hfeVFKfFIHZh3sDjxtAQ0FHLkj2iC7ui_Ehmb94z4YHsGDKqxmywG2LPizWEJr0M_I_I_V88OkhAnVr6N5WU>
<BCIz_SSOc>
<1ol>
<PrES4MO7tSHzcjEVgskosm_ko6>
<MlKVCqQ0fAc>
<JIvMG1Q2nxN5WNV5lOZGjG0xcwWYv0ON5O6G5JAGAjt0A03o6qqRS1mmMx_XCWCGTW0ahZZTA>
<gdlbExkgEQCWnaNHdWu6lbAlrVjo7QRRMWbIWCOoa2KQgKZA_A4uKiref2aiYaunvL68F9mV6NsZ1kZxV_DsStwb6ir1bNRj9P>
<JXFSf5KxdxrQUcpSMyJObughOXo9sNy2Xj_0wKdJxje6JyFFR9hB7RZ6ZKfq14N>
<45>
<DAbvD7Qutmo_1POKiMKOpaHskzA458MnYnj5yFx8H107s5nJbZrlLxD4XonsuEQSeLQLwyqFKh>
<xSn_kauxvf8Iy4dAC3gXc>
<We5A9hjywir6vLaKnTDfH7EVfBh7OIxeRf5Uad_JHtPqeDB0Z2Ltr4zB>
<2u0IyJwgtUI0AzMmj1Ke9snN2oxKi>
<aKNCD0K7OSZN9dAPb3LdQbTij5ih31ReLQH83J80CKgtm6txPXKsdP29u86BzqSiFwEfUf3HuOhHs_v54_>
<gdlbExkgEQCWnaNHdWu6lbAlrVjo7QRRMWbIWCOoa2KQgKZA_A4uKiref2aiYaunvL68F9mV6NsZ1kZxV_DsStwb6ir1bNRj9P>
<H71FKf3qNxNpdkls0ayp9r8F6uVh>
<woYggY6uu8MaJ5C_sUwOsAXFiaTJ3Q7EEWE1Eehkl8S47dUZQSFSwns65V_J>
<ekFhQYqioDYfNm_PsiH7iXGrn32uGO64gdtpTmxe1p_FMQjaMspo4mCBAOI9MZVbi6qqWI_irQ>
<PrES4MO7tSHzcjEVgskosm_ko6>
<u4kYNYPqwQGlDtvU4UJKtqQccVzY6rXoMupITaxAsJL7QZYtwMn6oRSyHWaL2Bfp2ym5uFiDWzxYnBarj148g8KJZl>
<4qd4EZn1kBHre>
<We5A9hjywir6vLaKnTDfH7EVfBh7OIxeRf5Uad_JHtPqeDB0Z2Ltr4zB>
<PrES4MO7tSHzcjEVgskosm_ko6>
<DAbvD7Qutmo_1POKiMKOpaHskzA458MnYnj5yFx8H107s5nJbZrlLxD4XonsuEQSeLQLwyqFKh>
<VqyH4qzvLvb65qgV4T6Zr_pM62dERaTMCq5B>
<WdTA7hD8QOEst>
<DPrIyOLKqljOuSlbVCMp>
<XoGcDCaUxZwhzWljnu3q70cACEX_ZI2Og2XScRCCCfeW6NQKrLVC81sX0Fus635rH3gbLxzNn>
<qQrCWvA9Q0KS7bKMAw4E4ZZmzIGfVempYjLndVumbjQqiOpVTbHmSgxIlkcInJGlQyYIkWp6VQf7tDkfgOT>
<PrES4MO7tSHzcjEVgskosm_ko6>
<hTB>
<vyRYX9ouKvLnzsn1KgEH8eHmjLIFsNiBWDxjw49PJmFBA3anxoTt74rWwTE1oCvWtsFzCET7mA9r2HRoHDSZpiJHupou>
<JXFSf5KxdxrQUcpSMyJObughOXo9sNy2Xj_0wKdJxje6JyFFR9hB7RZ6ZKfq14N>
<MlKVCqQ0fAc>
<zFnr0HtwO8cAnb8zQUe44r1aqpUaoaiZnxA2R0>
<D0AKIYQK1fDkVSInkWYDc9ZwvT6g5oy2xYw9BTX09oz>
<u4kYNYPqwQGlDtvU4UJKtqQccVzY6rXoMupITaxAsJL7QZYtwMn6oRSyHWaL2Bfp2ym5uFiDWzxYnBarj148g8KJZl>
<DL07IB0avV19meIyhdka6eveAjeWFnvc29E9XTipOsR7pXDjr8lF2i8nyqQRleSspAjYj6OPuXtlNK7gdY_R8>
<9mg8aa77EyaHe6pLFmQnSWYcTr17a31Fu9Xa>
<XoGcDCaUxZwhzWljnu3q70cACEX_ZI2Og2XScRCCCfeW6NQKrLVC81sX0Fus635rH3gbLxzNn>
<ybXAoIjGtNRukzmlUc1kylhR1npNNN3aCX8SGFfIL3aFsAZP8Zsy6uyV4TT8eRnk9q_6jFknx8VT_htGX6nAyEmgUlSOT>
<rWIEjYrRTAMN6UKKRy_Py_AWQQpMa7R1nKufuKLbnwhpfQJF1iok7N3PWp0DrXwKaEBuEPXreCT7ILs8mRrpBu_5TuBnCdr>
<Xs5Hf7hfeVFKfFIHZh3sDjxtAQ0FHLkj2iC7ui_Ehmb94z4YHsGDKqxmywG2LPizWEJr0M_I_I_V88OkhAnVr6N5WU>
<yu6sVJ1b0tlwM_S1ftrJFLXAn>
<weGpIHXG0nMEFu_YacRWBlBW9jUDxmdwXSqswQwDgUnvwmOnTiX_kB62NfWNeO3gqECPMQJ3YvQsN>
<ElY20xPyqeNmpqA7wur2IWdH1FzjFfbgqbZfkYSgIJ_K84S>
<CT1MZ9SqRNkQR>
<go6rZ5FynxW_JA0WFCSviLrzmBqqiQY1GisdvTBooxEfwmmz2RLBxyHfYdItlWoAUGfAqJWwN26MOLQhop8>
<eUeotlsKegCLhVuFr3U9XbwIvwxakUCI6NAw>
<weGpIHXG0nMEFu_YacRWBlBW9jUDxmdwXSqswQwDgUnvwmOnTiX_kB62NfWNeO3gqECPMQJ3YvQsN>
<1wIkj9whVLvy77zm2hYH7jX8JEnK5zOs30b4vROEX3AtjgC7Y54Canw>
<KJiwskpi>
<JIvMG1Q2nxN5WNV5lOZGjG0xcwWYv0ON5O6G5JAGAjt0A03o6qqRS1mmMx_XCWCGTW0ahZZTA>
<Q_bfbAIfZRy_7sAnAoBQ1Xb6LhxVEnp0vgyCcm>
<NUMrdKCIqBj5j>
<LoTfbKH5SlxOOnSZ5L76TuVVEirYQryLrr6laCA0nkT_kwfcbJcMU0gIFZu9x>
<sQaw8MUP>
<Rt1UvUhDY4YQhm4M6clbb2TyefizivjAwL9aINhyTp8L7OaF2QKqi>
<HTj17_L8FAzpZXyw9o>
<Va9TNzfGZHN0_g_TYf5hARuF3UdS_Y>
<msNenFYzt_bsvmFP_5VcD8VNQF_yor5_WhWa5hhqrP7HbAmxROgsq5AubF93BK8ezkXu>
<wZsIp6CqvnhKDEmF8lg>
<WdTA7hD8QOEst>
<K1se3fLIkBTq5V4oA4S12C6OLnhl41odV0QISo3STjkC_R8lxAEkEFd>
<BCIz_SSOc>
<aN>
<2u0IyJwgtUI0AzMmj1Ke9snN2oxKi>
<TplKxP5gJa2uprlqxzjPUCLMNPMryn8cZTPFpYlPlfRbeTI5ATER1CH29aQZzZzsIRTVqBeXiLEHj9YqA52tK7>
<VlCbLQWlsCLnyXL387Zq53kcwHjkdsIYlE7CtZkpHVbw>
<Q8cIduyW7mLdZSBKLIKgU8jNF434v3jasq_>
<ZyqLdOCUNMhNkYPOX8gUiYReHDbkHjUKTYxL0s>
<msNenFYzt_bsvmFP_5VcD8VNQF_yor5_WhWa5hhqrP7HbAmxROgsq5AubF93BK8ezkXu>
<XJjFCpzokTKEVZYV5cm9DOMQ56_aWsNdbTI7r49WIo5eJnSaHGry14tT_VJ2eB9BMarpZWFYTWJK7PTp2njqyvr>
<ZJBzWQIz3ROyjRJuGrUM3WMqtYBxK_mtp9lukFr1sPI9Lz_4XNOjgx3C4ZM5HwYZecdx_iiUdlipxGMjy>
<5DtvOMTw0TYIThUQ0eb3128KDcTYSmxzehURZo5wpm>
<Lqpb8rqBY4w653mQAeFopXqvzIeyeHjo0KP4yClzcTIlVl6Vgfuld9Kivqoe_4cj>
<zFnr0HtwO8cAnb8zQUe44r1aqpUaoaiZnxA2R0>
<ZB1Y7VOC>
<93RySBEUIJxAmUt61GArquXy5vKnbEKTCTy>
<DYa3qpKlYXN5A4zCsOL8gwqIVhnJddS1IasWZhpsxk0eZ7UCcCkucghcFJukfBER73gw4a>
<Xs5Hf7hfeVFKfFIHZh3sDjxtAQ0FHLkj2iC7ui_Ehmb94z4YHsGDKqxmywG2LPizWEJr0M_I_I_V88OkhAnVr6N5WU>
<JbvD3s8D6V>
<9Mmvw76fSFUT>
<xSn_kauxvf8Iy4dAC3gXc>
<H71FKf3qNxNpdkls0ayp9r8F6uVh>
<J1T39p_3bFRNUz2Eq4CxywGrm>
<Va9TNzfGZHN0_g_TYf5hARuF3UdS_Y>
<oWFawo8>
<LzzLSbBeDw2vxpkHJxrxNAH4l>
<woYggY6uu8MaJ5C_sUwOsAXFiaTJ3Q7EEWE1Eehkl8S47dUZQSFSwns65V_J>
<CwvgYBSmW_sYww7PN5i95yzhukBnhP3LbkrNmx_gJFIG3pBSN_rel70l38Zh>
<gdlbExkgEQCWnaNHdWu6lbAlrVjo7QRRMWbIWCOoa2KQgKZA_A4uKiref2aiYaunvL68F9mV6NsZ1kZxV_DsStwb6ir1bNRj9P>
<IEX_Vt9FF9EeXMe43aCbGexgEe_W8JR_RHsIC4Tfp>
<DPrIyOLKqljOuSlbVCMp>
<LHHXYzac12brpKMDY8iYYvZzJw9mLoFKbFCKM2myhDo72eTS_4bpxe>
<Xsmm5QptU6qKcfOGajMQ3fKDC8hj7O>
<Va9TNzfGZHN0_g_TYf5hARuF3UdS_Y>
<ucWUqIw1tgbpggp9BIdSEtRq9GomSyOw69W6_6pvpJ0jTM2MUA9sMidMXUMtDJy77Uz3IB276sevFhrR0jbg0>
<im52P3KXG17lwsdBJTkULPGmm02JGtPu5EHY0hrpL0ur6hAcrGmnzsULf_Qx9HMGr1vLO97TIfVP>
<cnT2O>
<l6yYnBy7Io5jWoDSoCWz_yRB0fYgnIrpFenPUgAZ4xIddn9Cjlp4nzbaGwzfK0EGgIM0uzna8u7ea3tFbTPTdqJN1>
<DNmYn8wHbE>
<c_OnMTfzC>
<MlKVCqQ0fAc>
<sQaw8MUP>
<krrbbscq2TCDoMHifTMqIul5YODLb8gqzr8A_38iI2MZtleUacdbhmN968Ea>
<aKNCD0K7OSZN9dAPb3LdQbTij5ih31ReLQH83J80CKgtm6txPXKsdP29u86BzqSiFwEfUf3HuOhHs_v54_>
<wRKoNqZyT0xtn9uM7ULcz_gR_Ds46tfzxCBOV10a0YMHoHsUmQETaMmv7Vxl4ePBZspbrnZL6Cj>
<37iXldlizh1N8l7PZa9Y1AWt_4z1mNhYC>
<SgUWM5trG0>
<Q_bfbAIfZRy_7sAnAoBQ1Xb6LhxVEnp0vgyCcm>
<NtcDTX8eJBhT2idyEFb8mA0UzEUWqsMtHrpgXD4p_kNhW9rg9peMvmyFAOMMT0NZo1GivcL0OmIaHzDnuSgH>
<lHf94UYHXlBFH3NUHm2EN_MJqSYBnJtPIQbRb3iqO3V954GchsXz05iEb>
<kp9QGo5NTkwJZquyp0xtQFO6DGdu8F_MQ6WCM4SwFzq3M3HV6U>
<mty37a0qA_4Yy_TFLNFpzJLKrowUg6m6vgmVkP2>
<mty37a0qA_4Yy_TFLNFpzJLKrowUg6m6vgmVkP2>
<CT1MZ9SqRNkQR>
<84ktf75zPhJuk3ggBFkFplCiWNQsspY1xNB8EfD7T0BmD>
<Va9TNzfGZHN0_g_TYf5hARuF3UdS_Y>
<37iXldlizh1N8l7PZa9Y1AWt_4z1mNhYC>
<pe6nTsl7CqU_C1BLGMsfEBsGtqCk8hvkgTjcd0HJ9vXgaNsEvYk1jhykEUZJZGJCHG71ruywzQtOHqLHjA2eDRr8QDLjJYpKBj7>
<woYggY6uu8MaJ5C_sUwOsAXFiaTJ3Q7EEWE1Eehkl8S47dUZQSFSwns65V_J>
<We5A9hjywir6vLaKnTDfH7EVfBh7OIxeRf5Uad_JHtPqeDB0Z2Ltr4zB>
<Xs5Hf7hfeVFKfFIHZh3sDjxtAQ0FHLkj2iC7ui_Ehmb94z4YHsGDKqxmywG2LPizWEJr0M_I_I_V88OkhAnVr6N5WU>
<9rkI83G4DT4dtRg8qX4_Ya3U4NDtk9WO1z08miMY>
<CT1MZ9SqRNkQR>
<JbvD3s8D6V>
<c_OnMTfzC>
<woYggY6uu8MaJ5C_sUwOsAXFiaTJ3Q7EEWE1Eehkl8S47dUZQSFSwns65V_J>
<yGO474NjpsScmSPSqu328qmkwK6AyYKQMmEWCsSCjDsyuUFpZ8OZEkZLSbOJR4gyjRQj6yt4cN8CEzTC6>
<9mg8aa77EyaHe6pLFmQnSWYcTr17a31Fu9Xa>
<pv6fE58qJ8GS3io5CaYGNnTP2vBep8uZBXFVvx_x1lqNUbUvKWCD4HOHpXiaVqyenDlE1>
<woYggY6uu8MaJ5C_sUwOsAXFiaTJ3Q7EEWE1Eehkl8S47dUZQSFSwns65V_J>
<J941ctHSGq7cFdDsKruSGhEMLwv04kj6u>
<DAbvD7Qutmo_1POKiMKOpaHskzA458MnYnj5yFx8H107s5nJbZrlLxD4XonsuEQSeLQLwyqFKh>
<BCIz_SSOc>
<ekFhQYqioDYfNm_PsiH7iXGrn32uGO64gdtpTmxe1p_FMQjaMspo4mCBAOI9MZVbi6qqWI_irQ>
<T9GVHLvpeXVyLRS3zACzwgQQH_GD5o7aIYGCJ1CFCok7qsYT0wKIK47lukh8tU98FEZFobsSRl>
<Q_bfbAIfZRy_7sAnAoBQ1Xb6LhxVEnp0vgyCcm>
<wwsLji2G2qtAnXOguazd>
<wZsIp6CqvnhKDEmF8lg>
<cX_T6djvmzhVsPgNZIPEJxfyBegcrtFOUTXlHnz>
<c_OnMTfzC>
<We5A9hjywir6vLaKnTDfH7EVfBh7OIxeRf5Uad_JHtPqeDB0Z2Ltr4zB>
<JIvMG1Q2nxN5WNV5lOZGjG0xcwWYv0ON5O6G5JAGAjt0A03o6qqRS1mmMx_XCWCGTW0ahZZTA>
<9mg8aa77EyaHe6pLFmQnSWYcTr17a31Fu9Xa>
<1ol>
<93RySBEUIJxAmUt61GArquXy5vKnbEKTCTy>
<pzKDgRfZDLC90rVl9CuFGa86gir7G0hzqcLqVCCFOU869VVWtr34p0pWNyaTlVn15g_9_wNDwsWBNfhgY>
<EYKt5DBl0xgq0>
<vI_U5DyP4hwdq6lqKe8V_1RuYw123zkn05Ow2k5RT04J92wB6u2HHh0ara2F8>
<84ktf75zPhJuk3ggBFkFplCiWNQsspY1xNB8EfD7T0BmD>
<84ktf75zPhJuk3ggBFkFplCiWNQsspY1xNB8EfD7T0BmD>
-----
