1000110111110101000000000110101001000100100111011000001101001100011101110010100000110010111010000001101101110000001010111011010000010011100010011000101000001001010101011000011111000
<X8dJRzUKPJTm1yS>
<X8dJRzUKPJTm1yS>
<X8dJRzUKPJTm1yS>
<X8dJRzUKPJTm1yS>
<UGfvH2_bUlyqMIrs8E5L5qDJgDCVahkaWFdS58_D9sEfaqyCJOy9>
<zGZNqhO8Y4GuIFbXkLMcMDmT5WucSZrqE56ng7BuD7W2HzaRNQb21DM_e07p9lsHTrFrZgYf4yHtE>
<X8dJRzUKPJTm1yS>
<X8dJRzUKPJTm1yS>
<b3c5gcLb3crh>
<X8dJRzUKPJTm1yS>
<UhEDyutj9C7iuUJMkRffTyUy1jcTPgxMsYZirCILvDM2WWvEZmoY6n7YR1qmxhpCC7GOASnJnGGDofjMVO0rsXyo2pVgSlJ>
<UhEDyutj9C7iuUJMkRffTyUy1jcTPgxMsYZirCILvDM2WWvEZmoY6n7YR1qmxhpCC7GOASnJnGGDofjMVO0rsXyo2pVgSlJ>
<UGfvH2_bUlyqMIrs8E5L5qDJgDCVahkaWFdS58_D9sEfaqyCJOy9>
<UGfvH2_bUlyqMIrs8E5L5qDJgDCVahkaWFdS58_D9sEfaqyCJOy9>
<X8dJRzUKPJTm1yS>
<X83W9jGWDWqb9tiUrRj6BTsR0MEkOxQuWzMoFZkQZR2QosAGBQn>
<b3c5gcLb3crh>
<b3c5gcLb3crh>
<X8dJRzUKPJTm1yS>
<b3c5gcLb3crh>
<X8dJRzUKPJTm1yS>
<X8dJRzUKPJTm1yS>
<UhEDyutj9C7iuUJMkRffTyUy1jcTPgxMsYZirCILvDM2WWvEZmoY6n7YR1qmxhpCC7GOASnJnGGDofjMVO0rsXyo2pVgSlJ>
<X8dJRzUKPJTm1yS>
<b3c5gcLb3crh>
<mR5alZF8608B6wCZhYYingdxyDBtnb1dbtiOahuH2URzjvzi2OergYrZC2yqlXgPLZjleR2ItWw3p9nzeoTPBzLxHV2>
<X8dJRzUKPJTm1yS>
<UGfvH2_bUlyqMIrs8E5L5qDJgDCVahkaWFdS58_D9sEfaqyCJOy9>
<UhEDyutj9C7iuUJMkRffTyUy1jcTPgxMsYZirCILvDM2WWvEZmoY6n7YR1qmxhpCC7GOASnJnGGDofjMVO0rsXyo2pVgSlJ>
<UGfvH2_bUlyqMIrs8E5L5qDJgDCVahkaWFdS58_D9sEfaqyCJOy9>
<QQEoaLcWWXXl2mjZRavkW1_bOskXyZEPaP2Sg11Oty2k6_yg4MjBrexvGNWMaPaMbi5pggWMMoihtWW>
<UGfvH2_bUlyqMIrs8E5L5qDJgDCVahkaWFdS58_D9sEfaqyCJOy9>
<X8dJRzUKPJTm1yS>
<mR5alZF8608B6wCZhYYingdxyDBtnb1dbtiOahuH2URzjvzi2OergYrZC2yqlXgPLZjleR2ItWw3p9nzeoTPBzLxHV2>
<b3c5gcLb3crh>
<X8dJRzUKPJTm1yS>
<b3c5gcLb3crh>
<klG1XkgF6ACqBMF8D3AM6DvfHFOgKYOSeQNHreoF1QOqPw4t_yBqFNk2rha6zNsDigxG8CfzpvoQZbbSHoniUpwaX>
<b3c5gcLb3crh>
<X8dJRzUKPJTm1yS>
<X8dJRzUKPJTm1yS>
<X8dJRzUKPJTm1yS>
<X8dJRzUKPJTm1yS>
<UhEDyutj9C7iuUJMkRffTyUy1jcTPgxMsYZirCILvDM2WWvEZmoY6n7YR1qmxhpCC7GOASnJnGGDofjMVO0rsXyo2pVgSlJ>
<UGfvH2_bUlyqMIrs8E5L5qDJgDCVahkaWFdS58_D9sEfaqyCJOy9>
<vAC5gtC4GAR__wT_zMFNJNiqMz>
<mR5alZF8608B6wCZhYYingdxyDBtnb1dbtiOahuH2URzjvzi2OergYrZC2yqlXgPLZjleR2ItWw3p9nzeoTPBzLxHV2>
<UGfvH2_bUlyqMIrs8E5L5qDJgDCVahkaWFdS58_D9sEfaqyCJOy9>
<hsg7AS2GlSwYBBmQhVlb3QATBJZKxQgwDxOh1Syl1X454rgMeIE22fwaDIMxFb4r5NE7FZ810v5qYYlahjIIFtf1ajEdrupIi>
<UGfvH2_bUlyqMIrs8E5L5qDJgDCVahkaWFdS58_D9sEfaqyCJOy9>
<X8dJRzUKPJTm1yS>
<X8dJRzUKPJTm1yS>
<UhEDyutj9C7iuUJMkRffTyUy1jcTPgxMsYZirCILvDM2WWvEZmoY6n7YR1qmxhpCC7GOASnJnGGDofjMVO0rsXyo2pVgSlJ>
<X8dJRzUKPJTm1yS>
<mMbp4GU1wxueZL8hh5yUtQPt>
<5ZytpnZXTCTyIXf2a6ljx4oFiu3HfAMRYDytBnaLMNPnNJi3wG3lBV>
<UGfvH2_bUlyqMIrs8E5L5qDJgDCVahkaWFdS58_D9sEfaqyCJOy9>
<eSjxeiFlCdeFdygVuNYDzzmLMrFN>
<X83W9jGWDWqb9tiUrRj6BTsR0MEkOxQuWzMoFZkQZR2QosAGBQn>
<X8dJRzUKPJTm1yS>
<ReFZ_Kg6PdbUeI5kZU6MJoY9aIHQStT_El_pvgG08VZzbh>
<zGZNqhO8Y4GuIFbXkLMcMDmT5WucSZrqE56ng7BuD7W2HzaRNQb21DM_e07p9lsHTrFrZgYf4yHtE>
<X8dJRzUKPJTm1yS>
<hsg7AS2GlSwYBBmQhVlb3QATBJZKxQgwDxOh1Syl1X454rgMeIE22fwaDIMxFb4r5NE7FZ810v5qYYlahjIIFtf1ajEdrupIi>
<klG1XkgF6ACqBMF8D3AM6DvfHFOgKYOSeQNHreoF1QOqPw4t_yBqFNk2rha6zNsDigxG8CfzpvoQZbbSHoniUpwaX>
<M1z1L>
<M1z1L>
<96wN9uBYHgShtSyhoUQ02tuxz3X7wgnC7sHA35uS>
<X8dJRzUKPJTm1yS>
<X8dJRzUKPJTm1yS>
<hsg7AS2GlSwYBBmQhVlb3QATBJZKxQgwDxOh1Syl1X454rgMeIE22fwaDIMxFb4r5NE7FZ810v5qYYlahjIIFtf1ajEdrupIi>
<M1z1L>
<X8dJRzUKPJTm1yS>
<M1z1L>
<UGfvH2_bUlyqMIrs8E5L5qDJgDCVahkaWFdS58_D9sEfaqyCJOy9>
<klG1XkgF6ACqBMF8D3AM6DvfHFOgKYOSeQNHreoF1QOqPw4t_yBqFNk2rha6zNsDigxG8CfzpvoQZbbSHoniUpwaX>
<zGZNqhO8Y4GuIFbXkLMcMDmT5WucSZrqE56ng7BuD7W2HzaRNQb21DM_e07p9lsHTrFrZgYf4yHtE>
<UGfvH2_bUlyqMIrs8E5L5qDJgDCVahkaWFdS58_D9sEfaqyCJOy9>
<b3c5gcLb3crh>
<X8dJRzUKPJTm1yS>
<X8dJRzUKPJTm1yS>
<M1z1L>
<yCCGFB9XxLilauxWvHTocsvmaU4rYquhIePVlY9zrUSoqqv2udNSJWUza259PyxYVE2z4OZTZ81vjJWHUMBLycPmqgA6Mrj>
<DtaXSRP4SpGXFo3T3q04PgVt4gGMzvi19Bi6akrUCf1XRcpIhJ4kgCFpn5e21__T24bzWQGruNEWDF_QAWF_EbqwabfQ2OMEu>
<hsg7AS2GlSwYBBmQhVlb3QATBJZKxQgwDxOh1Syl1X454rgMeIE22fwaDIMxFb4r5NE7FZ810v5qYYlahjIIFtf1ajEdrupIi>
<eSjxeiFlCdeFdygVuNYDzzmLMrFN>
<FS5DSDs5GvCqk_Ab4muZ804MmDkh1t90WGGHdYapGdBALHV2gprd6WEL6fsba1oWe4GXHNvQfVbvVlXdUjZW8Bipdp7H>
<X8dJRzUKPJTm1yS>
<96wN9uBYHgShtSyhoUQ02tuxz3X7wgnC7sHA35uS>
<ReFZ_Kg6PdbUeI5kZU6MJoY9aIHQStT_El_pvgG08VZzbh>
<F0WJ9IfWlcUu1pRYtYJjkb6iNX7AZ399Iv8JVKXzPvWp8rK>
<X8dJRzUKPJTm1yS>
<ReFZ_Kg6PdbUeI5kZU6MJoY9aIHQStT_El_pvgG08VZzbh>
<X8dJRzUKPJTm1yS>
<X8dJRzUKPJTm1yS>
<X8dJRzUKPJTm1yS>
<X8dJRzUKPJTm1yS>
<X8dJRzUKPJTm1yS>
<DtaXSRP4SpGXFo3T3q04PgVt4gGMzvi19Bi6akrUCf1XRcpIhJ4kgCFpn5e21__T24bzWQGruNEWDF_QAWF_EbqwabfQ2OMEu>
<ReFZ_Kg6PdbUeI5kZU6MJoY9aIHQStT_El_pvgG08VZzbh>
<AWKUIBoApMN4JQ>
<M1z1L>
<ReFZ_Kg6PdbUeI5kZU6MJoY9aIHQStT_El_pvgG08VZzbh>
<SfYHQznXVrRdXqD_o3fdgBI2bCg>
<DtaXSRP4SpGXFo3T3q04PgVt4gGMzvi19Bi6akrUCf1XRcpIhJ4kgCFpn5e21__T24bzWQGruNEWDF_QAWF_EbqwabfQ2OMEu>
<X83W9jGWDWqb9tiUrRj6BTsR0MEkOxQuWzMoFZkQZR2QosAGBQn>
<X8dJRzUKPJTm1yS>
<96wN9uBYHgShtSyhoUQ02tuxz3X7wgnC7sHA35uS>
<X8dJRzUKPJTm1yS>
<X8dJRzUKPJTm1yS>
<ReFZ_Kg6PdbUeI5kZU6MJoY9aIHQStT_El_pvgG08VZzbh>
<X8dJRzUKPJTm1yS>
<hsg7AS2GlSwYBBmQhVlb3QATBJZKxQgwDxOh1Syl1X454rgMeIE22fwaDIMxFb4r5NE7FZ810v5qYYlahjIIFtf1ajEdrupIi>
<X8dJRzUKPJTm1yS>
<bqrcZOcyCahwfwNdlzmzU6QeGWavMnlfa2uE34uik9wT5VMQDaJAdpnwrVx1j5ndOHBqZ2R>
<X8dJRzUKPJTm1yS>
<hsg7AS2GlSwYBBmQhVlb3QATBJZKxQgwDxOh1Syl1X454rgMeIE22fwaDIMxFb4r5NE7FZ810v5qYYlahjIIFtf1ajEdrupIi>
<UGfvH2_bUlyqMIrs8E5L5qDJgDCVahkaWFdS58_D9sEfaqyCJOy9>
<klG1XkgF6ACqBMF8D3AM6DvfHFOgKYOSeQNHreoF1QOqPw4t_yBqFNk2rha6zNsDigxG8CfzpvoQZbbSHoniUpwaX>
<SfYHQznXVrRdXqD_o3fdgBI2bCg>
<hsg7AS2GlSwYBBmQhVlb3QATBJZKxQgwDxOh1Syl1X454rgMeIE22fwaDIMxFb4r5NE7FZ810v5qYYlahjIIFtf1ajEdrupIi>
<X8dJRzUKPJTm1yS>
<wOpRaoU6tyCcb2Xm7S1KtcvolKXAJF_aOA0Kll_FWt9>
<bqrcZOcyCahwfwNdlzmzU6QeGWavMnlfa2uE34uik9wT5VMQDaJAdpnwrVx1j5ndOHBqZ2R>
<X8dJRzUKPJTm1yS>
<gAJLZ9AY0OTc5AmYm4_S5qSyiEhB>
<X8dJRzUKPJTm1yS>
<zGZNqhO8Y4GuIFbXkLMcMDmT5WucSZrqE56ng7BuD7W2HzaRNQb21DM_e07p9lsHTrFrZgYf4yHtE>
<UGfvH2_bUlyqMIrs8E5L5qDJgDCVahkaWFdS58_D9sEfaqyCJOy9>
<5ZytpnZXTCTyIXf2a6ljx4oFiu3HfAMRYDytBnaLMNPnNJi3wG3lBV>
<X8dJRzUKPJTm1yS>
<spEjTGwwEtuNiDxPpgRSl1_Gnp6z5R8DwCmOm4iQhtdv3h0tCP7G28>
<X8dJRzUKPJTm1yS>
<klG1XkgF6ACqBMF8D3AM6DvfHFOgKYOSeQNHreoF1QOqPw4t_yBqFNk2rha6zNsDigxG8CfzpvoQZbbSHoniUpwaX>
<b3c5gcLb3crh>
<UGfvH2_bUlyqMIrs8E5L5qDJgDCVahkaWFdS58_D9sEfaqyCJOy9>
<mMbp4GU1wxueZL8hh5yUtQPt>
<b3c5gcLb3crh>
<X8dJRzUKPJTm1yS>
<M1z1L>
<eSjxeiFlCdeFdygVuNYDzzmLMrFN>
<zGZNqhO8Y4GuIFbXkLMcMDmT5WucSZrqE56ng7BuD7W2HzaRNQb21DM_e07p9lsHTrFrZgYf4yHtE>
<UGfvH2_bUlyqMIrs8E5L5qDJgDCVahkaWFdS58_D9sEfaqyCJOy9>
<mMbp4GU1wxueZL8hh5yUtQPt>
<n8xC5d9S2Bu0Fbw5L0uhcL84thkJNyK2dJlZZpcR6NB0lh_K3pd_gzAGTfsG8>
<X8dJRzUKPJTm1yS>
<X8dJRzUKPJTm1yS>
<UhEDyutj9C7iuUJMkRffTyUy1jcTPgxMsYZirCILvDM2WWvEZmoY6n7YR1qmxhpCC7GOASnJnGGDofjMVO0rsXyo2pVgSlJ>
<klG1XkgF6ACqBMF8D3AM6DvfHFOgKYOSeQNHreoF1QOqPw4t_yBqFNk2rha6zNsDigxG8CfzpvoQZbbSHoniUpwaX>
<X8dJRzUKPJTm1yS>
<fSK5>
<X8dJRzUKPJTm1yS>
<b3c5gcLb3crh>
<gAJLZ9AY0OTc5AmYm4_S5qSyiEhB>
<mMbp4GU1wxueZL8hh5yUtQPt>
<X8dJRzUKPJTm1yS>
<qjeEX>
<UGfvH2_bUlyqMIrs8E5L5qDJgDCVahkaWFdS58_D9sEfaqyCJOy9>
<M1z1L>
<vAC5gtC4GAR__wT_zMFNJNiqMz>
<b3c5gcLb3crh>
<akvlsM5jG6hOJ_2WyL0A2D6fZ5OCp4OfFbjUSPIlqLHBRHTnluoENjSFLuO9shz0k9rJIXQ86sV7ARVXyF2IpMy27k>
<M1z1L>
<AWKUIBoApMN4JQ>
<X8dJRzUKPJTm1yS>
<klG1XkgF6ACqBMF8D3AM6DvfHFOgKYOSeQNHreoF1QOqPw4t_yBqFNk2rha6zNsDigxG8CfzpvoQZbbSHoniUpwaX>
<X83W9jGWDWqb9tiUrRj6BTsR0MEkOxQuWzMoFZkQZR2QosAGBQn>
<zGZNqhO8Y4GuIFbXkLMcMDmT5WucSZrqE56ng7BuD7W2HzaRNQb21DM_e07p9lsHTrFrZgYf4yHtE>
<wGieQtTCC2KY00AF_fu9fde9DVqMbvLRKdwaYfhsI2_od6X4nyW2I2aIa0fIbd>
<hsg7AS2GlSwYBBmQhVlb3QATBJZKxQgwDxOh1Syl1X454rgMeIE22fwaDIMxFb4r5NE7FZ810v5qYYlahjIIFtf1ajEdrupIi>
<zGZNqhO8Y4GuIFbXkLMcMDmT5WucSZrqE56ng7BuD7W2HzaRNQb21DM_e07p9lsHTrFrZgYf4yHtE>
<hsg7AS2GlSwYBBmQhVlb3QATBJZKxQgwDxOh1Syl1X454rgMeIE22fwaDIMxFb4r5NE7FZ810v5qYYlahjIIFtf1ajEdrupIi>
<UGfvH2_bUlyqMIrs8E5L5qDJgDCVahkaWFdS58_D9sEfaqyCJOy9>
<bqrcZOcyCahwfwNdlzmzU6QeGWavMnlfa2uE34uik9wT5VMQDaJAdpnwrVx1j5ndOHBqZ2R>
<VfQsuWTpAUZQvKPw2yEqlp65XgbZtV1zJbbsv9jO3llsatKFEtzcKPyJkfpz>
<7ClzM8YCd8sZROch8z8OttRHko_9zHvtx6ScTX_TFiYFNbkGDIF_Jzl6IwN>
<spEjTGwwEtuNiDxPpgRSl1_Gnp6z5R8DwCmOm4iQhtdv3h0tCP7G28>
<3ecsnBNqNBByuBopnG6wLJNL_Lc4YQZPtybSYPUhRJVl781JPBvkshXMCFe8Nn637>
<M1z1L>
<hsg7AS2GlSwYBBmQhVlb3QATBJZKxQgwDxOh1Syl1X454rgMeIE22fwaDIMxFb4r5NE7FZ810v5qYYlahjIIFtf1ajEdrupIi>
<ReFZ_Kg6PdbUeI5kZU6MJoY9aIHQStT_El_pvgG08VZzbh>
-----
