100000000110010010011001010000100000110000010000011000100100000000000001111000000100111110010010001000000001000000001001000000010000000000000000010010001100001001010101000000100100000000110010010000000000100001000000000000000100000001001000101101010001000000011010111101100000000000010000000010000000000010000000000100001000000010111000000101100000000000000000011100001
<tbsvQrPwrl6>
<tbsvQrPwrl6>
<tbsvQrPwrl6>
<tbsvQrPwrl6>
<tbsvQrPwrl6>
<tbsvQrPwrl6>
<tbsvQrPwrl6>
<tbsvQrPwrl6>
<tbsvQrPwrl6>
<u2WA185agch2RPSv794396>
<YFUZd_LfYTdfS0sZDpnSiRTMm1_Hue>
<u2WA185agch2RPSv794396>
<tbsvQrPwrl6>
<u2WA185agch2RPSv794396>
<tbsvQrPwrl6>
<u2WA185agch2RPSv794396>
<u2WA185agch2RPSv794396>
<tbsvQrPwrl6>
<YFUZd_LfYTdfS0sZDpnSiRTMm1_Hue>
<tbsvQrPwrl6>
<YFUZd_LfYTdfS0sZDpnSiRTMm1_Hue>
<tbsvQrPwrl6>
<tbsvQrPwrl6>
<u2WA185agch2RPSv794396>
<u2WA185agch2RPSv794396>
<1iT4PxyIst9ryd>
<tbsvQrPwrl6>
<tbsvQrPwrl6>
<tbsvQrPwrl6>
<u2WA185agch2RPSv794396>
<mMX8YCRaMNPo2IP2TsgQX00dCI91H94Ul20fpyrUbiD7ZoaO39>
<tbsvQrPwrl6>
<YFUZd_LfYTdfS0sZDpnSiRTMm1_Hue>
<tbsvQrPwrl6>
<u2WA185agch2RPSv794396>
<tbsvQrPwrl6>
<YFUZd_LfYTdfS0sZDpnSiRTMm1_Hue>
<IWsAHh6Eqo6g_5VGVMNiDZIcZLwCnK6iAs>
<YFUZd_LfYTdfS0sZDpnSiRTMm1_Hue>
<u2WA185agch2RPSv794396>
<tbsvQrPwrl6>
<YFUZd_LfYTdfS0sZDpnSiRTMm1_Hue>
<u2WA185agch2RPSv794396>
<IWsAHh6Eqo6g_5VGVMNiDZIcZLwCnK6iAs>
<tbsvQrPwrl6>
<tbsvQrPwrl6>
<u2WA185agch2RPSv794396>
<tbsvQrPwrl6>
<tbsvQrPwrl6>
<n_g7NXxkPnx5nd22XhLuACRxkS4LC6mb4W7816XkUg>
<LEv1fp6zFW5OVva2sHux9GA5umT0B7NK8rY_8L3Caue836O4aV2yeC2ygRpCV0kQ>
<tbsvQrPwrl6>
<tbsvQrPwrl6>
<tbsvQrPwrl6>
<tbsvQrPwrl6>
<IWsAHh6Eqo6g_5VGVMNiDZIcZLwCnK6iAs>
<tbsvQrPwrl6>
<1iT4PxyIst9ryd>
<tbsvQrPwrl6>
<u2WA185agch2RPSv794396>
<YFUZd_LfYTdfS0sZDpnSiRTMm1_Hue>
<YFUZd_LfYTdfS0sZDpnSiRTMm1_Hue>
<n_g7NXxkPnx5nd22XhLuACRxkS4LC6mb4W7816XkUg>
<n_g7NXxkPnx5nd22XhLuACRxkS4LC6mb4W7816XkUg>
<mMX8YCRaMNPo2IP2TsgQX00dCI91H94Ul20fpyrUbiD7ZoaO39>
<YFUZd_LfYTdfS0sZDpnSiRTMm1_Hue>
<tbsvQrPwrl6>
<u2WA185agch2RPSv794396>
<tbsvQrPwrl6>
<tbsvQrPwrl6>
<u2WA185agch2RPSv794396>
<YFUZd_LfYTdfS0sZDpnSiRTMm1_Hue>
<H2VfpZ2MZsukX4Gkc2OQJ6eWMjv_v7OW8bbmNYD7oyS5cjkyfSZUhDUNnXQPkD0maXlKUHnqujJrlrWM2M09FIEfD>
<YFUZd_LfYTdfS0sZDpnSiRTMm1_Hue>
<eUeotlsKegCLhVuFr3U9XbwIvwxakUCI6NAw>
<tbsvQrPwrl6>
<eUeotlsKegCLhVuFr3U9XbwIvwxakUCI6NAw>
<tbsvQrPwrl6>
<u2WA185agch2RPSv794396>
<YFUZd_LfYTdfS0sZDpnSiRTMm1_Hue>
<YFUZd_LfYTdfS0sZDpnSiRTMm1_Hue>
<LEv1fp6zFW5OVva2sHux9GA5umT0B7NK8rY_8L3Caue836O4aV2yeC2ygRpCV0kQ>
<tbsvQrPwrl6>
<tbsvQrPwrl6>
<YROiSBVTrQcCWkICIPxaCwwy4LrQaC34re7UbI9QUUcvSda2FOEkc>
<NmZ083LZoQznve>
<YFUZd_LfYTdfS0sZDpnSiRTMm1_Hue>
<GR2m544xWZKZfAxcaZCjoUc4NUrXwGtanL2uFOarWDed3eEmpCd0ZUkg2SP>
<YEkfcB25YhPOp43Weasgurr3kG>
<tbsvQrPwrl6>
<u2WA185agch2RPSv794396>
<gLRiJ83oajcWUlqWrOyNQmKLtKYAlaGuzZX7A4a1KatLzJqIi5S5WPEfOiybYsq0pW6CAjpwnRZxmaTG1D5hzbL>
<tbsvQrPwrl6>
<tbsvQrPwrl6>
<xvIYyVwKKXKp77Ty5rt5TM1vcPDZ0ijQgfhB3uTh_Kg3H8aS6R9kUv5m>
<YFUZd_LfYTdfS0sZDpnSiRTMm1_Hue>
<tbsvQrPwrl6>
<tbsvQrPwrl6>
<HUmfgPWZQaOA7_ddBCaZmeRDFiXwp5IOQLIS5rPZ6SZUxgIkjxYJLw>
<tbsvQrPwrl6>
<tbsvQrPwrl6>
<1iT4PxyIst9ryd>
<tbsvQrPwrl6>
<tbsvQrPwrl6>
<tbsvQrPwrl6>
<YFUZd_LfYTdfS0sZDpnSiRTMm1_Hue>
<YFUZd_LfYTdfS0sZDpnSiRTMm1_Hue>
<Lx_g7KwgsqYXvCBTnWozNhhOTSYdTnEGg5rvSfTIa5KNEVPkp>
<u2WA185agch2RPSv794396>
<tbsvQrPwrl6>
<u2WA185agch2RPSv794396>
<YFUZd_LfYTdfS0sZDpnSiRTMm1_Hue>
<tbsvQrPwrl6>
<tbsvQrPwrl6>
<tbsvQrPwrl6>
<tbsvQrPwrl6>
<YEkfcB25YhPOp43Weasgurr3kG>
<n_g7NXxkPnx5nd22XhLuACRxkS4LC6mb4W7816XkUg>
<u2WA185agch2RPSv794396>
<u2WA185agch2RPSv794396>
<u2WA185agch2RPSv794396>
<tbsvQrPwrl6>
<YFUZd_LfYTdfS0sZDpnSiRTMm1_Hue>
<YEkfcB25YhPOp43Weasgurr3kG>
<YEkfcB25YhPOp43Weasgurr3kG>
<tbsvQrPwrl6>
<tbsvQrPwrl6>
<Lj9QKMnsJtf993xCurr8TBteYdTff7JQu2_zdkul9aByflHobarqPJh2yk84ptB_d4jYYcB>
<YFUZd_LfYTdfS0sZDpnSiRTMm1_Hue>
<tbsvQrPwrl6>
<YFUZd_LfYTdfS0sZDpnSiRTMm1_Hue>
<tbsvQrPwrl6>
<u2WA185agch2RPSv794396>
<tbsvQrPwrl6>
<YFUZd_LfYTdfS0sZDpnSiRTMm1_Hue>
<YFUZd_LfYTdfS0sZDpnSiRTMm1_Hue>
<NmZ083LZoQznve>
<YFUZd_LfYTdfS0sZDpnSiRTMm1_Hue>
<tbsvQrPwrl6>
<u2WA185agch2RPSv794396>
<YEkfcB25YhPOp43Weasgurr3kG>
<tbsvQrPwrl6>
<tbsvQrPwrl6>
<tbsvQrPwrl6>
<tbsvQrPwrl6>
<1iT4PxyIst9ryd>
<Lj9QKMnsJtf993xCurr8TBteYdTff7JQu2_zdkul9aByflHobarqPJh2yk84ptB_d4jYYcB>
<H2VfpZ2MZsukX4Gkc2OQJ6eWMjv_v7OW8bbmNYD7oyS5cjkyfSZUhDUNnXQPkD0maXlKUHnqujJrlrWM2M09FIEfD>
<uXTJkC8mTGihti4KIWOuClHzf5Zl7i53CE2B78tMBtSlz3XjSUv8zNm1Xbr75b5c32Hd8adjqM0z3crO64SYsteKWl69iK>
<tbsvQrPwrl6>
<tbsvQrPwrl6>
<YFUZd_LfYTdfS0sZDpnSiRTMm1_Hue>
<U3P8QgpKuj1hbfyMorq8k0ECGQWFI1keVYRtvFuicu7xHR62pHzC5pLEWh0v12enpRAd6uNm3dz8e3_r8puiloOoEHrLU>
<vllkUrlKz7pG0ulHt2tN_86rQmmlIrsWtzK2bqQMkXN7uVmKLwluT5f47SfgQmaDpJRx2rfhri_DSc9kCrmJpNUPN87G>
<tbsvQrPwrl6>
<tbsvQrPwrl6>
<u2WA185agch2RPSv794396>
<YFUZd_LfYTdfS0sZDpnSiRTMm1_Hue>
<HUmfgPWZQaOA7_ddBCaZmeRDFiXwp5IOQLIS5rPZ6SZUxgIkjxYJLw>
<n_g7NXxkPnx5nd22XhLuACRxkS4LC6mb4W7816XkUg>
<Lx_g7KwgsqYXvCBTnWozNhhOTSYdTnEGg5rvSfTIa5KNEVPkp>
<Luj81_AwEfWuuUvV08AskIh6ZM1OJjn>
<Luj81_AwEfWuuUvV08AskIh6ZM1OJjn>
<Luj81_AwEfWuuUvV08AskIh6ZM1OJjn>
<tbsvQrPwrl6>
<HUmfgPWZQaOA7_ddBCaZmeRDFiXwp5IOQLIS5rPZ6SZUxgIkjxYJLw>
<tbsvQrPwrl6>
<f14YiJv9ADYc1UyDI_l4lgnPABOuSBVkVDIjXZsCdZvzdOiFQiux>
<tbsvQrPwrl6>
<tbsvQrPwrl6>
<tbsvQrPwrl6>
<YFUZd_LfYTdfS0sZDpnSiRTMm1_Hue>
<YFUZd_LfYTdfS0sZDpnSiRTMm1_Hue>
<1iT4PxyIst9ryd>
<DZjRcs3cwQ8KcRe_XnjPdI0AboRWLUG6SqVuUa8DVN9JTVJiCu1afTYH>
<tbsvQrPwrl6>
<u2WA185agch2RPSv794396>
<DVVxD9avDHYoS2XnuUBa3xTrpFDOaUzGcplYglkNptw0vhc9XuMqA1cyRnJaF3flk1Q7DHVDMop>
<eUeotlsKegCLhVuFr3U9XbwIvwxakUCI6NAw>
<tbsvQrPwrl6>
<YEkfcB25YhPOp43Weasgurr3kG>
<u2WA185agch2RPSv794396>
<NmZ083LZoQznve>
<Luj81_AwEfWuuUvV08AskIh6ZM1OJjn>
<HUmfgPWZQaOA7_ddBCaZmeRDFiXwp5IOQLIS5rPZ6SZUxgIkjxYJLw>
<tbsvQrPwrl6>
<LV_fRwcr1sP0_IRvDCPZQNIGiKSwL2HXcDe0UOgGboUMW6Q__ePLXLFZECRIxliQndHLWsDyTPFBYBUhPk7NERoK1g0EP>
<IXIZAEdJWYJxh2p3rx3C4hrX6VINSzM8cSoQBdbGVQ>
<YEkfcB25YhPOp43Weasgurr3kG>
<1iT4PxyIst9ryd>
<RWzGtUzxAvqJxRqh0pCt4oSk_4WSED0pxKd0CWpSo0KqPVRCDuSdCCcWDmmeD_E63BB07v3KHq_KQa>
<YFUZd_LfYTdfS0sZDpnSiRTMm1_Hue>
<xvIYyVwKKXKp77Ty5rt5TM1vcPDZ0ijQgfhB3uTh_Kg3H8aS6R9kUv5m>
<YEkfcB25YhPOp43Weasgurr3kG>
<tbsvQrPwrl6>
<tbsvQrPwrl6>
<1iT4PxyIst9ryd>
<tbsvQrPwrl6>
<tbsvQrPwrl6>
<Lj9QKMnsJtf993xCurr8TBteYdTff7JQu2_zdkul9aByflHobarqPJh2yk84ptB_d4jYYcB>
<1iT4PxyIst9ryd>
<tbsvQrPwrl6>
<Lx_g7KwgsqYXvCBTnWozNhhOTSYdTnEGg5rvSfTIa5KNEVPkp>
<YFUZd_LfYTdfS0sZDpnSiRTMm1_Hue>
<eUeotlsKegCLhVuFr3U9XbwIvwxakUCI6NAw>
<tbsvQrPwrl6>
<u2WA185agch2RPSv794396>
<HUmfgPWZQaOA7_ddBCaZmeRDFiXwp5IOQLIS5rPZ6SZUxgIkjxYJLw>
<tbsvQrPwrl6>
<1iT4PxyIst9ryd>
<u2WA185agch2RPSv794396>
<tbsvQrPwrl6>
<HUmfgPWZQaOA7_ddBCaZmeRDFiXwp5IOQLIS5rPZ6SZUxgIkjxYJLw>
<tbsvQrPwrl6>
<u2WA185agch2RPSv794396>
<eUeotlsKegCLhVuFr3U9XbwIvwxakUCI6NAw>
<u2WA185agch2RPSv794396>
<u2WA185agch2RPSv794396>
<tbsvQrPwrl6>
<tbsvQrPwrl6>
<u2WA185agch2RPSv794396>
<n_g7NXxkPnx5nd22XhLuACRxkS4LC6mb4W7816XkUg>
<tbsvQrPwrl6>
<u2WA185agch2RPSv794396>
<u2WA185agch2RPSv794396>
<BnZ>
<tbsvQrPwrl6>
<n_g7NXxkPnx5nd22XhLuACRxkS4LC6mb4W7816XkUg>
<DVVxD9avDHYoS2XnuUBa3xTrpFDOaUzGcplYglkNptw0vhc9XuMqA1cyRnJaF3flk1Q7DHVDMop>
<NmZ083LZoQznve>
<HUmfgPWZQaOA7_ddBCaZmeRDFiXwp5IOQLIS5rPZ6SZUxgIkjxYJLw>
<tbsvQrPwrl6>
<tbsvQrPwrl6>
<u2WA185agch2RPSv794396>
<tbsvQrPwrl6>
<RWzGtUzxAvqJxRqh0pCt4oSk_4WSED0pxKd0CWpSo0KqPVRCDuSdCCcWDmmeD_E63BB07v3KHq_KQa>
<kl8osghgx6RzEpuuCjrKsoby7g7tJIAUIA44FXZ_Zyxzg7v3gyTTXCh4Df1VBgUUOc9bReq5ziqaJvei8HgfPx41BtyJ>
<tbsvQrPwrl6>
<Luj81_AwEfWuuUvV08AskIh6ZM1OJjn>
<tbsvQrPwrl6>
<TOSqNF6SDBRTcs72VzWpYt4nUxS66XzYFIxCD3mQ2y8b8VQnXg1cTB3rj530Se7Xs23Kroslz32I3WiAsg_FdVPap5ErSuOCT>
<YFUZd_LfYTdfS0sZDpnSiRTMm1_Hue>
<eUeotlsKegCLhVuFr3U9XbwIvwxakUCI6NAw>
<BnZ>
<tbsvQrPwrl6>
<j4zU0es6KJbmT7Z_S8mOnzdduIa8Mw3sxyYbygAkIcjGcQ4g_4XNonjdmvbg9gG4SJpoU3YrS829dn8TFvJ51ik>
<LEv1fp6zFW5OVva2sHux9GA5umT0B7NK8rY_8L3Caue836O4aV2yeC2ygRpCV0kQ>
<_v9q5jg9G4ShGmze>
<YEkfcB25YhPOp43Weasgurr3kG>
<u2WA185agch2RPSv794396>
<u2WA185agch2RPSv794396>
<Lj9QKMnsJtf993xCurr8TBteYdTff7JQu2_zdkul9aByflHobarqPJh2yk84ptB_d4jYYcB>
<u2WA185agch2RPSv794396>
<YFUZd_LfYTdfS0sZDpnSiRTMm1_Hue>
<tbsvQrPwrl6>
<u2WA185agch2RPSv794396>
<tbsvQrPwrl6>
<tbsvQrPwrl6>
<tbsvQrPwrl6>
<FuMARnyBw4aMxzTIJJFH87I4HdqolzVyZXAFjGmawsGxWCkfe8RILXuRSBJEMN4A5cz4CG>
<1iT4PxyIst9ryd>
<eUeotlsKegCLhVuFr3U9XbwIvwxakUCI6NAw>
<AWlZcebvGFQgbk9qjjeOu469ytjw4rbmJvRrS5xNcL3Qkguvm0sVJ72nItHfUpTWKldfHGju6zOb0nu9uN_Yr2C7JYG>
<tbsvQrPwrl6>
<KQpoz9FejZIhtO9qvB4NjdLg3pciyqI_AjhWgK8sXapUJ3Qh9DpMoEpKo9jsWOTnYcpOymcdksRZrOjPAD>
<8a5Dvcb3A6QAqFWtUZjQYiok3Re_B9XI_PKkMn9V2uxU6YdzNv44nBHl7VRFt52DqEP6amxjB0RaXS5603>
<uXTJkC8mTGihti4KIWOuClHzf5Zl7i53CE2B78tMBtSlz3XjSUv8zNm1Xbr75b5c32Hd8adjqM0z3crO64SYsteKWl69iK>
<n_g7NXxkPnx5nd22XhLuACRxkS4LC6mb4W7816XkUg>
<tbsvQrPwrl6>
<LEv1fp6zFW5OVva2sHux9GA5umT0B7NK8rY_8L3Caue836O4aV2yeC2ygRpCV0kQ>
<RYfruaQMDPFzm6R73KXOQTV85xlTa0wN_KswHb2QzN8VgGdRnlaLH3MBK427nPmHO7GI_IGZDSCLLrQBS42A>
<tbsvQrPwrl6>
<tbsvQrPwrl6>
<YEkfcB25YhPOp43Weasgurr3kG>
<tbsvQrPwrl6>
<tbsvQrPwrl6>
<u2WA185agch2RPSv794396>
<tbsvQrPwrl6>
<IXIZAEdJWYJxh2p3rx3C4hrX6VINSzM8cSoQBdbGVQ>
<tbsvQrPwrl6>
<YEkfcB25YhPOp43Weasgurr3kG>
<tbsvQrPwrl6>
<tbsvQrPwrl6>
<EL_ZWL4JcqktsD6u5W38m2ft__VGIKXSN_QiyMa8egbCFXg60v7icUMLKgyL3F>
<tbsvQrPwrl6>
<HUmfgPWZQaOA7_ddBCaZmeRDFiXwp5IOQLIS5rPZ6SZUxgIkjxYJLw>
<BnZ>
<1iT4PxyIst9ryd>
<tbsvQrPwrl6>
<eUeotlsKegCLhVuFr3U9XbwIvwxakUCI6NAw>
<YFUZd_LfYTdfS0sZDpnSiRTMm1_Hue>
<tbsvQrPwrl6>
<FxWEWBe21HoP1U4I6InptlzwEW2IauMT9LJaxPbNEpogX3iWx2LJYxYAdTbH06l>
<HUmfgPWZQaOA7_ddBCaZmeRDFiXwp5IOQLIS5rPZ6SZUxgIkjxYJLw>
<tbsvQrPwrl6>
<DVVxD9avDHYoS2XnuUBa3xTrpFDOaUzGcplYglkNptw0vhc9XuMqA1cyRnJaF3flk1Q7DHVDMop>
<LEv1fp6zFW5OVva2sHux9GA5umT0B7NK8rY_8L3Caue836O4aV2yeC2ygRpCV0kQ>
<tbsvQrPwrl6>
<YFUZd_LfYTdfS0sZDpnSiRTMm1_Hue>
<u2WA185agch2RPSv794396>
<LEv1fp6zFW5OVva2sHux9GA5umT0B7NK8rY_8L3Caue836O4aV2yeC2ygRpCV0kQ>
<tbsvQrPwrl6>
<Lj9QKMnsJtf993xCurr8TBteYdTff7JQu2_zdkul9aByflHobarqPJh2yk84ptB_d4jYYcB>
<tbsvQrPwrl6>
<FxWEWBe21HoP1U4I6InptlzwEW2IauMT9LJaxPbNEpogX3iWx2LJYxYAdTbH06l>
<tbsvQrPwrl6>
<u2WA185agch2RPSv794396>
<FuMARnyBw4aMxzTIJJFH87I4HdqolzVyZXAFjGmawsGxWCkfe8RILXuRSBJEMN4A5cz4CG>
<eUeotlsKegCLhVuFr3U9XbwIvwxakUCI6NAw>
<eUeotlsKegCLhVuFr3U9XbwIvwxakUCI6NAw>
<RYfruaQMDPFzm6R73KXOQTV85xlTa0wN_KswHb2QzN8VgGdRnlaLH3MBK427nPmHO7GI_IGZDSCLLrQBS42A>
<YFUZd_LfYTdfS0sZDpnSiRTMm1_Hue>
<n_g7NXxkPnx5nd22XhLuACRxkS4LC6mb4W7816XkUg>
<YFUZd_LfYTdfS0sZDpnSiRTMm1_Hue>
<u2WA185agch2RPSv794396>
<96fH2atV2rVs1HQGWEi0KRZYRxLTeny50eV20FAvIChJIHTBmq9j93x4c33r6mKwXtX>
<TOSqNF6SDBRTcs72VzWpYt4nUxS66XzYFIxCD3mQ2y8b8VQnXg1cTB3rj530Se7Xs23Kroslz32I3WiAsg_FdVPap5ErSuOCT>
<f14YiJv9ADYc1UyDI_l4lgnPABOuSBVkVDIjXZsCdZvzdOiFQiux>
<u2WA185agch2RPSv794396>
<n_g7NXxkPnx5nd22XhLuACRxkS4LC6mb4W7816XkUg>
<KhIstUOd8>
<YEkfcB25YhPOp43Weasgurr3kG>
<H2VfpZ2MZsukX4Gkc2OQJ6eWMjv_v7OW8bbmNYD7oyS5cjkyfSZUhDUNnXQPkD0maXlKUHnqujJrlrWM2M09FIEfD>
<YFUZd_LfYTdfS0sZDpnSiRTMm1_Hue>
<u2WA185agch2RPSv794396>
<u2WA185agch2RPSv794396>
<u2WA185agch2RPSv794396>
<Luj81_AwEfWuuUvV08AskIh6ZM1OJjn>
<mWaHRrLCh9AeTpyEX2>
<LV_fRwcr1sP0_IRvDCPZQNIGiKSwL2HXcDe0UOgGboUMW6Q__ePLXLFZECRIxliQndHLWsDyTPFBYBUhPk7NERoK1g0EP>
<n_g7NXxkPnx5nd22XhLuACRxkS4LC6mb4W7816XkUg>
<KQpoz9FejZIhtO9qvB4NjdLg3pciyqI_AjhWgK8sXapUJ3Qh9DpMoEpKo9jsWOTnYcpOymcdksRZrOjPAD>
<8a5Dvcb3A6QAqFWtUZjQYiok3Re_B9XI_PKkMn9V2uxU6YdzNv44nBHl7VRFt52DqEP6amxjB0RaXS5603>
<YFUZd_LfYTdfS0sZDpnSiRTMm1_Hue>
<tbsvQrPwrl6>
<Lx_g7KwgsqYXvCBTnWozNhhOTSYdTnEGg5rvSfTIa5KNEVPkp>
<n_g7NXxkPnx5nd22XhLuACRxkS4LC6mb4W7816XkUg>
<YFUZd_LfYTdfS0sZDpnSiRTMm1_Hue>
<HUmfgPWZQaOA7_ddBCaZmeRDFiXwp5IOQLIS5rPZ6SZUxgIkjxYJLw>
<E1F8EV3AdUdc0k8yIUUb9yap4GC4UXVDf>
<YFUZd_LfYTdfS0sZDpnSiRTMm1_Hue>
<Luj81_AwEfWuuUvV08AskIh6ZM1OJjn>
<Lj9QKMnsJtf993xCurr8TBteYdTff7JQu2_zdkul9aByflHobarqPJh2yk84ptB_d4jYYcB>
<YFUZd_LfYTdfS0sZDpnSiRTMm1_Hue>
<EL_ZWL4JcqktsD6u5W38m2ft__VGIKXSN_QiyMa8egbCFXg60v7icUMLKgyL3F>
<LEv1fp6zFW5OVva2sHux9GA5umT0B7NK8rY_8L3Caue836O4aV2yeC2ygRpCV0kQ>
<tbsvQrPwrl6>
<YFUZd_LfYTdfS0sZDpnSiRTMm1_Hue>
<tbsvQrPwrl6>
<tbsvQrPwrl6>
<n_g7NXxkPnx5nd22XhLuACRxkS4LC6mb4W7816XkUg>
<tbsvQrPwrl6>
<kl8osghgx6RzEpuuCjrKsoby7g7tJIAUIA44FXZ_Zyxzg7v3gyTTXCh4Df1VBgUUOc9bReq5ziqaJvei8HgfPx41BtyJ>
<tbsvQrPwrl6>
<YFUZd_LfYTdfS0sZDpnSiRTMm1_Hue>
<YEkfcB25YhPOp43Weasgurr3kG>
<EL_ZWL4JcqktsD6u5W38m2ft__VGIKXSN_QiyMa8egbCFXg60v7icUMLKgyL3F>
<YFUZd_LfYTdfS0sZDpnSiRTMm1_Hue>
<n_g7NXxkPnx5nd22XhLuACRxkS4LC6mb4W7816XkUg>
<1iT4PxyIst9ryd>
<tbsvQrPwrl6>
<C4pfcJcEmtDXeX507GOH9ltPAhtTmuqBXW529DjM5Ky2y91HxJQjF6yXYlLVQ9uX>
<zgcNoAoFZTtfdp3ZGq3BUNcwUIs8BJCmOHR8zmJbXxVEK732QvndYRbZEsg07V>
<vwAUa0FcF3BSSIlV69Sv_ftqOTKFTX3WqDb4xRLAK0C3iI2kittmNtuXfqjtZPj3Y3r136>
<u2WA185agch2RPSv794396>
<Luj81_AwEfWuuUvV08AskIh6ZM1OJjn>
<YFUZd_LfYTdfS0sZDpnSiRTMm1_Hue>
<LEv1fp6zFW5OVva2sHux9GA5umT0B7NK8rY_8L3Caue836O4aV2yeC2ygRpCV0kQ>
<0F801_mLAvnIJDkpNg2NG5yFJWGm01ci_SFgmJozqm0Ee1C>
-----
