[3, 3, 3, 3, 5, 2, 2, 2, 7, 7, 9, 8, 8, 8]
[12, 5, 6, 14, 9, 24]
111111
