vsota = 968

Diagonala:
[968]

Originalna matrika -- po vrsticah:
0: [968]

Originalna matrika -- po stolpcih:
0: [968]
