vsota = 640

Diagonala:
[640]

Originalna matrika -- po vrsticah:
0: [924, 336, 804, 167, 674, 67, 367, 291, 616, 866, 138, 575, 451, 509, 707, 936, 652, 817, 177, 605, 244, 43, 732, 265, 596, 7, 781, 226, 566, 214, 250, 201, 240, 270, 63, 594, 619, 945, 889, 79, 683, 304, 626, 797, 315, 251, 892, 158, 437, 805, 858, 592, 234, 112, 555, 589, 155, 358, 54, 357, 360, 439, 193, 694, 926, 721, 640]

Originalna matrika -- po stolpcih:
0: [924]
1: [336]
2: [804]
3: [167]
4: [674]
5: [67]
6: [367]
7: [291]
8: [616]
9: [866]
10: [138]
11: [575]
12: [451]
13: [509]
14: [707]
15: [936]
16: [652]
17: [817]
18: [177]
19: [605]
20: [244]
21: [43]
22: [732]
23: [265]
24: [596]
25: [7]
26: [781]
27: [226]
28: [566]
29: [214]
30: [250]
31: [201]
32: [240]
33: [270]
34: [63]
35: [594]
36: [619]
37: [945]
38: [889]
39: [79]
40: [683]
41: [304]
42: [626]
43: [797]
44: [315]
45: [251]
46: [892]
47: [158]
48: [437]
49: [805]
50: [858]
51: [592]
52: [234]
53: [112]
54: [555]
55: [589]
56: [155]
57: [358]
58: [54]
59: [357]
60: [360]
61: [439]
62: [193]
63: [694]
64: [926]
65: [721]
66: [640]
