vsota = 405

Diagonala:
[405]

Originalna matrika -- po vrsticah:
0: [845, 582, 303, 932, 879, 148, 506, 628, 185, 151, 585, 382, 686, 383, 380, 301, 547, 46, 811, 19, 100, 239, 576, 145, 427, 874, 681, 916, 790, 463, 825, 720, 946, 583, 994, 850, 49, 890, 770, 601, 471, 371, 64, 288, 537, 115, 634, 343, 656, 590, 846, 276, 221, 102, 624, 412, 479, 914, 405]

Originalna matrika -- po stolpcih:
0: [845]
1: [582]
2: [303]
3: [932]
4: [879]
5: [148]
6: [506]
7: [628]
8: [185]
9: [151]
10: [585]
11: [382]
12: [686]
13: [383]
14: [380]
15: [301]
16: [547]
17: [46]
18: [811]
19: [19]
20: [100]
21: [239]
22: [576]
23: [145]
24: [427]
25: [874]
26: [681]
27: [916]
28: [790]
29: [463]
30: [825]
31: [720]
32: [946]
33: [583]
34: [994]
35: [850]
36: [49]
37: [890]
38: [770]
39: [601]
40: [471]
41: [371]
42: [64]
43: [288]
44: [537]
45: [115]
46: [634]
47: [343]
48: [656]
49: [590]
50: [846]
51: [276]
52: [221]
53: [102]
54: [624]
55: [412]
56: [479]
57: [914]
58: [405]
