11101111011101111111111111011101011111111000111101101111111111100101111111111110110101110111101111111011111111101101010111111011111111111111111011110001111111001110101110101100111111010011111111101111111001001111111111111111001011111111101011111011111111111111111110111011111010010101011111111111111101111110111110111111110111101010101111110101111111110111110101100001101110110111111111111010111101110110111110111101111111101111100010111101111
<i9RvIXRM2DWaFuc8SSU_SpbVx3e1_Erm4RooI5UNur9yd17mKd_9bCtB0HoUiuNvVM3GT0c1uqpb1W51>
<aaT3HA1rlB8qYr1PexXKRkSLWI_4R8mBUQHzTCIkJvHG5FWy>
<fMbL3ulFOhR45PxFQHN_yLQmmJZp0LrzFxSptDzNtlHzXrCaQNMUTQqFMD8Rbu8PE6auRFgaNDbqGdT9i>
<aaT3HA1rlB8qYr1PexXKRkSLWI_4R8mBUQHzTCIkJvHG5FWy>
<_5TbvyhQpstlsSTSFEWNsEMyjKhfJk7GPIIDFgv3tgqAml7IXiEvUtdQqQQKVPIour>
<eWxrAFQZSAwdvEx0zglVuu2Qa2rWLCcQ6jgVCWSPFU122xYCLuaENlNW5PpdcR>
<k50GZHNhopSK7PXItbzu_orFJ8AhbdBMZVJ>
<na5rfoVIaGMpn3LFoOSP1yiijf536m_lJnCpWSDPfEJBn>
<_5TbvyhQpstlsSTSFEWNsEMyjKhfJk7GPIIDFgv3tgqAml7IXiEvUtdQqQQKVPIour>
<WCh5AZxMRJjZN>
<UrQzQtXfQkSl9pu0Jt9TY_55x5hYaP7UvXV6I_vBwmINfSVuur0sdGxFnuFskLMo9TfhGoL9L5D>
<uOOxc7E18v3h_Q5utq1xrUWYnqj42XAu4yGPaFy29BUzbVRF0ST4IZFaARUtZO5CCxyoI2Fh_sdL7826a3qX1KK07Q66H8D>
<i9RvIXRM2DWaFuc8SSU_SpbVx3e1_Erm4RooI5UNur9yd17mKd_9bCtB0HoUiuNvVM3GT0c1uqpb1W51>
<pA2A_n2lHk_TXd2BaC5aaXg0vAPeV0esRLS>
<UrMC_mXWuu95UqCDphRa5hivKES55JU5eLXJ9wuW2AuLHow_ZEwh48EViUVXQNbM0xV27ny>
<BFaGmzXPaF_K6ZjPaOZvMqspYKqrdh2sH23ITXJ7V7bEpZZNoGhAk6SJD>
<EyUagdrJa1wXxWWkLf0vQImhckwNTyvc_KZr4mKrY636qPNM3mIX1dlH_cd6sD92wjoI5ztg9C1KgM1VKwaBGiOObgrxw0>
<MpPc8NhxYjIyB4mCmrLlQNQGpFBXEFpYv7ZpGurvJogaI9pYa>
<wHAGfLq>
<rmALhcRNPX6xtJsbCWDYIAlvJWzBUjcLema9cc9Z4DjPzpLPsCFcHKhAucaGB30Ivj>
<XKWhNBvgGZMNuebivCY9SVUkO3t8E3UgLyj6IL7VFv9lMaTHgeVYbjAs9gNJ8d43DDapizn9W1IOA>
<ngUB5B4evKoMVBU8zQMZ5cSrEG5d1hCGlNxGHsAirfbMXIhQf_rMWTDSQOQ1Vj5g6j6BiwoaLIynAepi1YFPIlAN>
<bCf_ZnVUAf7BoVjtVTouhkGbvZN3BzddI4Nj8FHEfp5UQqwxjzQh9b>
<FFynvUhl2DLZzYCpkpXJgbBpGmYwSMoE>
<wWPGIAcMpufoXtQqDS2dJDSkzU>
<8CwZUlbOGSWSCs>
<na5rfoVIaGMpn3LFoOSP1yiijf536m_lJnCpWSDPfEJBn>
<S0wekXu5zpUCnn9X6ID13crNYCG94HXTN0YnPOp1gjhCLNWs6zMWtEyITPYgZGYC91>
<x5y6a6ov3QgC9hv5xjFx8IVpRF5rX_dukAIxcjZ6>
<QHv0o1Vv6qqvoGHkm4dffyiKCmfFcEJuofSdR1z_Jg0USsb5fwRTuV2h5ggdZZOCHlC>
<XKWhNBvgGZMNuebivCY9SVUkO3t8E3UgLyj6IL7VFv9lMaTHgeVYbjAs9gNJ8d43DDapizn9W1IOA>
<11XQR5TSZvYCEF0Ofi4h_X8S56UnaO0Fi0AVNKg13Wp>
<ngUB5B4evKoMVBU8zQMZ5cSrEG5d1hCGlNxGHsAirfbMXIhQf_rMWTDSQOQ1Vj5g6j6BiwoaLIynAepi1YFPIlAN>
<vryJkzeZ8tJydue_myk1cRUrIQaNyf7vdVJ5hJ2ug2vU9U7kW6Nvac2TZ9m>
<gz0XENLmXN0g4NQwjHI4Sq1WQ>
<MnDMZAuXwvWOgLLuqBbf6eNJgVx24Y1_VFTgZBieg6V7luDO05dr3wV7uCebqijhkD0MVGJJi_>
<a2SfHw9sRHfCZElZckwi2hADXLC_j2wuK_NdNjjjPyblGi2gZhb57JDM2I29>
<Q22fG8TLjQ9gDIm1pDesx3XSBVpsnFf_ZH828sHz_0nhlW93DYqoeuvOLkZpqZ1waOxDRgz6rqA2ptwwKa8mYCkpj0db77jRH>
<nz6INN4t2UimdjdgXsY2fdtEbqIFtfC_35ERPYhMLue>
<t85mOdliwqNFEIYhB40y8VlvfnmztX7XjCcXIwIqW3tz0H8BOq2AQw06VnMFAfAB2GJ4wU938JqOvkuRakPqmAoACigGEM>
<O2o2SduODPKFYYNqU7I2Vlh_BRpzLQKkeJsi93T37wvjvJcbDikkQKV0C10jMK_hnqufi2siUvLzJhPL9J>
<EyUagdrJa1wXxWWkLf0vQImhckwNTyvc_KZr4mKrY636qPNM3mIX1dlH_cd6sD92wjoI5ztg9C1KgM1VKwaBGiOObgrxw0>
<11XQR5TSZvYCEF0Ofi4h_X8S56UnaO0Fi0AVNKg13Wp>
<MnDMZAuXwvWOgLLuqBbf6eNJgVx24Y1_VFTgZBieg6V7luDO05dr3wV7uCebqijhkD0MVGJJi_>
<16OFuv11bpEa0uc89mNnFOSQyTLGNmMpLbBLPo2rPvnYQ9os6GXzN_3Pgn>
<0ncrkfzlvxNXS6LiCJ7BsPhpxQJc0E3jbq4Lkhz_o3pgS>
<cecohNVlkx3ST55nSxLuOQ_p1>
<7h9bBagwFkpRMe9cYNcFLcElR>
<11XQR5TSZvYCEF0Ofi4h_X8S56UnaO0Fi0AVNKg13Wp>
<EUHwlVeKq>
<ylgcGrdiaZtLSR>
<ylgcGrdiaZtLSR>
<z8dLN2ySMoEm7aRyOAgVbpW7r9DZBvrp19qLfaoX09HgU_sMlKxBIQY1nyYMJIPsgVTx07>
<qiXKSi9XXI68Jj42PvZN83DEUuOELC6UKtPn7K_J4mmvYYoZkjA6qJ8h66LINYakmTrifrZvWy6ABrFytjBE0jlcAhc>
<fyK5R9QTxeWTfgG0XXLPcqASaw>
<Sm8xkp5tEsarBmOtel7wABIV5nZmAl_MPorh3>
<fSLgQCYbBIgo2k9xmcrj61SbWQYivmyxHme8xecry>
<efFaExt9SbdL3KocZDm_UJnpAi5dnm_vkGY_iBy>
<2ZlBOOFSFtvFjtOzAZhXP6Qw19kObIycqQcbrJgntPt6BQsFArzeFKbBHaWIK55h>
<gZUr7N3rumPS6inhsXHvPrBxHMlGYDo1Bnc6ziQoz2Pg4DUldjJQWwrB>
<vprGk6IIVYpsKngO0oxmyEsTXDdV_22djNAH29zOmZ6Oqb7vWJA8UHc93Ko5f5gwmI>
<wajdE_wGm29P7xtGBgSgMXZk8kkCx4dbcl2rcPeJ4Z5U9iTuGSUrD3yT0rXMwrVrEMG0tT8j>
<oc1Isqhpg6hwjzjdpmkSXAf5SjAUMUw_5wdGgyktllhHrquzCO5VgBSum>
<S0wekXu5zpUCnn9X6ID13crNYCG94HXTN0YnPOp1gjhCLNWs6zMWtEyITPYgZGYC91>
<pA2A_n2lHk_TXd2BaC5aaXg0vAPeV0esRLS>
<adtLpwSTbISbEFx7QcJMVBp3uZoY_6bRVV0PM>
<Sm8xkp5tEsarBmOtel7wABIV5nZmAl_MPorh3>
<524LCX10cRcWLnEXkQcI20xr2iIwIE5FcqLNAbAf13WsZdLJRqfKUW4DyIBf>
<jwVa2x39LAH35Bj>
<ZGqxiGP37lCNEz_3Qoj8FLTAEk42GDFBPaDLOj6gHbqcooUgcm65IsDXR3sEI>
<xQIz3>
<kQRtjbxDYLzmRE9Ue_Q3mRJmHNVBuvCGXOwerrn>
<HGXQ4FYlgM6lRhcSINM79OXWy1G8pu6wpWldTrr1tTRiSFt0cBA53YgcBrHbZgroIF6Xk39h7YHoE88UirZBLVoo69QuaVLHtDH0>
<VdTqA_2ZhG8U1xL0eNxGOZv>
<reZnNuWSZ6ASusSDqVq5FwZQ747vIaljN7z6e_Iu2QdwYdPtr94R5L9FJHpHI30lqwO_IprUV1>
<OPi8xzIOvCb7Ug_F3NSoOBruzwQv8A7Dz11QeLLtG_6sPPt7LkFoy2gRjI_q20gPR67cPG35nKPJ>
<waqiR>
<IFNc9xlrjAyMRUA4PFA0Hx2oZH0nXlcthjhkvK_zZV2b1YhgaQRNr6328RiSXcTcjYpaVnG6Az_qFfJnSdpmdGICrXA>
<meMU4HwkTUcNQUQQQFlNT5tTPKugmLjUTj9Q_fYyoNsbMMM7Z3aU_ZUziCOdm2g2RtoIbBgHGehYAl>
<fSLgQCYbBIgo2k9xmcrj61SbWQYivmyxHme8xecry>
<SeekFme72S4dctJ8bwGGhovDmK942L9FL6j9>
<mpTHsd5Dw3sJ1ijJfyOEggcVlMKGS1z7cw0cqmv1HxdzfLrx15ET8u7N>
<na5rfoVIaGMpn3LFoOSP1yiijf536m_lJnCpWSDPfEJBn>
<aI>
<na5rfoVIaGMpn3LFoOSP1yiijf536m_lJnCpWSDPfEJBn>
<MCopbsMeWrCB1Zv6x9gAkssQkybBue5zCYEtb3B69_p5lHG92>
<HuYT0ESmLqoXRDm1yCbJt9PzeAZz5e9HWJ_i9fJQjIXxkBGQoI_ruUXmwgW09OqlnltQhhG2w>
<TQLeDMn18JZPIdirPohfwJ2uSVNBaAEkJMISVVX3b1ecYiH_2u8aKhD>
<QHv0o1Vv6qqvoGHkm4dffyiKCmfFcEJuofSdR1z_Jg0USsb5fwRTuV2h5ggdZZOCHlC>
<EOkdsw06_ehhBdHmVPrfLNf23mzYE0Y8zRzias4LWiNh56QxlX5nAePhhJsl1jkPDmUP4ZJaDu9GvJa>
<auZLz3Paksq4WZ5W0i6UA6GlUXE3hICsW>
<4Oakc3n22O6NmSZQoEjlDxGHoinOfkXoGtPCWKQCtdjfy9e2U1FhdhO34Avg8M_FDg8HlSqsb7JT4bnxwP02CifddCk7i>
<hiiNUZTjs3ywNyw>
<gz0XENLmXN0g4NQwjHI4Sq1WQ>
<H5SsfRtaVNcNbtsMCh9VulaqEFqoLxY2lzHJ8pTdIBB4EYaivP>
<p4Se9V7oesyu7M>
<aw0lfBgwTfEHM>
<6cKz1Osg6UXgyYdZQ5Hfx3BlTtYxSMdFW9ALNaYj4mK8dogzufdxo06zytI>
<SjozmbYipIk6rkjgAx45_YGahyhlQwjSbhfqvPRikRq4iIG7OFG5xNGEb4gxBMzNi1rW5>
<duQO2UjCO6Wb9i_PCllQZ1ruhVqf35kVW168TCDK04l9kf52adoFr3FFB9luXJ4of7el8McLFskae4v6j0D39GIFODgN>
<sI8YXue58YlYXaPr_XZY_KiOWVLYDbejJQU0YbfggX3LP6gOFRXTZHQFpTyE>
<na5rfoVIaGMpn3LFoOSP1yiijf536m_lJnCpWSDPfEJBn>
<Ixb3Vds>
<rj8G_Jua76bpYc4sqIYSNLqziv7eVt5UxTZzGpO39>
<a2vDbi9Vu5k0rnJ8fq2R7PzXb39e9wV9GE_tMZEgNKxY>
<fDT>
<cfoJF6js2s3lBA6VzRltv>
<m99dHENoRVxgULnrQKNOvn04kE7J4VTBAA2Mo4mpgk5NVgU1S81l3j2mlbEABa4sO>
<9SCP9pbbRZK2PnA9P_wJFmbGSC9mU4v4pwqX6QxNSrZh_9n>
<F6Wrn1C5022n1Ock8mMG4i8eKfygLVsdj4ghiLe7wV8Wb7>
<3CwEos12fqLyIKZ9HU97XI4KRaNtjn5RzxF6ey0PfFFO49ma4H_DFhSz7AmMNtUmEe1lA>
<SjozmbYipIk6rkjgAx45_YGahyhlQwjSbhfqvPRikRq4iIG7OFG5xNGEb4gxBMzNi1rW5>
<rqH7RMjbH0AOve5sD1lQoq0HKOe9S6Jgf6JbvpUt0xlHfMXXwmvjRiZWAsGAnKsTGfTt7qgqAbfw>
<m1hkAcoMgWS3zpYyPETSVXrUkegPViBU0H>
<vryJkzeZ8tJydue_myk1cRUrIQaNyf7vdVJ5hJ2ug2vU9U7kW6Nvac2TZ9m>
<vqZJ3mVBwOoUidYAUkagtaVy00Vz5_1uPRDpVD7Nt2OP_nuO67cgJz0muE0w6QKbMLcEdoxDYYhqFAVYRH>
<F6Wrn1C5022n1Ock8mMG4i8eKfygLVsdj4ghiLe7wV8Wb7>
<FX2vaF96fmfV24sWoRF4rwiw9VjtUdDV3qRFOSkX2c8gfDLfH2jI0>
<11XQR5TSZvYCEF0Ofi4h_X8S56UnaO0Fi0AVNKg13Wp>
<dn>
<02Syrap1PTRBQiUYjyTk_pfYvGhMr_QKmJb8zqpOY4hW8sgq8NM05pUqqgWnK3g63n56CE5EP>
<0RinPEwKTv3OI>
<i9MusDoxOhUNHxogCw_QfVBtWpncyJXnLBNXUTriwNCzD0>
<03tAjH2Gz_7Ktqe>
<KUpJOJpZCT0vwoVoghTJoF7RgcsVLgHHOqsEE17XDXOHaWpUxcBvoiN1c7xpRc>
<FX2vaF96fmfV24sWoRF4rwiw9VjtUdDV3qRFOSkX2c8gfDLfH2jI0>
<EJK6rQCLPFAdEtOsq3Nbm>
<pwuR9o2pqUTFAj2TK2A_dPIdTvfH8V_Nz>
<s31pwSHgG4A_ZbUrff_EUT7fbCoerGPdvcYDVs6Xevgkc6KowC0e7ZKI5IB702MuKOESJ>
<d_l0gsWS5kUodefEQHoI_cpu7qvxOthHAmzVx1nVO>
<h2ZI5NgsbpCIIYyTz7zvHslSmXmuIOlwtCtzSpFgYikL9uQlmby9y6QlPtKEszuDcW2_LCj6Fd49CwwQATj0o4sSOVma76aMqD_>
<jiXc1Pa5l>
<upX_suDOoLY5HVtlmAO8q5OIUzBHdPG6W12FO6OhAYj7UJbLeUZu6ZC>
<0URTsw0BYqyHCAHj4TSe97k30J>
<0EuIp0GV5mJDWZ5Zs7jzKMGZmubo87TofGPaKCPrvIcOQuMoDmxj3vsdGhtOwCLh59F>
<RGQff_ISgoR9ZPkd5q6jT6bR2_gLkYU>
<yQU_2n_1JH_HWy69VKFC0j1GTgeXrf3zAwqAaGeTJVUx5apNnMeRWRPFDhURJ>
<ZE73hCne5xOcLWaEYFJdoKhcKRdfm9ZNSBuNhm7XS45I4GNreKpy_>
<01hdYx_8yFzfyBuPI>
<PZbneZUsvQ9dDrzU1sZxem_AiaziF8h4BZM1pJ0L5lZjZOFa5n29wCOr9lp1swFaA1EAHcRelGLNPyWzu>
<zgD1gQz7wgVZZqBPEe2oU4c3UT7qDW69RVSQ25QkC5Ny9Q2JO2svDeq4oZFauj0FtA5bA3BBlnTxEJUxJfG4YNBeizsh2Ui>
<3E__8ddkph2JKR9t87su9rc>
<6yXRvv4bgiaYhYgy0>
<i9RvIXRM2DWaFuc8SSU_SpbVx3e1_Erm4RooI5UNur9yd17mKd_9bCtB0HoUiuNvVM3GT0c1uqpb1W51>
<labidKkkookj4R>
<2aQOEHs>
<X9we1uosvowv6WS57K>
<iqh3SfvTSjuLoY69msjz_GkU0E7>
<SjozmbYipIk6rkjgAx45_YGahyhlQwjSbhfqvPRikRq4iIG7OFG5xNGEb4gxBMzNi1rW5>
<ZE73hCne5xOcLWaEYFJdoKhcKRdfm9ZNSBuNhm7XS45I4GNreKpy_>
<waqiR>
<mdDRRUI>
<SSr5f4SQ8>
<BtFjwxOYTy7jrhgePQvdbtoCPbXLyo3aGZs9PzaiqtZvvhghJlzrGyYHoKbJAPzvN1M9MS5rrmYdLzO9zM>
<xrBs2X5SAb88EdTw8D8rN7pzYCbND6cdcpXuUbdRw3mK8XCyXDbkZpgvWnj7LDGv>
<u0qAm4NtHonXBSNIxvxwsUV51_8ytlNlzZiXYVlN8qlp>
<gOsoN7kAsFJDxsiXJr1bvJYS1fd7ZEcixreUA3QGDRNZApBXHEvvR9NN7lJn2XhFy62e1yQXTcmOW_w9lr>
<Txb>
<9SCP9pbbRZK2PnA9P_wJFmbGSC9mU4v4pwqX6QxNSrZh_9n>
<aw0lfBgwTfEHM>
<v3271uyv7v4w6ZCmFoM8aIN_h8xDDK6P9zfrVWcJSsRBiZtVIyqlP>
<iMiqrxPJDCo3Yj0wvAG0BPHpdx2VOlDWYSzTRIIIpjNmNXnahP679izSR0SnxQ2w9xh1NLDjxizRZFtHOicSkLrmt>
<txVG>
<ZE73hCne5xOcLWaEYFJdoKhcKRdfm9ZNSBuNhm7XS45I4GNreKpy_>
<YIuf6AlGTdrQ23gTb1FPp0gP_7WXbuoeWxFHw_4xU_lMKlsS75bT35dm>
<EyUagdrJa1wXxWWkLf0vQImhckwNTyvc_KZr4mKrY636qPNM3mIX1dlH_cd6sD92wjoI5ztg9C1KgM1VKwaBGiOObgrxw0>
<rMSyboPmskfCMmSuI6pceTi03OUloiR0KmPve0YR3164qXosy3XJT4FVpfiRtHo157Z83Dcj8E3z9fpi>
<Sdabz6OUoz3TAa>
<EIEX>
<EyUagdrJa1wXxWWkLf0vQImhckwNTyvc_KZr4mKrY636qPNM3mIX1dlH_cd6sD92wjoI5ztg9C1KgM1VKwaBGiOObgrxw0>
<jLEmGUtGI2w_qO7GNjRS>
<EJK6rQCLPFAdEtOsq3Nbm>
<XWgbRt_03s3cVpnpaKw2RCy5Ai5kgwoi9ZBAQzzTQC4FWwgrXpVFS045Hl_wAbLHFi9oBegZYJ7O>
<9x5jbijKMlAr5nmzgZNeiBs9>
<9SCP9pbbRZK2PnA9P_wJFmbGSC9mU4v4pwqX6QxNSrZh_9n>
<fMbL3ulFOhR45PxFQHN_yLQmmJZp0LrzFxSptDzNtlHzXrCaQNMUTQqFMD8Rbu8PE6auRFgaNDbqGdT9i>
<xT_d5JOy_b_Vg9ViJneNnwAxSORZ7j2tTN8G3E5f0aE8BiLBCMm>
<ua8GjXRvz7xNCTh_wKGHOztWgQ4KmmmogoDbNG>
<XwvX2qZmq2lzA3ie2yMsrtx9_F>
<lKYDeHWKEY9rulrudPa5Y6yMF0VoPRJ3RxJ56dqf24zmYG_JpCBWzh5CMKJCo3Ltvgvhg>
<Z0V6c92P6DAJ1UApoXdebR>
<Apvn5qUrFUN9q3wbE5dRBmy2iquBdxfa9p_9NXurEcz1gL>
<MnDMZAuXwvWOgLLuqBbf6eNJgVx24Y1_VFTgZBieg6V7luDO05dr3wV7uCebqijhkD0MVGJJi_>
<SzxMm_mFkCZtT0vduZ85DfxuOuhPftsCdpqiORuHXHmmwfwd60o>
<ylgcGrdiaZtLSR>
<2aQOEHs>
<BOnJ68EdpAZnOvzRvTTG6SuCEXEdfT3n7_3LTuuFoooH5C>
<muWm7BZIikFgrAzrWDaq>
<pg_IFvnxQ8JEtH5n4PZXRfAudizjy2PFzkjKwx7gftwRP7wNzxWy07Hs64LswrSGehFdwbeRABTR>
<7uGNv>
<gbGRURaXTUcjYv_rtmqvZeizlLOHOmsy_Ep5l2TpIQDZe7Su_c0DZ1reYh04gOjQa1eu0hxzFQ_T8Fuz4lNiQsBlSrRzMm7K>
<TEmJiAkk4rshKLdSCPVD_zNsGxCy3a9CC5y>
<ibXUggq2rScYtkqFEHAlvyKPVhlC66sBVxtYBEg5LdmlMm7vis7s1x7FGiHwP5AsGmbF4OdgTFEC2>
<676muhg>
<3IpYgg9O4JrQr>
<X9we1uosvowv6WS57K>
<LEqRECQViwTo8YdInxWUomqfxP9xJ_9j5Jg82sAACpFTiex1Jo2uKlh4ee>
<6GQjZq2pA7eORsvt0d3h1UtbGMATh9E0yy>
<voF5QB1hNFdxo_ObwpMO_3iGWSZtJC6ySO8Ct9FJ6s0J8PxY6dvyr8RPJpkKzzSl7SFifQLTJPEujwMOhHxnj6>
<u4aBfkK8FPtKbhMHhmFJ1RzqdFXlNB4XuWbPNYEkMJhlaeUhawiDSkLbUy7mA3_seClr4Xmfet40BdfbBS>
<X57CDyzRKOIIWVgQsq6JCIcEpRk6wX_0jUA7Xe9mqEt4ne3ZiMOR8SVOh>
<ECisRxeu1iXhPBnfBNE7Z9mmCWc3WiJpyuW5fMEJqfxnt2EPAo1vtKSswYMlR>
<YsqK38dwyzb5aAfGVv39mVCrd58PTRdNNWd1csymOiW7CDaf>
<MCopbsMeWrCB1Zv6x9gAkssQkybBue5zCYEtb3B69_p5lHG92>
<QHv0o1Vv6qqvoGHkm4dffyiKCmfFcEJuofSdR1z_Jg0USsb5fwRTuV2h5ggdZZOCHlC>
<J1MegatJYUHyoSFPoT4uyX3Wwk>
<wWPGIAcMpufoXtQqDS2dJDSkzU>
<xrBs2X5SAb88EdTw8D8rN7pzYCbND6cdcpXuUbdRw3mK8XCyXDbkZpgvWnj7LDGv>
<xS22kJzoUfjFBv>
<xajKHEkJpTjqAYimyWpmGeU>
<wNOMMaAMgZhM6K4jqPE_7WHZd6PqC7i1>
<Nmmpg7zKfxb7MvNgdXhmbOWyhO>
<YzHXSLh_H2>
<7cz4aC5D2GCobA9xagqMi4K3ypkJnq88VIhKj>
<wKQ_zz6vxgdSnZMIZi8H05p_JTcE03fa5uf>
<z5Uw0U4LMLydUnvpLWktpzRcfPro59kI6wJiH4FuRdRj0W_9bMeKmw8viXj03Fxapzwf>
<R8tpwpNRy2gBiZ3l6XGRoih8AXPMIo_KD9TEls2A4YNI0thQV4gpPVRnUkD_sL0MceKulpjctMPdWk5EcL1Q>
<dGIf8MZyhT90e4lRRzCyZqcLAqv4zl2RQL1ZRt>
<CJjXt1pAFxhG4wGsSWMdqE8TH>
<gKHslJE>
<nYG1wPWcSBJRKylLQYBz_i8bN1p>
<V9fshfMhnfzv6TpuHPMmGCo8PLBNwsEnVnxvLxfMveSIhmYW7_iWAmmPOk4F3>
<pXH3dWVgrpKnAYrXUNlrC9h1JG_YMIt28UjjA9zPhcOPpVOtuPRmBejYaPoZMGZZWR44Tua1xTs6lP>
<6bh8sbtRuLjhT0rc6s86DjHTTOKsohbyexfXsYbYAOaZA0aavY>
<i9RvIXRM2DWaFuc8SSU_SpbVx3e1_Erm4RooI5UNur9yd17mKd_9bCtB0HoUiuNvVM3GT0c1uqpb1W51>
<QHv0o1Vv6qqvoGHkm4dffyiKCmfFcEJuofSdR1z_Jg0USsb5fwRTuV2h5ggdZZOCHlC>
<j1mhP2Ynz2X1>
<UrQzQtXfQkSl9pu0Jt9TY_55x5hYaP7UvXV6I_vBwmINfSVuur0sdGxFnuFskLMo9TfhGoL9L5D>
<HzLhkgIdQlPJxqQGIJ1fNKFEVEs2oCi1as4DR63faY42>
<zVeyp3rgwP0j73Ike6hfLzYIRy0u_r74PlYnh7c6>
<es2WaF2aiHr5WNQrIM8obutp_YTQp2Ucyjt6kmfZUfCAdIfcUp0jxNafzrSums3tkJnoQEniMBI4yvg8S>
<IUndLBsIbGuNA2oR5_phfZNWUgLNfIn4SUSD3N1NrlFz2c8QNv7qz6i_Ji9PxEutKgY0mGArTHMdMcY5dA045WnFEdt3tUA7PX6>
<BoPYFa4KPetoQBjujO_OMYuT74rXFNfnMuCi7WDwwrONRWA>
<IQ1xwSDyU9FNKBGtgke1y3yM>
<K29ilzZ2UAP_wq6kRZu5gnFoS7GebpDr7y9Rx2kcCpqmrmMvjqyGmgsNqurbqymB5c0>
<wpurhOwqJ>
<rJ3oPVNrlt2wolfcwmNkVcTZ9Ezi7KC>
<rmALhcRNPX6xtJsbCWDYIAlvJWzBUjcLema9cc9Z4DjPzpLPsCFcHKhAucaGB30Ivj>
<VjYV>
<K29ilzZ2UAP_wq6kRZu5gnFoS7GebpDr7y9Rx2kcCpqmrmMvjqyGmgsNqurbqymB5c0>
<P3rpKca5AD4sMbuK2qpT5ClGxzaEPEBHUAGUIrtmFu6DKxyvcgAEGb_dILYWJwhE9VlwZP75j_oaWco7NQKh>
<G61XVvqT53oSJwrzcr7pSzclSc0hk1VDaKVL8FFL>
<_jOQoHMW0bs5ziJqBSZ2YRv8ZtV4hW4Ot3x0j_lgFLr3McklsQFKcyyDCmOEKiOyP3S>
<OJtM_ebtMFHuK7a8Y057Nb2hgICWQ8s_daD_>
<8aoHGgbibVCU>
<xajKHEkJpTjqAYimyWpmGeU>
<e6A3J2jej2ATsEzYdHI0XYYASzDqXSgNs0mpRh_yvlRwLjhTLNnZuD6WiM49YeGgg6fAU4CZ4AATY>
<8DpY3xCCJU>
<XUNqWONs71JJdDjbt_3r2RCLSwzNETCc2QZSI8eMXg1ph>
<Gkj0SQNsp6CstED8Nu4KlOVeECCwJHDDO47AT3CUD7frKYmk8prAtSW1K87Onr54ZUapOeVAMsj8dg>
<N34SSOsgmGw3Bfi72G1gCHQkHdqfgi3c_3CugaYWREem_qIZYzlSdJbmI9PCWrTqLeRxErrkyV>
<azNUYsZxxMzcv_t51VGyqigIz0sNRgE26RXZRXSrQm7rK4pMi2DbEeQjPGQH6Tiviodh9H_OvFF8t1geZC6kO_eHgym2y_>
<bNejHGx3KzVko41OlKVO2hInwYrM5HUXNM18xJU1Iz5UXi9mALclpSyV15DMfUUg9J2N8e>
<6S9bUe5XpF1to0DPpYvRCY0qpKpr3MtSkUKp>
<LxWst5hWw68NGcV6FS2V6EQElS8v4XKvs026gyZDDYPMjSSuBp>
<xqPmaaDKRRvNgMjoXcAlxMoaURiSOm2w_uMBXMgRPmXG5ioBVrrzFpQaS9_WTXF>
<vQqnuwtS0xFn23P2wh03ViFkcDoQvREOqn2mRoiCnVHWFyw6WnkFLZIxIYl4_cLJAUTgjzzECn8DkE2blT9m7c8jurYS>
<GH3g8m0jKDHoLYQhllB3c2No9G4lFthB6d_ACLWHwejfdcPugriB56EVqPq5JyFWRWUU5I98>
<oZ1yc2MRAF>
<2r8YnXpEvcw_LVPVlnmxP6GtaxuC0B2eXEjgTIBh5IOOXFVgyY69qBVXG2NmP6dhcMZlRpwtemf49ouJyBlC>
<81Rczb6RNYP>
<gFcY0SdueKF390UReCJYd6LkiR>
<pQ3lVjpPAhi1ujqBpqtZYCbxiCJje4I5SUcLcVu078xSh2X3xmrB>
<ryS>
<NCs>
<MCopbsMeWrCB1Zv6x9gAkssQkybBue5zCYEtb3B69_p5lHG92>
<KwHMVrbRHCL2oJsuW0ahQxiLZF0SknVgUrRiXUzhfehz1AVomTt4n46oH03izvAZpBtMwdJTlyyjj6Ypj4xqAGZnmFU>
<JkUdLJSf3pJCa3dysryKL6xE0jKGVUvj_z7L4048GEZAWkBn4S9RZLDOXxh5Anlue3eyJprtO9FVRtrcCeQI>
<mNW7FlIXj7sfYV_>
<FX2vaF96fmfV24sWoRF4rwiw9VjtUdDV3qRFOSkX2c8gfDLfH2jI0>
<Ja9rHuOaFwBblpkAW6Y4k9Dp0WfdMWvgPTB_n3NfVY0QCKl_tYaVxXg0Jx6mbSt2wVsR41>
<1TKmK3gd7D2o>
<T6Hq8ku4cQU_jcJJMhu6g6GCdV31bFu7HLyzj0_Pz_w4IG06l>
<jUqlZabKGeVTzlazgi__w7ZOKlDfHafMHH08sr98hGqzjjRK1HF6w>
<B91SxrvtbCPbCy2_sqDHs0UJjDEQo5Xt5VStiwe1dApGjyyKg97DKo3InXyv2STawUfD5wpQWfvb>
<x5y6a6ov3QgC9hv5xjFx8IVpRF5rX_dukAIxcjZ6>
<wivunmQ8mHO3RHvQ_qpd38FJsNT6rfnvcvNRSuQ1a_ZaXF7Gk7xskXzyew84dRt6DXl30T>
<Sm8xkp5tEsarBmOtel7wABIV5nZmAl_MPorh3>
<H5SsfRtaVNcNbtsMCh9VulaqEFqoLxY2lzHJ8pTdIBB4EYaivP>
<aV17CwWG41TEsqGFLxTLNPT2D4653kNXva9Us5GzezmKgA1DqWv5B3wXww>
<MCopbsMeWrCB1Zv6x9gAkssQkybBue5zCYEtb3B69_p5lHG92>
<jQX0UjTrEh641T>
<524LCX10cRcWLnEXkQcI20xr2iIwIE5FcqLNAbAf13WsZdLJRqfKUW4DyIBf>
<nGx5HKsu6tO7pxEmccZfoOZGL53KV3orwldcgC3x3w_GBlpsZfHiW34B32rn>
<mNW7FlIXj7sfYV_>
<bKIJWyQN6EwcxNgP9LYpevYe_A4V4mLgOpifCT5NBZc1oFPV1n4xE4vfBzoizzuNWknuanfmPvEn>
<BFG6ZuAyDEFeFdARjvFk3VBU40wPXts8VMFkiMb>
<nGwkjgsmUyxHZ2bxNRBM_A0Wh3hPTLa37uVO4xDFZjgO>
<N_mzCKwoWO19RkyckjBEI6gW80HYrjuJPfsiw7aHH5tsQBZcwMu59RN4wkCcJ>
<aui6S3leLFoCwOP>
<1WSASAeedmqGwov5cMtS5g7FeN7Zsf0h9>
<1irYBPOATk7wKGszlJMnSANp8>
<A59JKD2_L22I6BIQ2_4Ze0NkR2yCCcE48T06qlQE8W1BeMaZNHFZ_a5TtypCQE55p8OCMT>
<91QE5845aCH18LslstFscxPkHOSpVOZRz8y3gkBf2BWNYLNIemB_yUARb1oD>
<0i57NksdHPYcXDzIGdnWC7uAZMucRtjp1BJg9gCvgvA9PeHTMyWmK_SZBM9>
<uhg1EV0_2FBoqUug28bvAMErEZaLLfjVdQcUPiHnpL9mUaMZB2_o8z8kpiZMK3YaEqMg>
<Dpwpyk0Eb62tRM>
<ctMdYL2nzC8_QT2aIDDJOtuF9fcpBLAuRKnzTQKQfgMSks4yn0MGAwrkLxCB43ARphSTrpYnuhdWO3AUBFIE3OA>
<QtzLusMNR2r>
<Ao7r7WEsMVAwZA_1MY0yai4bwb82WxFIbDVDirBNQMYQJnBXby23HChdZexGgxlQItpuXZWnqJXWQ7mLEYGS>
<fMbL3ulFOhR45PxFQHN_yLQmmJZp0LrzFxSptDzNtlHzXrCaQNMUTQqFMD8Rbu8PE6auRFgaNDbqGdT9i>
<9fZOHRQC7vl28VSFrd5wQbovZpgFCTmZSnIphKfrsSRh>
<D9ALtGsYsfSJcp2sKx5uYJEFS9OThvRI3le01umU2A2FftPCCVcOeSxpvzeXprrHvPstaJmz_ui1Oz6DTJWdd>
<75wuIb32BwozANMPMzCluivSabjP0p7hU445>
<PuuiP54_pUE1Ff11Om2ZM2R8uY3nGbhH_tXKGXa5X6ToIxFUNEuZniq69JabQ02owMKodklNT>
<wN9eHR158qSjQGFSl7r3TUgq5gnB5rAVvZwzRstK6ar0OS4XnLL7MiASs3ZO_TVQ8qyk8PK5HW3BmHh79upWcoPF>
<kw6>
<524LCX10cRcWLnEXkQcI20xr2iIwIE5FcqLNAbAf13WsZdLJRqfKUW4DyIBf>
<BmvahDH3>
<yxWCBl2TIOv9IAilS2GMTs6OAVHbCVc_vIMDcOK37etbm8fVakEjtVKezlnja55Z854XHg>
<g6Sddz>
<e4zp84VDs63OSsHpDw3OFoY8anUl8ztnhRyV2FK7n14XuDPTwb2y1mbTbbiGZsFHgBgwdk>
<1DXkVBlxJf9RTVZOkrXVd7j_lMlYFQYT9WJQD_WtTAKVsnYiCJmY9abSCcq>
<wajdE_wGm29P7xtGBgSgMXZk8kkCx4dbcl2rcPeJ4Z5U9iTuGSUrD3yT0rXMwrVrEMG0tT8j>
<SNQUMT4kCkwGobyl8>
<GMnRLzC9xP4bp>
<ks5cT9MR6FQBte>
<OGtv2e_E6j8kCPxt>
<LTcVzYJ9z1TCgrKgndXSfdgaY0IIZqj59gr4cy0oICmTEHQKyjZmOb6wRQRX8tEnTxRtQJkZPj4OOTpaJnszTUPNe>
<wtMWPUnusDdj>
<TYOUIxYM2gDEBJla44kyKB6odDUBi5QV08facTRfkuLfuYvcq2YjzG1UWcVyHVTe9iO37YXJezy5l2ySqC3WKZC>
<qeeW2T0leSgMnlNR6J963FZYbLsjUxhu>
<ZGqxiGP37lCNEz_3Qoj8FLTAEk42GDFBPaDLOj6gHbqcooUgcm65IsDXR3sEI>
<r0eDe0oZkdNhpIYmyBXk3E6WoVMzUyuyBWlYUEV>
<TyzkRNNeQZrQWfHQIpCSKXlo_8MNntCJzLOrLZiXczD6e9S>
<ov1>
<PbEVNB2SpFREfiTA85FPC5kXbBxSkmJ3_hnQJHrWmTViRMz8h55QSowLeqkUznYTFzP9T0eseVl6L_Ynkv8UCY0sk>
<YsqK38dwyzb5aAfGVv39mVCrd58PTRdNNWd1csymOiW7CDaf>
<O0zxhCxIkV1lY66yYnebbZyFmenbpd60IPKPLEA6lQrm1gT8LitQ7BMDQiWQdJg5vqTvKMso1>
<WCh5AZxMRJjZN>
<lMgY9SytHx96ZHmCOhqb0pl8BYg1HkOxS040mDMMWEpocl1r6ePSPMza9Pn4vLFp6MJZif5U_80lZbIMZ>
<3E__8ddkph2JKR9t87su9rc>
<OASKmyL8To9fBfv1aK>
<3CwEos12fqLyIKZ9HU97XI4KRaNtjn5RzxF6ey0PfFFO49ma4H_DFhSz7AmMNtUmEe1lA>
<Hb1CJGubXAlzvm1UI1pbppdklLC6mvW8jmJP>
<nkLKuaDb9_nh0_CskQiAjbTMNkAfQ5k2xtgcIvUL0uomrSIqgVq9WWJIp4Kg2EEVz6jhDHC_lACxLm0IiDVfZ_cBaKMT5Vj8hli>
<D7TYXek9Vh_5l0HtPpQ118i0lx3q_6yE0dDTYvHOXK00TlBq5mEvSxKdRucqDDSraFiQpBVPP6eZ9giOhUw3mN>
<1rf4EpMpVE2YiYQYvRrY_xEzwQFmNbJTJqCa6ttQm3z5kPVdGWH>
<yLMkbILsO9cBQJ2YQggMWu_a2kEgZzV6McJlRm8uq4jDvlIzwLM4Gst__>
<iTjLq4mPNHzbEv0e6CnMfkLxjiApyiiUXYLHjNSTuA2KLFXaXNyH>
<9SCP9pbbRZK2PnA9P_wJFmbGSC9mU4v4pwqX6QxNSrZh_9n>
<i2d1_Qc5o_7onE3zotrC>
<8aoHGgbibVCU>
<MOVqVU9ymHaWVUAQbkfrvxnNIZz_7icTVCDqW2E6qWKnHG45CjR60_7oWWr17hSZSWUNcmgM5QM7KQ83LPWbmEvcOGWzKaHeaUk1>
<vs6UjK8NyhEtHhfQelWgDFcoRFWwrzHO_uButj1C2ugJlH8OKKTyu>
<wabAM0xb2rYwYLyrl2KB6P1dM>
<aJImB_Ga9EnrR2jFwVNf6LxJcjJwOPdbnofNsfy26Nsy1ac4>
<URgWbGcOAKJbBLVFzmss7kJ_KSycXP>
<WoWHj8nvonmN3zMYmEaZ1xtaBKGoXE8Jt4JBvERsLj7zNghZldR__WRCjrsLwYIOfSzDqSinnzqCYj3o5af818kBr>
<Lhck_v60zFKUMJkbEPhPRdXXytrXD4Dxe_OhDeCYZLXr52mksxsmHQqOnuYDXX1dS6ZOP>
<RG7Vtk1arGU>
<MY3pTj3oKBTQL994dg22khsyy7PHWWLCi>
<v3271uyv7v4w6ZCmFoM8aIN_h8xDDK6P9zfrVWcJSsRBiZtVIyqlP>
<VwsArtfDDCx_1YuzQSr7Rb8nBD4hvkl_t3Grw5pMFQHhmjBpGwv_SmHyt0>
<9tSUneQEdlv88egbJdNept2mLw_F1CdkVCMESfpDI8ir_47Q1FNU9JQmy0RuKJAFBXvRBbNe>
<OQ6X9aztJlPbuT3lI9WSBg8X4jgEfYokRnEvbkpGUw_vyCRvwZsw9yurft5z1wZqpHcfLxPavoTLl7vv>
<n0m8tgdTQ7I08pWK1kW3iq4m1gI1ytSM5h5D8vLqIJhW4TKNl28pt6RLD0PyyarbciNz4tf4CdPnB>
<is6hHDuqLV72aGwuaNa1MljQmzT9tz2VH2Zm_6J8ENVcos5fp>
<3IpYgg9O4JrQr>
<t59px_JxQ_ZuYlDbS3I0SQFsOqlQETg286Anpoamsu>
<gOsoN7kAsFJDxsiXJr1bvJYS1fd7ZEcixreUA3QGDRNZApBXHEvvR9NN7lJn2XhFy62e1yQXTcmOW_w9lr>
<96eJCwTFNT2ypjk6wpIQViVVfpT_vDsfxZ9Jyz5nLLjGprQXg38Rwot_FmoXPU95dHmMzppgKgxo77r>
<cy4sNPyzskZ0LPZVsfLBedczpJnBJYZeXjDBNBNoPzwJ8J7gE8a6>
<dn>
<LxWst5hWw68NGcV6FS2V6EQElS8v4XKvs026gyZDDYPMjSSuBp>
<nGx5HKsu6tO7pxEmccZfoOZGL53KV3orwldcgC3x3w_GBlpsZfHiW34B32rn>
<i2d1_Qc5o_7onE3zotrC>
<6Wgs_NwfuRbwkpNM0jRjzNnjYURe6NIIgGZc4tl85duH58ABDzhdTzuBXKjOXBz33VTZDr07Vs>
<l4kRIg6GQHABaN6csDUf1VOJnzScVjEmNGE5fQQqs>
<YIuf6AlGTdrQ23gTb1FPp0gP_7WXbuoeWxFHw_4xU_lMKlsS75bT35dm>
<oCZfgbtRED8X1pcEvN77VcMDkiCFthZB0ixuDH6G>
<W6sj1hXILwHVwPzxBxSaPiLIFhouVlPcrLUbMWEOhVhWAf2A>
<r>
<pA2A_n2lHk_TXd2BaC5aaXg0vAPeV0esRLS>
<cY5CncSk9X6ES346Nw81igs9eN2smbCX_Ji01_AzOLv5iVmG1JNQtzvBT_D4lWWGvTdbzoWLy0ilz3jA4q0qSdew2hRu_>
<Lenvki3b0L6>
<aw0lfBgwTfEHM>
<qoRd22LiCzSUlnGiCqM6iA3Y_BWCwWRC>
<9PTKlIUdJrupCbtfx4AAeLryFvMQ5f1QBQACvMOPPrvH0tCim7J>
<tqVmw7Eh>
<KNdcTrdH8n0c6hRqkXhIdkVlDHQiCUisI1QFcJa_wmBS5PKfxNaEscakgzLrnsZCm0oQXooAKXyHD3jY2gulZj4>
<U_D>
<MKT0ryFpIwbhrWaWMvZMOYRUZ004Rrmpxh2Jka>
<VDwpX3KOVdXuX7OX>
<rmP_voT66XJnXOEkulbnO10dp6GU0_h3hVaSn1Lw4LYxFsG_O>
<lGXMqmdIqEZv7qnfzXDdHGNSmLEt>
<umus4Gmed_ESf8Kdj84zQUao5LFRwZNjclRVAEHKF>
<MlKVCqQ0fAc>
<bn_FbwLqxE1nAyFix35Bz2HdzuEZSP0gAG2sRUucq1IAK06dDdjH1CFtx>
<6bh8sbtRuLjhT0rc6s86DjHTTOKsohbyexfXsYbYAOaZA0aavY>
<Cm90Pcb35l8g9m3qIrDFX7cwvbyoT61mTMbivXc7yAU7BAS9V5ieUXg26v2fFzDOtaoq0y64fzoG_jxa9Hfuuu>
<fSLgQCYbBIgo2k9xmcrj61SbWQYivmyxHme8xecry>
<UcUVjVhee9njrVj_U9si4fFrnqKkdbq1GWBDbn2Xx7vFBaXu9LMHASbVLaYtcPS5mcOr8WNWxJoeoHW>
<87MhnDdoGhPbxOpXYFua90e>
<Y6BjnLYnKLcqo5>
<lYN8ourJTsOUgPUNLdku_>
<qeeW2T0leSgMnlNR6J963FZYbLsjUxhu>
<tSzN4OxRwPF7u0GoYQmkrU1R31IkwNdNTHeD2Lsyl90AXueNO>
<d4QtAWEJcHFXFwGlRmOcbuiqc8roFwt_OmIgIdQUioMsAjX>
<GxuNropPmFo6W7uKfezBqFfq8_kYXx9yQXbdBa2FXrve8vbG3fl53BfmKgn_hJO_GmNdebn_j9Ruo1c4Kgg>
<xS22kJzoUfjFBv>
<ZVKdy7IMPN43uR2X1SpUXtVH5PPbapBx2RszHYHK1t5tpCoKHw>
<5XLdxsCIBYGiOLDSgbirpeSojAUt27Ven6h0LpoNcUZK5k8j8n4tMBYAu8>
<wivunmQ8mHO3RHvQ_qpd38FJsNT6rfnvcvNRSuQ1a_ZaXF7Gk7xskXzyew84dRt6DXl30T>
<M6Jb_YdB3w_vsa3pRLWu>
<X3ZSeP5uEULLJCnxiS77CfJ0U7tVpcHRNNdo5XyFuOimT68oqRur2bH4LQ2pvg5K>
<MOQVNVH6HVZlTpfrC6ReRm2CV5aGipqWRnoISG9SpoYxB_PyPE6agiPQqH5nKU8ebSkZEd5>
<nQZKmzJN74KwG62udFhvMk5J1Se0FvKgBXr_zW3de8jmQGTJElm3Cykt3IvV>
<M1z1L>
<i2d1_Qc5o_7onE3zotrC>
<kyesWThyz0Rut12R6Xp6quhQ1i09O36j_5wAvZvFL6V62ax0hpFo8DKJdUzZcxURtYZVPdm>
<pZkgS5bmhoNC3MFHQu_VetXloXnfgsa7FKW3a7WzYrQqyZb4sVDy8okl>
<i>
<kysxHDgD9cctntdtatYlmeSHiA8k92VzBgPNtSozJ4ebwNmLi9eOdOM5ZKcdPzpEs2cPoPdUPeOub7EUj0xbG0YEBiir1cesgwA>
<reZnNuWSZ6ASusSDqVq5FwZQ747vIaljN7z6e_Iu2QdwYdPtr94R5L9FJHpHI30lqwO_IprUV1>
<2gT>
<CWBhXRhSlQByD4FLppfpEZ6BHBgsWPgY0fsYwowtameq3i5J2imyZk9tu8TBa3SfxSSyIEAIXqiG1T>
<XSE2LixRFoLQbHRnBP8tEhnwkVRp8UgOUUmEihoXmcmn6A4oBVRV7hV7n1oZyvyldbCQzbFdqGKZgUBjz_KnnknP>
<UO7RTAXTpqFVULvmZThLimb9o70r4CIilDRLiij6QePQ_lA0aEbB2C>
<gpBtq_wViBMqzlPEe8mAkaElx729hYDS1XCAgBQ9joNSyt9fhbLLz8l988v5WEs7JSTEsbv4ptAr5EnaeLpSKci_N_9iV>
<4uZ6DYezaw_yGQ22svN>
<oGQhrThbli2WNxaIIjncWfOeiBzvBZbk2ABlDsZm9JqlRSEoa8upM_N4kQG68SqLf8onA2B3RCK>
<vXBW9mtI91_iAijKdGHnwn7dI>
<wHAGfLq>
<RLLzgv0mmeGTRvRy3Vd>
<Fs3jKtozeBuf92YaG>
<jW1iESEp2yEMPrY2pxXnuul7S9stveGReLF>
<cgz6jlKp6kB7zeZltxZO8igvWqUCr4OYgti>
<A9Xp3VWdVBNuzRV>
<ZGqxiGP37lCNEz_3Qoj8FLTAEk42GDFBPaDLOj6gHbqcooUgcm65IsDXR3sEI>
<ylgcGrdiaZtLSR>
<9x5jbijKMlAr5nmzgZNeiBs9>
<RA2JSlt45_d008IWx4KxbZJBVoQm6fvXjmfSLXqEZvHS_P9csbW0XK7CjALA>
<Ixb3Vds>
<1syXy0gqbtBkJY_N8PDOnH6dvsN>
<4>
<7GCL0V0eXjq8U2NS3nxwl1R>
<1C6qXsu_sATnFKM3TIwGhW5QTzz7BX13Qn15X63YCev63AJvB4v3w1STNqhZPfUfuZDnZMH5aYQQV0rkPtwE2nf7>
<wWPGIAcMpufoXtQqDS2dJDSkzU>
<oTvkrXyUTITjJx7ZpXPDHiu_9Y1VH1ECAF>
<QsKLMd9HgYDEzZRdb0vBNtpvUn4tORYGurpO>
<LTHGl2IK9EFBT1XqrIelm1iwg1z_BiD959QQVhNtIVVMPze1MEiFi>
<jynLWBk7StqP60lh6VH6yU2itpoWiZtTo8h>
-----
