1000001100100001000011011010010100001010000001001101001000000100100000000000000110111000000101000100010110000010010010001001100010100000100110000100100110110000000010100010001110111000000100101000000001100010100000001001000111100010110001100000010100011000111101011101000000100111100010110001100000100000101001000010000000001000100000011000000100010000001100101000001000010010000000000010000100000000010010000001010
<CHTDwgC5KOPZ8PV8WX8r2PuT7Zepuk7M99kmG3awngsQEDrDJ00kwMt4MAvbzvY4C8Zx41019EML6Nid_>
<CHTDwgC5KOPZ8PV8WX8r2PuT7Zepuk7M99kmG3awngsQEDrDJ00kwMt4MAvbzvY4C8Zx41019EML6Nid_>
<CHTDwgC5KOPZ8PV8WX8r2PuT7Zepuk7M99kmG3awngsQEDrDJ00kwMt4MAvbzvY4C8Zx41019EML6Nid_>
<CHTDwgC5KOPZ8PV8WX8r2PuT7Zepuk7M99kmG3awngsQEDrDJ00kwMt4MAvbzvY4C8Zx41019EML6Nid_>
<CHTDwgC5KOPZ8PV8WX8r2PuT7Zepuk7M99kmG3awngsQEDrDJ00kwMt4MAvbzvY4C8Zx41019EML6Nid_>
<CHTDwgC5KOPZ8PV8WX8r2PuT7Zepuk7M99kmG3awngsQEDrDJ00kwMt4MAvbzvY4C8Zx41019EML6Nid_>
<CHTDwgC5KOPZ8PV8WX8r2PuT7Zepuk7M99kmG3awngsQEDrDJ00kwMt4MAvbzvY4C8Zx41019EML6Nid_>
<LDBzY51UwcMx6kJEqaQh35LPb4Y_jQd762mzGhIdT04Iv5tXjeN2PFfu>
<CHTDwgC5KOPZ8PV8WX8r2PuT7Zepuk7M99kmG3awngsQEDrDJ00kwMt4MAvbzvY4C8Zx41019EML6Nid_>
<CHTDwgC5KOPZ8PV8WX8r2PuT7Zepuk7M99kmG3awngsQEDrDJ00kwMt4MAvbzvY4C8Zx41019EML6Nid_>
<CHTDwgC5KOPZ8PV8WX8r2PuT7Zepuk7M99kmG3awngsQEDrDJ00kwMt4MAvbzvY4C8Zx41019EML6Nid_>
<CHTDwgC5KOPZ8PV8WX8r2PuT7Zepuk7M99kmG3awngsQEDrDJ00kwMt4MAvbzvY4C8Zx41019EML6Nid_>
<CHTDwgC5KOPZ8PV8WX8r2PuT7Zepuk7M99kmG3awngsQEDrDJ00kwMt4MAvbzvY4C8Zx41019EML6Nid_>
<CHTDwgC5KOPZ8PV8WX8r2PuT7Zepuk7M99kmG3awngsQEDrDJ00kwMt4MAvbzvY4C8Zx41019EML6Nid_>
<CHTDwgC5KOPZ8PV8WX8r2PuT7Zepuk7M99kmG3awngsQEDrDJ00kwMt4MAvbzvY4C8Zx41019EML6Nid_>
<SpUuiHXhDVMmsTrqmSpTPEZOKjq5DkzBKPVukD_dKm3wHxZBM>
<CHTDwgC5KOPZ8PV8WX8r2PuT7Zepuk7M99kmG3awngsQEDrDJ00kwMt4MAvbzvY4C8Zx41019EML6Nid_>
<CHTDwgC5KOPZ8PV8WX8r2PuT7Zepuk7M99kmG3awngsQEDrDJ00kwMt4MAvbzvY4C8Zx41019EML6Nid_>
<CHTDwgC5KOPZ8PV8WX8r2PuT7Zepuk7M99kmG3awngsQEDrDJ00kwMt4MAvbzvY4C8Zx41019EML6Nid_>
<CHTDwgC5KOPZ8PV8WX8r2PuT7Zepuk7M99kmG3awngsQEDrDJ00kwMt4MAvbzvY4C8Zx41019EML6Nid_>
<HKNgXVXIH_9Mam0jYjaf73SH6XXBXdt0feI5xmucG8OJgGrZPWznd5qCNWBs_wb6gnbVN>
<oaXyujdZsfRr7AcxdG5ZMhp>
<HKNgXVXIH_9Mam0jYjaf73SH6XXBXdt0feI5xmucG8OJgGrZPWznd5qCNWBs_wb6gnbVN>
<GDV_bA080LY5CBr_wtu9RY0LfOZrj7MJg_iYE3uexh1vNY3W60a5mTQkzy1Yf3_vi5zKTz4rFIUes4AMO9xd48ECW>
<LFE0jegUsag7KOBbZad_WfJqBntQlH2>
<CHTDwgC5KOPZ8PV8WX8r2PuT7Zepuk7M99kmG3awngsQEDrDJ00kwMt4MAvbzvY4C8Zx41019EML6Nid_>
<voJmSy4>
<CHTDwgC5KOPZ8PV8WX8r2PuT7Zepuk7M99kmG3awngsQEDrDJ00kwMt4MAvbzvY4C8Zx41019EML6Nid_>
<oaXyujdZsfRr7AcxdG5ZMhp>
<MEYlMoqVR83ROiyWhA6Isf6kv_gIsIw6gCpqgYnApLvkIdT6i89DyHpCVoDTsfn4S4sKLC5206Cv091ciHcSsRVzLjVGj_kR>
<CHTDwgC5KOPZ8PV8WX8r2PuT7Zepuk7M99kmG3awngsQEDrDJ00kwMt4MAvbzvY4C8Zx41019EML6Nid_>
<5t1XNPn0ghXwgJZif0SJQR5utQEHimyy4xDFh48>
<CHTDwgC5KOPZ8PV8WX8r2PuT7Zepuk7M99kmG3awngsQEDrDJ00kwMt4MAvbzvY4C8Zx41019EML6Nid_>
<oaXyujdZsfRr7AcxdG5ZMhp>
<CHTDwgC5KOPZ8PV8WX8r2PuT7Zepuk7M99kmG3awngsQEDrDJ00kwMt4MAvbzvY4C8Zx41019EML6Nid_>
<CHTDwgC5KOPZ8PV8WX8r2PuT7Zepuk7M99kmG3awngsQEDrDJ00kwMt4MAvbzvY4C8Zx41019EML6Nid_>
<LDBzY51UwcMx6kJEqaQh35LPb4Y_jQd762mzGhIdT04Iv5tXjeN2PFfu>
<CHTDwgC5KOPZ8PV8WX8r2PuT7Zepuk7M99kmG3awngsQEDrDJ00kwMt4MAvbzvY4C8Zx41019EML6Nid_>
<uBl89uT5XLiMIDcLB05YiUwJuqw0zBn1zTR0U3uXTuulCvrkbu_VHdScxbcxCC9vh>
<CHTDwgC5KOPZ8PV8WX8r2PuT7Zepuk7M99kmG3awngsQEDrDJ00kwMt4MAvbzvY4C8Zx41019EML6Nid_>
<CHTDwgC5KOPZ8PV8WX8r2PuT7Zepuk7M99kmG3awngsQEDrDJ00kwMt4MAvbzvY4C8Zx41019EML6Nid_>
<CHTDwgC5KOPZ8PV8WX8r2PuT7Zepuk7M99kmG3awngsQEDrDJ00kwMt4MAvbzvY4C8Zx41019EML6Nid_>
<CHTDwgC5KOPZ8PV8WX8r2PuT7Zepuk7M99kmG3awngsQEDrDJ00kwMt4MAvbzvY4C8Zx41019EML6Nid_>
<5t1XNPn0ghXwgJZif0SJQR5utQEHimyy4xDFh48>
<CHTDwgC5KOPZ8PV8WX8r2PuT7Zepuk7M99kmG3awngsQEDrDJ00kwMt4MAvbzvY4C8Zx41019EML6Nid_>
<MEYlMoqVR83ROiyWhA6Isf6kv_gIsIw6gCpqgYnApLvkIdT6i89DyHpCVoDTsfn4S4sKLC5206Cv091ciHcSsRVzLjVGj_kR>
<CHTDwgC5KOPZ8PV8WX8r2PuT7Zepuk7M99kmG3awngsQEDrDJ00kwMt4MAvbzvY4C8Zx41019EML6Nid_>
<CHTDwgC5KOPZ8PV8WX8r2PuT7Zepuk7M99kmG3awngsQEDrDJ00kwMt4MAvbzvY4C8Zx41019EML6Nid_>
<P3gYk0X5i9ZYLW9t5sY2T_9iLXwZDh0JgxtFTcYDWvVaibmAt81Rp4V1i8DPquYv>
<9csvIaa64hkDFdfqInh4ZXFjI_kjwDwW6cPClP9AO2_PkIyxttzpq5vLqP6Wm6jbO8co8Cc5O2OPDheCI90lK3fowYdlucBF>
<CHTDwgC5KOPZ8PV8WX8r2PuT7Zepuk7M99kmG3awngsQEDrDJ00kwMt4MAvbzvY4C8Zx41019EML6Nid_>
<0ycEz_0d_K2lsCQ4vVLvNQDUWyq0CEDIKDRJM6DQ5dY6SEv8MrPRn4_YqU6MsYc0ZUMPC_bnP4kg44nUHPbAYmaKJne>
<voJmSy4>
<CHTDwgC5KOPZ8PV8WX8r2PuT7Zepuk7M99kmG3awngsQEDrDJ00kwMt4MAvbzvY4C8Zx41019EML6Nid_>
<P3gYk0X5i9ZYLW9t5sY2T_9iLXwZDh0JgxtFTcYDWvVaibmAt81Rp4V1i8DPquYv>
<CHTDwgC5KOPZ8PV8WX8r2PuT7Zepuk7M99kmG3awngsQEDrDJ00kwMt4MAvbzvY4C8Zx41019EML6Nid_>
<CHTDwgC5KOPZ8PV8WX8r2PuT7Zepuk7M99kmG3awngsQEDrDJ00kwMt4MAvbzvY4C8Zx41019EML6Nid_>
<MEYlMoqVR83ROiyWhA6Isf6kv_gIsIw6gCpqgYnApLvkIdT6i89DyHpCVoDTsfn4S4sKLC5206Cv091ciHcSsRVzLjVGj_kR>
<P3gYk0X5i9ZYLW9t5sY2T_9iLXwZDh0JgxtFTcYDWvVaibmAt81Rp4V1i8DPquYv>
<MEYlMoqVR83ROiyWhA6Isf6kv_gIsIw6gCpqgYnApLvkIdT6i89DyHpCVoDTsfn4S4sKLC5206Cv091ciHcSsRVzLjVGj_kR>
<CHTDwgC5KOPZ8PV8WX8r2PuT7Zepuk7M99kmG3awngsQEDrDJ00kwMt4MAvbzvY4C8Zx41019EML6Nid_>
<gHKUTY6nKcYA3yohpVJOeEtIGAXw03gYngiwE_uYPjS8ER9n3fhqu6hdNNxqHnDZPhAaSogBT>
<LDBzY51UwcMx6kJEqaQh35LPb4Y_jQd762mzGhIdT04Iv5tXjeN2PFfu>
<CHTDwgC5KOPZ8PV8WX8r2PuT7Zepuk7M99kmG3awngsQEDrDJ00kwMt4MAvbzvY4C8Zx41019EML6Nid_>
<zCkQLqKfvZAyNuVjKpZw4ymMU_BR8UXAbT35bseK_eSTo5JgdlC0p>
<CHTDwgC5KOPZ8PV8WX8r2PuT7Zepuk7M99kmG3awngsQEDrDJ00kwMt4MAvbzvY4C8Zx41019EML6Nid_>
<CHTDwgC5KOPZ8PV8WX8r2PuT7Zepuk7M99kmG3awngsQEDrDJ00kwMt4MAvbzvY4C8Zx41019EML6Nid_>
<CHTDwgC5KOPZ8PV8WX8r2PuT7Zepuk7M99kmG3awngsQEDrDJ00kwMt4MAvbzvY4C8Zx41019EML6Nid_>
<CHTDwgC5KOPZ8PV8WX8r2PuT7Zepuk7M99kmG3awngsQEDrDJ00kwMt4MAvbzvY4C8Zx41019EML6Nid_>
<CHTDwgC5KOPZ8PV8WX8r2PuT7Zepuk7M99kmG3awngsQEDrDJ00kwMt4MAvbzvY4C8Zx41019EML6Nid_>
<CHTDwgC5KOPZ8PV8WX8r2PuT7Zepuk7M99kmG3awngsQEDrDJ00kwMt4MAvbzvY4C8Zx41019EML6Nid_>
<LDBzY51UwcMx6kJEqaQh35LPb4Y_jQd762mzGhIdT04Iv5tXjeN2PFfu>
<MEYlMoqVR83ROiyWhA6Isf6kv_gIsIw6gCpqgYnApLvkIdT6i89DyHpCVoDTsfn4S4sKLC5206Cv091ciHcSsRVzLjVGj_kR>
<CHTDwgC5KOPZ8PV8WX8r2PuT7Zepuk7M99kmG3awngsQEDrDJ00kwMt4MAvbzvY4C8Zx41019EML6Nid_>
<voJmSy4>
<CHTDwgC5KOPZ8PV8WX8r2PuT7Zepuk7M99kmG3awngsQEDrDJ00kwMt4MAvbzvY4C8Zx41019EML6Nid_>
<CHTDwgC5KOPZ8PV8WX8r2PuT7Zepuk7M99kmG3awngsQEDrDJ00kwMt4MAvbzvY4C8Zx41019EML6Nid_>
<CHTDwgC5KOPZ8PV8WX8r2PuT7Zepuk7M99kmG3awngsQEDrDJ00kwMt4MAvbzvY4C8Zx41019EML6Nid_>
<CHTDwgC5KOPZ8PV8WX8r2PuT7Zepuk7M99kmG3awngsQEDrDJ00kwMt4MAvbzvY4C8Zx41019EML6Nid_>
<LDBzY51UwcMx6kJEqaQh35LPb4Y_jQd762mzGhIdT04Iv5tXjeN2PFfu>
<gHKUTY6nKcYA3yohpVJOeEtIGAXw03gYngiwE_uYPjS8ER9n3fhqu6hdNNxqHnDZPhAaSogBT>
<LDBzY51UwcMx6kJEqaQh35LPb4Y_jQd762mzGhIdT04Iv5tXjeN2PFfu>
<CHTDwgC5KOPZ8PV8WX8r2PuT7Zepuk7M99kmG3awngsQEDrDJ00kwMt4MAvbzvY4C8Zx41019EML6Nid_>
<P3gYk0X5i9ZYLW9t5sY2T_9iLXwZDh0JgxtFTcYDWvVaibmAt81Rp4V1i8DPquYv>
<zCkQLqKfvZAyNuVjKpZw4ymMU_BR8UXAbT35bseK_eSTo5JgdlC0p>
<oaXyujdZsfRr7AcxdG5ZMhp>
<CHTDwgC5KOPZ8PV8WX8r2PuT7Zepuk7M99kmG3awngsQEDrDJ00kwMt4MAvbzvY4C8Zx41019EML6Nid_>
<CHTDwgC5KOPZ8PV8WX8r2PuT7Zepuk7M99kmG3awngsQEDrDJ00kwMt4MAvbzvY4C8Zx41019EML6Nid_>
<CHTDwgC5KOPZ8PV8WX8r2PuT7Zepuk7M99kmG3awngsQEDrDJ00kwMt4MAvbzvY4C8Zx41019EML6Nid_>
<CHTDwgC5KOPZ8PV8WX8r2PuT7Zepuk7M99kmG3awngsQEDrDJ00kwMt4MAvbzvY4C8Zx41019EML6Nid_>
<HKNgXVXIH_9Mam0jYjaf73SH6XXBXdt0feI5xmucG8OJgGrZPWznd5qCNWBs_wb6gnbVN>
<LFE0jegUsag7KOBbZad_WfJqBntQlH2>
<CHTDwgC5KOPZ8PV8WX8r2PuT7Zepuk7M99kmG3awngsQEDrDJ00kwMt4MAvbzvY4C8Zx41019EML6Nid_>
<nBkB579me7zAPtyXiAqQEc6RjOGB33l0HS94oNks57ZkbAu9dMHTEN2I6pY19QbMk9vMWX2Lliblijf>
<CHTDwgC5KOPZ8PV8WX8r2PuT7Zepuk7M99kmG3awngsQEDrDJ00kwMt4MAvbzvY4C8Zx41019EML6Nid_>
<5t1XNPn0ghXwgJZif0SJQR5utQEHimyy4xDFh48>
<CHTDwgC5KOPZ8PV8WX8r2PuT7Zepuk7M99kmG3awngsQEDrDJ00kwMt4MAvbzvY4C8Zx41019EML6Nid_>
<ka41bB5sVyQvNdVZYQM88SrD1Sg2C8pgOETVpjjFonGLuVp5KtP5yzWRsNdMa3HGAMZ5nYF7LC5cNPdbO_LT4OVLXvCjpniNX2>
<LDBzY51UwcMx6kJEqaQh35LPb4Y_jQd762mzGhIdT04Iv5tXjeN2PFfu>
<gHKUTY6nKcYA3yohpVJOeEtIGAXw03gYngiwE_uYPjS8ER9n3fhqu6hdNNxqHnDZPhAaSogBT>
<CHTDwgC5KOPZ8PV8WX8r2PuT7Zepuk7M99kmG3awngsQEDrDJ00kwMt4MAvbzvY4C8Zx41019EML6Nid_>
<QEKvu9lOhePAjTT5I4e_5WfcYqljJFkWdSM>
<nBkB579me7zAPtyXiAqQEc6RjOGB33l0HS94oNks57ZkbAu9dMHTEN2I6pY19QbMk9vMWX2Lliblijf>
<YIuf6AlGTdrQ23gTb1FPp0gP_7WXbuoeWxFHw_4xU_lMKlsS75bT35dm>
<P3gYk0X5i9ZYLW9t5sY2T_9iLXwZDh0JgxtFTcYDWvVaibmAt81Rp4V1i8DPquYv>
<CHTDwgC5KOPZ8PV8WX8r2PuT7Zepuk7M99kmG3awngsQEDrDJ00kwMt4MAvbzvY4C8Zx41019EML6Nid_>
<voJmSy4>
<CHTDwgC5KOPZ8PV8WX8r2PuT7Zepuk7M99kmG3awngsQEDrDJ00kwMt4MAvbzvY4C8Zx41019EML6Nid_>
<CHTDwgC5KOPZ8PV8WX8r2PuT7Zepuk7M99kmG3awngsQEDrDJ00kwMt4MAvbzvY4C8Zx41019EML6Nid_>
<CHTDwgC5KOPZ8PV8WX8r2PuT7Zepuk7M99kmG3awngsQEDrDJ00kwMt4MAvbzvY4C8Zx41019EML6Nid_>
<P3gYk0X5i9ZYLW9t5sY2T_9iLXwZDh0JgxtFTcYDWvVaibmAt81Rp4V1i8DPquYv>
<nBkB579me7zAPtyXiAqQEc6RjOGB33l0HS94oNks57ZkbAu9dMHTEN2I6pY19QbMk9vMWX2Lliblijf>
<CHTDwgC5KOPZ8PV8WX8r2PuT7Zepuk7M99kmG3awngsQEDrDJ00kwMt4MAvbzvY4C8Zx41019EML6Nid_>
<uBl89uT5XLiMIDcLB05YiUwJuqw0zBn1zTR0U3uXTuulCvrkbu_VHdScxbcxCC9vh>
<CHTDwgC5KOPZ8PV8WX8r2PuT7Zepuk7M99kmG3awngsQEDrDJ00kwMt4MAvbzvY4C8Zx41019EML6Nid_>
<CHTDwgC5KOPZ8PV8WX8r2PuT7Zepuk7M99kmG3awngsQEDrDJ00kwMt4MAvbzvY4C8Zx41019EML6Nid_>
<QEKvu9lOhePAjTT5I4e_5WfcYqljJFkWdSM>
<CHTDwgC5KOPZ8PV8WX8r2PuT7Zepuk7M99kmG3awngsQEDrDJ00kwMt4MAvbzvY4C8Zx41019EML6Nid_>
<nBkB579me7zAPtyXiAqQEc6RjOGB33l0HS94oNks57ZkbAu9dMHTEN2I6pY19QbMk9vMWX2Lliblijf>
<oaXyujdZsfRr7AcxdG5ZMhp>
<P3gYk0X5i9ZYLW9t5sY2T_9iLXwZDh0JgxtFTcYDWvVaibmAt81Rp4V1i8DPquYv>
<CHTDwgC5KOPZ8PV8WX8r2PuT7Zepuk7M99kmG3awngsQEDrDJ00kwMt4MAvbzvY4C8Zx41019EML6Nid_>
<CHTDwgC5KOPZ8PV8WX8r2PuT7Zepuk7M99kmG3awngsQEDrDJ00kwMt4MAvbzvY4C8Zx41019EML6Nid_>
<YIuf6AlGTdrQ23gTb1FPp0gP_7WXbuoeWxFHw_4xU_lMKlsS75bT35dm>
<c6kwbuihM23Bn0kbthBLO8NLWKWLuU5PFABPeWJXvqD0>
<gHKUTY6nKcYA3yohpVJOeEtIGAXw03gYngiwE_uYPjS8ER9n3fhqu6hdNNxqHnDZPhAaSogBT>
<P3gYk0X5i9ZYLW9t5sY2T_9iLXwZDh0JgxtFTcYDWvVaibmAt81Rp4V1i8DPquYv>
<CHTDwgC5KOPZ8PV8WX8r2PuT7Zepuk7M99kmG3awngsQEDrDJ00kwMt4MAvbzvY4C8Zx41019EML6Nid_>
<OwbIkJjJkHnhWaR7Zx817STlLML5v7PgvjnHB_6sXpg>
<CHTDwgC5KOPZ8PV8WX8r2PuT7Zepuk7M99kmG3awngsQEDrDJ00kwMt4MAvbzvY4C8Zx41019EML6Nid_>
<pES3lMydg0O4ClYStkvtESuciMuy>
<LDBzY51UwcMx6kJEqaQh35LPb4Y_jQd762mzGhIdT04Iv5tXjeN2PFfu>
<CHTDwgC5KOPZ8PV8WX8r2PuT7Zepuk7M99kmG3awngsQEDrDJ00kwMt4MAvbzvY4C8Zx41019EML6Nid_>
<LDBzY51UwcMx6kJEqaQh35LPb4Y_jQd762mzGhIdT04Iv5tXjeN2PFfu>
<MEYlMoqVR83ROiyWhA6Isf6kv_gIsIw6gCpqgYnApLvkIdT6i89DyHpCVoDTsfn4S4sKLC5206Cv091ciHcSsRVzLjVGj_kR>
<LDBzY51UwcMx6kJEqaQh35LPb4Y_jQd762mzGhIdT04Iv5tXjeN2PFfu>
<ka41bB5sVyQvNdVZYQM88SrD1Sg2C8pgOETVpjjFonGLuVp5KtP5yzWRsNdMa3HGAMZ5nYF7LC5cNPdbO_LT4OVLXvCjpniNX2>
<LDBzY51UwcMx6kJEqaQh35LPb4Y_jQd762mzGhIdT04Iv5tXjeN2PFfu>
<nBkB579me7zAPtyXiAqQEc6RjOGB33l0HS94oNks57ZkbAu9dMHTEN2I6pY19QbMk9vMWX2Lliblijf>
<_da2f8TdSFeL9p0C53v9BOJjpmFVFm1RTAcdzLygd>
<vpXYrJu7eXXjoEvzNUcN4r9Y1dgk3UlFnwLJIZ3HZ_zNBzNC3i2HoPVBP5iIIVPcqn1odxhoKDccOut0DNpheShJgQr1t>
<5t1XNPn0ghXwgJZif0SJQR5utQEHimyy4xDFh48>
<CHTDwgC5KOPZ8PV8WX8r2PuT7Zepuk7M99kmG3awngsQEDrDJ00kwMt4MAvbzvY4C8Zx41019EML6Nid_>
<5t1XNPn0ghXwgJZif0SJQR5utQEHimyy4xDFh48>
<nBkB579me7zAPtyXiAqQEc6RjOGB33l0HS94oNks57ZkbAu9dMHTEN2I6pY19QbMk9vMWX2Lliblijf>
<Xbayu9ZYGGbFAjI40jVTxL50L6wtzBI9N8VgC0SfYq>
<CHTDwgC5KOPZ8PV8WX8r2PuT7Zepuk7M99kmG3awngsQEDrDJ00kwMt4MAvbzvY4C8Zx41019EML6Nid_>
<LFE0jegUsag7KOBbZad_WfJqBntQlH2>
<hzBahZsGN>
<YIuf6AlGTdrQ23gTb1FPp0gP_7WXbuoeWxFHw_4xU_lMKlsS75bT35dm>
<CHTDwgC5KOPZ8PV8WX8r2PuT7Zepuk7M99kmG3awngsQEDrDJ00kwMt4MAvbzvY4C8Zx41019EML6Nid_>
<Qmga_faVQ6kaAT0rxnPy9QKwQDjIFKlBi1YTUVSFTPuu5mmJPvb6icf94B8NAjzTDkaWrUpH7B8G22>
<Qmga_faVQ6kaAT0rxnPy9QKwQDjIFKlBi1YTUVSFTPuu5mmJPvb6icf94B8NAjzTDkaWrUpH7B8G22>
<CHTDwgC5KOPZ8PV8WX8r2PuT7Zepuk7M99kmG3awngsQEDrDJ00kwMt4MAvbzvY4C8Zx41019EML6Nid_>
<gFnyARYsOq0jjNamVLEz5jEYR3cnsEO_dOVE59qgOrQ6hJedwz9kr>
<HKNgXVXIH_9Mam0jYjaf73SH6XXBXdt0feI5xmucG8OJgGrZPWznd5qCNWBs_wb6gnbVN>
<CHTDwgC5KOPZ8PV8WX8r2PuT7Zepuk7M99kmG3awngsQEDrDJ00kwMt4MAvbzvY4C8Zx41019EML6Nid_>
<CHTDwgC5KOPZ8PV8WX8r2PuT7Zepuk7M99kmG3awngsQEDrDJ00kwMt4MAvbzvY4C8Zx41019EML6Nid_>
<CHTDwgC5KOPZ8PV8WX8r2PuT7Zepuk7M99kmG3awngsQEDrDJ00kwMt4MAvbzvY4C8Zx41019EML6Nid_>
<9csvIaa64hkDFdfqInh4ZXFjI_kjwDwW6cPClP9AO2_PkIyxttzpq5vLqP6Wm6jbO8co8Cc5O2OPDheCI90lK3fowYdlucBF>
<nBkB579me7zAPtyXiAqQEc6RjOGB33l0HS94oNks57ZkbAu9dMHTEN2I6pY19QbMk9vMWX2Lliblijf>
<LDBzY51UwcMx6kJEqaQh35LPb4Y_jQd762mzGhIdT04Iv5tXjeN2PFfu>
<oaXyujdZsfRr7AcxdG5ZMhp>
<OwbIkJjJkHnhWaR7Zx817STlLML5v7PgvjnHB_6sXpg>
<P3gYk0X5i9ZYLW9t5sY2T_9iLXwZDh0JgxtFTcYDWvVaibmAt81Rp4V1i8DPquYv>
<oaXyujdZsfRr7AcxdG5ZMhp>
<MEYlMoqVR83ROiyWhA6Isf6kv_gIsIw6gCpqgYnApLvkIdT6i89DyHpCVoDTsfn4S4sKLC5206Cv091ciHcSsRVzLjVGj_kR>
<CHTDwgC5KOPZ8PV8WX8r2PuT7Zepuk7M99kmG3awngsQEDrDJ00kwMt4MAvbzvY4C8Zx41019EML6Nid_>
<MEYlMoqVR83ROiyWhA6Isf6kv_gIsIw6gCpqgYnApLvkIdT6i89DyHpCVoDTsfn4S4sKLC5206Cv091ciHcSsRVzLjVGj_kR>
<CHTDwgC5KOPZ8PV8WX8r2PuT7Zepuk7M99kmG3awngsQEDrDJ00kwMt4MAvbzvY4C8Zx41019EML6Nid_>
<bbW6YWLV__jxlkelHZNJHFo7jL9145xyH7CvvGrbWghTKprGx>
<CHTDwgC5KOPZ8PV8WX8r2PuT7Zepuk7M99kmG3awngsQEDrDJ00kwMt4MAvbzvY4C8Zx41019EML6Nid_>
<gHKUTY6nKcYA3yohpVJOeEtIGAXw03gYngiwE_uYPjS8ER9n3fhqu6hdNNxqHnDZPhAaSogBT>
<CHTDwgC5KOPZ8PV8WX8r2PuT7Zepuk7M99kmG3awngsQEDrDJ00kwMt4MAvbzvY4C8Zx41019EML6Nid_>
<oaXyujdZsfRr7AcxdG5ZMhp>
<AM8yWaFrJBYyJ4ccwOdFWCflaH2ykTaZl0ubW4EomMr_IHCY3l>
<voJmSy4>
<hzBahZsGN>
<YK>
<MKT0ryFpIwbhrWaWMvZMOYRUZ004Rrmpxh2Jka>
<c0R5ygCe8lQXo2QaSRGaseg56ZWnRSYxtMJ6rT5DjhxUIcwZgVhP3rYonkvtq8hF4mX0VuJmo9JNarBh707xsJDHKuh6M>
<oaXyujdZsfRr7AcxdG5ZMhp>
<CHTDwgC5KOPZ8PV8WX8r2PuT7Zepuk7M99kmG3awngsQEDrDJ00kwMt4MAvbzvY4C8Zx41019EML6Nid_>
<gHKUTY6nKcYA3yohpVJOeEtIGAXw03gYngiwE_uYPjS8ER9n3fhqu6hdNNxqHnDZPhAaSogBT>
<oaXyujdZsfRr7AcxdG5ZMhp>
<HKNgXVXIH_9Mam0jYjaf73SH6XXBXdt0feI5xmucG8OJgGrZPWznd5qCNWBs_wb6gnbVN>
<P3gYk0X5i9ZYLW9t5sY2T_9iLXwZDh0JgxtFTcYDWvVaibmAt81Rp4V1i8DPquYv>
<nBkB579me7zAPtyXiAqQEc6RjOGB33l0HS94oNks57ZkbAu9dMHTEN2I6pY19QbMk9vMWX2Lliblijf>
<CHTDwgC5KOPZ8PV8WX8r2PuT7Zepuk7M99kmG3awngsQEDrDJ00kwMt4MAvbzvY4C8Zx41019EML6Nid_>
<nBkB579me7zAPtyXiAqQEc6RjOGB33l0HS94oNks57ZkbAu9dMHTEN2I6pY19QbMk9vMWX2Lliblijf>
<HKNgXVXIH_9Mam0jYjaf73SH6XXBXdt0feI5xmucG8OJgGrZPWznd5qCNWBs_wb6gnbVN>
<CHTDwgC5KOPZ8PV8WX8r2PuT7Zepuk7M99kmG3awngsQEDrDJ00kwMt4MAvbzvY4C8Zx41019EML6Nid_>
<64uwltJEKvngSamrWgQBWfyfov4QPc7uQ_zwxo4UlxcNuy5ZwI0UT8MNqylLCEMMd5ZPicE895f>
<CHTDwgC5KOPZ8PV8WX8r2PuT7Zepuk7M99kmG3awngsQEDrDJ00kwMt4MAvbzvY4C8Zx41019EML6Nid_>
<gHKUTY6nKcYA3yohpVJOeEtIGAXw03gYngiwE_uYPjS8ER9n3fhqu6hdNNxqHnDZPhAaSogBT>
<5t1XNPn0ghXwgJZif0SJQR5utQEHimyy4xDFh48>
<CHTDwgC5KOPZ8PV8WX8r2PuT7Zepuk7M99kmG3awngsQEDrDJ00kwMt4MAvbzvY4C8Zx41019EML6Nid_>
<nBkB579me7zAPtyXiAqQEc6RjOGB33l0HS94oNks57ZkbAu9dMHTEN2I6pY19QbMk9vMWX2Lliblijf>
<CHTDwgC5KOPZ8PV8WX8r2PuT7Zepuk7M99kmG3awngsQEDrDJ00kwMt4MAvbzvY4C8Zx41019EML6Nid_>
<CHTDwgC5KOPZ8PV8WX8r2PuT7Zepuk7M99kmG3awngsQEDrDJ00kwMt4MAvbzvY4C8Zx41019EML6Nid_>
<gHKUTY6nKcYA3yohpVJOeEtIGAXw03gYngiwE_uYPjS8ER9n3fhqu6hdNNxqHnDZPhAaSogBT>
<P3gYk0X5i9ZYLW9t5sY2T_9iLXwZDh0JgxtFTcYDWvVaibmAt81Rp4V1i8DPquYv>
<uBl89uT5XLiMIDcLB05YiUwJuqw0zBn1zTR0U3uXTuulCvrkbu_VHdScxbcxCC9vh>
<CHTDwgC5KOPZ8PV8WX8r2PuT7Zepuk7M99kmG3awngsQEDrDJ00kwMt4MAvbzvY4C8Zx41019EML6Nid_>
<LDBzY51UwcMx6kJEqaQh35LPb4Y_jQd762mzGhIdT04Iv5tXjeN2PFfu>
<MEYlMoqVR83ROiyWhA6Isf6kv_gIsIw6gCpqgYnApLvkIdT6i89DyHpCVoDTsfn4S4sKLC5206Cv091ciHcSsRVzLjVGj_kR>
<HKNgXVXIH_9Mam0jYjaf73SH6XXBXdt0feI5xmucG8OJgGrZPWznd5qCNWBs_wb6gnbVN>
<CHTDwgC5KOPZ8PV8WX8r2PuT7Zepuk7M99kmG3awngsQEDrDJ00kwMt4MAvbzvY4C8Zx41019EML6Nid_>
<MKT0ryFpIwbhrWaWMvZMOYRUZ004Rrmpxh2Jka>
<oaXyujdZsfRr7AcxdG5ZMhp>
<CHTDwgC5KOPZ8PV8WX8r2PuT7Zepuk7M99kmG3awngsQEDrDJ00kwMt4MAvbzvY4C8Zx41019EML6Nid_>
<CHTDwgC5KOPZ8PV8WX8r2PuT7Zepuk7M99kmG3awngsQEDrDJ00kwMt4MAvbzvY4C8Zx41019EML6Nid_>
<HKNgXVXIH_9Mam0jYjaf73SH6XXBXdt0feI5xmucG8OJgGrZPWznd5qCNWBs_wb6gnbVN>
<nBkB579me7zAPtyXiAqQEc6RjOGB33l0HS94oNks57ZkbAu9dMHTEN2I6pY19QbMk9vMWX2Lliblijf>
<LDBzY51UwcMx6kJEqaQh35LPb4Y_jQd762mzGhIdT04Iv5tXjeN2PFfu>
<CHTDwgC5KOPZ8PV8WX8r2PuT7Zepuk7M99kmG3awngsQEDrDJ00kwMt4MAvbzvY4C8Zx41019EML6Nid_>
<pcSP6x6CaVjqmtb_uBPAuSFKE_1ZZFkEBy_Gj>
<CHTDwgC5KOPZ8PV8WX8r2PuT7Zepuk7M99kmG3awngsQEDrDJ00kwMt4MAvbzvY4C8Zx41019EML6Nid_>
<CHTDwgC5KOPZ8PV8WX8r2PuT7Zepuk7M99kmG3awngsQEDrDJ00kwMt4MAvbzvY4C8Zx41019EML6Nid_>
<rkzmNM3wXZCNm57TbCySSpu>
<CHTDwgC5KOPZ8PV8WX8r2PuT7Zepuk7M99kmG3awngsQEDrDJ00kwMt4MAvbzvY4C8Zx41019EML6Nid_>
<MKT0ryFpIwbhrWaWMvZMOYRUZ004Rrmpxh2Jka>
<CHTDwgC5KOPZ8PV8WX8r2PuT7Zepuk7M99kmG3awngsQEDrDJ00kwMt4MAvbzvY4C8Zx41019EML6Nid_>
<AM8yWaFrJBYyJ4ccwOdFWCflaH2ykTaZl0ubW4EomMr_IHCY3l>
<vpXYrJu7eXXjoEvzNUcN4r9Y1dgk3UlFnwLJIZ3HZ_zNBzNC3i2HoPVBP5iIIVPcqn1odxhoKDccOut0DNpheShJgQr1t>
<c0R5ygCe8lQXo2QaSRGaseg56ZWnRSYxtMJ6rT5DjhxUIcwZgVhP3rYonkvtq8hF4mX0VuJmo9JNarBh707xsJDHKuh6M>
<EyUagdrJa1wXxWWkLf0vQImhckwNTyvc_KZr4mKrY636qPNM3mIX1dlH_cd6sD92wjoI5ztg9C1KgM1VKwaBGiOObgrxw0>
<CHTDwgC5KOPZ8PV8WX8r2PuT7Zepuk7M99kmG3awngsQEDrDJ00kwMt4MAvbzvY4C8Zx41019EML6Nid_>
<5t1XNPn0ghXwgJZif0SJQR5utQEHimyy4xDFh48>
<c0R5ygCe8lQXo2QaSRGaseg56ZWnRSYxtMJ6rT5DjhxUIcwZgVhP3rYonkvtq8hF4mX0VuJmo9JNarBh707xsJDHKuh6M>
<QEKvu9lOhePAjTT5I4e_5WfcYqljJFkWdSM>
<CHTDwgC5KOPZ8PV8WX8r2PuT7Zepuk7M99kmG3awngsQEDrDJ00kwMt4MAvbzvY4C8Zx41019EML6Nid_>
<2xUAqleW37U1stkxQgORKTfW>
<voJmSy4>
<CHTDwgC5KOPZ8PV8WX8r2PuT7Zepuk7M99kmG3awngsQEDrDJ00kwMt4MAvbzvY4C8Zx41019EML6Nid_>
<CHTDwgC5KOPZ8PV8WX8r2PuT7Zepuk7M99kmG3awngsQEDrDJ00kwMt4MAvbzvY4C8Zx41019EML6Nid_>
<MKT0ryFpIwbhrWaWMvZMOYRUZ004Rrmpxh2Jka>
<MEYlMoqVR83ROiyWhA6Isf6kv_gIsIw6gCpqgYnApLvkIdT6i89DyHpCVoDTsfn4S4sKLC5206Cv091ciHcSsRVzLjVGj_kR>
<PSEQPnhTpyGKjAdJxTWydPwdsAZbjEEHE9l3SPkAFrdIOW9Pa92ED3pEd>
<c0R5ygCe8lQXo2QaSRGaseg56ZWnRSYxtMJ6rT5DjhxUIcwZgVhP3rYonkvtq8hF4mX0VuJmo9JNarBh707xsJDHKuh6M>
<LDBzY51UwcMx6kJEqaQh35LPb4Y_jQd762mzGhIdT04Iv5tXjeN2PFfu>
<CHTDwgC5KOPZ8PV8WX8r2PuT7Zepuk7M99kmG3awngsQEDrDJ00kwMt4MAvbzvY4C8Zx41019EML6Nid_>
<CHTDwgC5KOPZ8PV8WX8r2PuT7Zepuk7M99kmG3awngsQEDrDJ00kwMt4MAvbzvY4C8Zx41019EML6Nid_>
<SpUuiHXhDVMmsTrqmSpTPEZOKjq5DkzBKPVukD_dKm3wHxZBM>
<bbW6YWLV__jxlkelHZNJHFo7jL9145xyH7CvvGrbWghTKprGx>
<rkzmNM3wXZCNm57TbCySSpu>
<MEYlMoqVR83ROiyWhA6Isf6kv_gIsIw6gCpqgYnApLvkIdT6i89DyHpCVoDTsfn4S4sKLC5206Cv091ciHcSsRVzLjVGj_kR>
<BeEiRdvpxbBvKux_I90ER06hdTTX9_1ialE6KDEn>
<CHTDwgC5KOPZ8PV8WX8r2PuT7Zepuk7M99kmG3awngsQEDrDJ00kwMt4MAvbzvY4C8Zx41019EML6Nid_>
<LDBzY51UwcMx6kJEqaQh35LPb4Y_jQd762mzGhIdT04Iv5tXjeN2PFfu>
<CHTDwgC5KOPZ8PV8WX8r2PuT7Zepuk7M99kmG3awngsQEDrDJ00kwMt4MAvbzvY4C8Zx41019EML6Nid_>
<cWY>
<ofW>
<CHTDwgC5KOPZ8PV8WX8r2PuT7Zepuk7M99kmG3awngsQEDrDJ00kwMt4MAvbzvY4C8Zx41019EML6Nid_>
<CHTDwgC5KOPZ8PV8WX8r2PuT7Zepuk7M99kmG3awngsQEDrDJ00kwMt4MAvbzvY4C8Zx41019EML6Nid_>
<CHTDwgC5KOPZ8PV8WX8r2PuT7Zepuk7M99kmG3awngsQEDrDJ00kwMt4MAvbzvY4C8Zx41019EML6Nid_>
<QEKvu9lOhePAjTT5I4e_5WfcYqljJFkWdSM>
<Xbayu9ZYGGbFAjI40jVTxL50L6wtzBI9N8VgC0SfYq>
<mFfTkKhY5tyNdd4U>
<64uwltJEKvngSamrWgQBWfyfov4QPc7uQ_zwxo4UlxcNuy5ZwI0UT8MNqylLCEMMd5ZPicE895f>
<LFE0jegUsag7KOBbZad_WfJqBntQlH2>
<zCkQLqKfvZAyNuVjKpZw4ymMU_BR8UXAbT35bseK_eSTo5JgdlC0p>
<HKNgXVXIH_9Mam0jYjaf73SH6XXBXdt0feI5xmucG8OJgGrZPWznd5qCNWBs_wb6gnbVN>
<MEYlMoqVR83ROiyWhA6Isf6kv_gIsIw6gCpqgYnApLvkIdT6i89DyHpCVoDTsfn4S4sKLC5206Cv091ciHcSsRVzLjVGj_kR>
<Qmga_faVQ6kaAT0rxnPy9QKwQDjIFKlBi1YTUVSFTPuu5mmJPvb6icf94B8NAjzTDkaWrUpH7B8G22>
<IG28ZB6qRwZBVJToYjWn1VoqBzMDqZexltZzc9PMLkr1RTKdswCxQRgIe5E0uilFGkawxwMw>
<voJmSy4>
<cWY>
<CHTDwgC5KOPZ8PV8WX8r2PuT7Zepuk7M99kmG3awngsQEDrDJ00kwMt4MAvbzvY4C8Zx41019EML6Nid_>
<HKNgXVXIH_9Mam0jYjaf73SH6XXBXdt0feI5xmucG8OJgGrZPWznd5qCNWBs_wb6gnbVN>
<P3gYk0X5i9ZYLW9t5sY2T_9iLXwZDh0JgxtFTcYDWvVaibmAt81Rp4V1i8DPquYv>
<5t1XNPn0ghXwgJZif0SJQR5utQEHimyy4xDFh48>
<CHTDwgC5KOPZ8PV8WX8r2PuT7Zepuk7M99kmG3awngsQEDrDJ00kwMt4MAvbzvY4C8Zx41019EML6Nid_>
<MEYlMoqVR83ROiyWhA6Isf6kv_gIsIw6gCpqgYnApLvkIdT6i89DyHpCVoDTsfn4S4sKLC5206Cv091ciHcSsRVzLjVGj_kR>
<PuE_T_qHqzni8Szptk1rWZP_Mi2V8cRZimmc4vRBZETkyQpLpuiJWmdbFZeLy_dwK7X2QAFfF_rc>
<CHTDwgC5KOPZ8PV8WX8r2PuT7Zepuk7M99kmG3awngsQEDrDJ00kwMt4MAvbzvY4C8Zx41019EML6Nid_>
<MEYlMoqVR83ROiyWhA6Isf6kv_gIsIw6gCpqgYnApLvkIdT6i89DyHpCVoDTsfn4S4sKLC5206Cv091ciHcSsRVzLjVGj_kR>
<P3gYk0X5i9ZYLW9t5sY2T_9iLXwZDh0JgxtFTcYDWvVaibmAt81Rp4V1i8DPquYv>
<zGqT2JK29hhm14by9_S5EWUvSJa5TOOurc3iUCK>
<nBkB579me7zAPtyXiAqQEc6RjOGB33l0HS94oNks57ZkbAu9dMHTEN2I6pY19QbMk9vMWX2Lliblijf>
<w30Ojb1UqDPqi>
<9csvIaa64hkDFdfqInh4ZXFjI_kjwDwW6cPClP9AO2_PkIyxttzpq5vLqP6Wm6jbO8co8Cc5O2OPDheCI90lK3fowYdlucBF>
<CHTDwgC5KOPZ8PV8WX8r2PuT7Zepuk7M99kmG3awngsQEDrDJ00kwMt4MAvbzvY4C8Zx41019EML6Nid_>
<oaXyujdZsfRr7AcxdG5ZMhp>
<2xUAqleW37U1stkxQgORKTfW>
<P3gYk0X5i9ZYLW9t5sY2T_9iLXwZDh0JgxtFTcYDWvVaibmAt81Rp4V1i8DPquYv>
<5t1XNPn0ghXwgJZif0SJQR5utQEHimyy4xDFh48>
<mFfTkKhY5tyNdd4U>
<CHTDwgC5KOPZ8PV8WX8r2PuT7Zepuk7M99kmG3awngsQEDrDJ00kwMt4MAvbzvY4C8Zx41019EML6Nid_>
<CHTDwgC5KOPZ8PV8WX8r2PuT7Zepuk7M99kmG3awngsQEDrDJ00kwMt4MAvbzvY4C8Zx41019EML6Nid_>
<CHTDwgC5KOPZ8PV8WX8r2PuT7Zepuk7M99kmG3awngsQEDrDJ00kwMt4MAvbzvY4C8Zx41019EML6Nid_>
<LFE0jegUsag7KOBbZad_WfJqBntQlH2>
<oaXyujdZsfRr7AcxdG5ZMhp>
<MEYlMoqVR83ROiyWhA6Isf6kv_gIsIw6gCpqgYnApLvkIdT6i89DyHpCVoDTsfn4S4sKLC5206Cv091ciHcSsRVzLjVGj_kR>
<SpUuiHXhDVMmsTrqmSpTPEZOKjq5DkzBKPVukD_dKm3wHxZBM>
<CHTDwgC5KOPZ8PV8WX8r2PuT7Zepuk7M99kmG3awngsQEDrDJ00kwMt4MAvbzvY4C8Zx41019EML6Nid_>
<9csvIaa64hkDFdfqInh4ZXFjI_kjwDwW6cPClP9AO2_PkIyxttzpq5vLqP6Wm6jbO8co8Cc5O2OPDheCI90lK3fowYdlucBF>
<2xUAqleW37U1stkxQgORKTfW>
<gFnyARYsOq0jjNamVLEz5jEYR3cnsEO_dOVE59qgOrQ6hJedwz9kr>
<LDBzY51UwcMx6kJEqaQh35LPb4Y_jQd762mzGhIdT04Iv5tXjeN2PFfu>
<OwbIkJjJkHnhWaR7Zx817STlLML5v7PgvjnHB_6sXpg>
<bbW6YWLV__jxlkelHZNJHFo7jL9145xyH7CvvGrbWghTKprGx>
<9csvIaa64hkDFdfqInh4ZXFjI_kjwDwW6cPClP9AO2_PkIyxttzpq5vLqP6Wm6jbO8co8Cc5O2OPDheCI90lK3fowYdlucBF>
<CHTDwgC5KOPZ8PV8WX8r2PuT7Zepuk7M99kmG3awngsQEDrDJ00kwMt4MAvbzvY4C8Zx41019EML6Nid_>
<ccwDO5w1cMEhVKR9Q2OQebFP_zJHunmamUyb7DWTk0j2O_LJOiXG2Tyob9yqsVHMIUtc7K3ssLoDw_ndvvd>
<HKNgXVXIH_9Mam0jYjaf73SH6XXBXdt0feI5xmucG8OJgGrZPWznd5qCNWBs_wb6gnbVN>
<nBkB579me7zAPtyXiAqQEc6RjOGB33l0HS94oNks57ZkbAu9dMHTEN2I6pY19QbMk9vMWX2Lliblijf>
<CHTDwgC5KOPZ8PV8WX8r2PuT7Zepuk7M99kmG3awngsQEDrDJ00kwMt4MAvbzvY4C8Zx41019EML6Nid_>
<CHTDwgC5KOPZ8PV8WX8r2PuT7Zepuk7M99kmG3awngsQEDrDJ00kwMt4MAvbzvY4C8Zx41019EML6Nid_>
<Et3ddJwjwgm>
<CHTDwgC5KOPZ8PV8WX8r2PuT7Zepuk7M99kmG3awngsQEDrDJ00kwMt4MAvbzvY4C8Zx41019EML6Nid_>
<vpXYrJu7eXXjoEvzNUcN4r9Y1dgk3UlFnwLJIZ3HZ_zNBzNC3i2HoPVBP5iIIVPcqn1odxhoKDccOut0DNpheShJgQr1t>
<gHKUTY6nKcYA3yohpVJOeEtIGAXw03gYngiwE_uYPjS8ER9n3fhqu6hdNNxqHnDZPhAaSogBT>
<5t1XNPn0ghXwgJZif0SJQR5utQEHimyy4xDFh48>
<YK>
<MEYlMoqVR83ROiyWhA6Isf6kv_gIsIw6gCpqgYnApLvkIdT6i89DyHpCVoDTsfn4S4sKLC5206Cv091ciHcSsRVzLjVGj_kR>
<oaXyujdZsfRr7AcxdG5ZMhp>
<CHTDwgC5KOPZ8PV8WX8r2PuT7Zepuk7M99kmG3awngsQEDrDJ00kwMt4MAvbzvY4C8Zx41019EML6Nid_>
<nBkB579me7zAPtyXiAqQEc6RjOGB33l0HS94oNks57ZkbAu9dMHTEN2I6pY19QbMk9vMWX2Lliblijf>
<oaXyujdZsfRr7AcxdG5ZMhp>
<CHTDwgC5KOPZ8PV8WX8r2PuT7Zepuk7M99kmG3awngsQEDrDJ00kwMt4MAvbzvY4C8Zx41019EML6Nid_>
<bbW6YWLV__jxlkelHZNJHFo7jL9145xyH7CvvGrbWghTKprGx>
<CHTDwgC5KOPZ8PV8WX8r2PuT7Zepuk7M99kmG3awngsQEDrDJ00kwMt4MAvbzvY4C8Zx41019EML6Nid_>
<CHTDwgC5KOPZ8PV8WX8r2PuT7Zepuk7M99kmG3awngsQEDrDJ00kwMt4MAvbzvY4C8Zx41019EML6Nid_>
<O810V87mYKZ37v55YR_ksHx5Rm1plRlHDbXF9M3grFriUTwgsEKz9tB5SzOwg6eSBpEnQvKLXs0OFzoilkpCz>
<Qmga_faVQ6kaAT0rxnPy9QKwQDjIFKlBi1YTUVSFTPuu5mmJPvb6icf94B8NAjzTDkaWrUpH7B8G22>
<CHTDwgC5KOPZ8PV8WX8r2PuT7Zepuk7M99kmG3awngsQEDrDJ00kwMt4MAvbzvY4C8Zx41019EML6Nid_>
<MEYlMoqVR83ROiyWhA6Isf6kv_gIsIw6gCpqgYnApLvkIdT6i89DyHpCVoDTsfn4S4sKLC5206Cv091ciHcSsRVzLjVGj_kR>
<OwbIkJjJkHnhWaR7Zx817STlLML5v7PgvjnHB_6sXpg>
<LDBzY51UwcMx6kJEqaQh35LPb4Y_jQd762mzGhIdT04Iv5tXjeN2PFfu>
<CHTDwgC5KOPZ8PV8WX8r2PuT7Zepuk7M99kmG3awngsQEDrDJ00kwMt4MAvbzvY4C8Zx41019EML6Nid_>
<P3gYk0X5i9ZYLW9t5sY2T_9iLXwZDh0JgxtFTcYDWvVaibmAt81Rp4V1i8DPquYv>
<CHTDwgC5KOPZ8PV8WX8r2PuT7Zepuk7M99kmG3awngsQEDrDJ00kwMt4MAvbzvY4C8Zx41019EML6Nid_>
<CHTDwgC5KOPZ8PV8WX8r2PuT7Zepuk7M99kmG3awngsQEDrDJ00kwMt4MAvbzvY4C8Zx41019EML6Nid_>
<CHTDwgC5KOPZ8PV8WX8r2PuT7Zepuk7M99kmG3awngsQEDrDJ00kwMt4MAvbzvY4C8Zx41019EML6Nid_>
<QEKvu9lOhePAjTT5I4e_5WfcYqljJFkWdSM>
<YK>
<CHTDwgC5KOPZ8PV8WX8r2PuT7Zepuk7M99kmG3awngsQEDrDJ00kwMt4MAvbzvY4C8Zx41019EML6Nid_>
<YIuf6AlGTdrQ23gTb1FPp0gP_7WXbuoeWxFHw_4xU_lMKlsS75bT35dm>
<pcSP6x6CaVjqmtb_uBPAuSFKE_1ZZFkEBy_Gj>
<CHTDwgC5KOPZ8PV8WX8r2PuT7Zepuk7M99kmG3awngsQEDrDJ00kwMt4MAvbzvY4C8Zx41019EML6Nid_>
<gHKUTY6nKcYA3yohpVJOeEtIGAXw03gYngiwE_uYPjS8ER9n3fhqu6hdNNxqHnDZPhAaSogBT>
<CHTDwgC5KOPZ8PV8WX8r2PuT7Zepuk7M99kmG3awngsQEDrDJ00kwMt4MAvbzvY4C8Zx41019EML6Nid_>
<5t1XNPn0ghXwgJZif0SJQR5utQEHimyy4xDFh48>
<CHTDwgC5KOPZ8PV8WX8r2PuT7Zepuk7M99kmG3awngsQEDrDJ00kwMt4MAvbzvY4C8Zx41019EML6Nid_>
<nBkB579me7zAPtyXiAqQEc6RjOGB33l0HS94oNks57ZkbAu9dMHTEN2I6pY19QbMk9vMWX2Lliblijf>
<hzBahZsGN>
<c6kwbuihM23Bn0kbthBLO8NLWKWLuU5PFABPeWJXvqD0>
<CHTDwgC5KOPZ8PV8WX8r2PuT7Zepuk7M99kmG3awngsQEDrDJ00kwMt4MAvbzvY4C8Zx41019EML6Nid_>
<LFE0jegUsag7KOBbZad_WfJqBntQlH2>
<gHKUTY6nKcYA3yohpVJOeEtIGAXw03gYngiwE_uYPjS8ER9n3fhqu6hdNNxqHnDZPhAaSogBT>
<CHTDwgC5KOPZ8PV8WX8r2PuT7Zepuk7M99kmG3awngsQEDrDJ00kwMt4MAvbzvY4C8Zx41019EML6Nid_>
<ofW>
<CHTDwgC5KOPZ8PV8WX8r2PuT7Zepuk7M99kmG3awngsQEDrDJ00kwMt4MAvbzvY4C8Zx41019EML6Nid_>
<Xk9V3aR>
<I38OjKiNm_oN4gPszXq6YEvRqU7mQwH4PhxTNVWxlvRUrDv>
<pcSP6x6CaVjqmtb_uBPAuSFKE_1ZZFkEBy_Gj>
<SpUuiHXhDVMmsTrqmSpTPEZOKjq5DkzBKPVukD_dKm3wHxZBM>
<bbW6YWLV__jxlkelHZNJHFo7jL9145xyH7CvvGrbWghTKprGx>
<voJmSy4>
<AM8yWaFrJBYyJ4ccwOdFWCflaH2ykTaZl0ubW4EomMr_IHCY3l>
<CHTDwgC5KOPZ8PV8WX8r2PuT7Zepuk7M99kmG3awngsQEDrDJ00kwMt4MAvbzvY4C8Zx41019EML6Nid_>
<nBkB579me7zAPtyXiAqQEc6RjOGB33l0HS94oNks57ZkbAu9dMHTEN2I6pY19QbMk9vMWX2Lliblijf>
<nBkB579me7zAPtyXiAqQEc6RjOGB33l0HS94oNks57ZkbAu9dMHTEN2I6pY19QbMk9vMWX2Lliblijf>
<HKNgXVXIH_9Mam0jYjaf73SH6XXBXdt0feI5xmucG8OJgGrZPWznd5qCNWBs_wb6gnbVN>
<CHTDwgC5KOPZ8PV8WX8r2PuT7Zepuk7M99kmG3awngsQEDrDJ00kwMt4MAvbzvY4C8Zx41019EML6Nid_>
<I38OjKiNm_oN4gPszXq6YEvRqU7mQwH4PhxTNVWxlvRUrDv>
<CHTDwgC5KOPZ8PV8WX8r2PuT7Zepuk7M99kmG3awngsQEDrDJ00kwMt4MAvbzvY4C8Zx41019EML6Nid_>
<Qmga_faVQ6kaAT0rxnPy9QKwQDjIFKlBi1YTUVSFTPuu5mmJPvb6icf94B8NAjzTDkaWrUpH7B8G22>
<nBkB579me7zAPtyXiAqQEc6RjOGB33l0HS94oNks57ZkbAu9dMHTEN2I6pY19QbMk9vMWX2Lliblijf>
<64uwltJEKvngSamrWgQBWfyfov4QPc7uQ_zwxo4UlxcNuy5ZwI0UT8MNqylLCEMMd5ZPicE895f>
<Ixb3Vds>
<voJmSy4>
<mFfTkKhY5tyNdd4U>
<LDBzY51UwcMx6kJEqaQh35LPb4Y_jQd762mzGhIdT04Iv5tXjeN2PFfu>
<Qmga_faVQ6kaAT0rxnPy9QKwQDjIFKlBi1YTUVSFTPuu5mmJPvb6icf94B8NAjzTDkaWrUpH7B8G22>
<oaXyujdZsfRr7AcxdG5ZMhp>
<CHTDwgC5KOPZ8PV8WX8r2PuT7Zepuk7M99kmG3awngsQEDrDJ00kwMt4MAvbzvY4C8Zx41019EML6Nid_>
<MEYlMoqVR83ROiyWhA6Isf6kv_gIsIw6gCpqgYnApLvkIdT6i89DyHpCVoDTsfn4S4sKLC5206Cv091ciHcSsRVzLjVGj_kR>
<5t1XNPn0ghXwgJZif0SJQR5utQEHimyy4xDFh48>
<LDBzY51UwcMx6kJEqaQh35LPb4Y_jQd762mzGhIdT04Iv5tXjeN2PFfu>
<OwbIkJjJkHnhWaR7Zx817STlLML5v7PgvjnHB_6sXpg>
<CHTDwgC5KOPZ8PV8WX8r2PuT7Zepuk7M99kmG3awngsQEDrDJ00kwMt4MAvbzvY4C8Zx41019EML6Nid_>
<bbW6YWLV__jxlkelHZNJHFo7jL9145xyH7CvvGrbWghTKprGx>
<CHTDwgC5KOPZ8PV8WX8r2PuT7Zepuk7M99kmG3awngsQEDrDJ00kwMt4MAvbzvY4C8Zx41019EML6Nid_>
<SpUuiHXhDVMmsTrqmSpTPEZOKjq5DkzBKPVukD_dKm3wHxZBM>
<_PCHhmhOQIDNzRxnpom0nYpauJNurrtd6fwDXbh_lIZuB17zdsDHXNtSy_RSVyrd>
<AM8yWaFrJBYyJ4ccwOdFWCflaH2ykTaZl0ubW4EomMr_IHCY3l>
<CHTDwgC5KOPZ8PV8WX8r2PuT7Zepuk7M99kmG3awngsQEDrDJ00kwMt4MAvbzvY4C8Zx41019EML6Nid_>
<oaXyujdZsfRr7AcxdG5ZMhp>
<LDBzY51UwcMx6kJEqaQh35LPb4Y_jQd762mzGhIdT04Iv5tXjeN2PFfu>
<0rw3YK6m5s2gAxUinhY2p>
<CHTDwgC5KOPZ8PV8WX8r2PuT7Zepuk7M99kmG3awngsQEDrDJ00kwMt4MAvbzvY4C8Zx41019EML6Nid_>
<nBkB579me7zAPtyXiAqQEc6RjOGB33l0HS94oNks57ZkbAu9dMHTEN2I6pY19QbMk9vMWX2Lliblijf>
<9csvIaa64hkDFdfqInh4ZXFjI_kjwDwW6cPClP9AO2_PkIyxttzpq5vLqP6Wm6jbO8co8Cc5O2OPDheCI90lK3fowYdlucBF>
<CHTDwgC5KOPZ8PV8WX8r2PuT7Zepuk7M99kmG3awngsQEDrDJ00kwMt4MAvbzvY4C8Zx41019EML6Nid_>
<CHTDwgC5KOPZ8PV8WX8r2PuT7Zepuk7M99kmG3awngsQEDrDJ00kwMt4MAvbzvY4C8Zx41019EML6Nid_>
<CHTDwgC5KOPZ8PV8WX8r2PuT7Zepuk7M99kmG3awngsQEDrDJ00kwMt4MAvbzvY4C8Zx41019EML6Nid_>
<MEYlMoqVR83ROiyWhA6Isf6kv_gIsIw6gCpqgYnApLvkIdT6i89DyHpCVoDTsfn4S4sKLC5206Cv091ciHcSsRVzLjVGj_kR>
<CHTDwgC5KOPZ8PV8WX8r2PuT7Zepuk7M99kmG3awngsQEDrDJ00kwMt4MAvbzvY4C8Zx41019EML6Nid_>
<CHTDwgC5KOPZ8PV8WX8r2PuT7Zepuk7M99kmG3awngsQEDrDJ00kwMt4MAvbzvY4C8Zx41019EML6Nid_>
<oaXyujdZsfRr7AcxdG5ZMhp>
<CHTDwgC5KOPZ8PV8WX8r2PuT7Zepuk7M99kmG3awngsQEDrDJ00kwMt4MAvbzvY4C8Zx41019EML6Nid_>
<HKNgXVXIH_9Mam0jYjaf73SH6XXBXdt0feI5xmucG8OJgGrZPWznd5qCNWBs_wb6gnbVN>
<0iLKsyi0IJu5L5M4hdjEo6fPGKP5UdKIlOb52H5tAc>
<CHTDwgC5KOPZ8PV8WX8r2PuT7Zepuk7M99kmG3awngsQEDrDJ00kwMt4MAvbzvY4C8Zx41019EML6Nid_>
<voJmSy4>
<CHTDwgC5KOPZ8PV8WX8r2PuT7Zepuk7M99kmG3awngsQEDrDJ00kwMt4MAvbzvY4C8Zx41019EML6Nid_>
<Qmga_faVQ6kaAT0rxnPy9QKwQDjIFKlBi1YTUVSFTPuu5mmJPvb6icf94B8NAjzTDkaWrUpH7B8G22>
<CHTDwgC5KOPZ8PV8WX8r2PuT7Zepuk7M99kmG3awngsQEDrDJ00kwMt4MAvbzvY4C8Zx41019EML6Nid_>
<CHTDwgC5KOPZ8PV8WX8r2PuT7Zepuk7M99kmG3awngsQEDrDJ00kwMt4MAvbzvY4C8Zx41019EML6Nid_>
<HKNgXVXIH_9Mam0jYjaf73SH6XXBXdt0feI5xmucG8OJgGrZPWznd5qCNWBs_wb6gnbVN>
<CHTDwgC5KOPZ8PV8WX8r2PuT7Zepuk7M99kmG3awngsQEDrDJ00kwMt4MAvbzvY4C8Zx41019EML6Nid_>
<q8F0UnWAZCsRY2RvNvA_h98ydW7N6wDy2FKe6vNr6>
<CHTDwgC5KOPZ8PV8WX8r2PuT7Zepuk7M99kmG3awngsQEDrDJ00kwMt4MAvbzvY4C8Zx41019EML6Nid_>
-----
