1100010001000000001000000000000001001000000001000000000010000000000011001100000101000010000001000000000000011100001000000000000010000000001000001100010000010100010000000000100000001100000001010000101000001000
<jFAgumUESRp4Ln8Taf62J1Fr8guTgu3Uqu8mwltrH0QFeQ7lAUxh4ZKV_Zg_PYr3lvzgIOWCQ3Wvn0ZW>
<QJ4jYj7IEX0>
<QJ4jYj7IEX0>
<QJ4jYj7IEX0>
<QJ4jYj7IEX0>
<FsF3k5YipTSyrYj9nUbCru03AM0yWZC4HnZ0c_ZadKzoTKhqIa8CiCZHqGqfRR04k_Yms7mTzEGzERQyl>
<QJ4jYj7IEX0>
<QJ4jYj7IEX0>
<QJ4jYj7IEX0>
<C9HFatBXkPNHRotC6Nz2LUqVJ_>
<jFAgumUESRp4Ln8Taf62J1Fr8guTgu3Uqu8mwltrH0QFeQ7lAUxh4ZKV_Zg_PYr3lvzgIOWCQ3Wvn0ZW>
<jFAgumUESRp4Ln8Taf62J1Fr8guTgu3Uqu8mwltrH0QFeQ7lAUxh4ZKV_Zg_PYr3lvzgIOWCQ3Wvn0ZW>
<jFAgumUESRp4Ln8Taf62J1Fr8guTgu3Uqu8mwltrH0QFeQ7lAUxh4ZKV_Zg_PYr3lvzgIOWCQ3Wvn0ZW>
<jFAgumUESRp4Ln8Taf62J1Fr8guTgu3Uqu8mwltrH0QFeQ7lAUxh4ZKV_Zg_PYr3lvzgIOWCQ3Wvn0ZW>
<jFAgumUESRp4Ln8Taf62J1Fr8guTgu3Uqu8mwltrH0QFeQ7lAUxh4ZKV_Zg_PYr3lvzgIOWCQ3Wvn0ZW>
<QJ4jYj7IEX0>
<QJ4jYj7IEX0>
<jFAgumUESRp4Ln8Taf62J1Fr8guTgu3Uqu8mwltrH0QFeQ7lAUxh4ZKV_Zg_PYr3lvzgIOWCQ3Wvn0ZW>
<mcOFs5QMagJt68w2KNnUkrPLvqD4a87jiEdXXVGsCbDlEo3UThmfYatDX7M4r_Z3ocp_bR>
<QJ4jYj7IEX0>
<QJ4jYj7IEX0>
<jFAgumUESRp4Ln8Taf62J1Fr8guTgu3Uqu8mwltrH0QFeQ7lAUxh4ZKV_Zg_PYr3lvzgIOWCQ3Wvn0ZW>
<C9HFatBXkPNHRotC6Nz2LUqVJ_>
<C9HFatBXkPNHRotC6Nz2LUqVJ_>
<C9HFatBXkPNHRotC6Nz2LUqVJ_>
<mcOFs5QMagJt68w2KNnUkrPLvqD4a87jiEdXXVGsCbDlEo3UThmfYatDX7M4r_Z3ocp_bR>
<jFAgumUESRp4Ln8Taf62J1Fr8guTgu3Uqu8mwltrH0QFeQ7lAUxh4ZKV_Zg_PYr3lvzgIOWCQ3Wvn0ZW>
<jFAgumUESRp4Ln8Taf62J1Fr8guTgu3Uqu8mwltrH0QFeQ7lAUxh4ZKV_Zg_PYr3lvzgIOWCQ3Wvn0ZW>
<QJ4jYj7IEX0>
<FsF3k5YipTSyrYj9nUbCru03AM0yWZC4HnZ0c_ZadKzoTKhqIa8CiCZHqGqfRR04k_Yms7mTzEGzERQyl>
<jFAgumUESRp4Ln8Taf62J1Fr8guTgu3Uqu8mwltrH0QFeQ7lAUxh4ZKV_Zg_PYr3lvzgIOWCQ3Wvn0ZW>
<jFAgumUESRp4Ln8Taf62J1Fr8guTgu3Uqu8mwltrH0QFeQ7lAUxh4ZKV_Zg_PYr3lvzgIOWCQ3Wvn0ZW>
<C9HFatBXkPNHRotC6Nz2LUqVJ_>
<KtzJlllu8BN5KctC5FgIoAkT6o5DkZGV4jrgRjVFzTj0>
<QJ4jYj7IEX0>
<jFAgumUESRp4Ln8Taf62J1Fr8guTgu3Uqu8mwltrH0QFeQ7lAUxh4ZKV_Zg_PYr3lvzgIOWCQ3Wvn0ZW>
<rtHjr3PmwJrBIKCS1ce0vFSmkB0SjQEvCTs3D1I7nfS7ymVn4k4z0z_eiNxcaN>
<QJ4jYj7IEX0>
<QJ4jYj7IEX0>
<QJ4jYj7IEX0>
<jFAgumUESRp4Ln8Taf62J1Fr8guTgu3Uqu8mwltrH0QFeQ7lAUxh4ZKV_Zg_PYr3lvzgIOWCQ3Wvn0ZW>
<QJ4jYj7IEX0>
<jFAgumUESRp4Ln8Taf62J1Fr8guTgu3Uqu8mwltrH0QFeQ7lAUxh4ZKV_Zg_PYr3lvzgIOWCQ3Wvn0ZW>
<QJ4jYj7IEX0>
<QJ4jYj7IEX0>
<o44IRvFlXuiTIHAxQfJ8xfR3CXlbdPRsiplfFu3dhUhAlGXtwlfxYLiThGEtn_oBhGxwjNACUvcOp>
<QJ4jYj7IEX0>
<QJ4jYj7IEX0>
<QJ4jYj7IEX0>
<C9HFatBXkPNHRotC6Nz2LUqVJ_>
<QJ4jYj7IEX0>
<QJ4jYj7IEX0>
<QJ4jYj7IEX0>
<QJ4jYj7IEX0>
<QJ4jYj7IEX0>
<FsF3k5YipTSyrYj9nUbCru03AM0yWZC4HnZ0c_ZadKzoTKhqIa8CiCZHqGqfRR04k_Yms7mTzEGzERQyl>
<JcKWSqpuDbFHGvhwoYrV7Ba9AAiPQvqkCyBGoWF63XYY>
<QJ4jYj7IEX0>
<jFAgumUESRp4Ln8Taf62J1Fr8guTgu3Uqu8mwltrH0QFeQ7lAUxh4ZKV_Zg_PYr3lvzgIOWCQ3Wvn0ZW>
<C9HFatBXkPNHRotC6Nz2LUqVJ_>
<QJ4jYj7IEX0>
<QJ4jYj7IEX0>
<QJ4jYj7IEX0>
<jFAgumUESRp4Ln8Taf62J1Fr8guTgu3Uqu8mwltrH0QFeQ7lAUxh4ZKV_Zg_PYr3lvzgIOWCQ3Wvn0ZW>
<C9HFatBXkPNHRotC6Nz2LUqVJ_>
<QJ4jYj7IEX0>
<jFAgumUESRp4Ln8Taf62J1Fr8guTgu3Uqu8mwltrH0QFeQ7lAUxh4ZKV_Zg_PYr3lvzgIOWCQ3Wvn0ZW>
<o44IRvFlXuiTIHAxQfJ8xfR3CXlbdPRsiplfFu3dhUhAlGXtwlfxYLiThGEtn_oBhGxwjNACUvcOp>
<A9TRGirKrdCHcUhpgddgRrpn4074xoNamnE4EkcoJEgVZYddu6cpUH1MHDz1uC5W7HGnrDpAkIapCM3VXtbkM>
<q1pzG8769Q6DRkr0hfEFSH6DKOWlwaxWsIwN0IGdWDj1e5iJwhPEH_Ra_IFPdIN_zko2L0wXexg4d426l>
<QJ4jYj7IEX0>
<QJ4jYj7IEX0>
<cgi2bLBEZiiuXME2O0_hxayaMpLB>
<XYAlQ1B4vG7SPsLjqDy1dVtpYelxNoi3Rt864bo4F7IvU82AMkosiylLSIjsnS1YuLDBsNu8f_67ae31>
<QJ4jYj7IEX0>
<jFAgumUESRp4Ln8Taf62J1Fr8guTgu3Uqu8mwltrH0QFeQ7lAUxh4ZKV_Zg_PYr3lvzgIOWCQ3Wvn0ZW>
<A9TRGirKrdCHcUhpgddgRrpn4074xoNamnE4EkcoJEgVZYddu6cpUH1MHDz1uC5W7HGnrDpAkIapCM3VXtbkM>
<QJ4jYj7IEX0>
<QJ4jYj7IEX0>
<ks5cT9MR6FQBte>
<QJ4jYj7IEX0>
<noHpBqT6KohuIgV5kmYk97vNI3XSn0yy0bXJ5QQXu0uRcyeCO1yaen3DOwW8Ihroyc_o9BAVfMlpaT15>
<QJ4jYj7IEX0>
<QJ4jYj7IEX0>
<QJ4jYj7IEX0>
<QJ4jYj7IEX0>
<1vB_KmwN>
<jFAgumUESRp4Ln8Taf62J1Fr8guTgu3Uqu8mwltrH0QFeQ7lAUxh4ZKV_Zg_PYr3lvzgIOWCQ3Wvn0ZW>
<QJ4jYj7IEX0>
<JcKWSqpuDbFHGvhwoYrV7Ba9AAiPQvqkCyBGoWF63XYY>
<QJ4jYj7IEX0>
<QJ4jYj7IEX0>
<cgi2bLBEZiiuXME2O0_hxayaMpLB>
<34xszmgtCiFUOmQFk7wuyDx0fazhNMedtiF1jGWsTOcJthfaN2Di2InnDgs_UNIkfd50BZNyD_0VSm5TqU0aewx>
<QJ4jYj7IEX0>
<jFAgumUESRp4Ln8Taf62J1Fr8guTgu3Uqu8mwltrH0QFeQ7lAUxh4ZKV_Zg_PYr3lvzgIOWCQ3Wvn0ZW>
<jFAgumUESRp4Ln8Taf62J1Fr8guTgu3Uqu8mwltrH0QFeQ7lAUxh4ZKV_Zg_PYr3lvzgIOWCQ3Wvn0ZW>
<A9TRGirKrdCHcUhpgddgRrpn4074xoNamnE4EkcoJEgVZYddu6cpUH1MHDz1uC5W7HGnrDpAkIapCM3VXtbkM>
<FsF3k5YipTSyrYj9nUbCru03AM0yWZC4HnZ0c_ZadKzoTKhqIa8CiCZHqGqfRR04k_Yms7mTzEGzERQyl>
<QJ4jYj7IEX0>
<JcKWSqpuDbFHGvhwoYrV7Ba9AAiPQvqkCyBGoWF63XYY>
<QJ4jYj7IEX0>
<A9TRGirKrdCHcUhpgddgRrpn4074xoNamnE4EkcoJEgVZYddu6cpUH1MHDz1uC5W7HGnrDpAkIapCM3VXtbkM>
<QJ4jYj7IEX0>
<QJ4jYj7IEX0>
<jFAgumUESRp4Ln8Taf62J1Fr8guTgu3Uqu8mwltrH0QFeQ7lAUxh4ZKV_Zg_PYr3lvzgIOWCQ3Wvn0ZW>
<QJ4jYj7IEX0>
<zV>
<0UipICfzzgKOI5qnKuKuFDHJKwyLWQwElD_HqiEnVuz0g1IwHkCZYUoEagLaekZOzO80EHLEBk13u2bdOj1Ibt6kvKCIJaY1>
<LAbI9sTmjdgpTz20oMr5Y6Z9SadNGM_kblZ0q>
<QJ4jYj7IEX0>
<QJ4jYj7IEX0>
<JcKWSqpuDbFHGvhwoYrV7Ba9AAiPQvqkCyBGoWF63XYY>
<QJ4jYj7IEX0>
<GK6LQio1>
<QJ4jYj7IEX0>
<QJ4jYj7IEX0>
<C9HFatBXkPNHRotC6Nz2LUqVJ_>
<34xszmgtCiFUOmQFk7wuyDx0fazhNMedtiF1jGWsTOcJthfaN2Di2InnDgs_UNIkfd50BZNyD_0VSm5TqU0aewx>
<zV>
<A9TRGirKrdCHcUhpgddgRrpn4074xoNamnE4EkcoJEgVZYddu6cpUH1MHDz1uC5W7HGnrDpAkIapCM3VXtbkM>
<C9HFatBXkPNHRotC6Nz2LUqVJ_>
<jFAgumUESRp4Ln8Taf62J1Fr8guTgu3Uqu8mwltrH0QFeQ7lAUxh4ZKV_Zg_PYr3lvzgIOWCQ3Wvn0ZW>
<34xszmgtCiFUOmQFk7wuyDx0fazhNMedtiF1jGWsTOcJthfaN2Di2InnDgs_UNIkfd50BZNyD_0VSm5TqU0aewx>
<zV>
<jFAgumUESRp4Ln8Taf62J1Fr8guTgu3Uqu8mwltrH0QFeQ7lAUxh4ZKV_Zg_PYr3lvzgIOWCQ3Wvn0ZW>
<QJ4jYj7IEX0>
<QJ4jYj7IEX0>
<rqH7RMjbH0AOve5sD1lQoq0HKOe9S6Jgf6JbvpUt0xlHfMXXwmvjRiZWAsGAnKsTGfTt7qgqAbfw>
<QJ4jYj7IEX0>
<zV>
<QJ4jYj7IEX0>
<jFAgumUESRp4Ln8Taf62J1Fr8guTgu3Uqu8mwltrH0QFeQ7lAUxh4ZKV_Zg_PYr3lvzgIOWCQ3Wvn0ZW>
<QJ4jYj7IEX0>
<QJ4jYj7IEX0>
<A9TRGirKrdCHcUhpgddgRrpn4074xoNamnE4EkcoJEgVZYddu6cpUH1MHDz1uC5W7HGnrDpAkIapCM3VXtbkM>
<jFAgumUESRp4Ln8Taf62J1Fr8guTgu3Uqu8mwltrH0QFeQ7lAUxh4ZKV_Zg_PYr3lvzgIOWCQ3Wvn0ZW>
<34xszmgtCiFUOmQFk7wuyDx0fazhNMedtiF1jGWsTOcJthfaN2Di2InnDgs_UNIkfd50BZNyD_0VSm5TqU0aewx>
<KyZ8T8C89HieOUi09936_fAK2sDRCSNgQo1PRZXXVI_q1TXT04550>
<XYAlQ1B4vG7SPsLjqDy1dVtpYelxNoi3Rt864bo4F7IvU82AMkosiylLSIjsnS1YuLDBsNu8f_67ae31>
<FsF3k5YipTSyrYj9nUbCru03AM0yWZC4HnZ0c_ZadKzoTKhqIa8CiCZHqGqfRR04k_Yms7mTzEGzERQyl>
<jFAgumUESRp4Ln8Taf62J1Fr8guTgu3Uqu8mwltrH0QFeQ7lAUxh4ZKV_Zg_PYr3lvzgIOWCQ3Wvn0ZW>
<jFAgumUESRp4Ln8Taf62J1Fr8guTgu3Uqu8mwltrH0QFeQ7lAUxh4ZKV_Zg_PYr3lvzgIOWCQ3Wvn0ZW>
<C9HFatBXkPNHRotC6Nz2LUqVJ_>
<o53Z9eXtN1XRumTE1OL0o1wowdaKJjP>
<cWI59ACDpir3ymHSt6UtKCvkdw>
<QJ4jYj7IEX0>
<QJ4jYj7IEX0>
<JcKWSqpuDbFHGvhwoYrV7Ba9AAiPQvqkCyBGoWF63XYY>
<Rk7EYTcvwGPrhAPg6IaJkoqDtS0DVYfDNtZzP0i7Ue2v9>
<JcKWSqpuDbFHGvhwoYrV7Ba9AAiPQvqkCyBGoWF63XYY>
<mcOFs5QMagJt68w2KNnUkrPLvqD4a87jiEdXXVGsCbDlEo3UThmfYatDX7M4r_Z3ocp_bR>
<34xszmgtCiFUOmQFk7wuyDx0fazhNMedtiF1jGWsTOcJthfaN2Di2InnDgs_UNIkfd50BZNyD_0VSm5TqU0aewx>
<QJ4jYj7IEX0>
<QJ4jYj7IEX0>
<pCwVzC8C7XuybYAdgdVWp0SLIftyQ5cvQaz9PiguODBMpkqQzYpx>
<QJ4jYj7IEX0>
<Aw0mooQN1t7PfrfOUP6J7CDLcR1SNSHdQeL8ip2N6PrxQbVwsNkl32amoi>
<QJ4jYj7IEX0>
<ks5cT9MR6FQBte>
<GK6LQio1>
<5MVHYO_Qr6w3akq12iHamsYM88B8rpAUXDWOg2wVm4EJqlfyIPDb3z7I3Qt0wIqGPi7NewNUK1ZTuF9xk2P3Ucw>
<QJ4jYj7IEX0>
<o44IRvFlXuiTIHAxQfJ8xfR3CXlbdPRsiplfFu3dhUhAlGXtwlfxYLiThGEtn_oBhGxwjNACUvcOp>
<QJ4jYj7IEX0>
<LAbI9sTmjdgpTz20oMr5Y6Z9SadNGM_kblZ0q>
<QJ4jYj7IEX0>
<QJ4jYj7IEX0>
<mcOFs5QMagJt68w2KNnUkrPLvqD4a87jiEdXXVGsCbDlEo3UThmfYatDX7M4r_Z3ocp_bR>
<A9TRGirKrdCHcUhpgddgRrpn4074xoNamnE4EkcoJEgVZYddu6cpUH1MHDz1uC5W7HGnrDpAkIapCM3VXtbkM>
<A9TRGirKrdCHcUhpgddgRrpn4074xoNamnE4EkcoJEgVZYddu6cpUH1MHDz1uC5W7HGnrDpAkIapCM3VXtbkM>
<C9HFatBXkPNHRotC6Nz2LUqVJ_>
<dOMwDrhbUNi4vzm5I7SAEj31Rzb7TddAblrd84mn5Rrlnqa6Sr5aR>
<Rk7EYTcvwGPrhAPg6IaJkoqDtS0DVYfDNtZzP0i7Ue2v9>
<A9TRGirKrdCHcUhpgddgRrpn4074xoNamnE4EkcoJEgVZYddu6cpUH1MHDz1uC5W7HGnrDpAkIapCM3VXtbkM>
<QJ4jYj7IEX0>
<JcKWSqpuDbFHGvhwoYrV7Ba9AAiPQvqkCyBGoWF63XYY>
<QJ4jYj7IEX0>
<A9TRGirKrdCHcUhpgddgRrpn4074xoNamnE4EkcoJEgVZYddu6cpUH1MHDz1uC5W7HGnrDpAkIapCM3VXtbkM>
<QJ4jYj7IEX0>
<noPDLlGxGO7SYOk9tgVxc3fTsRs>
<ljjcwMpbQ5QPpULnJBVSAfJqADQKHcN3JrDfbbkpPutvC5dZppN0LlN1T>
<A9TRGirKrdCHcUhpgddgRrpn4074xoNamnE4EkcoJEgVZYddu6cpUH1MHDz1uC5W7HGnrDpAkIapCM3VXtbkM>
<Aw0mooQN1t7PfrfOUP6J7CDLcR1SNSHdQeL8ip2N6PrxQbVwsNkl32amoi>
<A9TRGirKrdCHcUhpgddgRrpn4074xoNamnE4EkcoJEgVZYddu6cpUH1MHDz1uC5W7HGnrDpAkIapCM3VXtbkM>
<C9HFatBXkPNHRotC6Nz2LUqVJ_>
<JcKWSqpuDbFHGvhwoYrV7Ba9AAiPQvqkCyBGoWF63XYY>
<mcOFs5QMagJt68w2KNnUkrPLvqD4a87jiEdXXVGsCbDlEo3UThmfYatDX7M4r_Z3ocp_bR>
<XYAlQ1B4vG7SPsLjqDy1dVtpYelxNoi3Rt864bo4F7IvU82AMkosiylLSIjsnS1YuLDBsNu8f_67ae31>
<RGxukWC>
<QJ4jYj7IEX0>
<diolJ3R0PsLz6yoLrk0EmDIqE2vbxYXDrhsVvxJaQ0aJDnNb2B_tE2W2Z>
<jFAgumUESRp4Ln8Taf62J1Fr8guTgu3Uqu8mwltrH0QFeQ7lAUxh4ZKV_Zg_PYr3lvzgIOWCQ3Wvn0ZW>
<QJ4jYj7IEX0>
<JcKWSqpuDbFHGvhwoYrV7Ba9AAiPQvqkCyBGoWF63XYY>
<A9TRGirKrdCHcUhpgddgRrpn4074xoNamnE4EkcoJEgVZYddu6cpUH1MHDz1uC5W7HGnrDpAkIapCM3VXtbkM>
<V1Ee7f0UoFLylALwb8E3_Qcj5iXovJOIrf8w81iLpoKgK7g9BoYzS2tG1Xz0Imqg1Ep1YJ7stD_tThYBw5EiebWVeIko7eBQbWCO>
<jFAgumUESRp4Ln8Taf62J1Fr8guTgu3Uqu8mwltrH0QFeQ7lAUxh4ZKV_Zg_PYr3lvzgIOWCQ3Wvn0ZW>
<JrIhmBQTHSpjsVX5_7aAMrVcO>
<QJ4jYj7IEX0>
<jFAgumUESRp4Ln8Taf62J1Fr8guTgu3Uqu8mwltrH0QFeQ7lAUxh4ZKV_Zg_PYr3lvzgIOWCQ3Wvn0ZW>
<rtHjr3PmwJrBIKCS1ce0vFSmkB0SjQEvCTs3D1I7nfS7ymVn4k4z0z_eiNxcaN>
<QJ4jYj7IEX0>
<jFAgumUESRp4Ln8Taf62J1Fr8guTgu3Uqu8mwltrH0QFeQ7lAUxh4ZKV_Zg_PYr3lvzgIOWCQ3Wvn0ZW>
<7z1Kzln0Aw22XJlKlrzr9dilXXyd8LDy3Af3Rp5b6nwULlnENzvs_bcs4mnbrLX4R0Kfn7IZeMkM57pGkvK6NwEIL>
<JcKWSqpuDbFHGvhwoYrV7Ba9AAiPQvqkCyBGoWF63XYY>
<QJ4jYj7IEX0>
<QJ4jYj7IEX0>
-----
