1110010111011010010101110000100000110000101110100000110100101000000110000001000010101000000110000000110100010000001000011010001000001111000110110010000000100011001010101101001001001100000101011000001010010010000100000000001101110000111001000001101000000110110100001000
<1RYIc>
<gDeOHBEHHw3pWLYptiG8CH3edEdbZt4pkXdoBjW_h6>
<kM1TOCEaLUlVTvoA>
<gDeOHBEHHw3pWLYptiG8CH3edEdbZt4pkXdoBjW_h6>
<1RYIc>
<ttj7knzoxkD9QR9UYxW9ksiDywgXupYUae9aKLYONmkfZXII9f2aglM_ctVS8NXlf>
<gDeOHBEHHw3pWLYptiG8CH3edEdbZt4pkXdoBjW_h6>
<nKcyXV3Yd62SRNTNdVqdTOYv4H>
<V1VszohXC3CmGQ5brAc4Oz7EAvEsv4J_jgIxtERBI6R7L_E>
<LjLER2Em2DUl9I9fjYSFHKG_hL44oZvSh>
<1RYIc>
<k303_Io1NhMfNX1GNm4ck_HRLkQ>
<aYxXhlinOOZEEj5CVNO8Rkpw6ILWnh_3pYZ45wsU3ZoNjGulLQACUBb85e_bHIHE>
<1RYIc>
<6ODXiFHZBGY1wgIcXXN9Xh42Q9kBRzfvn_eTelqUntsVExacB15O9cgMYdzuJAdTsLr0esjmxQQlBjqtR3UeVfj73TjVL9G6nI>
<gDeOHBEHHw3pWLYptiG8CH3edEdbZt4pkXdoBjW_h6>
<k303_Io1NhMfNX1GNm4ck_HRLkQ>
<PaHXTaOZToRFh9VTwvOf>
<kM1TOCEaLUlVTvoA>
<hUgrazBQ>
<gDeOHBEHHw3pWLYptiG8CH3edEdbZt4pkXdoBjW_h6>
<gHQgCSwEWdEJM4MYG3ND8iAW8MnsIXZBvpMYdwjw0xHBNAm3RdeD7nFF>
<JMeu7LWfoLkfnH32igIZqqpAQ4SkWLK6huRVSQGeNE2umT7IRQz37eOFfF4EBVj4Z5Gr4WuZN>
<USSEhenm9eBR0lTvHyI7zgMuNkIEN2Sv5kPO>
<USSEhenm9eBR0lTvHyI7zgMuNkIEN2Sv5kPO>
<LjLER2Em2DUl9I9fjYSFHKG_hL44oZvSh>
<k303_Io1NhMfNX1GNm4ck_HRLkQ>
<1RYIc>
<eyVblRB6LLdrm2DKXvJxaZ5M1MM4BcLkCjmR3stv8D9RlcKikoGkKJwFCJOsVc1UaaP1Hi8RKp6V7gEUtfujj_U19wNG8zt81d>
<V1VszohXC3CmGQ5brAc4Oz7EAvEsv4J_jgIxtERBI6R7L_E>
<1RYIc>
<gDeOHBEHHw3pWLYptiG8CH3edEdbZt4pkXdoBjW_h6>
<1RYIc>
<k303_Io1NhMfNX1GNm4ck_HRLkQ>
<KW5ddYsmHmuU47rel5WNDmjW8MzKo3KYddEknKWU8voV8OObLbpy7>
<PB24il7XYYwoXSunzDR5hEJxfnnV9jYQDD3nixN4ogKuhPm8MxhZptjKnbj4zArsHlA3hvDq2E7ftL1VaqAgrcgegZWgsv>
<1RYIc>
<LjLER2Em2DUl9I9fjYSFHKG_hL44oZvSh>
<kM1TOCEaLUlVTvoA>
<PaHXTaOZToRFh9VTwvOf>
<Fv1SHOCJX68kEczSaktiYcvljx3Yx>
<PaHXTaOZToRFh9VTwvOf>
<fCMxSV1Zy7jN8aEgZZDEGQxrixU4jJGxLd0E43mQjMlheflSA55qmmBJf4DDUDqa31qb7jLCFzbWFO>
<8CpK_QLxtkS3XoWvkm6vLKZl696SRpuEoi5ie3Hlfj2mUGtib6uiFo49eqIug5bb>
<tsAWwSnrPNYO2PdlWQ9uOOpxtcVOepV8Yk92Yq00LlDsgwGoE6YXL6BvMikj3oqo4_7UxnZ5E>
<1RYIc>
<uLuLjoE92a7VvbJUdlJsdXgGIiCBqR7SYLlejQkmoQljeWoqf2VAMKAbSNgquvLik0N_VHYyRRiYPnTdchBkvTnbwf_oEHrJGD>
<JMeu7LWfoLkfnH32igIZqqpAQ4SkWLK6huRVSQGeNE2umT7IRQz37eOFfF4EBVj4Z5Gr4WuZN>
<hUgrazBQ>
<PB24il7XYYwoXSunzDR5hEJxfnnV9jYQDD3nixN4ogKuhPm8MxhZptjKnbj4zArsHlA3hvDq2E7ftL1VaqAgrcgegZWgsv>
<V1VszohXC3CmGQ5brAc4Oz7EAvEsv4J_jgIxtERBI6R7L_E>
<V1VszohXC3CmGQ5brAc4Oz7EAvEsv4J_jgIxtERBI6R7L_E>
<FGxW7UX6H7NVBBLWN6Bkh4PzC>
<94nQ5cieikNja1IYHZOT2q9c2xN_5mEFN>
<nKcyXV3Yd62SRNTNdVqdTOYv4H>
<myDlgTFIjkqiDK58Z5tFU4ahKqx1fQ_O4aYhOB2ropZ7KTzFbACD_x8EG_rg>
<1RYIc>
<ttj7knzoxkD9QR9UYxW9ksiDywgXupYUae9aKLYONmkfZXII9f2aglM_ctVS8NXlf>
<Ks4afpBhLu7nMXHcsqFFMdB8iKnhAyi0dNk7wKZETBq7m7dLBpVBfMyWdYd>
<k303_Io1NhMfNX1GNm4ck_HRLkQ>
<TV8KPeHDGmsoqn2uruBJM1xPtALdQt5GXmfdyBBfjQJ8XfVdH>
<k303_Io1NhMfNX1GNm4ck_HRLkQ>
<gDeOHBEHHw3pWLYptiG8CH3edEdbZt4pkXdoBjW_h6>
<eyVblRB6LLdrm2DKXvJxaZ5M1MM4BcLkCjmR3stv8D9RlcKikoGkKJwFCJOsVc1UaaP1Hi8RKp6V7gEUtfujj_U19wNG8zt81d>
<k303_Io1NhMfNX1GNm4ck_HRLkQ>
<gDeOHBEHHw3pWLYptiG8CH3edEdbZt4pkXdoBjW_h6>
<k303_Io1NhMfNX1GNm4ck_HRLkQ>
<nqidz87rj5Y8L_hy0YnVouDH7AJveAdmkz7T8fTbiiCOFHbMHhyJzbymxCn85XqURf84Dyy>
<e>
<gDeOHBEHHw3pWLYptiG8CH3edEdbZt4pkXdoBjW_h6>
<gHQgCSwEWdEJM4MYG3ND8iAW8MnsIXZBvpMYdwjw0xHBNAm3RdeD7nFF>
<kM1TOCEaLUlVTvoA>
<uLuLjoE92a7VvbJUdlJsdXgGIiCBqR7SYLlejQkmoQljeWoqf2VAMKAbSNgquvLik0N_VHYyRRiYPnTdchBkvTnbwf_oEHrJGD>
<nKcyXV3Yd62SRNTNdVqdTOYv4H>
<1RYIc>
<v835q9lSePXvlOVBYF0134Pvlaofh3JlsdUshvfDhrTsBiAfhcTjxNzTA83_G1vp>
<gHQgCSwEWdEJM4MYG3ND8iAW8MnsIXZBvpMYdwjw0xHBNAm3RdeD7nFF>
<FGxW7UX6H7NVBBLWN6Bkh4PzC>
<hUgrazBQ>
<USSEhenm9eBR0lTvHyI7zgMuNkIEN2Sv5kPO>
<PEMDVl6omqXQUMfnXhshYWPRCCQp0meCNOQufeEoU99B9O2_tcd8CZKg0wcu94RH>
<hUgrazBQ>
<EBinbwxMPnrBFYOnZxhRN0lsJZ3w1ZAYsfqfGhw7KQjdObe14qvx_UZXBzVv4HeCeBaQL>
<fCMxSV1Zy7jN8aEgZZDEGQxrixU4jJGxLd0E43mQjMlheflSA55qmmBJf4DDUDqa31qb7jLCFzbWFO>
<gAfTM7DfxcsyZBzOZuOpMUvNYO5KVKYFGbCVx5k_GZ>
<e>
<aYxXhlinOOZEEj5CVNO8Rkpw6ILWnh_3pYZ45wsU3ZoNjGulLQACUBb85e_bHIHE>
<k303_Io1NhMfNX1GNm4ck_HRLkQ>
<PaHXTaOZToRFh9VTwvOf>
<gDeOHBEHHw3pWLYptiG8CH3edEdbZt4pkXdoBjW_h6>
<1RYIc>
<5HYkYyjB4wmvTQlesyfs74ZbWd55MTylyHrapOiqtD4aliXVvqD7j8oHYwxeYXchKBr9BQS122O5MJy9b>
<ZE73hCne5xOcLWaEYFJdoKhcKRdfm9ZNSBuNhm7XS45I4GNreKpy_>
<gDeOHBEHHw3pWLYptiG8CH3edEdbZt4pkXdoBjW_h6>
<gDeOHBEHHw3pWLYptiG8CH3edEdbZt4pkXdoBjW_h6>
<k303_Io1NhMfNX1GNm4ck_HRLkQ>
<v835q9lSePXvlOVBYF0134Pvlaofh3JlsdUshvfDhrTsBiAfhcTjxNzTA83_G1vp>
<gDeOHBEHHw3pWLYptiG8CH3edEdbZt4pkXdoBjW_h6>
<USSEhenm9eBR0lTvHyI7zgMuNkIEN2Sv5kPO>
<LjLER2Em2DUl9I9fjYSFHKG_hL44oZvSh>
<lh58qVyivdJxdaJJtxMmgWLsvI3u8EVcK8628YMzMm5XofMPKqkqKeYSjQIPQuSZfs3FaWFxXpUngvRg2c8YkTI4CxT>
<3qDUDt40IV70>
<gDeOHBEHHw3pWLYptiG8CH3edEdbZt4pkXdoBjW_h6>
<mr_VAIljJfgb1Ju6qjeJ9KFm49RYG2BEUbYc3_GUiGPerFs5YoCWZBWva9b2TZNIod8LWhv06>
<kM1TOCEaLUlVTvoA>
<k303_Io1NhMfNX1GNm4ck_HRLkQ>
<gDeOHBEHHw3pWLYptiG8CH3edEdbZt4pkXdoBjW_h6>
<krppaOOREIip0sWjYmrvxFAY_APCNtRJ2Jm8volQbC0TdoOIgwSWcMoPmP1KQpV6YMfFqArUSYGtiIHCfGfy>
<gDeOHBEHHw3pWLYptiG8CH3edEdbZt4pkXdoBjW_h6>
<aYxXhlinOOZEEj5CVNO8Rkpw6ILWnh_3pYZ45wsU3ZoNjGulLQACUBb85e_bHIHE>
<1RYIc>
<gDeOHBEHHw3pWLYptiG8CH3edEdbZt4pkXdoBjW_h6>
<gDeOHBEHHw3pWLYptiG8CH3edEdbZt4pkXdoBjW_h6>
<gHQgCSwEWdEJM4MYG3ND8iAW8MnsIXZBvpMYdwjw0xHBNAm3RdeD7nFF>
<KlxFljhJf>
<Ks4afpBhLu7nMXHcsqFFMdB8iKnhAyi0dNk7wKZETBq7m7dLBpVBfMyWdYd>
<V1VszohXC3CmGQ5brAc4Oz7EAvEsv4J_jgIxtERBI6R7L_E>
<k303_Io1NhMfNX1GNm4ck_HRLkQ>
<uLuLjoE92a7VvbJUdlJsdXgGIiCBqR7SYLlejQkmoQljeWoqf2VAMKAbSNgquvLik0N_VHYyRRiYPnTdchBkvTnbwf_oEHrJGD>
<SHM6dQhOEu4vywpOlGTRtePl8ebuUYA3L1>
<TgLThMJqi2KAVcJzP1K62KHjgL7MCZiNCuy7vjWjAgfLcZJxYhNl8PaTuaIrPMIp0Fkxs4sCbZkvPefO>
<FGxW7UX6H7NVBBLWN6Bkh4PzC>
<3CwEos12fqLyIKZ9HU97XI4KRaNtjn5RzxF6ey0PfFFO49ma4H_DFhSz7AmMNtUmEe1lA>
<FGxW7UX6H7NVBBLWN6Bkh4PzC>
<k303_Io1NhMfNX1GNm4ck_HRLkQ>
<ttj7knzoxkD9QR9UYxW9ksiDywgXupYUae9aKLYONmkfZXII9f2aglM_ctVS8NXlf>
<C_0hx3ba386atAimBYbGWssz_SF25dcx_urBJrSFCfLUd8QD11McOxkjIv3vgjcBZDln>
<gDeOHBEHHw3pWLYptiG8CH3edEdbZt4pkXdoBjW_h6>
<LjLER2Em2DUl9I9fjYSFHKG_hL44oZvSh>
<3qDUDt40IV70>
<gDeOHBEHHw3pWLYptiG8CH3edEdbZt4pkXdoBjW_h6>
<ttj7knzoxkD9QR9UYxW9ksiDywgXupYUae9aKLYONmkfZXII9f2aglM_ctVS8NXlf>
<iKAWKaiD6ib0Sxr2EZdwZCBygudTxZPOGuL4Q3UdXLv4yolRQQUOi4jDpUhU1KtFLHVm563AgsDCy>
<Zl9GZcBdcb5Ixptri0Jn3IKj_Fgpvll7i6fkIypmYhiDcL5BH6OWQ9Kk_QRldL74GiPX>
<ReFZ_Kg6PdbUeI5kZU6MJoY9aIHQStT_El_pvgG08VZzbh>
<HvCvH_HAn7g7M5mjTbK1QHvCJKSBJPbx>
<PB24il7XYYwoXSunzDR5hEJxfnnV9jYQDD3nixN4ogKuhPm8MxhZptjKnbj4zArsHlA3hvDq2E7ftL1VaqAgrcgegZWgsv>
<gDeOHBEHHw3pWLYptiG8CH3edEdbZt4pkXdoBjW_h6>
<eyVblRB6LLdrm2DKXvJxaZ5M1MM4BcLkCjmR3stv8D9RlcKikoGkKJwFCJOsVc1UaaP1Hi8RKp6V7gEUtfujj_U19wNG8zt81d>
<TziM8pXNcgx6cA4Vzrh7fz7D5ehujlpqlCRkaiR4WwEeJQceP_i9RdmpyXwtwmuV_7XPxATcAuzPwBHePsK2CjQFCxSLN3Pz>
<n58S5cmho2rHnYRu9SnWxKeH3OQeS0YWTNdIwtBc8gmSygB45g5jjEqUiF2HAaqo3y0BMP9N6_Art7e>
<JMeu7LWfoLkfnH32igIZqqpAQ4SkWLK6huRVSQGeNE2umT7IRQz37eOFfF4EBVj4Z5Gr4WuZN>
<ejPZJglCW0Po6OcVKuBuaCIoAqqRRdaognsamSsU7eszCHNfXKzwEGBmfM9sIUZhDjhKIhY4knoY2>
<qoAajVGtKFmIHIvN0lrf1QYADqczlOSaJfqQnMWF>
<PEMDVl6omqXQUMfnXhshYWPRCCQp0meCNOQufeEoU99B9O2_tcd8CZKg0wcu94RH>
<ReFZ_Kg6PdbUeI5kZU6MJoY9aIHQStT_El_pvgG08VZzbh>
<pLMapoS8sKz4G_RvFTesQB8YLbApTeL3YyY1aRV2NaIbxjIG2ltMfl>
<1RYIc>
<1RYIc>
<V1VszohXC3CmGQ5brAc4Oz7EAvEsv4J_jgIxtERBI6R7L_E>
<V1VszohXC3CmGQ5brAc4Oz7EAvEsv4J_jgIxtERBI6R7L_E>
<v835q9lSePXvlOVBYF0134Pvlaofh3JlsdUshvfDhrTsBiAfhcTjxNzTA83_G1vp>
<uLuLjoE92a7VvbJUdlJsdXgGIiCBqR7SYLlejQkmoQljeWoqf2VAMKAbSNgquvLik0N_VHYyRRiYPnTdchBkvTnbwf_oEHrJGD>
<gDeOHBEHHw3pWLYptiG8CH3edEdbZt4pkXdoBjW_h6>
<6azRpI>
<gDeOHBEHHw3pWLYptiG8CH3edEdbZt4pkXdoBjW_h6>
<gDeOHBEHHw3pWLYptiG8CH3edEdbZt4pkXdoBjW_h6>
<k303_Io1NhMfNX1GNm4ck_HRLkQ>
<yX2H2HM5gub5hWLZ81UvXPxvcewBwCYWq9ub8UXchdnBJlQ1otbdYrhOZXNbXaLMeRagImgagV>
<nPHo1m9Lv6tjayZeIYInCm4QMD7YFmViyDidsP>
<FGxW7UX6H7NVBBLWN6Bkh4PzC>
<gDeOHBEHHw3pWLYptiG8CH3edEdbZt4pkXdoBjW_h6>
<pV6r18IibnivZjwT9T5xVSFixCa7KznuqPeIgxmaZqMz1mH1sOA1MQuBn4oNOIcH>
<gDeOHBEHHw3pWLYptiG8CH3edEdbZt4pkXdoBjW_h6>
<1wDqMjnas6AnUVmz3bFtn>
<KlxFljhJf>
<_1MgB_uGQFQcHUSBqNHL6QqbIZ8TL049BfIF4SsBFdRqTrGrz9LNZlgFF0m39gaRE3Ubs53kSO4JMcxzzTIUQWehp1eV1ceA>
<Zl9GZcBdcb5Ixptri0Jn3IKj_Fgpvll7i6fkIypmYhiDcL5BH6OWQ9Kk_QRldL74GiPX>
<_32aQUBHDRdjd2tBikkMxiyQGWEZ3Tkm50Fv2KsrMYLH>
<RLDvl>
<FGxW7UX6H7NVBBLWN6Bkh4PzC>
<d0oJtYTusocdpS594OqKLiW6jtkHUT4r>
<gDeOHBEHHw3pWLYptiG8CH3edEdbZt4pkXdoBjW_h6>
<nPHo1m9Lv6tjayZeIYInCm4QMD7YFmViyDidsP>
<fzI0OVqYiyogKTIUyylBu3_OHtM2L>
<k303_Io1NhMfNX1GNm4ck_HRLkQ>
<1RYIc>
<9flsApd4iUCTItkMeYO_8Xae1w6NF7ITU59MgaQAjw4yIidXcguMJnsf4g0ugSnkDo4cp0KO8eYvH7JDcx2sV7U7lOGGbpc>
<ReFZ_Kg6PdbUeI5kZU6MJoY9aIHQStT_El_pvgG08VZzbh>
<gDeOHBEHHw3pWLYptiG8CH3edEdbZt4pkXdoBjW_h6>
<VbGTUypc6bz6w>
<8s>
<gDeOHBEHHw3pWLYptiG8CH3edEdbZt4pkXdoBjW_h6>
<1RYIc>
<JMeu7LWfoLkfnH32igIZqqpAQ4SkWLK6huRVSQGeNE2umT7IRQz37eOFfF4EBVj4Z5Gr4WuZN>
<tsAWwSnrPNYO2PdlWQ9uOOpxtcVOepV8Yk92Yq00LlDsgwGoE6YXL6BvMikj3oqo4_7UxnZ5E>
<RLDvl>
<g6ZfxbcK4jgbMzs43dGw8jsHLnP43sC_XcXNMBRmtMahIxTmBk0n0vM9jad0paxPXfqg6kZrIh2hMeTrdTdRhqGhJ>
<1RYIc>
<zgcNoAoFZTtfdp3ZGq3BUNcwUIs8BJCmOHR8zmJbXxVEK732QvndYRbZEsg07V>
<gDeOHBEHHw3pWLYptiG8CH3edEdbZt4pkXdoBjW_h6>
<5DoiXYr6DblOXmiyTpWh2NUm8LAd3XpRCgUeDybBS_dJlVUwdt>
<I4sfmLpdkFyFjgHbHKpQQhVFw4EkjTVnG6P4NqS4MZF75EYcgsG0CmYkMflfpe1OGiJxWKd9YSc_oUu4Eo_wL9>
<1RYIc>
<nKcyXV3Yd62SRNTNdVqdTOYv4H>
<eyVblRB6LLdrm2DKXvJxaZ5M1MM4BcLkCjmR3stv8D9RlcKikoGkKJwFCJOsVc1UaaP1Hi8RKp6V7gEUtfujj_U19wNG8zt81d>
<SHM6dQhOEu4vywpOlGTRtePl8ebuUYA3L1>
<PB24il7XYYwoXSunzDR5hEJxfnnV9jYQDD3nixN4ogKuhPm8MxhZptjKnbj4zArsHlA3hvDq2E7ftL1VaqAgrcgegZWgsv>
<XUOpp9hQggh5JQX0gnM8UjgtgPR8dfIqpN6E1exgso2t_QH1pDd5ohi>
<k303_Io1NhMfNX1GNm4ck_HRLkQ>
<KAf0zpJAUk1PvbmpK2Q2GNALGemG1lBF1c8DthErHZLtpP5KMXONkYcCGVJONJPo22YgFeOK0jRgkRAuHDrbnjiHefPNSs9>
<3qDUDt40IV70>
<1RYIc>
<TYOUIxYM2gDEBJla44kyKB6odDUBi5QV08facTRfkuLfuYvcq2YjzG1UWcVyHVTe9iO37YXJezy5l2ySqC3WKZC>
<1RYIc>
<kM1TOCEaLUlVTvoA>
<RAiG5wCQCzcygSgO5ACxxE8ahMzy6UFTGlFY_TKMnUyOCltw1MM>
<v835q9lSePXvlOVBYF0134Pvlaofh3JlsdUshvfDhrTsBiAfhcTjxNzTA83_G1vp>
<n58S5cmho2rHnYRu9SnWxKeH3OQeS0YWTNdIwtBc8gmSygB45g5jjEqUiF2HAaqo3y0BMP9N6_Art7e>
<1RYIc>
<k303_Io1NhMfNX1GNm4ck_HRLkQ>
<_vOVxvJgsCtcrGexOiblHMSkOhLfyxCGxRVI6XRuHEV2RVkcOoAG8xd1B1CS>
<kM1TOCEaLUlVTvoA>
<gDeOHBEHHw3pWLYptiG8CH3edEdbZt4pkXdoBjW_h6>
<PaHXTaOZToRFh9VTwvOf>
<PaHXTaOZToRFh9VTwvOf>
<eyVblRB6LLdrm2DKXvJxaZ5M1MM4BcLkCjmR3stv8D9RlcKikoGkKJwFCJOsVc1UaaP1Hi8RKp6V7gEUtfujj_U19wNG8zt81d>
<SHM6dQhOEu4vywpOlGTRtePl8ebuUYA3L1>
<PaHXTaOZToRFh9VTwvOf>
<gDeOHBEHHw3pWLYptiG8CH3edEdbZt4pkXdoBjW_h6>
<pLMapoS8sKz4G_RvFTesQB8YLbApTeL3YyY1aRV2NaIbxjIG2ltMfl>
<FGxW7UX6H7NVBBLWN6Bkh4PzC>
<HAzG657jTEMbRkovZbaW>
<QSGKLpAoLLqPBsxs_h8Z5Y5oeoLKrHxJA>
<1RYIc>
<MKYrBeokmq>
<HXcoDFrn0KAvlKwNeb5VATVJq6DK3Usipb_Dc10e4Dr6I0aJJ6LwqiPqAqDOgTnPbf5gvhQ5a2aXUK_CnY3zB8RVbYJ9Y_wx7>
<2_hX94_HixmYXA2rb_bADpbXSYYlGHPJZR32vzQvw7cY148B9VH3i7J>
<gDeOHBEHHw3pWLYptiG8CH3edEdbZt4pkXdoBjW_h6>
<kM1TOCEaLUlVTvoA>
<1RYIc>
<LjLER2Em2DUl9I9fjYSFHKG_hL44oZvSh>
<VSP3cdbKOi5MLiu4juGkMGGnlejFeFdykO3o59fBkj7VGEnJwrxDsJOoYmXhIb3SMexfrTF3aL8hbods8LxIvhBLn>
<SI0s94Ken>
<aoldKk7gbjoI4P9zuSXrB8huuV9LLyvbLykJDQf2VvDoB_7sQN_Igl3rx6CjOLQDWaRyGQ>
<TYOUIxYM2gDEBJla44kyKB6odDUBi5QV08facTRfkuLfuYvcq2YjzG1UWcVyHVTe9iO37YXJezy5l2ySqC3WKZC>
<MKYrBeokmq>
<3dXfVPIiZvy4lTjqNxzIIbo1JtCu4dsFJK3JmhRKvN_LjEohX4xr>
<3qDUDt40IV70>
<MKYrBeokmq>
<PB24il7XYYwoXSunzDR5hEJxfnnV9jYQDD3nixN4ogKuhPm8MxhZptjKnbj4zArsHlA3hvDq2E7ftL1VaqAgrcgegZWgsv>
<PaHXTaOZToRFh9VTwvOf>
<gDeOHBEHHw3pWLYptiG8CH3edEdbZt4pkXdoBjW_h6>
<BFG6ZuAyDEFeFdARjvFk3VBU40wPXts8VMFkiMb>
<kjJiJyIhzF_qDpEu8mftKkzm_gKxODPt0uFe1d1ta>
<v835q9lSePXvlOVBYF0134Pvlaofh3JlsdUshvfDhrTsBiAfhcTjxNzTA83_G1vp>
<htdaNYkFy9SP323ssa879rIKpybpUq3JJIkfJOJ0di0bm8Oc2C2avGqjaiuJw8WnkGIfjjiQgdc>
<tsAWwSnrPNYO2PdlWQ9uOOpxtcVOepV8Yk92Yq00LlDsgwGoE6YXL6BvMikj3oqo4_7UxnZ5E>
<Ks4afpBhLu7nMXHcsqFFMdB8iKnhAyi0dNk7wKZETBq7m7dLBpVBfMyWdYd>
<1RYIc>
<pV6r18IibnivZjwT9T5xVSFixCa7KznuqPeIgxmaZqMz1mH1sOA1MQuBn4oNOIcH>
<gDeOHBEHHw3pWLYptiG8CH3edEdbZt4pkXdoBjW_h6>
<SHM6dQhOEu4vywpOlGTRtePl8ebuUYA3L1>
<0LXbpvpwcS0wUB60lC7DUTt6jSW0madLBS0FOICDoZkg6yFtKDKwTLNcRBY45Q8hb>
<oYH5YcDkP_hUDgEJkajhkwNkCIW>
<gDeOHBEHHw3pWLYptiG8CH3edEdbZt4pkXdoBjW_h6>
<TQr9vjEyl_GV7K2EnkrqDkEAozSMZzjEdGn6dpJ16k0en1GiZx01uNZKvzRTujRPDC8mGs62LPwT2ej8y3mdygDDdJy4Q7u>
<MY6GOofOqFN2lQVo9zS6lypeSEYZzbVTb20MD0rHmK0NriYCXd0KuQHn66DMCK0mbrShlo3>
<eyVblRB6LLdrm2DKXvJxaZ5M1MM4BcLkCjmR3stv8D9RlcKikoGkKJwFCJOsVc1UaaP1Hi8RKp6V7gEUtfujj_U19wNG8zt81d>
<074g5sWmyqVsuURhs_F227sndUkcIGLQw0i2DPAK95eAQUhd6zIBG2ZA6aXq1ZrQQVpCaKJxsArb8s81goqjxOdQOMcCh>
<USSEhenm9eBR0lTvHyI7zgMuNkIEN2Sv5kPO>
<nKcyXV3Yd62SRNTNdVqdTOYv4H>
<gDeOHBEHHw3pWLYptiG8CH3edEdbZt4pkXdoBjW_h6>
<gHQgCSwEWdEJM4MYG3ND8iAW8MnsIXZBvpMYdwjw0xHBNAm3RdeD7nFF>
<mRAcP_rzMeBiFcc2DoUJQBQH6GwgK9odyr6uxFbJX95F6DCfdDoIF0ZMxFdqHp5GDK5i288nVTaOPgWfcbTIweWsD7MWCEV>
<1RYIc>
<FGxW7UX6H7NVBBLWN6Bkh4PzC>
<nKcyXV3Yd62SRNTNdVqdTOYv4H>
-----
