   26   25   23   19   17   22   36   45   51   30   28   11   19   29   49   51   43   36   23   25   16   22   11   20   29   32   28   28   39   43   33   29   18   23   15   14   17   32   41   52   51   50   26   23   14   12    5    5   14   20   25   24   27   33   43   47   48   43   33   36   28   26   16   11   13    8   23   23   45   39   37   28   18   13    9   13   21   16   32   31   36   14   15    7   23   22   23   11   18   37   45   54   60   78   68   71   74  105  130  165  174  202  222  290  323  371  443  513  597  622  690  772  898 1003 1089 1170 1249 1350 1431 1537 1604 1675 1748 1794 1839 1851 1915 1967 2002 2000 1985 1987 1958 1920 1844 1798 1741 1678 1601 1520 1437 1345 1269 1180 1086  984  890  802  716  619  542  474  449  400  329  275  207  204  146  120   93   77
