  792 1115 1422 1680 1845 1929 1870 1684 1403 1088  796  521
