   33   36   39   29   19   14   16   18   19    8   25   34   39   30   15   19   29   42   37   28   19   44   33   47   35   35   20   10   13    9    3    4   17   21   26   22   34   26   28   22   29   18   21   29   40   30   24   23   19   27   31   44   35   29   33   35   40   28   27   30   41   39   23    9    7   30   30   33   34   49   48   36   27   18    8    1   14   32   31   28   22   40   31   24   13   14   15   18   24   29   22   17    8   11   11    9    5   12   15   17   17   18   25   34   34   27   15   27   24   34   20   27   17   16    8   18   18   17    5   13   22   29   29   36   35   43   25   24   14   20   16   25   36   37   37   20   38   24   36   41   62   65   54   59   87   97  103   87   93  128  151  202  225  287  319  377  407  471  520  585  633  709  801  916  995 1066 1138 1249 1351 1443 1502 1585 1646 1726 1782 1836 1858 1902 1939 1979 1997
