1563
1569
1575
1581
1587
1593
1599
1605
1611
1617
1623
1629
1635
1641
1647
1653
1659
1665
1671
1677
1683
1689
1695
1701
1707
1713
1719
1725
1731
1737
1743
1749
1755
1761
1767
1773
1779
1785
1791
1797
1803
1809
1815
1821
1827
1833
1839
1845
1851
1857
1863
1869
1875
1881
1887
1893
1899
1905
1911
1917
1923
1929
1935
1941
1947
1953
1959
1965
1971
1977
1983
1989
1995
2001
2007
2013
2019
2025
2031
2037
2043
