c|W|q|P|kJN
c|W|q|Pk|JN
c|W|q|PkJ|N
c|W|q|PkJN
c|W|qP|k|JN
c|W|qP|kJ|N
c|W|qP|kJN
c|W|qPk|J|N
c|W|qPk|JN
c|W|qPkJ|N
c|W|qPkJN
c|Wq|P|k|JN
c|Wq|P|kJ|N
c|Wq|P|kJN
c|Wq|Pk|J|N
c|Wq|Pk|JN
c|Wq|PkJ|N
c|Wq|PkJN
c|WqP|k|J|N
c|WqP|k|JN
c|WqP|kJ|N
c|WqP|kJN
c|WqPk|J|N
c|WqPk|JN
c|WqPkJ|N
c|WqPkJN
cW|q|P|k|JN
cW|q|P|kJ|N
cW|q|P|kJN
cW|q|Pk|J|N
cW|q|Pk|JN
cW|q|PkJ|N
cW|q|PkJN
cW|qP|k|J|N
cW|qP|k|JN
cW|qP|kJ|N
cW|qP|kJN
cW|qPk|J|N
cW|qPk|JN
cW|qPkJ|N
cW|qPkJN
cWq|P|k|J|N
cWq|P|k|JN
cWq|P|kJ|N
cWq|P|kJN
cWq|Pk|J|N
cWq|Pk|JN
cWq|PkJ|N
cWq|PkJN
cWqP|k|J|N
cWqP|k|JN
cWqP|kJ|N
cWqP|kJN
cWqPk|J|N
cWqPk|JN
cWqPkJ|N
