U|n|x|q|d|b|u|u|A|n|e
U|n|x|q|d|b|u|u|A|ne
U|n|x|q|d|b|u|u|An|e
U|n|x|q|d|b|u|u|Ane
U|n|x|q|d|b|u|uA|n|e
U|n|x|q|d|b|u|uA|ne
U|n|x|q|d|b|u|uAn|e
U|n|x|q|d|b|u|uAne
U|n|x|q|d|b|uu|A|n|e
U|n|x|q|d|b|uu|A|ne
U|n|x|q|d|b|uu|An|e
U|n|x|q|d|b|uu|Ane
U|n|x|q|d|b|uuA|n|e
U|n|x|q|d|b|uuA|ne
U|n|x|q|d|b|uuAn|e
U|n|x|q|d|b|uuAne
U|n|x|q|d|bu|u|A|n|e
U|n|x|q|d|bu|u|A|ne
U|n|x|q|d|bu|u|An|e
U|n|x|q|d|bu|u|Ane
U|n|x|q|d|bu|uA|n|e
U|n|x|q|d|bu|uA|ne
U|n|x|q|d|bu|uAn|e
U|n|x|q|d|bu|uAne
U|n|x|q|d|buu|A|n|e
U|n|x|q|d|buu|A|ne
U|n|x|q|d|buu|An|e
U|n|x|q|d|buu|Ane
U|n|x|q|d|buuA|n|e
U|n|x|q|d|buuA|ne
U|n|x|q|d|buuAn|e
U|n|x|q|d|buuAne
U|n|x|q|db|u|u|A|n|e
U|n|x|q|db|u|u|A|ne
U|n|x|q|db|u|u|An|e
U|n|x|q|db|u|u|Ane
U|n|x|q|db|u|uA|n|e
U|n|x|q|db|u|uA|ne
U|n|x|q|db|u|uAn|e
U|n|x|q|db|u|uAne
U|n|x|q|db|uu|A|n|e
U|n|x|q|db|uu|A|ne
U|n|x|q|db|uu|An|e
U|n|x|q|db|uu|Ane
U|n|x|q|db|uuA|n|e
U|n|x|q|db|uuA|ne
U|n|x|q|db|uuAn|e
U|n|x|q|db|uuAne
U|n|x|q|dbu|u|A|n|e
U|n|x|q|dbu|u|A|ne
U|n|x|q|dbu|u|An|e
U|n|x|q|dbu|u|Ane
U|n|x|q|dbu|uA|n|e
U|n|x|q|dbu|uA|ne
U|n|x|q|dbu|uAn|e
U|n|x|q|dbu|uAne
U|n|x|q|dbuu|A|n|e
U|n|x|q|dbuu|A|ne
U|n|x|q|dbuu|An|e
U|n|x|q|dbuu|Ane
U|n|x|q|dbuuA|n|e
U|n|x|q|dbuuA|ne
U|n|x|q|dbuuAn|e
U|n|x|q|dbuuAne
U|n|x|qd|b|u|u|A|n|e
U|n|x|qd|b|u|u|A|ne
U|n|x|qd|b|u|u|An|e
U|n|x|qd|b|u|u|Ane
U|n|x|qd|b|u|uA|n|e
U|n|x|qd|b|u|uA|ne
U|n|x|qd|b|u|uAn|e
U|n|x|qd|b|u|uAne
U|n|x|qd|b|uu|A|n|e
U|n|x|qd|b|uu|A|ne
U|n|x|qd|b|uu|An|e
U|n|x|qd|b|uu|Ane
U|n|x|qd|b|uuA|n|e
U|n|x|qd|b|uuA|ne
U|n|x|qd|b|uuAn|e
U|n|x|qd|b|uuAne
U|n|x|qd|bu|u|A|n|e
U|n|x|qd|bu|u|A|ne
U|n|x|qd|bu|u|An|e
U|n|x|qd|bu|u|Ane
U|n|x|qd|bu|uA|n|e
U|n|x|qd|bu|uA|ne
U|n|x|qd|bu|uAn|e
U|n|x|qd|bu|uAne
U|n|x|qd|buu|A|n|e
U|n|x|qd|buu|A|ne
U|n|x|qd|buu|An|e
U|n|x|qd|buu|Ane
U|n|x|qd|buuA|n|e
U|n|x|qd|buuA|ne
U|n|x|qd|buuAn|e
U|n|x|qd|buuAne
U|n|x|qdb|u|u|A|n|e
U|n|x|qdb|u|u|A|ne
U|n|x|qdb|u|u|An|e
U|n|x|qdb|u|u|Ane
U|n|x|qdb|u|uA|n|e
U|n|x|qdb|u|uA|ne
U|n|x|qdb|u|uAn|e
U|n|x|qdb|u|uAne
U|n|x|qdb|uu|A|n|e
U|n|x|qdb|uu|A|ne
U|n|x|qdb|uu|An|e
U|n|x|qdb|uu|Ane
U|n|x|qdb|uuA|n|e
U|n|x|qdb|uuA|ne
U|n|x|qdb|uuAn|e
U|n|x|qdb|uuAne
U|n|x|qdbu|u|A|n|e
U|n|x|qdbu|u|A|ne
U|n|x|qdbu|u|An|e
U|n|x|qdbu|u|Ane
U|n|x|qdbu|uA|n|e
U|n|x|qdbu|uA|ne
U|n|x|qdbu|uAn|e
U|n|x|qdbu|uAne
U|n|x|qdbuu|A|n|e
U|n|x|qdbuu|A|ne
U|n|x|qdbuu|An|e
U|n|x|qdbuu|Ane
U|n|x|qdbuuA|n|e
U|n|x|qdbuuA|ne
U|n|x|qdbuuAn|e
U|n|x|qdbuuAne
U|n|xq|d|b|u|u|A|n|e
U|n|xq|d|b|u|u|A|ne
U|n|xq|d|b|u|u|An|e
U|n|xq|d|b|u|u|Ane
U|n|xq|d|b|u|uA|n|e
U|n|xq|d|b|u|uA|ne
U|n|xq|d|b|u|uAn|e
U|n|xq|d|b|u|uAne
U|n|xq|d|b|uu|A|n|e
U|n|xq|d|b|uu|A|ne
U|n|xq|d|b|uu|An|e
U|n|xq|d|b|uu|Ane
U|n|xq|d|b|uuA|n|e
U|n|xq|d|b|uuA|ne
U|n|xq|d|b|uuAn|e
U|n|xq|d|b|uuAne
U|n|xq|d|bu|u|A|n|e
U|n|xq|d|bu|u|A|ne
U|n|xq|d|bu|u|An|e
U|n|xq|d|bu|u|Ane
U|n|xq|d|bu|uA|n|e
U|n|xq|d|bu|uA|ne
U|n|xq|d|bu|uAn|e
U|n|xq|d|bu|uAne
U|n|xq|d|buu|A|n|e
U|n|xq|d|buu|A|ne
U|n|xq|d|buu|An|e
U|n|xq|d|buu|Ane
U|n|xq|d|buuA|n|e
U|n|xq|d|buuA|ne
U|n|xq|d|buuAn|e
U|n|xq|d|buuAne
U|n|xq|db|u|u|A|n|e
U|n|xq|db|u|u|A|ne
U|n|xq|db|u|u|An|e
U|n|xq|db|u|u|Ane
U|n|xq|db|u|uA|n|e
U|n|xq|db|u|uA|ne
U|n|xq|db|u|uAn|e
U|n|xq|db|u|uAne
U|n|xq|db|uu|A|n|e
U|n|xq|db|uu|A|ne
U|n|xq|db|uu|An|e
U|n|xq|db|uu|Ane
U|n|xq|db|uuA|n|e
U|n|xq|db|uuA|ne
U|n|xq|db|uuAn|e
U|n|xq|db|uuAne
U|n|xq|dbu|u|A|n|e
U|n|xq|dbu|u|A|ne
U|n|xq|dbu|u|An|e
U|n|xq|dbu|u|Ane
U|n|xq|dbu|uA|n|e
U|n|xq|dbu|uA|ne
U|n|xq|dbu|uAn|e
U|n|xq|dbu|uAne
U|n|xq|dbuu|A|n|e
U|n|xq|dbuu|A|ne
U|n|xq|dbuu|An|e
U|n|xq|dbuu|Ane
U|n|xq|dbuuA|n|e
U|n|xq|dbuuA|ne
U|n|xq|dbuuAn|e
U|n|xq|dbuuAne
U|n|xqd|b|u|u|A|n|e
U|n|xqd|b|u|u|A|ne
U|n|xqd|b|u|u|An|e
U|n|xqd|b|u|u|Ane
U|n|xqd|b|u|uA|n|e
U|n|xqd|b|u|uA|ne
U|n|xqd|b|u|uAn|e
U|n|xqd|b|u|uAne
U|n|xqd|b|uu|A|n|e
U|n|xqd|b|uu|A|ne
U|n|xqd|b|uu|An|e
U|n|xqd|b|uu|Ane
U|n|xqd|b|uuA|n|e
U|n|xqd|b|uuA|ne
U|n|xqd|b|uuAn|e
U|n|xqd|b|uuAne
U|n|xqd|bu|u|A|n|e
U|n|xqd|bu|u|A|ne
U|n|xqd|bu|u|An|e
U|n|xqd|bu|u|Ane
U|n|xqd|bu|uA|n|e
U|n|xqd|bu|uA|ne
U|n|xqd|bu|uAn|e
U|n|xqd|bu|uAne
U|n|xqd|buu|A|n|e
U|n|xqd|buu|A|ne
U|n|xqd|buu|An|e
U|n|xqd|buu|Ane
U|n|xqd|buuA|n|e
U|n|xqd|buuA|ne
U|n|xqd|buuAn|e
U|n|xqd|buuAne
U|n|xqdb|u|u|A|n|e
U|n|xqdb|u|u|A|ne
U|n|xqdb|u|u|An|e
U|n|xqdb|u|u|Ane
U|n|xqdb|u|uA|n|e
U|n|xqdb|u|uA|ne
U|n|xqdb|u|uAn|e
U|n|xqdb|u|uAne
U|n|xqdb|uu|A|n|e
U|n|xqdb|uu|A|ne
U|n|xqdb|uu|An|e
U|n|xqdb|uu|Ane
U|n|xqdb|uuA|n|e
U|n|xqdb|uuA|ne
U|n|xqdb|uuAn|e
U|n|xqdb|uuAne
U|n|xqdbu|u|A|n|e
U|n|xqdbu|u|A|ne
U|n|xqdbu|u|An|e
U|n|xqdbu|u|Ane
U|n|xqdbu|uA|n|e
U|n|xqdbu|uA|ne
U|n|xqdbu|uAn|e
U|n|xqdbu|uAne
U|n|xqdbuu|A|n|e
U|n|xqdbuu|A|ne
U|n|xqdbuu|An|e
U|n|xqdbuu|Ane
U|n|xqdbuuA|n|e
U|n|xqdbuuA|ne
U|n|xqdbuuAn|e
U|n|xqdbuuAne
U|nx|q|d|b|u|u|A|n|e
U|nx|q|d|b|u|u|A|ne
U|nx|q|d|b|u|u|An|e
U|nx|q|d|b|u|u|Ane
U|nx|q|d|b|u|uA|n|e
U|nx|q|d|b|u|uA|ne
U|nx|q|d|b|u|uAn|e
U|nx|q|d|b|u|uAne
U|nx|q|d|b|uu|A|n|e
U|nx|q|d|b|uu|A|ne
U|nx|q|d|b|uu|An|e
U|nx|q|d|b|uu|Ane
U|nx|q|d|b|uuA|n|e
U|nx|q|d|b|uuA|ne
U|nx|q|d|b|uuAn|e
U|nx|q|d|b|uuAne
U|nx|q|d|bu|u|A|n|e
U|nx|q|d|bu|u|A|ne
U|nx|q|d|bu|u|An|e
U|nx|q|d|bu|u|Ane
U|nx|q|d|bu|uA|n|e
U|nx|q|d|bu|uA|ne
U|nx|q|d|bu|uAn|e
U|nx|q|d|bu|uAne
U|nx|q|d|buu|A|n|e
U|nx|q|d|buu|A|ne
U|nx|q|d|buu|An|e
U|nx|q|d|buu|Ane
U|nx|q|d|buuA|n|e
U|nx|q|d|buuA|ne
U|nx|q|d|buuAn|e
U|nx|q|d|buuAne
U|nx|q|db|u|u|A|n|e
U|nx|q|db|u|u|A|ne
U|nx|q|db|u|u|An|e
U|nx|q|db|u|u|Ane
U|nx|q|db|u|uA|n|e
U|nx|q|db|u|uA|ne
U|nx|q|db|u|uAn|e
U|nx|q|db|u|uAne
U|nx|q|db|uu|A|n|e
U|nx|q|db|uu|A|ne
U|nx|q|db|uu|An|e
U|nx|q|db|uu|Ane
U|nx|q|db|uuA|n|e
U|nx|q|db|uuA|ne
U|nx|q|db|uuAn|e
U|nx|q|db|uuAne
U|nx|q|dbu|u|A|n|e
U|nx|q|dbu|u|A|ne
U|nx|q|dbu|u|An|e
U|nx|q|dbu|u|Ane
U|nx|q|dbu|uA|n|e
U|nx|q|dbu|uA|ne
U|nx|q|dbu|uAn|e
U|nx|q|dbu|uAne
U|nx|q|dbuu|A|n|e
U|nx|q|dbuu|A|ne
U|nx|q|dbuu|An|e
U|nx|q|dbuu|Ane
U|nx|q|dbuuA|n|e
U|nx|q|dbuuA|ne
U|nx|q|dbuuAn|e
U|nx|q|dbuuAne
U|nx|qd|b|u|u|A|n|e
U|nx|qd|b|u|u|A|ne
U|nx|qd|b|u|u|An|e
U|nx|qd|b|u|u|Ane
U|nx|qd|b|u|uA|n|e
U|nx|qd|b|u|uA|ne
U|nx|qd|b|u|uAn|e
U|nx|qd|b|u|uAne
U|nx|qd|b|uu|A|n|e
U|nx|qd|b|uu|A|ne
U|nx|qd|b|uu|An|e
U|nx|qd|b|uu|Ane
U|nx|qd|b|uuA|n|e
U|nx|qd|b|uuA|ne
U|nx|qd|b|uuAn|e
U|nx|qd|b|uuAne
U|nx|qd|bu|u|A|n|e
U|nx|qd|bu|u|A|ne
U|nx|qd|bu|u|An|e
U|nx|qd|bu|u|Ane
U|nx|qd|bu|uA|n|e
U|nx|qd|bu|uA|ne
U|nx|qd|bu|uAn|e
U|nx|qd|bu|uAne
U|nx|qd|buu|A|n|e
U|nx|qd|buu|A|ne
U|nx|qd|buu|An|e
U|nx|qd|buu|Ane
U|nx|qd|buuA|n|e
U|nx|qd|buuA|ne
U|nx|qd|buuAn|e
U|nx|qd|buuAne
U|nx|qdb|u|u|A|n|e
U|nx|qdb|u|u|A|ne
U|nx|qdb|u|u|An|e
U|nx|qdb|u|u|Ane
U|nx|qdb|u|uA|n|e
U|nx|qdb|u|uA|ne
U|nx|qdb|u|uAn|e
U|nx|qdb|u|uAne
U|nx|qdb|uu|A|n|e
U|nx|qdb|uu|A|ne
U|nx|qdb|uu|An|e
U|nx|qdb|uu|Ane
U|nx|qdb|uuA|n|e
U|nx|qdb|uuA|ne
U|nx|qdb|uuAn|e
U|nx|qdb|uuAne
U|nx|qdbu|u|A|n|e
U|nx|qdbu|u|A|ne
U|nx|qdbu|u|An|e
U|nx|qdbu|u|Ane
U|nx|qdbu|uA|n|e
U|nx|qdbu|uA|ne
U|nx|qdbu|uAn|e
U|nx|qdbu|uAne
U|nx|qdbuu|A|n|e
U|nx|qdbuu|A|ne
U|nx|qdbuu|An|e
U|nx|qdbuu|Ane
U|nx|qdbuuA|n|e
U|nx|qdbuuA|ne
U|nx|qdbuuAn|e
U|nx|qdbuuAne
U|nxq|d|b|u|u|A|n|e
U|nxq|d|b|u|u|A|ne
U|nxq|d|b|u|u|An|e
U|nxq|d|b|u|u|Ane
U|nxq|d|b|u|uA|n|e
U|nxq|d|b|u|uA|ne
U|nxq|d|b|u|uAn|e
U|nxq|d|b|u|uAne
U|nxq|d|b|uu|A|n|e
U|nxq|d|b|uu|A|ne
U|nxq|d|b|uu|An|e
U|nxq|d|b|uu|Ane
U|nxq|d|b|uuA|n|e
U|nxq|d|b|uuA|ne
U|nxq|d|b|uuAn|e
U|nxq|d|b|uuAne
U|nxq|d|bu|u|A|n|e
U|nxq|d|bu|u|A|ne
U|nxq|d|bu|u|An|e
U|nxq|d|bu|u|Ane
U|nxq|d|bu|uA|n|e
U|nxq|d|bu|uA|ne
U|nxq|d|bu|uAn|e
U|nxq|d|bu|uAne
U|nxq|d|buu|A|n|e
U|nxq|d|buu|A|ne
U|nxq|d|buu|An|e
U|nxq|d|buu|Ane
U|nxq|d|buuA|n|e
U|nxq|d|buuA|ne
U|nxq|d|buuAn|e
U|nxq|d|buuAne
U|nxq|db|u|u|A|n|e
U|nxq|db|u|u|A|ne
U|nxq|db|u|u|An|e
U|nxq|db|u|u|Ane
U|nxq|db|u|uA|n|e
U|nxq|db|u|uA|ne
U|nxq|db|u|uAn|e
U|nxq|db|u|uAne
U|nxq|db|uu|A|n|e
U|nxq|db|uu|A|ne
U|nxq|db|uu|An|e
U|nxq|db|uu|Ane
U|nxq|db|uuA|n|e
U|nxq|db|uuA|ne
U|nxq|db|uuAn|e
U|nxq|db|uuAne
U|nxq|dbu|u|A|n|e
U|nxq|dbu|u|A|ne
U|nxq|dbu|u|An|e
U|nxq|dbu|u|Ane
U|nxq|dbu|uA|n|e
U|nxq|dbu|uA|ne
U|nxq|dbu|uAn|e
U|nxq|dbu|uAne
U|nxq|dbuu|A|n|e
U|nxq|dbuu|A|ne
U|nxq|dbuu|An|e
U|nxq|dbuu|Ane
U|nxq|dbuuA|n|e
U|nxq|dbuuA|ne
U|nxq|dbuuAn|e
U|nxq|dbuuAne
U|nxqd|b|u|u|A|n|e
U|nxqd|b|u|u|A|ne
U|nxqd|b|u|u|An|e
U|nxqd|b|u|u|Ane
U|nxqd|b|u|uA|n|e
U|nxqd|b|u|uA|ne
U|nxqd|b|u|uAn|e
U|nxqd|b|u|uAne
U|nxqd|b|uu|A|n|e
U|nxqd|b|uu|A|ne
U|nxqd|b|uu|An|e
U|nxqd|b|uu|Ane
U|nxqd|b|uuA|n|e
U|nxqd|b|uuA|ne
U|nxqd|b|uuAn|e
U|nxqd|b|uuAne
U|nxqd|bu|u|A|n|e
U|nxqd|bu|u|A|ne
U|nxqd|bu|u|An|e
U|nxqd|bu|u|Ane
U|nxqd|bu|uA|n|e
U|nxqd|bu|uA|ne
U|nxqd|bu|uAn|e
U|nxqd|bu|uAne
U|nxqd|buu|A|n|e
U|nxqd|buu|A|ne
U|nxqd|buu|An|e
U|nxqd|buu|Ane
U|nxqd|buuA|n|e
U|nxqd|buuA|ne
U|nxqd|buuAn|e
U|nxqd|buuAne
U|nxqdb|u|u|A|n|e
U|nxqdb|u|u|A|ne
U|nxqdb|u|u|An|e
U|nxqdb|u|u|Ane
U|nxqdb|u|uA|n|e
U|nxqdb|u|uA|ne
U|nxqdb|u|uAn|e
U|nxqdb|u|uAne
U|nxqdb|uu|A|n|e
U|nxqdb|uu|A|ne
U|nxqdb|uu|An|e
U|nxqdb|uu|Ane
U|nxqdb|uuA|n|e
U|nxqdb|uuA|ne
U|nxqdb|uuAn|e
U|nxqdb|uuAne
U|nxqdbu|u|A|n|e
U|nxqdbu|u|A|ne
U|nxqdbu|u|An|e
U|nxqdbu|u|Ane
U|nxqdbu|uA|n|e
U|nxqdbu|uA|ne
U|nxqdbu|uAn|e
U|nxqdbu|uAne
U|nxqdbuu|A|n|e
U|nxqdbuu|A|ne
U|nxqdbuu|An|e
U|nxqdbuu|Ane
U|nxqdbuuA|n|e
U|nxqdbuuA|ne
U|nxqdbuuAn|e
U|nxqdbuuAne
Un|x|q|d|b|u|u|A|n|e
Un|x|q|d|b|u|u|A|ne
Un|x|q|d|b|u|u|An|e
Un|x|q|d|b|u|u|Ane
Un|x|q|d|b|u|uA|n|e
Un|x|q|d|b|u|uA|ne
Un|x|q|d|b|u|uAn|e
Un|x|q|d|b|u|uAne
Un|x|q|d|b|uu|A|n|e
Un|x|q|d|b|uu|A|ne
Un|x|q|d|b|uu|An|e
Un|x|q|d|b|uu|Ane
Un|x|q|d|b|uuA|n|e
Un|x|q|d|b|uuA|ne
Un|x|q|d|b|uuAn|e
Un|x|q|d|b|uuAne
Un|x|q|d|bu|u|A|n|e
Un|x|q|d|bu|u|A|ne
Un|x|q|d|bu|u|An|e
Un|x|q|d|bu|u|Ane
Un|x|q|d|bu|uA|n|e
Un|x|q|d|bu|uA|ne
Un|x|q|d|bu|uAn|e
Un|x|q|d|bu|uAne
Un|x|q|d|buu|A|n|e
Un|x|q|d|buu|A|ne
Un|x|q|d|buu|An|e
Un|x|q|d|buu|Ane
Un|x|q|d|buuA|n|e
Un|x|q|d|buuA|ne
Un|x|q|d|buuAn|e
Un|x|q|d|buuAne
Un|x|q|db|u|u|A|n|e
Un|x|q|db|u|u|A|ne
Un|x|q|db|u|u|An|e
Un|x|q|db|u|u|Ane
Un|x|q|db|u|uA|n|e
Un|x|q|db|u|uA|ne
Un|x|q|db|u|uAn|e
Un|x|q|db|u|uAne
Un|x|q|db|uu|A|n|e
Un|x|q|db|uu|A|ne
Un|x|q|db|uu|An|e
Un|x|q|db|uu|Ane
Un|x|q|db|uuA|n|e
Un|x|q|db|uuA|ne
Un|x|q|db|uuAn|e
Un|x|q|db|uuAne
Un|x|q|dbu|u|A|n|e
Un|x|q|dbu|u|A|ne
Un|x|q|dbu|u|An|e
Un|x|q|dbu|u|Ane
Un|x|q|dbu|uA|n|e
Un|x|q|dbu|uA|ne
Un|x|q|dbu|uAn|e
Un|x|q|dbu|uAne
Un|x|q|dbuu|A|n|e
Un|x|q|dbuu|A|ne
Un|x|q|dbuu|An|e
Un|x|q|dbuu|Ane
Un|x|q|dbuuA|n|e
Un|x|q|dbuuA|ne
Un|x|q|dbuuAn|e
Un|x|q|dbuuAne
Un|x|qd|b|u|u|A|n|e
Un|x|qd|b|u|u|A|ne
Un|x|qd|b|u|u|An|e
Un|x|qd|b|u|u|Ane
Un|x|qd|b|u|uA|n|e
Un|x|qd|b|u|uA|ne
Un|x|qd|b|u|uAn|e
Un|x|qd|b|u|uAne
Un|x|qd|b|uu|A|n|e
Un|x|qd|b|uu|A|ne
Un|x|qd|b|uu|An|e
Un|x|qd|b|uu|Ane
Un|x|qd|b|uuA|n|e
Un|x|qd|b|uuA|ne
Un|x|qd|b|uuAn|e
Un|x|qd|b|uuAne
Un|x|qd|bu|u|A|n|e
Un|x|qd|bu|u|A|ne
Un|x|qd|bu|u|An|e
Un|x|qd|bu|u|Ane
Un|x|qd|bu|uA|n|e
Un|x|qd|bu|uA|ne
Un|x|qd|bu|uAn|e
Un|x|qd|bu|uAne
Un|x|qd|buu|A|n|e
Un|x|qd|buu|A|ne
Un|x|qd|buu|An|e
Un|x|qd|buu|Ane
Un|x|qd|buuA|n|e
Un|x|qd|buuA|ne
Un|x|qd|buuAn|e
Un|x|qd|buuAne
Un|x|qdb|u|u|A|n|e
Un|x|qdb|u|u|A|ne
Un|x|qdb|u|u|An|e
Un|x|qdb|u|u|Ane
Un|x|qdb|u|uA|n|e
Un|x|qdb|u|uA|ne
Un|x|qdb|u|uAn|e
Un|x|qdb|u|uAne
Un|x|qdb|uu|A|n|e
Un|x|qdb|uu|A|ne
Un|x|qdb|uu|An|e
Un|x|qdb|uu|Ane
Un|x|qdb|uuA|n|e
Un|x|qdb|uuA|ne
Un|x|qdb|uuAn|e
Un|x|qdb|uuAne
Un|x|qdbu|u|A|n|e
Un|x|qdbu|u|A|ne
Un|x|qdbu|u|An|e
Un|x|qdbu|u|Ane
Un|x|qdbu|uA|n|e
Un|x|qdbu|uA|ne
Un|x|qdbu|uAn|e
Un|x|qdbu|uAne
Un|x|qdbuu|A|n|e
Un|x|qdbuu|A|ne
Un|x|qdbuu|An|e
Un|x|qdbuu|Ane
Un|x|qdbuuA|n|e
Un|x|qdbuuA|ne
Un|x|qdbuuAn|e
Un|x|qdbuuAne
Un|xq|d|b|u|u|A|n|e
Un|xq|d|b|u|u|A|ne
Un|xq|d|b|u|u|An|e
Un|xq|d|b|u|u|Ane
Un|xq|d|b|u|uA|n|e
Un|xq|d|b|u|uA|ne
Un|xq|d|b|u|uAn|e
Un|xq|d|b|u|uAne
Un|xq|d|b|uu|A|n|e
Un|xq|d|b|uu|A|ne
Un|xq|d|b|uu|An|e
Un|xq|d|b|uu|Ane
Un|xq|d|b|uuA|n|e
Un|xq|d|b|uuA|ne
Un|xq|d|b|uuAn|e
Un|xq|d|b|uuAne
Un|xq|d|bu|u|A|n|e
Un|xq|d|bu|u|A|ne
Un|xq|d|bu|u|An|e
Un|xq|d|bu|u|Ane
Un|xq|d|bu|uA|n|e
Un|xq|d|bu|uA|ne
Un|xq|d|bu|uAn|e
Un|xq|d|bu|uAne
Un|xq|d|buu|A|n|e
Un|xq|d|buu|A|ne
Un|xq|d|buu|An|e
Un|xq|d|buu|Ane
Un|xq|d|buuA|n|e
Un|xq|d|buuA|ne
Un|xq|d|buuAn|e
Un|xq|d|buuAne
Un|xq|db|u|u|A|n|e
Un|xq|db|u|u|A|ne
Un|xq|db|u|u|An|e
Un|xq|db|u|u|Ane
Un|xq|db|u|uA|n|e
Un|xq|db|u|uA|ne
Un|xq|db|u|uAn|e
Un|xq|db|u|uAne
Un|xq|db|uu|A|n|e
Un|xq|db|uu|A|ne
Un|xq|db|uu|An|e
Un|xq|db|uu|Ane
Un|xq|db|uuA|n|e
Un|xq|db|uuA|ne
Un|xq|db|uuAn|e
Un|xq|db|uuAne
Un|xq|dbu|u|A|n|e
Un|xq|dbu|u|A|ne
Un|xq|dbu|u|An|e
Un|xq|dbu|u|Ane
Un|xq|dbu|uA|n|e
Un|xq|dbu|uA|ne
Un|xq|dbu|uAn|e
Un|xq|dbu|uAne
Un|xq|dbuu|A|n|e
Un|xq|dbuu|A|ne
Un|xq|dbuu|An|e
Un|xq|dbuu|Ane
Un|xq|dbuuA|n|e
Un|xq|dbuuA|ne
Un|xq|dbuuAn|e
Un|xq|dbuuAne
Un|xqd|b|u|u|A|n|e
Un|xqd|b|u|u|A|ne
Un|xqd|b|u|u|An|e
Un|xqd|b|u|u|Ane
Un|xqd|b|u|uA|n|e
Un|xqd|b|u|uA|ne
Un|xqd|b|u|uAn|e
Un|xqd|b|u|uAne
Un|xqd|b|uu|A|n|e
Un|xqd|b|uu|A|ne
Un|xqd|b|uu|An|e
Un|xqd|b|uu|Ane
Un|xqd|b|uuA|n|e
Un|xqd|b|uuA|ne
Un|xqd|b|uuAn|e
Un|xqd|b|uuAne
Un|xqd|bu|u|A|n|e
Un|xqd|bu|u|A|ne
Un|xqd|bu|u|An|e
Un|xqd|bu|u|Ane
Un|xqd|bu|uA|n|e
Un|xqd|bu|uA|ne
Un|xqd|bu|uAn|e
Un|xqd|bu|uAne
Un|xqd|buu|A|n|e
Un|xqd|buu|A|ne
Un|xqd|buu|An|e
Un|xqd|buu|Ane
Un|xqd|buuA|n|e
Un|xqd|buuA|ne
Un|xqd|buuAn|e
Un|xqd|buuAne
Un|xqdb|u|u|A|n|e
Un|xqdb|u|u|A|ne
Un|xqdb|u|u|An|e
Un|xqdb|u|u|Ane
Un|xqdb|u|uA|n|e
Un|xqdb|u|uA|ne
Un|xqdb|u|uAn|e
Un|xqdb|u|uAne
Un|xqdb|uu|A|n|e
Un|xqdb|uu|A|ne
Un|xqdb|uu|An|e
Un|xqdb|uu|Ane
Un|xqdb|uuA|n|e
Un|xqdb|uuA|ne
Un|xqdb|uuAn|e
Un|xqdb|uuAne
Un|xqdbu|u|A|n|e
Un|xqdbu|u|A|ne
Un|xqdbu|u|An|e
Un|xqdbu|u|Ane
Un|xqdbu|uA|n|e
Un|xqdbu|uA|ne
Un|xqdbu|uAn|e
Un|xqdbu|uAne
Un|xqdbuu|A|n|e
Un|xqdbuu|A|ne
Un|xqdbuu|An|e
Un|xqdbuu|Ane
Un|xqdbuuA|n|e
Un|xqdbuuA|ne
Un|xqdbuuAn|e
Un|xqdbuuAne
Unx|q|d|b|u|u|A|n|e
Unx|q|d|b|u|u|A|ne
Unx|q|d|b|u|u|An|e
Unx|q|d|b|u|u|Ane
Unx|q|d|b|u|uA|n|e
Unx|q|d|b|u|uA|ne
Unx|q|d|b|u|uAn|e
Unx|q|d|b|u|uAne
Unx|q|d|b|uu|A|n|e
Unx|q|d|b|uu|A|ne
Unx|q|d|b|uu|An|e
Unx|q|d|b|uu|Ane
Unx|q|d|b|uuA|n|e
Unx|q|d|b|uuA|ne
Unx|q|d|b|uuAn|e
Unx|q|d|b|uuAne
Unx|q|d|bu|u|A|n|e
Unx|q|d|bu|u|A|ne
Unx|q|d|bu|u|An|e
Unx|q|d|bu|u|Ane
Unx|q|d|bu|uA|n|e
Unx|q|d|bu|uA|ne
Unx|q|d|bu|uAn|e
Unx|q|d|bu|uAne
Unx|q|d|buu|A|n|e
Unx|q|d|buu|A|ne
Unx|q|d|buu|An|e
Unx|q|d|buu|Ane
Unx|q|d|buuA|n|e
Unx|q|d|buuA|ne
Unx|q|d|buuAn|e
Unx|q|d|buuAne
Unx|q|db|u|u|A|n|e
Unx|q|db|u|u|A|ne
Unx|q|db|u|u|An|e
Unx|q|db|u|u|Ane
Unx|q|db|u|uA|n|e
Unx|q|db|u|uA|ne
Unx|q|db|u|uAn|e
Unx|q|db|u|uAne
Unx|q|db|uu|A|n|e
Unx|q|db|uu|A|ne
Unx|q|db|uu|An|e
Unx|q|db|uu|Ane
Unx|q|db|uuA|n|e
Unx|q|db|uuA|ne
Unx|q|db|uuAn|e
Unx|q|db|uuAne
Unx|q|dbu|u|A|n|e
Unx|q|dbu|u|A|ne
Unx|q|dbu|u|An|e
Unx|q|dbu|u|Ane
Unx|q|dbu|uA|n|e
Unx|q|dbu|uA|ne
Unx|q|dbu|uAn|e
Unx|q|dbu|uAne
Unx|q|dbuu|A|n|e
Unx|q|dbuu|A|ne
Unx|q|dbuu|An|e
Unx|q|dbuu|Ane
Unx|q|dbuuA|n|e
Unx|q|dbuuA|ne
Unx|q|dbuuAn|e
Unx|q|dbuuAne
Unx|qd|b|u|u|A|n|e
Unx|qd|b|u|u|A|ne
Unx|qd|b|u|u|An|e
Unx|qd|b|u|u|Ane
Unx|qd|b|u|uA|n|e
Unx|qd|b|u|uA|ne
Unx|qd|b|u|uAn|e
Unx|qd|b|u|uAne
Unx|qd|b|uu|A|n|e
Unx|qd|b|uu|A|ne
Unx|qd|b|uu|An|e
Unx|qd|b|uu|Ane
Unx|qd|b|uuA|n|e
Unx|qd|b|uuA|ne
Unx|qd|b|uuAn|e
Unx|qd|b|uuAne
Unx|qd|bu|u|A|n|e
Unx|qd|bu|u|A|ne
Unx|qd|bu|u|An|e
Unx|qd|bu|u|Ane
Unx|qd|bu|uA|n|e
Unx|qd|bu|uA|ne
Unx|qd|bu|uAn|e
Unx|qd|bu|uAne
Unx|qd|buu|A|n|e
Unx|qd|buu|A|ne
Unx|qd|buu|An|e
Unx|qd|buu|Ane
Unx|qd|buuA|n|e
Unx|qd|buuA|ne
Unx|qd|buuAn|e
Unx|qd|buuAne
Unx|qdb|u|u|A|n|e
Unx|qdb|u|u|A|ne
Unx|qdb|u|u|An|e
Unx|qdb|u|u|Ane
Unx|qdb|u|uA|n|e
Unx|qdb|u|uA|ne
Unx|qdb|u|uAn|e
Unx|qdb|u|uAne
Unx|qdb|uu|A|n|e
Unx|qdb|uu|A|ne
Unx|qdb|uu|An|e
Unx|qdb|uu|Ane
Unx|qdb|uuA|n|e
Unx|qdb|uuA|ne
Unx|qdb|uuAn|e
Unx|qdb|uuAne
Unx|qdbu|u|A|n|e
Unx|qdbu|u|A|ne
Unx|qdbu|u|An|e
Unx|qdbu|u|Ane
Unx|qdbu|uA|n|e
Unx|qdbu|uA|ne
Unx|qdbu|uAn|e
Unx|qdbu|uAne
Unx|qdbuu|A|n|e
Unx|qdbuu|A|ne
Unx|qdbuu|An|e
Unx|qdbuu|Ane
Unx|qdbuuA|n|e
Unx|qdbuuA|ne
Unx|qdbuuAn|e
Unx|qdbuuAne
Unxq|d|b|u|u|A|n|e
Unxq|d|b|u|u|A|ne
Unxq|d|b|u|u|An|e
Unxq|d|b|u|u|Ane
Unxq|d|b|u|uA|n|e
Unxq|d|b|u|uA|ne
Unxq|d|b|u|uAn|e
Unxq|d|b|u|uAne
Unxq|d|b|uu|A|n|e
Unxq|d|b|uu|A|ne
Unxq|d|b|uu|An|e
Unxq|d|b|uu|Ane
Unxq|d|b|uuA|n|e
Unxq|d|b|uuA|ne
Unxq|d|b|uuAn|e
Unxq|d|b|uuAne
Unxq|d|bu|u|A|n|e
Unxq|d|bu|u|A|ne
Unxq|d|bu|u|An|e
Unxq|d|bu|u|Ane
Unxq|d|bu|uA|n|e
Unxq|d|bu|uA|ne
Unxq|d|bu|uAn|e
Unxq|d|bu|uAne
Unxq|d|buu|A|n|e
Unxq|d|buu|A|ne
Unxq|d|buu|An|e
Unxq|d|buu|Ane
Unxq|d|buuA|n|e
Unxq|d|buuA|ne
Unxq|d|buuAn|e
Unxq|d|buuAne
Unxq|db|u|u|A|n|e
Unxq|db|u|u|A|ne
Unxq|db|u|u|An|e
Unxq|db|u|u|Ane
Unxq|db|u|uA|n|e
Unxq|db|u|uA|ne
Unxq|db|u|uAn|e
Unxq|db|u|uAne
Unxq|db|uu|A|n|e
Unxq|db|uu|A|ne
Unxq|db|uu|An|e
Unxq|db|uu|Ane
Unxq|db|uuA|n|e
Unxq|db|uuA|ne
Unxq|db|uuAn|e
Unxq|db|uuAne
Unxq|dbu|u|A|n|e
Unxq|dbu|u|A|ne
Unxq|dbu|u|An|e
Unxq|dbu|u|Ane
Unxq|dbu|uA|n|e
Unxq|dbu|uA|ne
Unxq|dbu|uAn|e
Unxq|dbu|uAne
Unxq|dbuu|A|n|e
Unxq|dbuu|A|ne
Unxq|dbuu|An|e
Unxq|dbuu|Ane
Unxq|dbuuA|n|e
Unxq|dbuuA|ne
Unxq|dbuuAn|e
Unxq|dbuuAne
Unxqd|b|u|u|A|n|e
Unxqd|b|u|u|A|ne
Unxqd|b|u|u|An|e
Unxqd|b|u|u|Ane
Unxqd|b|u|uA|n|e
Unxqd|b|u|uA|ne
Unxqd|b|u|uAn|e
Unxqd|b|u|uAne
Unxqd|b|uu|A|n|e
Unxqd|b|uu|A|ne
Unxqd|b|uu|An|e
Unxqd|b|uu|Ane
Unxqd|b|uuA|n|e
Unxqd|b|uuA|ne
Unxqd|b|uuAn|e
Unxqd|b|uuAne
Unxqd|bu|u|A|n|e
Unxqd|bu|u|A|ne
Unxqd|bu|u|An|e
Unxqd|bu|u|Ane
Unxqd|bu|uA|n|e
Unxqd|bu|uA|ne
Unxqd|bu|uAn|e
Unxqd|bu|uAne
Unxqd|buu|A|n|e
Unxqd|buu|A|ne
Unxqd|buu|An|e
Unxqd|buu|Ane
Unxqd|buuA|n|e
Unxqd|buuA|ne
Unxqd|buuAn|e
Unxqd|buuAne
Unxqdb|u|u|A|n|e
Unxqdb|u|u|A|ne
Unxqdb|u|u|An|e
Unxqdb|u|u|Ane
Unxqdb|u|uA|n|e
Unxqdb|u|uA|ne
Unxqdb|u|uAn|e
Unxqdb|u|uAne
Unxqdb|uu|A|n|e
Unxqdb|uu|A|ne
Unxqdb|uu|An|e
Unxqdb|uu|Ane
Unxqdb|uuA|n|e
Unxqdb|uuA|ne
Unxqdb|uuAn|e
Unxqdb|uuAne
Unxqdbu|u|A|n|e
Unxqdbu|u|A|ne
Unxqdbu|u|An|e
Unxqdbu|u|Ane
Unxqdbu|uA|n|e
Unxqdbu|uA|ne
Unxqdbu|uAn|e
Unxqdbu|uAne
Unxqdbuu|A|n|e
Unxqdbuu|A|ne
Unxqdbuu|An|e
Unxqdbuu|Ane
UnxqdbuuA|n|e
UnxqdbuuA|ne
UnxqdbuuAn|e
UnxqdbuuAne
