7Qc2hlqiOyOkO4
7Qc2hlqiO
7Qc2hl
7Qc2h
7Qc2
7Q
7
 Q
  c
   2
    h
     l
      q
       iO
       i
        O
         y
          OkO4
          O
           k
            O4
            O
             4
