joL2xLWhyDXRU3beQvoyVKVksScWppYpHm8ThNxBAUXYQCzVBn6Ti5vWF2smCtoTo6QEQ3lQwwOEtbHFxXHpkiCbfEzUzzFy9DbTMLE8nJ6Td5boYkCoKtzg6EAO3WBtOKJMtNWAUH00Fp8LfZ58sTRCPE
joL2xLWhyDXRU3beQvoyVKVksScWppYpHm8ThNxBAUXYQC
joL2xLWh
joL2
j
 o
  L2
  L
   2
    x
     LWh
     LW
     L
      W
       h
        y
         DXRU3beQvoyVKVksScWppYpHm8ThNxBAUXYQC
         DXRU3beQvo
         DXRU3beQ
         DXRU3b
         DXRU3
         D
          X
           RU3
           R
            U
             3
              b
               e
                Q
                 v
                  o
                   y
                    VKVksScWppYpHm8ThNxBAUXYQC
                    VKVksScWppYpHm8ThN
                    VKVk
                    VKV
                    V
                     KV
                     K
                      V
                       k
                        s
                         ScWppYpHm8ThN
                         ScW
                         S
                          c
                           W
                            p
                             pYpHm8ThN
                             p
                              YpHm8ThN
                              Y
                               p
                                Hm8ThN
                                H
                                 m
                                  8ThN
                                  8T
                                  8
                                   T
                                    h
                                     N
                                      x
                                       BAUXYQC
                                       BAUX
                                       BAU
                                       BA
                                       B
                                        A
                                         U
                                          X
                                           Y
                                            QC
                                            Q
                                             C
                                              z
                                               VBn6Ti5vWF2smCtoTo6QEQ3lQwwOEtbHFxXHpkiCbfEzUzzFy9DbTMLE8nJ6Td5boYkCoKtzg6EAO3WBtOKJMtNWAUH00Fp8LfZ58sTRCPE
                                               VBn6Ti5vWF2smCtoTo6QEQ3lQwwOEtbHFxXHpkiCbfE
                                               VBn6Ti5vWF2smCtoTo6QEQ3lQwwOEtbHF
                                               VBn6Ti5vWF2smCtoTo6QEQ3lQ
                                               VBn6Ti5
                                               VB
                                               V
                                                B
                                                 n
                                                  6Ti5
                                                  6T
                                                  6
                                                   T
                                                    i
                                                     5
                                                      v
                                                       WF2smCtoTo6QEQ3lQ
                                                       WF2smC
                                                       WF2
                                                       W
                                                        F2
                                                        F
                                                         2
                                                          s
                                                           mC
                                                           m
                                                            C
                                                             t
                                                              oTo6QEQ3lQ
                                                              o
                                                               To6QEQ3lQ
                                                               T
                                                                o
                                                                 6QEQ3lQ
                                                                 6QEQ3
                                                                 6
                                                                  Q
                                                                   EQ3
                                                                   E
                                                                    Q
                                                                     3
                                                                      l
                                                                       Q
                                                                        w
                                                                         wOEtbHF
                                                                         w
                                                                          OEtbHF
                                                                          OE
                                                                          O
                                                                           E
                                                                            t
                                                                             bHF
                                                                             b
                                                                              HF
                                                                              H
                                                                               F
                                                                                x
                                                                                 XHpkiCbfE
                                                                                 XH
                                                                                 X
                                                                                  H
                                                                                   p
                                                                                    kiCbfE
                                                                                    k
                                                                                     iCbfE
                                                                                     i
                                                                                      CbfE
                                                                                      Cb
                                                                                      C
                                                                                       b
                                                                                        f
                                                                                         E
                                                                                          z
                                                                                           UzzFy9DbTMLE8nJ6Td5boYkCoKtzg6EAO3WBtOKJMtNWAUH00Fp8LfZ58sTRCPE
                                                                                           U
                                                                                            z
                                                                                             zFy9DbTMLE8nJ6Td5boYkCoKtzg6EAO3WBtOKJMtNWAUH00Fp8LfZ58sTRCPE
                                                                                             z
                                                                                              Fy9DbTMLE8nJ6Td5boYkCoKtzg6EAO3WBtOKJMtNWAUH00Fp8LfZ58sTRCPE
                                                                                              Fy9DbTMLE8nJ6Td5boYkCoKt
                                                                                              F
                                                                                               y
                                                                                                9DbTMLE8nJ6Td5boYkCoKt
                                                                                                9DbTMLE8nJ6Td5boYkCoK
                                                                                                9DbTMLE8nJ6Td5b
                                                                                                9DbTMLE8
                                                                                                9D
                                                                                                9
                                                                                                 D
                                                                                                  b
                                                                                                   TMLE8
                                                                                                   T
                                                                                                    MLE8
                                                                                                    M
                                                                                                     LE8
                                                                                                     L
                                                                                                      E8
                                                                                                      E
                                                                                                       8
                                                                                                        n
                                                                                                         J6Td5b
                                                                                                         J6T
                                                                                                         J6
                                                                                                         J
                                                                                                          6
                                                                                                           T
                                                                                                            d
                                                                                                             5b
                                                                                                             5
                                                                                                              b
                                                                                                               o
                                                                                                                YkCoK
                                                                                                                YkC
                                                                                                                Y
                                                                                                                 k
                                                                                                                  C
                                                                                                                   o
                                                                                                                    K
                                                                                                                     t
                                                                                                                      z
                                                                                                                       g6EAO3WBtOKJMtNWAUH00Fp8LfZ58sTRCPE
                                                                                                                       g6EAO3WB
                                                                                                                       g
                                                                                                                        6EAO3WB
                                                                                                                        6EAO3
                                                                                                                        6EA
                                                                                                                        6
                                                                                                                         E
                                                                                                                          A
                                                                                                                           O
                                                                                                                            3
                                                                                                                             W
                                                                                                                              B
                                                                                                                               t
                                                                                                                                OKJMtNWAUH00Fp8LfZ58sTRCPE
                                                                                                                                OKJM
                                                                                                                                O
                                                                                                                                 KJM
                                                                                                                                 KJ
                                                                                                                                 K
                                                                                                                                  J
                                                                                                                                   M
                                                                                                                                    t
                                                                                                                                     NWAUH00Fp8LfZ58sTRCPE
                                                                                                                                     NWAUH00Fp8LfZ58
                                                                                                                                     NWAUH00F
                                                                                                                                     N
                                                                                                                                      W
                                                                                                                                       AUH00F
                                                                                                                                       A
                                                                                                                                        U
                                                                                                                                         H00F
                                                                                                                                         H
                                                                                                                                          00F
                                                                                                                                          00
                                                                                                                                          0
                                                                                                                                           0
                                                                                                                                            F
                                                                                                                                             p
                                                                                                                                              8LfZ58
                                                                                                                                              8L
                                                                                                                                              8
                                                                                                                                               L
                                                                                                                                                f
                                                                                                                                                 Z58
                                                                                                                                                 Z
                                                                                                                                                  58
                                                                                                                                                  5
                                                                                                                                                   8
                                                                                                                                                    s
                                                                                                                                                     TRCPE
                                                                                                                                                     T
                                                                                                                                                      RCPE
                                                                                                                                                      R
                                                                                                                                                       CPE
                                                                                                                                                       C
                                                                                                                                                        P
                                                                                                                                                         E
