zzywwvutssponkkkjheecccYXWVVVTTTSROONMMMLLKGGFFEEEEEDCCCBAA77642210
z
 zywwvutssponkkkjheecccYXWVVVTTTSROONMMMLLKGGFFEEEEEDCCCBAA77642210
 z
  ywwvutssponkkkjheecccYXWVVVTTTSROONMMMLLKGGFFEEEEEDCCCBAA77642210
  y
   wwvutssponkkkjheecccYXWVVVTTTSROONMMMLLKGGFFEEEEEDCCCBAA77642210
   w
    wvutssponkkkjheecccYXWVVVTTTSROONMMMLLKGGFFEEEEEDCCCBAA77642210
    w
     vutssponkkkjheecccYXWVVVTTTSROONMMMLLKGGFFEEEEEDCCCBAA77642210
     v
      utssponkkkjheecccYXWVVVTTTSROONMMMLLKGGFFEEEEEDCCCBAA77642210
      u
       tssponkkkjheecccYXWVVVTTTSROONMMMLLKGGFFEEEEEDCCCBAA77642210
       t
        ssponkkkjheecccYXWVVVTTTSROONMMMLLKGGFFEEEEEDCCCBAA77642210
        s
         sponkkkjheecccYXWVVVTTTSROONMMMLLKGGFFEEEEEDCCCBAA77642210
         s
          ponkkkjheecccYXWVVVTTTSROONMMMLLKGGFFEEEEEDCCCBAA77642210
          p
           onkkkjheecccYXWVVVTTTSROONMMMLLKGGFFEEEEEDCCCBAA77642210
           o
            nkkkjheecccYXWVVVTTTSROONMMMLLKGGFFEEEEEDCCCBAA77642210
            n
             kkkjheecccYXWVVVTTTSROONMMMLLKGGFFEEEEEDCCCBAA77642210
             k
              kkjheecccYXWVVVTTTSROONMMMLLKGGFFEEEEEDCCCBAA77642210
              k
               kjheecccYXWVVVTTTSROONMMMLLKGGFFEEEEEDCCCBAA77642210
               k
                jheecccYXWVVVTTTSROONMMMLLKGGFFEEEEEDCCCBAA77642210
                j
                 heecccYXWVVVTTTSROONMMMLLKGGFFEEEEEDCCCBAA77642210
                 h
                  eecccYXWVVVTTTSROONMMMLLKGGFFEEEEEDCCCBAA77642210
                  e
                   ecccYXWVVVTTTSROONMMMLLKGGFFEEEEEDCCCBAA77642210
                   e
                    cccYXWVVVTTTSROONMMMLLKGGFFEEEEEDCCCBAA77642210
                    c
                     ccYXWVVVTTTSROONMMMLLKGGFFEEEEEDCCCBAA77642210
                     c
                      cYXWVVVTTTSROONMMMLLKGGFFEEEEEDCCCBAA77642210
                      c
                       YXWVVVTTTSROONMMMLLKGGFFEEEEEDCCCBAA77642210
                       Y
                        XWVVVTTTSROONMMMLLKGGFFEEEEEDCCCBAA77642210
                        X
                         WVVVTTTSROONMMMLLKGGFFEEEEEDCCCBAA77642210
                         W
                          VVVTTTSROONMMMLLKGGFFEEEEEDCCCBAA77642210
                          V
                           VVTTTSROONMMMLLKGGFFEEEEEDCCCBAA77642210
                           V
                            VTTTSROONMMMLLKGGFFEEEEEDCCCBAA77642210
                            V
                             TTTSROONMMMLLKGGFFEEEEEDCCCBAA77642210
                             T
                              TTSROONMMMLLKGGFFEEEEEDCCCBAA77642210
                              T
                               TSROONMMMLLKGGFFEEEEEDCCCBAA77642210
                               T
                                SROONMMMLLKGGFFEEEEEDCCCBAA77642210
                                S
                                 ROONMMMLLKGGFFEEEEEDCCCBAA77642210
                                 R
                                  OONMMMLLKGGFFEEEEEDCCCBAA77642210
                                  O
                                   ONMMMLLKGGFFEEEEEDCCCBAA77642210
                                   O
                                    NMMMLLKGGFFEEEEEDCCCBAA77642210
                                    N
                                     MMMLLKGGFFEEEEEDCCCBAA77642210
                                     M
                                      MMLLKGGFFEEEEEDCCCBAA77642210
                                      M
                                       MLLKGGFFEEEEEDCCCBAA77642210
                                       M
                                        LLKGGFFEEEEEDCCCBAA77642210
                                        L
                                         LKGGFFEEEEEDCCCBAA77642210
                                         L
                                          KGGFFEEEEEDCCCBAA77642210
                                          K
                                           GGFFEEEEEDCCCBAA77642210
                                           G
                                            GFFEEEEEDCCCBAA77642210
                                            G
                                             FFEEEEEDCCCBAA77642210
                                             F
                                              FEEEEEDCCCBAA77642210
                                              F
                                               EEEEEDCCCBAA77642210
                                               E
                                                EEEEDCCCBAA77642210
                                                E
                                                 EEEDCCCBAA77642210
                                                 E
                                                  EEDCCCBAA77642210
                                                  E
                                                   EDCCCBAA77642210
                                                   E
                                                    DCCCBAA77642210
                                                    D
                                                     CCCBAA77642210
                                                     C
                                                      CCBAA77642210
                                                      C
                                                       CBAA77642210
                                                       C
                                                        BAA77642210
                                                        B
                                                         AA77642210
                                                         A
                                                          A77642210
                                                          A
                                                           77642210
                                                           7
                                                            7642210
                                                            7
                                                             642210
                                                             6
                                                              42210
                                                              4
                                                               2210
                                                               2
                                                                210
                                                                2
                                                                 10
                                                                 1
                                                                  0
