vvttsfedccZXXXXVUSRNLKJJJIHGGE95410
v
 vttsfedccZXXXXVUSRNLKJJJIHGGE95410
 v
  ttsfedccZXXXXVUSRNLKJJJIHGGE95410
  t
   tsfedccZXXXXVUSRNLKJJJIHGGE95410
   t
    sfedccZXXXXVUSRNLKJJJIHGGE95410
    s
     fedccZXXXXVUSRNLKJJJIHGGE95410
     f
      edccZXXXXVUSRNLKJJJIHGGE95410
      e
       dccZXXXXVUSRNLKJJJIHGGE95410
       d
        ccZXXXXVUSRNLKJJJIHGGE95410
        c
         cZXXXXVUSRNLKJJJIHGGE95410
         c
          ZXXXXVUSRNLKJJJIHGGE95410
          Z
           XXXXVUSRNLKJJJIHGGE95410
           X
            XXXVUSRNLKJJJIHGGE95410
            X
             XXVUSRNLKJJJIHGGE95410
             X
              XVUSRNLKJJJIHGGE95410
              X
               VUSRNLKJJJIHGGE95410
               V
                USRNLKJJJIHGGE95410
                U
                 SRNLKJJJIHGGE95410
                 S
                  RNLKJJJIHGGE95410
                  R
                   NLKJJJIHGGE95410
                   N
                    LKJJJIHGGE95410
                    L
                     KJJJIHGGE95410
                     K
                      JJJIHGGE95410
                      J
                       JJIHGGE95410
                       J
                        JIHGGE95410
                        J
                         IHGGE95410
                         I
                          HGGE95410
                          H
                           GGE95410
                           G
                            GE95410
                            G
                             E95410
                             E
                              95410
                              9
                               5410
                               5
                                410
                                4
                                 10
                                 1
                                  0
