HxPpYVAxmfw6EgHgxaTPgoIEcTvHV8ceX7P0bhB0ALrjDDpI6NSYo87fp7h0Whg9SEOeecr7dy44Fnap0aJcOGozGzUn5iBPRWhXmvkPxRhf9RzBJclD3yWnQrMLK8fo2qonHGGzuZ77RbAy4tr9xESasOG2FzIo2LPU
HxPpYVAxmfw6EgHgxaTPgoIEcTvHV8ceX7P0bhB0ALrjDDpI6NSYo87fp7h0Whg9SEOeecr7dy44Fnap0aJcOGo
HxPpYVAxmfw6EgHgxaTPgoIEcTvHV8ceX7P0bhB0ALrjDDpI6NSYo87fp7h0Whg9SEOeecr7d
H
 x
  PpYVAxmfw6EgHgxaTPgoIEcTvHV8ceX7P0bhB0ALrjDDpI6NSYo87fp7h0Whg9SEOeecr7d
  PpYVA
  P
   p
    YVA
    Y
     VA
     V
      A
       x
        mfw6EgHgxaTPgoIEcTvHV8ceX7P0bhB0ALrjDDpI6NSYo87fp7h0Whg9SEOeecr7d
        mfw6EgHg
        mf
        m
         f
          w
           6EgHg
           6E
           6
            E
             g
              Hg
              H
               g
                x
                 aTPgoIEcTvHV8ceX7P0bhB0ALrjDDpI6NSYo87fp7h0Whg9SEOeecr7d
                 aTPgoIEcT
                 aTPg
                 aTP
                 a
                  TP
                  T
                   P
                    g
                     o
                      IEcT
                      IE
                      I
                       E
                        c
                         T
                          v
                           HV8ceX7P0bhB0ALrjDDpI6NSYo87fp7h0Whg9SEOeecr7d
                           HV8ceX7P0bhB0AL
                           HV8ceX7P0b
                           HV8c
                           HV8
                           H
                            V
                             8
                              c
                               e
                                X7P0b
                                X7P0
                                X
                                 7P0
                                 7
                                  P
                                   0
                                    b
                                     h
                                      B0AL
                                      B0A
                                      B
                                       0A
                                       0
                                        A
                                         L
                                          r
                                           jDDpI6NSYo87fp7h0Whg9SEOeecr7d
                                           jDDpI6NSYo87fp7h0Whg9SEOeec
                                           jDD
                                           j
                                            DD
                                            D
                                             D
                                              p
                                               I6NSYo87fp7h0Whg9SEOeec
                                               I6NSYo87f
                                               I6NSY
                                               I6NS
                                               I6N
                                               I6
                                               I
                                                6
                                                 N
                                                  S
                                                   Y
                                                    o
                                                     87f
                                                     87
                                                     8
                                                      7
                                                       f
                                                        p
                                                         7h0Whg9SEOeec
                                                         7
                                                          h
                                                           0Whg9SEOeec
                                                           0W
                                                           0
                                                            W
                                                             h
                                                              g9SEOeec
                                                              g
                                                               9SEOeec
                                                               9SEO
                                                               9
                                                                S
                                                                 EO
                                                                 E
                                                                  O
                                                                   e
                                                                    ec
                                                                    e
                                                                     c
                                                                      r
                                                                       7d
                                                                       7
                                                                        d
                                                                         y
                                                                          44Fnap0aJcOGo
                                                                          44Fna
                                                                          44F
                                                                          44
                                                                          4
                                                                           4
                                                                            F
                                                                             n
                                                                              a
                                                                               p
                                                                                0aJcOGo
                                                                                0aJcOG
                                                                                0aJ
                                                                                0
                                                                                 a
                                                                                  J
                                                                                   c
                                                                                    OG
                                                                                    O
                                                                                     G
                                                                                      o
                                                                                       z
                                                                                        GzUn5iBPRWhXmvkPxRhf9RzBJclD3yWnQrMLK8fo2qonHGGzuZ77RbAy4tr9xESasOG2FzIo2LPU
                                                                                        G
                                                                                         z
                                                                                          Un5iBPRWhXmvkPxRhf9RzBJclD3yWnQrMLK8fo2qonHGGzuZ77RbAy4tr9xESasOG2FzIo2LPU
                                                                                          Un5iBPRWhXmvkPxRhf9R
                                                                                          Un5iBPRWhXmvkP
                                                                                          Un5iBPRWhXm
                                                                                          U
                                                                                           n
                                                                                            5iBPRWhXm
                                                                                            5iBPRWhX
                                                                                            5
                                                                                             i
                                                                                              BPRWhX
                                                                                              BPRW
                                                                                              BPR
                                                                                              BP
                                                                                              B
                                                                                               P
                                                                                                R
                                                                                                 W
                                                                                                  h
                                                                                                   X
                                                                                                    m
                                                                                                     v
                                                                                                      kP
                                                                                                      k
                                                                                                       P
                                                                                                        x
                                                                                                         Rhf9R
                                                                                                         R
                                                                                                          h
                                                                                                           f9R
                                                                                                           f
                                                                                                            9R
                                                                                                            9
                                                                                                             R
                                                                                                              z
                                                                                                               BJclD3yWnQrMLK8fo2qonHGGzuZ77RbAy4tr9xESasOG2FzIo2LPU
                                                                                                               BJclD3yWnQrMLK8fo2qonHGG
                                                                                                               BJclD3
                                                                                                               BJc
                                                                                                               BJ
                                                                                                               B
                                                                                                                J
                                                                                                                 c
                                                                                                                  l
                                                                                                                   D3
                                                                                                                   D
                                                                                                                    3
                                                                                                                     y
                                                                                                                      WnQrMLK8fo2qonHGG
                                                                                                                      WnQ
                                                                                                                      W
                                                                                                                       n
                                                                                                                        Q
                                                                                                                         r
                                                                                                                          MLK8fo2qonHGG
                                                                                                                          MLK8fo2
                                                                                                                          MLK8f
                                                                                                                          MLK8
                                                                                                                          M
                                                                                                                           LK8
                                                                                                                           L
                                                                                                                            K8
                                                                                                                            K
                                                                                                                             8
                                                                                                                              f
                                                                                                                               o
                                                                                                                                2
                                                                                                                                 q
                                                                                                                                  onHGG
                                                                                                                                  o
                                                                                                                                   nHGG
                                                                                                                                   n
                                                                                                                                    HGG
                                                                                                                                    H
                                                                                                                                     GG
                                                                                                                                     G
                                                                                                                                      G
                                                                                                                                       z
                                                                                                                                        uZ77RbAy4tr9xESasOG2FzIo2LPU
                                                                                                                                        uZ77RbAy4tr9xESasOG2F
                                                                                                                                        uZ77RbA
                                                                                                                                        u
                                                                                                                                         Z77RbA
                                                                                                                                         Z77R
                                                                                                                                         Z
                                                                                                                                          77R
                                                                                                                                          77
                                                                                                                                          7
                                                                                                                                           7
                                                                                                                                            R
                                                                                                                                             b
                                                                                                                                              A
                                                                                                                                               y
                                                                                                                                                4tr9xESasOG2F
                                                                                                                                                4tr9
                                                                                                                                                4
                                                                                                                                                 t
                                                                                                                                                  r9
                                                                                                                                                  r
                                                                                                                                                   9
                                                                                                                                                    x
                                                                                                                                                     ESasOG2F
                                                                                                                                                     ESa
                                                                                                                                                     ES
                                                                                                                                                     E
                                                                                                                                                      S
                                                                                                                                                       a
                                                                                                                                                        s
                                                                                                                                                         OG2F
                                                                                                                                                         O
                                                                                                                                                          G2F
                                                                                                                                                          G
                                                                                                                                                           2F
                                                                                                                                                           2
                                                                                                                                                            F
                                                                                                                                                             z
                                                                                                                                                              Io2LPU
                                                                                                                                                              I
                                                                                                                                                               o
                                                                                                                                                                2LPU
                                                                                                                                                                2LP
                                                                                                                                                                2L
                                                                                                                                                                2
                                                                                                                                                                 L
                                                                                                                                                                  P
                                                                                                                                                                   U
