9aACwghuvkhvvTdUCjqLIprdWm9e9KAvzDdUXJdjbTDIt362NvK5x9
9aACwghuvkhvvTdUCjqLIprdWm9e9KAv
9aAC
9
 a
  AC
  A
   C
    w
     ghuvkhvvTdUCjqLIprdWm9e9KAv
     ghu
     gh
     g
      h
       u
        v
         khvvTdUCjqLIprdWm9e9KAv
         kh
         k
          h
           v
            vTdUCjqLIprdWm9e9KAv
            v
             TdUCjqLIprdWm9e9KAv
             TdUCjqLIprdWm9e9KA
             TdUCjqLIp
             TdUCj
             TdUC
             T
              d
               UC
               U
                C
                 j
                  q
                   LIp
                   LI
                   L
                    I
                     p
                      r
                       dWm9e9KA
                       dW
                       d
                        W
                         m
                          9e9KA
                          9
                           e
                            9KA
                            9
                             K
                              A
                               v
                                z
                                 DdUXJdjbTDIt362NvK5x9
                                 DdUXJdjbTDIt362NvK5
                                 DdUXJdjbTDIt362N
                                 DdUXJdjbTDI
                                 DdUXJd
                                 D
                                  d
                                   UXJd
                                   UXJ
                                   U
                                    X
                                     J
                                      d
                                       j
                                        bTDI
                                        b
                                         TDI
                                         T
                                          DI
                                          D
                                           I
                                            t
                                             362N
                                             362
                                             3
                                              6
                                               2
                                                N
                                                 v
                                                  K5
                                                  K
                                                   5
                                                    x
                                                     9
