101110010000011110011111010000100010111100111001011111111011011011011110101011001101111101111111101100001111110100011101101110000011010111110101011101101001000101100100110101100111011100111111100111010110101011011111001111111001101101011111110011110111011001011110011110100011110000111110011101101101011110111010101111101111100111111101100010101101111111
<avBaIrFramt6lERsI0bJVXLsVnoR_RtdDbIc9Doa9EwJbnFr0S9hWqcP9gwJp9GLY_a28K6QDr7t_4UduUMZOPfMJLr>
<avBaIrFramt6lERsI0bJVXLsVnoR_RtdDbIc9Doa9EwJbnFr0S9hWqcP9gwJp9GLY_a28K6QDr7t_4UduUMZOPfMJLr>
<V104VmUO00Cmqvv13hfnAukP1gTJZUfuTKPzhbruwVbuwyhZ1XIRVN4DhX>
<65r9i89FzqFr8WiolmCbZVZbQ0XUpjTahjnpLr_6Oyp1X6ueDWZPDt97xg>
<Lfzd5XIfv6AhY8KQJy56Yv30MZkV>
<V104VmUO00Cmqvv13hfnAukP1gTJZUfuTKPzhbruwVbuwyhZ1XIRVN4DhX>
<Lfzd5XIfv6AhY8KQJy56Yv30MZkV>
<Lfzd5XIfv6AhY8KQJy56Yv30MZkV>
<V104VmUO00Cmqvv13hfnAukP1gTJZUfuTKPzhbruwVbuwyhZ1XIRVN4DhX>
<Lfzd5XIfv6AhY8KQJy56Yv30MZkV>
<avBaIrFramt6lERsI0bJVXLsVnoR_RtdDbIc9Doa9EwJbnFr0S9hWqcP9gwJp9GLY_a28K6QDr7t_4UduUMZOPfMJLr>
<Lfzd5XIfv6AhY8KQJy56Yv30MZkV>
<Lfzd5XIfv6AhY8KQJy56Yv30MZkV>
<avBaIrFramt6lERsI0bJVXLsVnoR_RtdDbIc9Doa9EwJbnFr0S9hWqcP9gwJp9GLY_a28K6QDr7t_4UduUMZOPfMJLr>
<65r9i89FzqFr8WiolmCbZVZbQ0XUpjTahjnpLr_6Oyp1X6ueDWZPDt97xg>
<geXv0S2w_JVy4pV18tXmBEWqkUF_CYLQ7St1teUVh_ZKZ0Krf_9Nc3soeFN2QRnKeXhe9Y0HsABsd59f1kXUv8TgvQz_0vfE8TxL>
<65r9i89FzqFr8WiolmCbZVZbQ0XUpjTahjnpLr_6Oyp1X6ueDWZPDt97xg>
<V104VmUO00Cmqvv13hfnAukP1gTJZUfuTKPzhbruwVbuwyhZ1XIRVN4DhX>
<Lfzd5XIfv6AhY8KQJy56Yv30MZkV>
<oO5FmK9n6lLmC_gQ0Oy4m3KVqKMaCD400R>
<y_lm055XSpKf5zxQiLYVK2GH>
<65r9i89FzqFr8WiolmCbZVZbQ0XUpjTahjnpLr_6Oyp1X6ueDWZPDt97xg>
<m_k_mbMpndWrcrIFi1R8XCZ3ohSvExiKXJxTwhll5wy0S3mqcWVQzSn0iDl>
<R7i9NsRWxDyXJY0BIj_79haguejzV>
<V104VmUO00Cmqvv13hfnAukP1gTJZUfuTKPzhbruwVbuwyhZ1XIRVN4DhX>
<k2isU8Q8vHUXMVphgJLuHHuviBFcLXBCZjjKPxqI9_PgmlstJLkeo7AGqXXHV2lzbCKfOKoKJWsinoYAv5VRGxmrxv7>
<geXv0S2w_JVy4pV18tXmBEWqkUF_CYLQ7St1teUVh_ZKZ0Krf_9Nc3soeFN2QRnKeXhe9Y0HsABsd59f1kXUv8TgvQz_0vfE8TxL>
<avBaIrFramt6lERsI0bJVXLsVnoR_RtdDbIc9Doa9EwJbnFr0S9hWqcP9gwJp9GLY_a28K6QDr7t_4UduUMZOPfMJLr>
<avBaIrFramt6lERsI0bJVXLsVnoR_RtdDbIc9Doa9EwJbnFr0S9hWqcP9gwJp9GLY_a28K6QDr7t_4UduUMZOPfMJLr>
<Lfzd5XIfv6AhY8KQJy56Yv30MZkV>
<CykRU582vEv9Hzb41IVozVl>
<Lfzd5XIfv6AhY8KQJy56Yv30MZkV>
<geXv0S2w_JVy4pV18tXmBEWqkUF_CYLQ7St1teUVh_ZKZ0Krf_9Nc3soeFN2QRnKeXhe9Y0HsABsd59f1kXUv8TgvQz_0vfE8TxL>
<Lfzd5XIfv6AhY8KQJy56Yv30MZkV>
<avBaIrFramt6lERsI0bJVXLsVnoR_RtdDbIc9Doa9EwJbnFr0S9hWqcP9gwJp9GLY_a28K6QDr7t_4UduUMZOPfMJLr>
<avBaIrFramt6lERsI0bJVXLsVnoR_RtdDbIc9Doa9EwJbnFr0S9hWqcP9gwJp9GLY_a28K6QDr7t_4UduUMZOPfMJLr>
<TbG04FiRKlAYuTaFSqTOtW90K5McIZiIxMRnfanOS1CRESUt4gr9H3ESOQawkq18AcvnrHvfdZ7v5LZ>
<k2isU8Q8vHUXMVphgJLuHHuviBFcLXBCZjjKPxqI9_PgmlstJLkeo7AGqXXHV2lzbCKfOKoKJWsinoYAv5VRGxmrxv7>
<vIy33eZvZkhRDjAzwhjpXpQityqGSZLa1p4W8UhflQNEVuNldIKzkErhvp0yxqjQiG7oy4y3iXGy4mMrC98H3lKEnghzXJWq8>
<UPPKcHR9opnRaxePVkpYS0A1an8re108a6TljIzSa7xLAqg6kzvy7wqy7Ozo0PgB0GbNUCV6NHW>
<65r9i89FzqFr8WiolmCbZVZbQ0XUpjTahjnpLr_6Oyp1X6ueDWZPDt97xg>
<Lfzd5XIfv6AhY8KQJy56Yv30MZkV>
<hmoC_CpyAPVYk6mZe5n6>
<uHEB>
<ND0vTO1aKiDaoq8rpM3EGYCbZwzr9RdmOa1AXKeZdDHGBIXiM6686KZ3eNcHsf0e32Gi1eS33WjNCctU4qXePiv_f0>
<65r9i89FzqFr8WiolmCbZVZbQ0XUpjTahjnpLr_6Oyp1X6ueDWZPDt97xg>
<avBaIrFramt6lERsI0bJVXLsVnoR_RtdDbIc9Doa9EwJbnFr0S9hWqcP9gwJp9GLY_a28K6QDr7t_4UduUMZOPfMJLr>
<TbG04FiRKlAYuTaFSqTOtW90K5McIZiIxMRnfanOS1CRESUt4gr9H3ESOQawkq18AcvnrHvfdZ7v5LZ>
<oO5FmK9n6lLmC_gQ0Oy4m3KVqKMaCD400R>
<CykRU582vEv9Hzb41IVozVl>
<ND0vTO1aKiDaoq8rpM3EGYCbZwzr9RdmOa1AXKeZdDHGBIXiM6686KZ3eNcHsf0e32Gi1eS33WjNCctU4qXePiv_f0>
<2uh9fA0CAnrm1TJHrhGGAyTTMI2ZkDTvXOZOhB1tFf6L56cLqQBbgETSTAQpf2H48Ugbz4S4Qm23Vv2dSFXonXbvQ8>
<geXv0S2w_JVy4pV18tXmBEWqkUF_CYLQ7St1teUVh_ZKZ0Krf_9Nc3soeFN2QRnKeXhe9Y0HsABsd59f1kXUv8TgvQz_0vfE8TxL>
<Gywer9_QUw8NIYWLp6fT2g4jiD1uQtyKBq1rQkev4FkeTTQXWBlRXtqqfLSPlo9ACA>
<IWBf2UT5EULIiwJVYpcd_1UZTpKQAc8NfZpIGvywEOSjutH1KJhjXZEy24v0K37PvIHidU5da_ou>
<2uh9fA0CAnrm1TJHrhGGAyTTMI2ZkDTvXOZOhB1tFf6L56cLqQBbgETSTAQpf2H48Ugbz4S4Qm23Vv2dSFXonXbvQ8>
<hmoC_CpyAPVYk6mZe5n6>
<Lfzd5XIfv6AhY8KQJy56Yv30MZkV>
<m_k_mbMpndWrcrIFi1R8XCZ3ohSvExiKXJxTwhll5wy0S3mqcWVQzSn0iDl>
<nL_RWAqetAIIUGrmMxbAdAcRHowhkxDnefDdWPwOBGm5bzdQ2BG63NyKZqu9lfuCRElH7m1mK>
<Lfzd5XIfv6AhY8KQJy56Yv30MZkV>
<tPXZUkk9UQEKfIjeWOt9e9IPLQe16PdBs8DBwZ0qXeXxuVMIisNm9SQ5py3wyK_LdPhAquq0Z6aq2lz3C>
<TbG04FiRKlAYuTaFSqTOtW90K5McIZiIxMRnfanOS1CRESUt4gr9H3ESOQawkq18AcvnrHvfdZ7v5LZ>
<V104VmUO00Cmqvv13hfnAukP1gTJZUfuTKPzhbruwVbuwyhZ1XIRVN4DhX>
<k2isU8Q8vHUXMVphgJLuHHuviBFcLXBCZjjKPxqI9_PgmlstJLkeo7AGqXXHV2lzbCKfOKoKJWsinoYAv5VRGxmrxv7>
<Jr4ZfbwIxjlLc5gKmBtMtKCdtdOQ3S79TcKzsw0MgoMU5Hzb6cO9qfhghTctcVpXEZimAnGGj8q4bXwIHCfo4ez8Kq>
<65r9i89FzqFr8WiolmCbZVZbQ0XUpjTahjnpLr_6Oyp1X6ueDWZPDt97xg>
<kfvJ6qR8RCLfZih_aJee92IWuElIb2cMlwi1tmqui3HzWmi7pXtL7mmOe0yCTz2VaCGXZAKeLkwwc_2OHwytoZkercd>
<jH75bl5FgglJjvnxs2I69nwn4kj>
<JsZ01CdPkDYP5mocqN6Y5KIbGL37iO6c2NhNGyN2RKreMMubg1LwGMGwEK0p4Jn_>
<Lfzd5XIfv6AhY8KQJy56Yv30MZkV>
<65r9i89FzqFr8WiolmCbZVZbQ0XUpjTahjnpLr_6Oyp1X6ueDWZPDt97xg>
<16kDZWXgmjukjg4_cJ9TyviUZRsQygjERnkhgD0_OBQ4f1QZkP_u0nNtcg0y>
<k2isU8Q8vHUXMVphgJLuHHuviBFcLXBCZjjKPxqI9_PgmlstJLkeo7AGqXXHV2lzbCKfOKoKJWsinoYAv5VRGxmrxv7>
<hCVgqomZlICHAhUrceQBlV_0>
<oO5FmK9n6lLmC_gQ0Oy4m3KVqKMaCD400R>
<Lfzd5XIfv6AhY8KQJy56Yv30MZkV>
<65r9i89FzqFr8WiolmCbZVZbQ0XUpjTahjnpLr_6Oyp1X6ueDWZPDt97xg>
<V104VmUO00Cmqvv13hfnAukP1gTJZUfuTKPzhbruwVbuwyhZ1XIRVN4DhX>
<oO5FmK9n6lLmC_gQ0Oy4m3KVqKMaCD400R>
<V104VmUO00Cmqvv13hfnAukP1gTJZUfuTKPzhbruwVbuwyhZ1XIRVN4DhX>
<hmoC_CpyAPVYk6mZe5n6>
<m_k_mbMpndWrcrIFi1R8XCZ3ohSvExiKXJxTwhll5wy0S3mqcWVQzSn0iDl>
<Gywer9_QUw8NIYWLp6fT2g4jiD1uQtyKBq1rQkev4FkeTTQXWBlRXtqqfLSPlo9ACA>
<vIy33eZvZkhRDjAzwhjpXpQityqGSZLa1p4W8UhflQNEVuNldIKzkErhvp0yxqjQiG7oy4y3iXGy4mMrC98H3lKEnghzXJWq8>
<PXaRmpNgh1rAfLNK532_7PwJBdryFJvUk2ijxRwM0OobfEADcZ1ULJe75MCkQunhYkqujZorc3>
<LLxhrO>
<UPPKcHR9opnRaxePVkpYS0A1an8re108a6TljIzSa7xLAqg6kzvy7wqy7Ozo0PgB0GbNUCV6NHW>
<kfvJ6qR8RCLfZih_aJee92IWuElIb2cMlwi1tmqui3HzWmi7pXtL7mmOe0yCTz2VaCGXZAKeLkwwc_2OHwytoZkercd>
<OXb2WgR>
<nL_RWAqetAIIUGrmMxbAdAcRHowhkxDnefDdWPwOBGm5bzdQ2BG63NyKZqu9lfuCRElH7m1mK>
<FTK8isB2mHmWghOhlZ13ixykpUkzK1_UrbfpENNdExDJT1K7FhgJc2Dkj4B1p8VjJUr_fvKb9Y0L>
<V104VmUO00Cmqvv13hfnAukP1gTJZUfuTKPzhbruwVbuwyhZ1XIRVN4DhX>
<JsZ01CdPkDYP5mocqN6Y5KIbGL37iO6c2NhNGyN2RKreMMubg1LwGMGwEK0p4Jn_>
<tDzsS0kN65YIzmKKfJzJh4xUTGEHHh9eaGftXSA0d2fRA>
<WXCGY8A9D1Axgy2fLN3dr2QgQNCuulvXo1nrERAXKVbvDapEjh>
<CykRU582vEv9Hzb41IVozVl>
<geXv0S2w_JVy4pV18tXmBEWqkUF_CYLQ7St1teUVh_ZKZ0Krf_9Nc3soeFN2QRnKeXhe9Y0HsABsd59f1kXUv8TgvQz_0vfE8TxL>
<hbzKck8R5_GxmMJjEIBgvsF4_FOSKHl0JZTml0TN97Enyb8DHgAyt_z4>
<OxJlaefQs_YKAmowzAbKuZLnToUqELka9uLz3d>
<tDzsS0kN65YIzmKKfJzJh4xUTGEHHh9eaGftXSA0d2fRA>
<Gywer9_QUw8NIYWLp6fT2g4jiD1uQtyKBq1rQkev4FkeTTQXWBlRXtqqfLSPlo9ACA>
<Lfzd5XIfv6AhY8KQJy56Yv30MZkV>
<geXv0S2w_JVy4pV18tXmBEWqkUF_CYLQ7St1teUVh_ZKZ0Krf_9Nc3soeFN2QRnKeXhe9Y0HsABsd59f1kXUv8TgvQz_0vfE8TxL>
<ax8MrOJJ__L4ajaMteW0u10rQ31rll6aOG>
<OXb2WgR>
<65r9i89FzqFr8WiolmCbZVZbQ0XUpjTahjnpLr_6Oyp1X6ueDWZPDt97xg>
<7xzOWyuarjBZOYjd5DGWzV0PvMCcp_ITEIwJK_YzxiSQdmbq>
<vIy33eZvZkhRDjAzwhjpXpQityqGSZLa1p4W8UhflQNEVuNldIKzkErhvp0yxqjQiG7oy4y3iXGy4mMrC98H3lKEnghzXJWq8>
<TPpl6RYRgrqyuDXpLUE_e8tIX>
<OXb2WgR>
<16kDZWXgmjukjg4_cJ9TyviUZRsQygjERnkhgD0_OBQ4f1QZkP_u0nNtcg0y>
<Gywer9_QUw8NIYWLp6fT2g4jiD1uQtyKBq1rQkev4FkeTTQXWBlRXtqqfLSPlo9ACA>
<2uh9fA0CAnrm1TJHrhGGAyTTMI2ZkDTvXOZOhB1tFf6L56cLqQBbgETSTAQpf2H48Ugbz4S4Qm23Vv2dSFXonXbvQ8>
<hmoC_CpyAPVYk6mZe5n6>
<ND0vTO1aKiDaoq8rpM3EGYCbZwzr9RdmOa1AXKeZdDHGBIXiM6686KZ3eNcHsf0e32Gi1eS33WjNCctU4qXePiv_f0>
<HA_qVAMemVhkkbkRO_J5OaT9MB2BfwdxTrcW7zag3CoACOY9u9_MHU0fk6_NBGDP3iLdAMLoG7Dx7UiAVsuPF>
<XcxIFAhmSetFwS4LCzq_NKr1phELsNaSKqr32Rr1ad>
<V104VmUO00Cmqvv13hfnAukP1gTJZUfuTKPzhbruwVbuwyhZ1XIRVN4DhX>
<V104VmUO00Cmqvv13hfnAukP1gTJZUfuTKPzhbruwVbuwyhZ1XIRVN4DhX>
<0EQ78ZYGSnDDMzA_ZvgDNoNsLiwxGoh>
<Lfzd5XIfv6AhY8KQJy56Yv30MZkV>
<sm8c7SfU41q3HWg8h1fPYJx65UmpHtkogrnQEh5KABI9N7z1tTA96vHSjBxFBu1oUdEF2vjkI9373UzHBRFqw2ou>
<Ngvyhm7K162q0mQzvP5SVN9Qiy2IB70D649O50WP>
<xd7zMsSSOipOEuSaCbcyGIDkJR>
<V104VmUO00Cmqvv13hfnAukP1gTJZUfuTKPzhbruwVbuwyhZ1XIRVN4DhX>
<OXb2WgR>
<R7i9NsRWxDyXJY0BIj_79haguejzV>
<V104VmUO00Cmqvv13hfnAukP1gTJZUfuTKPzhbruwVbuwyhZ1XIRVN4DhX>
<Ngvyhm7K162q0mQzvP5SVN9Qiy2IB70D649O50WP>
<HN_ynqyHagzhVjbjy3zTjAzftqueCFbJ3w2MW_tmo3OaAMkJuVuBJNfKyikWi>
<xd7zMsSSOipOEuSaCbcyGIDkJR>
<geXv0S2w_JVy4pV18tXmBEWqkUF_CYLQ7St1teUVh_ZKZ0Krf_9Nc3soeFN2QRnKeXhe9Y0HsABsd59f1kXUv8TgvQz_0vfE8TxL>
<nL_RWAqetAIIUGrmMxbAdAcRHowhkxDnefDdWPwOBGm5bzdQ2BG63NyKZqu9lfuCRElH7m1mK>
<Jr4ZfbwIxjlLc5gKmBtMtKCdtdOQ3S79TcKzsw0MgoMU5Hzb6cO9qfhghTctcVpXEZimAnGGj8q4bXwIHCfo4ez8Kq>
<q2z4w_X89dP7djBfQK7rwgjSAqEQwNkgzjcoX0t0wKfuaStzS0Mi>
<m_k_mbMpndWrcrIFi1R8XCZ3ohSvExiKXJxTwhll5wy0S3mqcWVQzSn0iDl>
<uHEB>
<FwGnTLGH0eYYuAq8sBm73ixVc1NGXdxW3EbcQtvMFKeh5>
<PXaRmpNgh1rAfLNK532_7PwJBdryFJvUk2ijxRwM0OobfEADcZ1ULJe75MCkQunhYkqujZorc3>
<Gywer9_QUw8NIYWLp6fT2g4jiD1uQtyKBq1rQkev4FkeTTQXWBlRXtqqfLSPlo9ACA>
<GmDccLHKRo1mfSU03oeKxjEzjunSKUmWBmxIKl9TiXvRBnQb9N4cuY8RQr6xT7dnVviaX77zyg>
<FTK8isB2mHmWghOhlZ13ixykpUkzK1_UrbfpENNdExDJT1K7FhgJc2Dkj4B1p8VjJUr_fvKb9Y0L>
<uT5NuQCAWMmE6rQaoLKSAmmbH4l18TBZkVYfYPBdwJeL67AHEPCdcrNZHkhTDdvIYAbL66vyk>
<oO5FmK9n6lLmC_gQ0Oy4m3KVqKMaCD400R>
<jH75bl5FgglJjvnxs2I69nwn4kj>
<onpa1Z_Lxwg8K2oQrQFHbZ>
<onpa1Z_Lxwg8K2oQrQFHbZ>
<16kDZWXgmjukjg4_cJ9TyviUZRsQygjERnkhgD0_OBQ4f1QZkP_u0nNtcg0y>
<MRGd2tT59gkVkuACPNEg0AsdWLX6QvRUJap_HHzwCzIqgHPTvjctV4t0mAS2DYNjzz8>
<7xzOWyuarjBZOYjd5DGWzV0PvMCcp_ITEIwJK_YzxiSQdmbq>
<2uh9fA0CAnrm1TJHrhGGAyTTMI2ZkDTvXOZOhB1tFf6L56cLqQBbgETSTAQpf2H48Ugbz4S4Qm23Vv2dSFXonXbvQ8>
<R7i9NsRWxDyXJY0BIj_79haguejzV>
<hbzKck8R5_GxmMJjEIBgvsF4_FOSKHl0JZTml0TN97Enyb8DHgAyt_z4>
<vIy33eZvZkhRDjAzwhjpXpQityqGSZLa1p4W8UhflQNEVuNldIKzkErhvp0yxqjQiG7oy4y3iXGy4mMrC98H3lKEnghzXJWq8>
<Mv>
<Lfzd5XIfv6AhY8KQJy56Yv30MZkV>
<V104VmUO00Cmqvv13hfnAukP1gTJZUfuTKPzhbruwVbuwyhZ1XIRVN4DhX>
<V104VmUO00Cmqvv13hfnAukP1gTJZUfuTKPzhbruwVbuwyhZ1XIRVN4DhX>
<VeFA22WEZCvVUs6Y42jOtMRGAvXVUT8KFs9vty8ZbV4Z8TN8kxlcJqi>
<R7i9NsRWxDyXJY0BIj_79haguejzV>
<jH75bl5FgglJjvnxs2I69nwn4kj>
<0vqTXIMKJ_tVXevEdLweiLyMUxFSsPjSs_>
<2uh9fA0CAnrm1TJHrhGGAyTTMI2ZkDTvXOZOhB1tFf6L56cLqQBbgETSTAQpf2H48Ugbz4S4Qm23Vv2dSFXonXbvQ8>
<hmoC_CpyAPVYk6mZe5n6>
<VeFA22WEZCvVUs6Y42jOtMRGAvXVUT8KFs9vty8ZbV4Z8TN8kxlcJqi>
<V104VmUO00Cmqvv13hfnAukP1gTJZUfuTKPzhbruwVbuwyhZ1XIRVN4DhX>
<Lfzd5XIfv6AhY8KQJy56Yv30MZkV>
<69SMTvb9ZtVYHDcrAEqDDws6_UFmRctDxHJg6>
<sZIgoCazq_S8mcmIRiszwF6IxSXAjRUfarbsQC8kqSeMEbyX11vNO4j0WH89XaSIikD8oTdGjZMS>
<avBaIrFramt6lERsI0bJVXLsVnoR_RtdDbIc9Doa9EwJbnFr0S9hWqcP9gwJp9GLY_a28K6QDr7t_4UduUMZOPfMJLr>
<lGjzQWJ0KzvHU_U_i7TkdpCAZovU4AzxDFfv3NRIJDdb2q7yYsKPQz60pew3Rst1CawuAqocUJhNFigc1d>
<Lfzd5XIfv6AhY8KQJy56Yv30MZkV>
<TPpl6RYRgrqyuDXpLUE_e8tIX>
<DnuDXbOezfj7v>
<Lfzd5XIfv6AhY8KQJy56Yv30MZkV>
<CykRU582vEv9Hzb41IVozVl>
<hmoC_CpyAPVYk6mZe5n6>
<x05arVDcozb6ZyRbPPXa3aLTqgg2XfCGFh3XFRY621_g63NHlBu0Kw>
<sZIgoCazq_S8mcmIRiszwF6IxSXAjRUfarbsQC8kqSeMEbyX11vNO4j0WH89XaSIikD8oTdGjZMS>
<JsZ01CdPkDYP5mocqN6Y5KIbGL37iO6c2NhNGyN2RKreMMubg1LwGMGwEK0p4Jn_>
<m_k_mbMpndWrcrIFi1R8XCZ3ohSvExiKXJxTwhll5wy0S3mqcWVQzSn0iDl>
<K0T21bEvuDXKdSa6W2elUh3XbxgrCL3tkQOhQbJLZda2TlN>
<02uDro7VOzU>
<VeFA22WEZCvVUs6Y42jOtMRGAvXVUT8KFs9vty8ZbV4Z8TN8kxlcJqi>
<0vqTXIMKJ_tVXevEdLweiLyMUxFSsPjSs_>
<ISDLUlVFnRh7AIoxmIcTjzS6eumtnBTq5yi15X9JoyNYGV6OBaDEysLRTdFG9brIWddIQ>
<16kDZWXgmjukjg4_cJ9TyviUZRsQygjERnkhgD0_OBQ4f1QZkP_u0nNtcg0y>
<avBaIrFramt6lERsI0bJVXLsVnoR_RtdDbIc9Doa9EwJbnFr0S9hWqcP9gwJp9GLY_a28K6QDr7t_4UduUMZOPfMJLr>
<1SwzyxDSuPWoCFUtUdhJ1qHjuzQmRRvhJ0scLXf_24Hc6LGJntXM9gFvCXYAgn9>
<j68ovon6RTFmYABOnusEc8rofydZZ9gv2BT>
<PXaRmpNgh1rAfLNK532_7PwJBdryFJvUk2ijxRwM0OobfEADcZ1ULJe75MCkQunhYkqujZorc3>
<tPXZUkk9UQEKfIjeWOt9e9IPLQe16PdBs8DBwZ0qXeXxuVMIisNm9SQ5py3wyK_LdPhAquq0Z6aq2lz3C>
<R7i9NsRWxDyXJY0BIj_79haguejzV>
<Gywer9_QUw8NIYWLp6fT2g4jiD1uQtyKBq1rQkev4FkeTTQXWBlRXtqqfLSPlo9ACA>
<xRr26W8mk4tKrRmnQ7AJF0W1C8y_dPeRdM8UCFW0ypw0fpcrgkUvwFK3PC3SJNALsl_n2yPDSN_oBqalrjSIII>
<tCKqNS2IYWvcvEElkDTBDwEmdp0OY5ba7iyi>
<WMGTnnndzetRxvNDK0ariz_zW0oiwOQYdmperzT6YDtHSBjYf2XVuonREovSyrJVHbfvwJ>
<R7i9NsRWxDyXJY0BIj_79haguejzV>
<ax8MrOJJ__L4ajaMteW0u10rQ31rll6aOG>
<VeFA22WEZCvVUs6Y42jOtMRGAvXVUT8KFs9vty8ZbV4Z8TN8kxlcJqi>
<FCZAYu4_nevKcBRTvOkS5QC4FvUqDWPVogZw9Pt6XVOe78LsuK99FSHDXyG3G0ndefCQBB2EtrcxBrW8QoE31YoDBRzlGMFmR9B4>
<0G0raB>
<x05arVDcozb6ZyRbPPXa3aLTqgg2XfCGFh3XFRY621_g63NHlBu0Kw>
<K0T21bEvuDXKdSa6W2elUh3XbxgrCL3tkQOhQbJLZda2TlN>
<2uh9fA0CAnrm1TJHrhGGAyTTMI2ZkDTvXOZOhB1tFf6L56cLqQBbgETSTAQpf2H48Ugbz4S4Qm23Vv2dSFXonXbvQ8>
<LQeHmHq8j88ax5NgtoTgowGJt5yVHf2ZMgSbdWsrQiHWZ2LzZR>
<xRr26W8mk4tKrRmnQ7AJF0W1C8y_dPeRdM8UCFW0ypw0fpcrgkUvwFK3PC3SJNALsl_n2yPDSN_oBqalrjSIII>
<65r9i89FzqFr8WiolmCbZVZbQ0XUpjTahjnpLr_6Oyp1X6ueDWZPDt97xg>
<s_mB4MXKJKBllU4FYXjpHTTU8AfTTPmf>
<V104VmUO00Cmqvv13hfnAukP1gTJZUfuTKPzhbruwVbuwyhZ1XIRVN4DhX>
<iVAC4>
<QB0fnbR0AxTkm36Nk2AmeMp8L1VEvfG98NZGLS8plvR0to7XAwBzWase0GY0aU44ehUa9y8AqsgLILvpT3zRrdm89Dr6v5>
<K0T21bEvuDXKdSa6W2elUh3XbxgrCL3tkQOhQbJLZda2TlN>
<i0ZEsiWSepUiFWK8tweKj7ysPxIIWvGyDsUQ0O08H4xF4z6FmMPn>
<HA_qVAMemVhkkbkRO_J5OaT9MB2BfwdxTrcW7zag3CoACOY9u9_MHU0fk6_NBGDP3iLdAMLoG7Dx7UiAVsuPF>
<nL_RWAqetAIIUGrmMxbAdAcRHowhkxDnefDdWPwOBGm5bzdQ2BG63NyKZqu9lfuCRElH7m1mK>
<Lfzd5XIfv6AhY8KQJy56Yv30MZkV>
<uWhn9HpAcXWmiPJNUmWLM0Ksy1pRON1r96a7eLs8ow1mz2pwlh8XH8f3GJrC5>
<UnyIlW4o1CuU4SUbozGgzz6ax8ki5MoG1OqzIgpGEllxLREy6>
<0vqTXIMKJ_tVXevEdLweiLyMUxFSsPjSs_>
<geXv0S2w_JVy4pV18tXmBEWqkUF_CYLQ7St1teUVh_ZKZ0Krf_9Nc3soeFN2QRnKeXhe9Y0HsABsd59f1kXUv8TgvQz_0vfE8TxL>
<VHD09ssCdICxnPMDuEVzWsAg9uocqNKEYYALiPe3BJrdnaFeebuoadJMaeoLh5JFjbSS6nxSl57kx>
<xRr26W8mk4tKrRmnQ7AJF0W1C8y_dPeRdM8UCFW0ypw0fpcrgkUvwFK3PC3SJNALsl_n2yPDSN_oBqalrjSIII>
<QihmbBktq9ViR9pfDeGelnlSwHklrko_Mf26ak4sfYla3icNa6TS3j0RyyAtHvomAIZlfJhhSwwdd>
<Lfzd5XIfv6AhY8KQJy56Yv30MZkV>
<ax8MrOJJ__L4ajaMteW0u10rQ31rll6aOG>
<WXCGY8A9D1Axgy2fLN3dr2QgQNCuulvXo1nrERAXKVbvDapEjh>
<TPpl6RYRgrqyuDXpLUE_e8tIX>
<Lfzd5XIfv6AhY8KQJy56Yv30MZkV>
<J5nTvBe82RCS4Xzrnn1JHD47LdFZsBR23sG6CTH0t731GeOASWDZnzys8_Jt24BVSvzvisTu7aHQ52U1wkIZljm>
<m_k_mbMpndWrcrIFi1R8XCZ3ohSvExiKXJxTwhll5wy0S3mqcWVQzSn0iDl>
<K0T21bEvuDXKdSa6W2elUh3XbxgrCL3tkQOhQbJLZda2TlN>
<tPXZUkk9UQEKfIjeWOt9e9IPLQe16PdBs8DBwZ0qXeXxuVMIisNm9SQ5py3wyK_LdPhAquq0Z6aq2lz3C>
<WXCGY8A9D1Axgy2fLN3dr2QgQNCuulvXo1nrERAXKVbvDapEjh>
<FwGnTLGH0eYYuAq8sBm73ixVc1NGXdxW3EbcQtvMFKeh5>
<1SwzyxDSuPWoCFUtUdhJ1qHjuzQmRRvhJ0scLXf_24Hc6LGJntXM9gFvCXYAgn9>
<xKe4CD8p4yhF_w88OmYucjqgOIIQp6zxoNLFv9S_R>
<ISDLUlVFnRh7AIoxmIcTjzS6eumtnBTq5yi15X9JoyNYGV6OBaDEysLRTdFG9brIWddIQ>
<16kDZWXgmjukjg4_cJ9TyviUZRsQygjERnkhgD0_OBQ4f1QZkP_u0nNtcg0y>
<onpa1Z_Lxwg8K2oQrQFHbZ>
<81ZHgMKTV>
<ax8MrOJJ__L4ajaMteW0u10rQ31rll6aOG>
<Gywer9_QUw8NIYWLp6fT2g4jiD1uQtyKBq1rQkev4FkeTTQXWBlRXtqqfLSPlo9ACA>
<BNTwCDmN5ABeDv7KCPDy1f05OtlWoyBQ8YFhPMBh2N>
<hmoC_CpyAPVYk6mZe5n6>
<QB0fnbR0AxTkm36Nk2AmeMp8L1VEvfG98NZGLS8plvR0to7XAwBzWase0GY0aU44ehUa9y8AqsgLILvpT3zRrdm89Dr6v5>
<tPXZUkk9UQEKfIjeWOt9e9IPLQe16PdBs8DBwZ0qXeXxuVMIisNm9SQ5py3wyK_LdPhAquq0Z6aq2lz3C>
<vIy33eZvZkhRDjAzwhjpXpQityqGSZLa1p4W8UhflQNEVuNldIKzkErhvp0yxqjQiG7oy4y3iXGy4mMrC98H3lKEnghzXJWq8>
<xulhvM96n4xAKoeuyGN_bmNLIvYdZR67bZySBj94Qvbfmqe4gyEEvc3vAGM1HeC7sBX6tvL0nSS65sa6QTJwlDEWjkrvDnswHdBc>
<c2WyWiF0IVqRiePk6APhfxJ9Ck5eRAyI9DKhfEN60xrVtNVZoHnU2bk>
<JC>
<oO5FmK9n6lLmC_gQ0Oy4m3KVqKMaCD400R>
<VHD09ssCdICxnPMDuEVzWsAg9uocqNKEYYALiPe3BJrdnaFeebuoadJMaeoLh5JFjbSS6nxSl57kx>
<7xzOWyuarjBZOYjd5DGWzV0PvMCcp_ITEIwJK_YzxiSQdmbq>
<geXv0S2w_JVy4pV18tXmBEWqkUF_CYLQ7St1teUVh_ZKZ0Krf_9Nc3soeFN2QRnKeXhe9Y0HsABsd59f1kXUv8TgvQz_0vfE8TxL>
<avBaIrFramt6lERsI0bJVXLsVnoR_RtdDbIc9Doa9EwJbnFr0S9hWqcP9gwJp9GLY_a28K6QDr7t_4UduUMZOPfMJLr>
<iVAC4>
<VHD09ssCdICxnPMDuEVzWsAg9uocqNKEYYALiPe3BJrdnaFeebuoadJMaeoLh5JFjbSS6nxSl57kx>
<OxJlaefQs_YKAmowzAbKuZLnToUqELka9uLz3d>
<UafL4HzHeoy_tH>
<xKe4CD8p4yhF_w88OmYucjqgOIIQp6zxoNLFv9S_R>
<K0T21bEvuDXKdSa6W2elUh3XbxgrCL3tkQOhQbJLZda2TlN>
<JsZ01CdPkDYP5mocqN6Y5KIbGL37iO6c2NhNGyN2RKreMMubg1LwGMGwEK0p4Jn_>
<Gywer9_QUw8NIYWLp6fT2g4jiD1uQtyKBq1rQkev4FkeTTQXWBlRXtqqfLSPlo9ACA>
<s95qFngUpkxycC0qK4kUDneTQ9G0ckAx4oqkmhqGv8ptRasP0l69u7A9EKa>
<FCZAYu4_nevKcBRTvOkS5QC4FvUqDWPVogZw9Pt6XVOe78LsuK99FSHDXyG3G0ndefCQBB2EtrcxBrW8QoE31YoDBRzlGMFmR9B4>
<TPpl6RYRgrqyuDXpLUE_e8tIX>
<xd7zMsSSOipOEuSaCbcyGIDkJR>
<j68ovon6RTFmYABOnusEc8rofydZZ9gv2BT>
<0EQ78ZYGSnDDMzA_ZvgDNoNsLiwxGoh>
<2uh9fA0CAnrm1TJHrhGGAyTTMI2ZkDTvXOZOhB1tFf6L56cLqQBbgETSTAQpf2H48Ugbz4S4Qm23Vv2dSFXonXbvQ8>
<K0T21bEvuDXKdSa6W2elUh3XbxgrCL3tkQOhQbJLZda2TlN>
<tDzsS0kN65YIzmKKfJzJh4xUTGEHHh9eaGftXSA0d2fRA>
<0vqTXIMKJ_tVXevEdLweiLyMUxFSsPjSs_>
<xKe4CD8p4yhF_w88OmYucjqgOIIQp6zxoNLFv9S_R>
<LLxhrO>
<I_hvriCQWDp_4sp504AfVLbNkQfwnTg4Wq82RuN_h7hGqWuqoV1tDKWqpkqalmd8ZG8KDb3sHB5SxTqx_pmB7>
<avBaIrFramt6lERsI0bJVXLsVnoR_RtdDbIc9Doa9EwJbnFr0S9hWqcP9gwJp9GLY_a28K6QDr7t_4UduUMZOPfMJLr>
<CykRU582vEv9Hzb41IVozVl>
<0G0raB>
<16kDZWXgmjukjg4_cJ9TyviUZRsQygjERnkhgD0_OBQ4f1QZkP_u0nNtcg0y>
<GmDccLHKRo1mfSU03oeKxjEzjunSKUmWBmxIKl9TiXvRBnQb9N4cuY8RQr6xT7dnVviaX77zyg>
<WVxW2HgBxqXlSgoxD5hyFHtHDDFgP04DotXe1s4dTTJslAUtgO6XbcGqKmPC1L8Op5bDTJ7sBLIVxI7R2PZg>
<jSePC15mLckolp9>
<hmoC_CpyAPVYk6mZe5n6>
<OxJlaefQs_YKAmowzAbKuZLnToUqELka9uLz3d>
<TPpl6RYRgrqyuDXpLUE_e8tIX>
<MRGd2tT59gkVkuACPNEg0AsdWLX6QvRUJap_HHzwCzIqgHPTvjctV4t0mAS2DYNjzz8>
<0vqTXIMKJ_tVXevEdLweiLyMUxFSsPjSs_>
<GmDccLHKRo1mfSU03oeKxjEzjunSKUmWBmxIKl9TiXvRBnQb9N4cuY8RQr6xT7dnVviaX77zyg>
<UafL4HzHeoy_tH>
<65r9i89FzqFr8WiolmCbZVZbQ0XUpjTahjnpLr_6Oyp1X6ueDWZPDt97xg>
<hhPPt0xgyLATc37aBAKLk>
<mw1LLNVHuhiiQ_ITKhd>
<xRr26W8mk4tKrRmnQ7AJF0W1C8y_dPeRdM8UCFW0ypw0fpcrgkUvwFK3PC3SJNALsl_n2yPDSN_oBqalrjSIII>
<iVAC4>
<iVAC4>
<0vqTXIMKJ_tVXevEdLweiLyMUxFSsPjSs_>
<FgIYMEaktVAekDsERAICg2e73MAKpn7IdhmU5InWAsCOcX31tdwVrtRqttAqNCR04o7_Et2Ppcp0Qt>
<m_k_mbMpndWrcrIFi1R8XCZ3ohSvExiKXJxTwhll5wy0S3mqcWVQzSn0iDl>
<TbG04FiRKlAYuTaFSqTOtW90K5McIZiIxMRnfanOS1CRESUt4gr9H3ESOQawkq18AcvnrHvfdZ7v5LZ>
<K0T21bEvuDXKdSa6W2elUh3XbxgrCL3tkQOhQbJLZda2TlN>
<JC>
<mObyhV1xCt9NidN24kEV1DPDo8DZ3pWUmTXkrMnLEW2dlrB77giy08tw1rZUCwEbKbbGDz1ormlE5Dd80y50>
<7xzOWyuarjBZOYjd5DGWzV0PvMCcp_ITEIwJK_YzxiSQdmbq>
<hPkG46yvb3KXyjyA9lOHJiBXyasNYKsAJl6GDI_bGmj3T89Ez1Zx9pYrpZv1pMnOCv>
<88TP9TVgBBqa4zv4jbGYjJ_0qVreDkayj0xCCo78TK5dZh7oa>
<02uDro7VOzU>
<tDzsS0kN65YIzmKKfJzJh4xUTGEHHh9eaGftXSA0d2fRA>
<uZIpXt_GkIDLWQkGDZekaG1i_iwmowGN3ksvn15tf1BBhgz_lFexHSqs>
<7xzOWyuarjBZOYjd5DGWzV0PvMCcp_ITEIwJK_YzxiSQdmbq>
<t>
<ND0vTO1aKiDaoq8rpM3EGYCbZwzr9RdmOa1AXKeZdDHGBIXiM6686KZ3eNcHsf0e32Gi1eS33WjNCctU4qXePiv_f0>
<02uDro7VOzU>
<CwMoyPvmTGXNhHhRdoaq0xWCTsvYwHiohMqccOUjtbDJkPv0WNRhFsvfhvQjlWOu3PE7V1uV2v>
<69SMTvb9ZtVYHDcrAEqDDws6_UFmRctDxHJg6>
<LLxhrO>
<t>
<Gywer9_QUw8NIYWLp6fT2g4jiD1uQtyKBq1rQkev4FkeTTQXWBlRXtqqfLSPlo9ACA>
<c2WyWiF0IVqRiePk6APhfxJ9Ck5eRAyI9DKhfEN60xrVtNVZoHnU2bk>
<wIpq90hMibGiUcCRSmpiz2JyKstI2V4iGi6X_MyJMYOHHGOhYfltgW1i7csw0Hlxn1DOn06EYdYgpskBylQvzbK4lS58L8z4RZS>
<BaTHQdQvVR_enAk1wErsDo>
<BaTHQdQvVR_enAk1wErsDo>
<CXTbW_sBCJ>
<K0T21bEvuDXKdSa6W2elUh3XbxgrCL3tkQOhQbJLZda2TlN>
<nL_RWAqetAIIUGrmMxbAdAcRHowhkxDnefDdWPwOBGm5bzdQ2BG63NyKZqu9lfuCRElH7m1mK>
<IyRtgvgw1_2VIGKn84FG1vyLk98QBjp_ah_>
<J0V3pkv3qOjIaBxuPgnZJA1Av7xale1VqM8a8BMt0Swyui9Qh7gKePcWDLh1UP9me>
<BENQLCSsawRvoREgOKb9HJwoT4RPmltWD9qRUpsnJSlahQLk303lBQPehcDU9UQmo4gilZ8or>
<MRGd2tT59gkVkuACPNEg0AsdWLX6QvRUJap_HHzwCzIqgHPTvjctV4t0mAS2DYNjzz8>
<2DhPMCczL6TkMz1FFTfmKrtofSLQdh9TcdjnTvJutE4i0c4bJYSsAfakiOyKmNA8oqYzGulaDsefkmyDGznibnX1WEC>
<ZymM9X_J0G6NonJWdWioGvxWgKhMtY6lIEeOgu2Sk7fQTaTARp9w_2P8evHTXJxAN4umsxogOEbSIC4pF>
<Or2U_Fj>
<tCKqNS2IYWvcvEElkDTBDwEmdp0OY5ba7iyi>
<J4QOxqexnEYmJECJgK_m2nLJKX4opmOEIDYkYWTOlCh0CL>
<yyvo_0n_qrliqKfjgW_8vgF6wWefr15RjDLWfdVDOwATzNdHPyUaV9m>
<VHD09ssCdICxnPMDuEVzWsAg9uocqNKEYYALiPe3BJrdnaFeebuoadJMaeoLh5JFjbSS6nxSl57kx>
<sm8c7SfU41q3HWg8h1fPYJx65UmpHtkogrnQEh5KABI9N7z1tTA96vHSjBxFBu1oUdEF2vjkI9373UzHBRFqw2ou>
<CykRU582vEv9Hzb41IVozVl>
<MmOpX85CLXeT1pEMaqgfjKMzYeQMfadCdjuhPAy3ZS4r75pltRdhu8_la0MzlWgiHRqcg8p>
<TPpl6RYRgrqyuDXpLUE_e8tIX>
<m_k_mbMpndWrcrIFi1R8XCZ3ohSvExiKXJxTwhll5wy0S3mqcWVQzSn0iDl>
<R7i9NsRWxDyXJY0BIj_79haguejzV>
<JC>
<C40XwnvmVim3KjPzyAtG7fmI58nJdJbdciMV3eSKK7130KCgTqMKkJlWNRRnsKvNbQpF6pr6hiisn>
<7xzOWyuarjBZOYjd5DGWzV0PvMCcp_ITEIwJK_YzxiSQdmbq>
<J0V3pkv3qOjIaBxuPgnZJA1Av7xale1VqM8a8BMt0Swyui9Qh7gKePcWDLh1UP9me>
<s95qFngUpkxycC0qK4kUDneTQ9G0ckAx4oqkmhqGv8ptRasP0l69u7A9EKa>
<R7i9NsRWxDyXJY0BIj_79haguejzV>
<HA_qVAMemVhkkbkRO_J5OaT9MB2BfwdxTrcW7zag3CoACOY9u9_MHU0fk6_NBGDP3iLdAMLoG7Dx7UiAVsuPF>
<saXUlmXgsOAdpzawAYcsE2CUbzBXvyw8wgS10gDqPZfeomHzi9PCPipARmjh7w2tuYeLesMgIWCUwMcydYFgDXw9CQjJoEpz>
<Mv>
<f_uSOm4_LWL5cm21edXb7GZJBDwY8ICvKDiMCKZBrnCzrhXJp86Rw5>
-----
