0_324_208_0_0_900_0_0_0_163_0_276_395_-34_0_0_0_0_0_0_0_-954_0_-738_0_0_0_0_-826_0_0_-623_0_0
0_423_0_0_0_0_-814_0_811_0_0_0_0_0_0_0_255_0_130_787_0_0_0_-894_464_0_0_0_-168_0_0_0_0_0
0_0_0_720_0_445_210_-466_0_0_0_43_0_0_0_0_970_0_0_-238_492_-362_0_0_0_-355_0_0_0_0_78_0_590_0
0_0_0_-796_0_0_0_0_0_0_0_0_0_0_854_0_-882_0_0_0_0_0_-398_0_-984_0_-324_0_0_236_425_71_669_721
0_0_0_682_0_0_0_0_0_664_0_760_0_0_0_0_0_0_0_0_0_0_0_-12_0_331_297_-598_616_0_124_0_0_0
0_-216_0_0_0_707_0_0_0_0_0_0_383_-302_0_0_56_0_0_0_467_0_0_0_0_0_0_0_0_-557_0_-870_0_167
0_-503_0_0_0_0_0_0_0_0_0_0_-97_0_79_0_0_0_232_0_0_0_0_0_184_0_118_0_0_0_0_0_0_0
-717_0_0_0_0_-151_972_778_0_0_0_0_-402_0_-874_0_0_0_0_0_0_0_11_0_0_0_0_0_0_-665_0_0_0_0
0_-671_0_-114_-566_0_327_0_0_0_0_0_824_0_-12_0_-553_978_0_0_45_0_0_0_721_0_0_967_-150_0_0_207_0_0
651_393_0_0_-683_0_0_0_0_0_0_0_897_0_14_0_151_0_0_0_442_0_0_0_902_0_0_0_0_0_0_0_0_0
0_0_0_0_-295_0_0_0_-905_0_0_0_0_253_0_0_0_-166_0_0_0_0_949_0_-686_0_-297_-837_0_0_-232_0_0_0
0_-816_0_0_0_0_0_0_0_0_0_21_0_0_0_-197_0_0_-629_0_0_0_230_0_-96_0_0_0_0_930_0_0_-583_425
-649_0_0_0_0_228_-115_840_-127_428_219_0_849_0_0_0_513_0_495_0_0_0_0_0_0_0_0_0_-980_0_0_0_0_431
712_0_0_0_0_0_0_-483_0_0_0_0_750_0_0_0_0_0_-860_0_371_0_50_-797_0_446_-76_762_0_448_0_0_0_0
-802_51_528_0_-411_0_0_-198_0_0_-254_0_0_0_0_0_0_0_0_0_157_-235_-43_430_0_0_0_0_0_0_0_0_309_0
0_0_0_0_0_0_0_0_0_0_0_0_-59_0_0_0_0_0_0_0_0_0_723_0_-909_559_0_0_0_0_0_0_0_0
0_0_569_0_-689_262_0_0_0_356_0_0_0_0_0_0_0_0_0_-944_0_0_0_-524_0_0_1_0_0_0_0_-525_0_0
0_0_0_0_-138_0_0_0_0_0_0_92_-729_0_0_0_0_0_-989_0_0_0_0_-171_0_998_-387_733_0_0_481_0_-28_0
0_946_0_0_301_0_0_-833_833_35_0_-10_0_-341_0_-458_0_-268_0_0_0_-23_0_585_-139_-669_0_0_0_0_0_0_-429_0
835_0_0_0_343_0_0_26_0_-305_560_0_-93_727_0_0_0_0_0_0_-769_0_0_0_0_-865_0_-391_0_0_64_0_0_-498
0_0_-809_0_0_0_0_-714_0_0_0_0_0_0_0_0_0_-552_0_0_0_0_0_-639_0_0_0_-943_0_0_712_0_309_0
0_0_0_0_0_0_-284_0_0_810_0_-986_0_0_0_0_0_693_-226_0_0_0_0_354_0_0_454_0_0_0_0_0_0_681
0_0_0_0_0_0_0_0_642_0_0_0_0_0_0_149_-975_0_0_0_352_0_0_0_0_0_-417_0_0_0_-345_0_0_0
0_0_0_0_0_961_0_0_0_-637_0_0_0_0_0_0_0_0_0_0_0_-432_0_-871_0_0_0_0_0_0_0_0_0_0
0_0_0_0_-97_0_0_0_881_0_-51_0_997_0_0_0_0_0_-210_0_0_0_0_0_0_0_0_0_0_-817_0_-790_-370_-642
0_0_0_0_-998_87_-278_0_-679_0_0_-911_0_938_675_-656_206_81_0_0_0_0_0_0_0_302_0_0_0_414_0_-854_0_0
-784_0_0_189_0_0_-338_0_718_0_0_0_-855_0_182_0_0_0_554_0_0_0_0_166_59_0_0_0_77_0_0_-715_0_0
0_0_0_0_0_0_0_0_0_0_0_0_0_391_123_385_0_0_0_0_0_0_0_0_0_-554_0_0_-750_-729_62_0_0_0
730_0_0_0_0_0_0_-945_0_-877_0_0_0_0_733_0_0_929_265_0_4_0_231_0_470_0_0_0_0_0_0_0_0_906
-224_0_0_0_0_0_0_0_-510_0_0_0_0_0_0_-93_0_0_0_0_0_0_966_0_176_34_0_0_0_0_0_-898_0_0
0_0_0_0_0_254_0_0_0_0_0_0_0_0_-586_0_0_0_0_0_0_0_0_0_0_-658_0_0_0_0_0_205_0_0
0_0_0_-933_584_0_0_0_179_0_0_-844_0_12_0_0_0_0_0_0_0_0_0_0_0_0_0_0_-189_0_0_0_0_0
883_0_-895_0_0_0_0_0_0_0_0_0_0_0_0_0_0_778_384_0_0_0_0_654_0_0_0_0_0_0_354_0_-433_0
0_0_0_130_0_0_0_0_0_0_0_0_-502_0_0_437_0_-257_0_0_-742_0_-466_0_0_0_0_-495_0_681_0_0_0_0
0_457_0_0_0_0_0_0_0_0_0_0_0_0_0_0_0_0_0_644_-307_0_-36_-859_457_0_0_0_0_0_0_218_0_0
0_702_-733_551_19_0_702_0_0_0_0_0_0_-523_-535_0_0_0_0_78_-500_-534_0_0_634_0_0_0_0_0_0_0_0_36
0_0_0_0_0_-209_0_0_0_0_0_0_0_0_0_573_0_0_-776_0_0_0_0_0_0_0_470_0_0_0_0_0_0_307
0_0_0_0_-539_0_0_0_0_0_0_0_225_0_30_0_0_-65_0_0_0_0_885_0_-622_0_0_0_0_0_0_0_-470_0
0_0_-728_0_0_950_410_0_0_0_0_0_0_0_632_503_0_0_0_-461_0_0_0_-268_452_0_0_-68_0_0_0_0_0_0
0_0_-703_0_-351_0_-205_0_-84_0_0_-569_-330_0_-656_0_-927_0_0_0_0_0_0_0_573_0_0_723_0_0_0_0_0_0
0_0_0_453_0_263_-539_0_0_0_0_0_0_0_0_0_766_0_0_0_0_0_378_0_0_-701_0_0_-564_0_0_0_0_0
0_0_0_0_-960_0_0_940_0_0_0_0_0_0_0_0_-218_0_0_0_121_0_0_0_389_-333_0_0_0_170_0_42_0_0
0_0_500_-490_0_0_396_0_0_0_0_473_0_0_726_0_0_0_0_-908_147_-160_535_344_0_-817_0_0_0_0_0_0_764_0
0_0_-134_-118_0_0_-947_648_0_0_-202_0_0_-725_0_-979_0_-468_0_0_0_0_-269_0_93_0_0_54_0_0_0_0_0_32
0_0_-633_0_0_0_0_0_-615_0_0_307_139_0_0_-631_0_0_0_712_-230_255_0_0_0_837_0_946_0_0_0_0_0_0
-931_0_-436_0_-388_-205_0_0_0_-48_-370_0_0_0_0_-803_-96_148_343_0_0_0_992_0_0_419_-127_647_0_577_0_0_-556_935
-188_0_0_0_0_-792_0_52_0_0_0_0_590_0_0_0_0_0_0_0_0_0_0_0_-160_0_0_0_0_120_0_0_94_0
0_0_0_332_0_0_0_0_0_0_0_-244_0_0_0_0_0_0_0_0_-718_0_0_0_0_0_0_0_0_0_0_0_-205_0
552_0_-444_0_0_0_-540_0_0_0_0_0_0_0_910_0_0_0_851_0_0_0_0_0_0_-220_0_0_0_75_0_0_0_0
0_0_836_0_0_0_983_-996_237_0_0_0_0_465_0_0_0_0_0_0_0_0_0_0_0_0_0_0_0_-134_0_224_0_-483
0_0_0_0_0_0_0_0_-836_0_0_-378_0_0_0_0_800_0_0_0_-641_0_0_-321_-92_0_-945_0_0_0_0_-87_0_0
0_0_0_0_0_864_0_0_0_0_0_0_-497_488_0_0_0_0_0_0_0_-327_-699_666_0_0_0_893_0_0_-456_0_0_0
