-138_-621_785_524_-806_-876_-826_-826_219_-561_642_614_126_522_889_-468_351_-832_64_851_-583_-730_463_-443_-932_-701_66_327_834_-505_315_-354_-274_-875_675_-97_431_-479_838_124_918_308_-924_-173_62_-676_778_-626_-614_-570_356_-702_383_466_238_853_-662_130_-784_388_-344_330_-635_-774_-427_291_-777_-776_-9_317_-619_-919_987_456_-755_372_-591_-758_-152_332_815_-619_-448_-35_83_-388_-453_-319_-160_-618_-116_-893_-543_-409_-770_-828_-164_-799_748_-554_-104_942_953_543_265_233_-924_-297_-995_174_681_417_-619_-391_-129_525_470_422_109_-153_874_-51_528_-680_-576_948_207_3_785_602_4_-227_-624_-565_9_789_868_-467_420_670_-95_-519_639_322_-872_488_-600_-754_324_-671_331_328_482_103_563_-618_-210_590_171_471_-124_-616_10_677_-378_580_-902_-445_-904_394_-607_890_368_-227_-593_10_958_-817_59_880_-720_742_969_981_539_656_860_101_322_-64_-859_843_-191_266_557_-593_750_43_237_977_191_-741_-563_-791_-155_-736_864_-263_-311_366_238_-962_-171_653_616_824_-496_-37_690_233_-476_-434_-905_711_59_-698_753_-912_421_360_825_-942_705_-306_-151_961_-521_737_-967_681_244_383_-550_-517_-813_543_886_-448_-178_-441_-332_520_625_464_-298_-822_418_-111_19_-342_-233_-52_173_74_-641_821_-242_-725_194_-812_-480_-98_575_151_869_-58_-728_-896_62_-902_-750_-71_376_-587_982_-509_488_656_879_-577_-219_428_-310_-653_351_-80_842_-384_-680_-516_-486_-81_-845_648_-855_-654_-62_-552_704_-540_-414_-299_-619_189_152_-613_599_-824_405_-855_-466_76_-124_17_755_-64_-121_234_788_16_881_438_246_983_7_757_-416_870_564_284_-509_-935_833_987_885_-422_397_-902_163_942_353_-141_634_-236_490_388_-303_357_392_503_490_873_368_374_712_-964_-261_432_613_361_-226_263_424_182_-627_304_276_490_-93_218_-476_439_846_805_29_-948_-469_779_-963_841_-34_34_-520_944_928_933_407_-402_-873_481_-682_224_401_288_726_926_197_332_-665_-715_210_-809_154_-488_640_-39_306_-894_765_-217_528_702_595_-156_977_20_417_956_-411_-871_-760_314_-507_-431_16_-380_745_-569_685_-333_-459_556_719_-224_961_-113_-306_-766_814_795_900_-915_-471_-706_-10_-145_423_-774_-763_-203_-543_654_-608_-814_383_84_-560_980_341_-183_83_607_-634_955_668_-600_-740_544_-957_105_-398_766_-558_813_929_-487_694_-388_-173_891_-265_-785_103_-875_-852_370_634_246_-998_109_878_640_-755_993_-358_-838_900_-753_-634_53_203_28_-573_-788_-443_-771_-529_-368_490_-539_851_746_-911_-756_964_282_-728_358_744_-601_-988_-310_-161_377_746_525_852_-343_-351_92_-900_-874_-817_-832_-489_-704_398_645_807_448_248_-823_-697_132_-800_724_-316_-904_-541_-432_114_767_34_685_198_775_-946_-456_714_-611_-209_-551_-35_-443_883_-393_-890_-662_79_576_-835_-986_-787_886_799_184_-259_-807_-60_300_568_-28_-857_105_-28_-794_-737_620_822_555_-207_171_-765_127_-807_-178_194_382_-435_224_-532_889_-307_-30_-740_537_-517_169_-430_-838_171_-720_229_-322_-155_343_858_895_563_828_-760_940_571_972_-60_-404_-951_-151_170_-282_-971_-793_-702_-763_-108_-585_188_110_-776_763_-862_928_321_869_375_363_-640_348_731_-821_757_-729_-495_978_-494_821_576_-599_591_-559_-159_-241_532_418_943_-300_-975_951_-896_-704_989_-343_593_137_-773_446_867_882_162_-27_434_-107_702_937_-10_-821_799_672_-889_-607_-731_-614_220_-911_113_58_-843_997_-540_-115_878_324_-458_-707_-176_477_-643_944_65_-676_-936_-952_881_62_-248_-34_-976_-430_-113_-909_318_587_315_12_812_-883_1000_-367_-449_183_-153_414_-991_669_-889_204_-203_358_-570_862_883_-182_207_-982_314_616_-807_750_567_-745_-543_-988_-136_-939_373_627_103_-453_721_880_-713_120_173_603_212_21_-432_92_-447_-656_-8_-834_-348_350_809_623_701_-135_329_340_-436_686_873_-25_-438_-88_416_-968_852_236_640_-957_-81_801_-687_934_13_424_-687_769_-667_86_-540_421_892_626_822_-288_574_907_780_214_996_-324_616_-801_91_-130_-987_-476_-395_158_-632_534_-808_-554_13_-771_862_77_588_874_39_792_-121_-296_-761_-876_-54_-436_-255_-804_29_722_-417_-937_-994_-256_-774_-65_-349_689_-71_275_816_-434_353_-117_610_8_513_559_-752_223_943_686_-874_506_398_127_885_497_-321_-719_645_-171_603_-291_-293_-912_612_-697_-605_-924_346_-780_-290_-890_841_919_-781_-684_-413_-279_-970_-315_-940_-331_-204_736_290_949_710_245_-383_-198_-129_-492_-141_701_563_329_448_-936_-378_-482_-695_-133_-917_-965_741_340_250_196_-805_-515_242_72_352_-234_-25_-147_-167_-986_644_368_331_-384_-878_210_687_-69_-545_954_-57_-354_-960_-752_984_220_145_-780_-465_-473_-601_433_-53_-352_850_-755_734_962_-226_-153_810_594_399_-741_187_-279_-491_-756_-165_745_-568_-76_643_892_-354_-773_299_-68_-794_688_888_662_28_504_513_926_-407_-649_963_-355_114_-689_600_-682_-45_-142_582_685_-808_3_-658_-36_396_-5_456_-554_-463_882_598_614_643_-316_687_-802_209_876_-463_-390_-110_-919_-28_-276_487_621_-603_562_-1_793_291_-113_-604_141_823_101_991_-890_33_-878_-479_-691_-273_238_-914_817_712_-132_-560_812_-22_-572_120_-934_-55_104_58_-328_-927_-132_925_766_501_-974_-355_690_-790_421_872_184_877_-916_-71_681_285_438_-97_-290_-458_857_125_-2_243_910_555_655_-194_-458_-256_933_334_382_-725_716_30_-647_986_-221_-114_-225_-374_909_-535_637_-84_-927_-393_737_-582_862_-62_-970_-999_830_-334_-424_-620_628_-890_209_533_56_764_336_764_7_782_41_852_265_-159_657_-108_-651_330_-972_-320_792_502_-529_451_218_182_-809_807_612_234_-302_11_601_-300_-279_-904_271_673_2_699_809_613_-859_931_-21_399_69_-37_672_919_212_-556_782_181_615_-258_-169_544_56_250_857_-781_-320_-543_-987_-183_-837_-600_-552_349_460_-789_507_335_654_300_940_-245_-575_-211_95_999_351_657_-713_-335_378_-123_-372_546_-545_620_-34_111_856_-840_-258_335_930_345_-435_-727_-222_957_-331_-932_-8_300_519_11_276_980_-195_-547_811_-372_472_-351_-286_-450_-723_415_836_-219_-303_-227_795_-486_-701_-724_-591_-520_613_-216_-728_-925_-524_-18_-152_-929_-663_843_201_761_-2_579_203_-626_954_-378_433_15_-870_742_-651_-813_-235_666_-634_773_-465_-233_318_-861_413_782_631_300_-786_773_617_-746_565_340_-690_321_-364_782_-426_-92_-137_-955_345_-655_752_-603_-445_-878_175_53_847_735_759_-607_26_-589_-502_-684_-592_449_350_-154_365_-154_-978_529_-813_-107_-700_-881_-599_-37_900_-85_820_-439_-840_877_280_85_727_-818_602_-900_859_-226_737_-770_-357_259_167_-353_-332_-798_-18_-470_294_244_-78_256_493_-693_113_418_-243_209_883_404_-324_-860_-303_-647_707_-231_-987_-80_38_-899_-551_-90_-969_-780_172_231_311_-343_-609_-511_-502_-709_889_-567_206_-280_348_426_-798_-638_103_-532_7_8_-217_774_858_-456_785_-582_-496_-144_-705_-38_-367_320_-99_176_-826_349_-793_691_781_-605_721_373_-155_-6_843_-792_49_-264_-56_-181_-403_667_-551_348_-54_580_147_-433_659_843_832_10_221_-939_-523_668_-564_-830_460_-215_-159_444_-950_-413_-702_642_-533_-141_-535_-320_-760_-609_-217_345_657_-597_-87_-404_-239_-12_997_-617_162_936_-712_-797_673_-560_808_-468_444_-592_758_616_-456_-575_939_-56_259_359_-460_-874_109_-247_-774_590_-977_326_543_-712_-261_595_593_-103_120_786_601_357_970_-775_-313_-186_241_220_402_-426_154_-526_450_653_-106_-537_241_578_-769_-42_-434_-509_350_570_-453_902_188_-508_835_-714_151_-685_363_-590_882_771_285_-798_-293_896_-192_-252_-742_860_-235_-410_-683_307_-408_-989_-752_-746_565_48_-11_-708_-409_425_-403_-195_-317_795_56_-141_-395_885_256_967_860_-713_477_-210_-378_-448_118_745_766_961_-471_650_635_19_-199_299_223_-290_-914_935_353_-618_-23_581_-896_-875_981_-829_-89_-959_5_-920_-639_-573_-450_876_799_41_556_154_918_-886_-594_-36_-196_-657_570_-459_-210_356_466_-159_-781_14_726_92_471_311_-3_-699_-170_782_-199_-650_-405_760_-402_973_277_805_781_674_-494_327_-811_-176_181_-583_177_856_110_964_74_-835_-1_-580_320_873_622_-887_422_909_-422_-237_748_-604_980_-369_693_-137_978_-249_728_135_479_-372_-605_74_-221_942_-414_-969_204_-652_96_-879_-403_231_-954_499_545_-2_-195_-742_-840_-140_507_194_-237_461_-529_632_-692_753_911_663_492_-709_-134_543_343_-205_-921_863_-536_-745_-452_530_544_804_-392_-647_-733_229_177_471_920_472_-391_868_142_-139_501_-91_-414_672_-403_76_-577_-792_414_-223_-637_-107_42_798_924_828_513_239_-261_-154_748_-102_273_642_792_-809_-708_144_-611_9_500_565_420_701_-863_74_729_-890_318_593_514_-573_-181_159_581_-246_-234_973_-219_503_660_993_-87_852_263_-766_-486_963_-801_482_388_-905_-508_-441_160_-571_-742_-186_910_-416_128_907_-385_896_41_388_-350_889_859_419_108_630_142_99_591_223_497_131_-808_-837_963_-830_161_746_420_-809_-214_-521_322_412_-796_806_-944_735_781_-774_-191_309_-633_327_99_558_-633_453_941_-267_952_-231_408_860_480_970_-599_-411_925_274_-64_-829_695_252_-167_717_995_-304_346_-674_842_632_531_-663_-491_751_753_601_-394_-276_586_-415_-579_-651_-708_-691_984_-178_-769_-181_902_-811_-230_793_761_-332_-69_746_-893_-834_-378_454_-389_311_-783_104_193_964_394_-109_-454_261_282_45_-28_979_70_741_349_-537_255_127_-708_751_-410_-916_760_-908_82_430_108_-35_763_-761_539_-729_365_-73_-202_685_-652_669_546_15_58_-361_-851_710_-329_-430_799_-56_653_797_-155_-945_267_7_-433_-414_984_434_-487_-328_-219_326_-770_925_-553_129_-30_-378_-441_655_375_-472_-532_961_-632_544_281_-865_77_403_-368_321_-758_-868_-132_-82_122_459_-542_169_519_319_456_889_780_692_850_845_-60_-352_811_-267_745_358_-844_285_123_890_554_-532_-30_780_176_-274_-691_392_-630_491_696_870_292_-457_-518_854_-235_-726_-840_-798_-494_-917_431_227_141_925_377_90_945_-956_-749_-244_921_255_-111_-284_487_579_351_-194_161_-19_-374_602_813_-535_-88_682_-408_-396_263_-335_631_-880_-530_-470_-250_-122_657_-591_-98_700_575_954_-285_884_-632_-294_724_110_-586_276_-160_-408_-618_867_-76_-320_389_775_840_720_-154_-546_467_885_-49_-489_876_-631_-614_-558_609_-218_-855_201_550_902_-35_752_48_61_-685_326_-143_211_216_-991_-735_699_45_-710_-928_999_-322_673_773_-348_919_163_400_739_-778_6_-2_87_-733_-878_836_-591_749_318_-617_116_152_921_96_779_441_-41_158_20_832_683_-76_-380_-648_-438_7_-275_985_-713_-568_382_766_-511_222_-607_-459_-973_-42_889_951_194_373_-960_-726_-842_-784_-251_620_488_860_-161_-578_-372_-586_-872_-85_-245_197_952_-110_680_888_-311_58_-97_587_43_342_-985_191_-413_46_997_751_253_679_-793_538_725_382_-737_786_924_-485_-304_-20_140_-29_531_867_-241_-38_-374_211_293_70_20_-64_-345_990_1000_-788_-272_663_-790_876_-839_270_376_216_853_-969_468_-48_400_-775_91_539_722_847_379_-38_893_-164_-243_-207_671_159_-373_513_-566_908_406_-827_670_153_-877_-340_434_-100_-874_186_-767_-357_377_-489_798_377_-433_68_-70_-153_85_63_-626_867_-182_-790_-118_-242_-197_-980_-899_262_-14_246_260_680_21_583_77_16_-865_664_-836_-89_915_-23_-455_239_767_884_-226_659_845_-729_858_-554_-533_335_243_-828_-804_827_990_-131_-581_-552_-15_-678_964_-739_-839_203_-662_-543_741_952_959_746_-579_192_813_927_280_427_-437_-42_766_847_496_387_137_-995_600_508_887_975_-237_883_-761_499_-526_171_-331_906_892_404_171_-162_770_-871_-140_597_908_-339_-743_15_-805_829_897_-829_-74_997_-138_291_70_388_-408_-259_-67_-529_129_-780_443_910_371_-379_300_286_-366_365_-50_228_451_-224_832_-185_114_694_-894_-346_58_-404_-89_-4_-144_551_620_-388_42_-1_-263_271_-944_-68_649_744_333_417_-820_776_-152_670_-315_503_735_-15_-15_171_981_-70_-431_801_866_914_586_-932_-192_680_-228_903_808_-437_-143_860_490_-825_698_221_-304_-763_338_799_-786_-464_931_-962_432_343_-126_-298_507_133_-517_-372_280_-36_-269_427_920_-829_42_-212_390_850_323_739_-827_-269_711_-328_770_641_-813_803_-441_413_-310_163_-720_-516_451_294_205_-643_-988_27_-416_-9_167_13_160_176_268_137_-976_-664_-487_-27_-175_-84_265_-950_506_414_651_-224_887_-771_855_947_439_-410_-164_278_408_319_410_-237_869_-490_-197_53_804_-733_407_740_-155_814_-748_649_916_-452_549_818_-329_13_-533_279_-362_-916_529_-457_-47_79_-226_-667_-79_-708_-319_-252_914_-425_990_637_-319_-276_94_517_-579_649_831_-544_-258_331_-545_36_464_-550_-160_865_-7_-676_-969_137_310_-504_-973_-796_-910_428_-545_-647_-718_-306_779_-271_153_718_140_-621_497_-813_-913_52_-365_423_430_-21_782_468_647_99_-329_-71_-328_-666_-910_-640_-642_-532_-800_-81_944_-749_-395_506_717_673_432_-941_620_648_-97_-802_47_-544_-949_-5_87_-752_-124_12_-100_-585_-534
0_33_71_104_137_169_204_237_277_314_345_381_420_449_478_511_537_574_612_657_691_715_747_786_819_858_889_922_950_989_1018_1049_1083_1114_1149_1182_1208_1252_1287_1323_1362_1396_1430_1469_1499_1525_1560_1599_1627_1658_1692_1730_1757_1793_1831_1868_1907_1946_1982_2015_2052_2083_2115_2151_2191_2222_2255_2299_2326_2360_2399_2437_2468_2507_2535_2567_2605_2645_2675
0_7_9_10_11_21_23_24_27_28_29_37_40_42_45_60_63_65_66_68_72_75_76_78_82_84_86_87_89_90_91_93_97_2_4_6_7_8_11_15_16_19_21_24_27_28_30_33_34_36_43_44_45_47_50_52_56_57_65_66_67_70_71_72_74_83_86_89_94_96_98_0_2_3_13_15_18_19_21_22_25_26_27_29_32_33_35_37_40_44_53_54_65_70_72_73_75_77_80_82_84_86_87_96_1_2_3_12_16_18_21_23_25_26_31_33_36_37_39_41_42_43_47_49_53_55_58_63_65_69_76_77_80_84_86_92_94_1_3_5_7_16_19_21_25_32_33_35_37_43_44_49_50_53_55_56_61_68_69_71_78_83_85_87_89_90_93_94_98_1_5_6_18_21_22_24_26_29_30_31_33_39_40_41_44_47_55_58_59_64_69_77_78_79_81_82_83_84_86_87_88_90_91_98_2_6_7_11_14_17_18_19_22_23_30_34_36_38_39_40_44_47_48_55_60_61_66_69_74_75_77_78_81_84_88_90_95_0_1_2_7_8_10_11_15_22_23_24_25_27_34_38_40_44_47_48_56_58_60_62_63_64_67_68_69_72_74_75_76_77_80_81_82_87_88_93_98_1_4_8_9_11_12_14_15_19_26_28_29_33_34_43_45_47_49_51_55_57_58_62_65_66_67_68_69_71_73_80_81_82_87_90_91_93_1_3_6_8_14_17_24_25_27_30_32_35_37_40_42_43_47_48_53_70_71_76_77_79_81_83_88_89_93_94_96_2_3_7_8_9_11_12_17_24_25_26_28_30_33_34_36_39_41_42_44_49_52_54_57_62_63_66_72_79_80_83_84_85_86_90_97_3_5_6_10_14_15_17_23_26_28_29_31_33_44_48_49_50_54_56_57_59_60_63_64_66_67_68_69_70_72_73_75_82_83_84_88_89_96_97_4_7_19_20_24_26_27_28_32_36_42_43_45_46_61_66_70_72_73_74_75_78_79_80_81_82_84_93_96_0_6_8_12_17_19_20_23_34_42_45_46_49_51_52_53_55_56_59_62_65_66_71_73_75_86_87_91_97_1_3_7_9_11_13_14_15_20_21_27_34_35_37_40_41_43_45_46_47_49_51_63_64_66_67_82_83_85_86_90_95_98_7_8_11_16_17_18_23_25_27_30_44_45_46_51_54_56_58_60_62_64_76_78_79_82_83_97_1_4_6_11_12_14_19_20_21_22_24_28_31_32_33_34_36_44_48_50_53_56_61_68_70_76_78_80_81_82_84_85_87_91_96_97_98_1_5_7_8_10_16_19_21_23_24_25_28_31_34_35_38_39_41_42_43_44_45_46_49_50_57_60_63_64_65_66_68_70_76_80_82_94_98_0_1_7_10_11_12_18_20_22_24_25_26_29_31_34_36_37_41_42_49_51_54_55_56_60_64_65_68_69_70_71_72_73_74_76_77_78_82_85_86_89_90_92_93_97_2_3_4_5_6_17_21_23_27_29_32_36_37_44_45_47_55_59_62_67_69_76_77_80_81_82_84_89_90_92_93_95_96_97_0_7_8_9_12_16_20_25_26_33_34_42_44_45_47_51_53_57_64_81_84_90_92_94_0_1_8_14_15_18_20_23_24_30_32_35_37_43_47_55_61_62_64_67_68_73_74_75_76_77_80_86_90_91_96_97_0_5_6_9_12_13_16_17_19_20_25_31_37_38_41_42_43_44_46_48_49_50_58_60_63_66_69_71_72_75_76_84_85_89_90_92_94_97_98_0_1_4_5_6_12_14_16_21_22_32_35_40_41_44_49_53_54_55_59_62_65_68_69_72_81_82_83_84_89_91_93_97_0_1_4_6_13_14_18_19_28_29_33_34_37_39_41_43_46_47_54_56_57_58_61_62_65_70_71_72_73_77_78_79_81_83_84_88_89_90_95_2_3_5_10_12_13_16_18_19_24_28_39_40_42_51_53_55_57_60_61_62_63_68_73_74_75_81_82_86_90_93_3_4_5_10_11_18_22_33_38_42_43_47_48_51_53_57_60_64_66_72_78_79_82_83_84_85_86_88_89_90_94_95_96_1_3_5_9_15_24_25_26_27_28_38_41_54_58_59_65_69_70_73_74_76_80_82_84_85_86_93_97_1_2_4_6_11_12_13_14_22_24_27_30_34_36_37_40_42_44_48_49_51_54_56_57_61_64_69_71_72_74_75_76_83_84_88_91_96_97_98_0_7_8_9_11_13_20_21_22_29_34_37_38_43_44_46_49_52_59_65_67_73_74_82_84_85_87_93_97_1_3_9_11_12_13_16_19_20_23_25_28_32_33_36_44_45_46_48_61_62_63_64_68_80_85_86_90_94_95_98_1_3_5_6_11_12_15_16_19_20_24_27_29_30_33_37_40_44_45_46_47_49_55_58_60_65_68_69_73_75_79_81_96_97_0_10_11_12_16_20_23_31_32_33_37_38_39_44_55_57_58_63_67_69_71_78_79_80_81_83_86_88_89_91_94_3_4_5_8_12_13_14_15_16_25_26_29_30_41_43_46_47_48_50_63_64_68_69_70_73_76_79_80_81_82_83_84_92_93_95_1_2_6_12_13_22_24_26_30_32_33_35_37_41_46_47_48_49_50_52_55_58_62_68_70_80_81_83_85_87_89_95_96_0_4_11_12_15_16_23_25_26_29_32_35_37_39_50_54_65_71_74_83_85_87_89_91_94_97_0_1_2_6_8_10_12_13_16_17_18_21_23_24_30_31_32_33_35_38_39_43_45_46_52_58_59_61_63_64_65_67_68_71_74_78_85_86_89_91_93_94_96_97_2_8_12_13_14_17_21_22_23_24_25_26_27_30_33_34_35_38_45_46_49_53_60_62_63_69_70_74_82_83_84_85_88_89_95_0_1_3_6_8_14_17_20_22_24_25_28_33_35_42_44_49_50_54_55_56_57_59_60_61_64_66_67_69_80_81_82_83_89_93_94_1_2_10_11_12_18_19_20_22_23_26_33_34_37_39_40_42_44_45_50_51_53_54_56_57_58_59_62_69_76_77_79_80_84_86_89_92_96_98_0_3_6_20_26_30_31_32_36_39_43_44_45_46_47_54_55_58_59_62_66_68_71_73_78_82_84_86_87_89_90_91_93_97_1_3_4_5_10_15_18_21_30_33_34_36_42_43_44_46_48_49_51_52_60_66_67_68_70_72_75_77_80_82_88_89_91_94_3_5_6_9_11_12_14_19_20_24_27_32_36_37_38_40_44_46_52_53_54_55_57_61_62_69_73_75_77_80_82_84_85_87_89_91_92_93_97_0_1_2_11_14_18_25_26_28_33_34_35_38_39_41_44_46_53_54_55_57_62_69_70_72_73_74_83_91_98_0_12_13_23_25_32_34_35_36_38_40_42_43_47_50_52_57_60_61_68_70_75_82_84_93_94_2_3_4_6_8_9_11_15_16_18_19_20_21_22_25_26_27_31_33_37_40_43_47_48_62_63_65_68_69_74_75_78_82_91_98_7_9_11_12_13_16_17_19_27_32_35_37_40_45_48_49_50_55_56_57_58_59_62_64_65_67_68_69_71_73_74_76_77_80_85_86_88_91_93_1_4_5_6_13_24_29_31_33_34_43_50_52_57_58_59_60_63_66_72_73_78_79_80_92_93_94_98_1_2_16_19_20_21_22_27_31_32_36_38_39_41_43_50_56_64_66_68_73_75_80_83_85_86_88_92_95_96_97_3_9_12_13_14_20_21_25_35_36_39_41_42_44_48_51_52_55_58_60_66_68_71_77_78_81_82_84_85_87_95_96_97_98_0_5_7_8_9_10_12_13_14_15_18_19_23_25_27_33_34_37_38_40_44_46_56_57_59_60_64_67_69_72_73_74_77_78_82_84_87_98_1_3_10_11_12_18_23_27_31_33_39_45_46_52_54_60_61_63_71_75_76_80_81_83_86_87_96_0_7_8_9_11_12_15_16_17_18_24_33_40_43_45_47_48_49_51_53_58_62_63_66_69_71_72_76_80_84_87_88_94_95_96_98_0_1_4_10_17_19_21_22_23_26_28_31_35_36_44_45_46_48_49_53_54_56_59_65_67_71_74_75_76_83_88_89_90_91_92_93_94_95_1_4_6_7_11_14_20_21_22_24_29_30_33_34_35_37_43_44_51_52_59_60_61_63_65_70_75_76_78_79_82_83_88_92_94_97_98_1_2_5_7_15_19_20_23_26_27_29_32_34_38_40_46_47_48_49_53_59_60_61_62_64_67_69_73_74_75_79_82_85_87_88_91_93_94_98_0_2_5_7_9_11_14_21_25_27_28_29_30_31_33_36_38_39_43_45_46_50_54_55_60_63_66_67_73_74_76_79_80_83_84_88_90_92_96_7_16_19_21_22_23_26_28_29_31_32_33_35_37_39_40_41_43_46_59_60_61_62_67_71_75_76_78_83_84_85_88_91_94_95_96_0_1_4_6_7_8_9_10_14_18_20_22_25_26_27_29_36_37_38_40_43_53_54_61_66_67_69_71_77_84_85_89_93_0_9_14_16_17_18_19_20_23_25_32_33_36_38_39_46_48_49_53_54_57_58_60_67_68_70_71_76_77_79_83_89_91_92_94_96_98_0_3_5_6_9_12_16_18_21_23_26_27_30_32_33_34_35_39_42_44_45_49_52_55_56_62_64_73_74_94_96_1_2_4_6_7_10_12_13_15_17_18_21_34_35_42_46_47_52_54_55_57_71_72_73_76_77_78_86_87_90_92_95_0_3_4_5_8_9_10_11_13_15_19_20_22_29_30_32_33_34_38_43_44_50_51_59_65_71_74_77_81_82_83_84_87_92_96_98_0_1_2_9_10_12_13_15_16_17_19_22_23_25_27_31_32_33_39_42_47_48_49_51_54_58_59_60_61_62_65_70_72_76_78_88_89_92_96_97_0_2_6_7_9_12_13_14_17_18_21_25_32_33_40_41_42_45_46_50_51_55_60_75_76_81_86_88_89_96_97_2_4_5_10_11_14_15_17_20_21_26_28_33_34_37_38_42_45_47_63_64_65_66_67_68_69_70_74_77_82_84_85_86_0_5_7_9_13_15_18_19_22_26_27_30_31_32_33_39_43_45_46_47_49_53_54_56_57_59_61_62_66_68_70_71_73_77_78_79_81_85_86_87_88_95_97_98_0_2_3_4_5_7_11_13_14_21_23_33_40_42_50_51_55_58_61_71_74_76_82_84_86_88_89_1_4_9_11_12_16_18_19_24_25_27_31_35_36_38_42_43_46_49_52_54_59_64_71_72_73_79_81_82_85_87_89_91_98_6_7_9_13_15_17_28_31_32_33_35_38_40_41_42_44_47_52_53_55_58_60_63_65_67_68_69_70_72_73_74_75_76_79_84_86_87_90_95_0_1_8_11_12_16_17_19_21_24_26_28_32_33_36_42_46_47_49_54_55_56_58_61_62_65_68_69_70_72_75_76_78_84_87_91_96_98_3_5_6_12_17_19_22_24_29_31_34_37_41_45_46_47_48_55_59_60_61_62_63_70_75_77_78_81_89_91_98_1_2_6_9_13_17_18_19_20_22_23_25_27_29_31_32_35_40_41_43_46_53_54_57_59_64_66_70_71_74_78_80_81_89_90_93_94_95_97_0_2_5_6_7_15_18_22_23_28_29_33_42_46_48_50_54_63_64_66_72_79_84_87_88_90_94_98_5_6_8_11_13_16_23_24_25_26_30_31_37_38_39_49_52_53_64_65_69_70_72_76_77_80_81_84_87_88_95_98_6_7_10_11_13_14_19_21_22_23_25_26_29_30_39_45_49_50_51_52_55_58_59_60_61_63_65_68_70_80_84_87_88_89_90_93_96_98_2_4_6_7_11_12_15_17_18_20_23_27_29_32_34_37_46_48_52_53_56_58_61_64_67_70_72_75_79_80_81_82_83_84_88_93_94_95_97_98_0_3_4_8_9_13_14_19_21_22_26_28_34_36_40_42_47_49_50_51_57_59_63_70_72_79_80_86_89_90
