661_-978_238_10_48_-839_-112_-533_-626_-544_-212_-209_-229_-686_612_940_1000_740_-635_198_-625_-948_511_257_505_629_-355_-976_-638_-814_-153_729_-430_677_754_727_-753_-925_899_-971_917_955_-17_588_548_655_-94_-964_618_-242_956_569_303_-700_-952_-539_-636_-86_928_552_-902_228_602_724_290_-720_865_-901_-872_-81_-450_789_36_585_457_791_-529_-742_851_-482_-269_393_531_891_-600_753_-305_254_767_676_-245_-168_-863_-361_131_580_949_596_-627_317_-901_-133_-46_365_-910_-886_460_-141_-835_67_140_271_-846_296_120_352_185_-726_-137_-842_769_530_-824_413_523_-730_-969_-20_-40_307_298_501_-643_-179_-326_505_944_-221_-660_474_-516_-355_-398_884_-287_-88_-590_271_22_11_-794_236_-251_-810_171_329_-528_2_425_472_-241_-70_-9_698_60_150_-409_-87_-36_903_-36_551_-738_-530_-640_346_82_-759_90_-774_466_-561_-414_404_353_146_-428_817_-851_84_-528_-502_386_-234_-692_618_-350_338_88_259_-523_-195_-342_-271_24
0_3_5_7_10_13_19_23_25_27_32_37_41_47_50_50_57_62_69_73_79_84_88_92_96_99_106_111_112_114_116_123_127_132_137_140_146_151_156_157_164_169_172_176_180_184_188_190_198_205
4_10_16_7_19_3_17_17_18_23_13_18_19_2_5_8_10_12_23_9_10_21_24_10_20_3_25_1_6_7_17_18_5_10_14_15_26_5_13_18_21_3_5_6_15_16_24_16_18_23_3_4_9_11_18_21_22_5_12_20_22_26_0_1_4_11_12_16_23_9_14_17_19_2_6_8_11_15_26_4_5_6_9_23_3_7_13_19_11_16_23_25_2_15_16_20_1_6_23_3_4_14_19_23_25_26_1_13_17_25_26_7_17_20_0_13_0_3_4_10_12_17_26_2_3_8_18_0_4_7_20_23_2_15_16_20_22_0_12_17_4_10_12_14_17_22_0_11_13_16_18_13_16_17_18_22_7_5_10_11_17_18_25_26_0_11_15_25_26_1_17_18_3_10_13_18_1_6_13_20_2_12_19_25_3_17_20_21_3_25_0_3_8_9_16_17_18_23_0_1_9_11_13_23_26
