688_654_992_-434_608_924_567_-233_513_53_-574_-848_628_369_-761_-467_-800_580_-445_901_-551_349_-319_-71_-470_-11_865_-214_407_-870_-104_76_450_15_-861_-11_-894_425_280_-282_835_-29_917_-915_-376_-714_-264_-460_-892_-881_43_27_870_-874_83_972_712_-745_237_976_455_695_-338_963_-282_635_-412_336_418_932_480_-973_-193_487_784_-92_-374_106_-501_221_-295_94_207_-13_-982_349_131_336_-941_-996_-902_-590_-985_571_406_746_579_529_986_-90_277_-396_-68_-846_413_-885_-302_-67_-643_805_-807_-124_7_744_-970_592_936_-335_758_-400_-228_-478_248_-136_668_123_941_814_-331_-916_207_-919_-800_-624_-990_-863_720_-956_-920_-615_-282_942_510_989_-175_546_-891_-656_462_-489_-196_619_763_637_-641_-137_-174_-420_-832_-889_-106_-466_-678_241_-385_826_180_681_592_-22_874_-33_621_115_-278_218_-5_284_206_676_-946_-626_968_-861_563_-464_-64_81_292_-572_-585_599_884_-78_778_679_198_-292_217_306_217_-73_15_-740_385_356_-92_-119_-766_-206_-653_939_379_491_-547_776_-407_-238_288_300_536_-40_-482_73_-851_669_795_760_723_-783_247_961_490_867_-116_763_47_625_20_412_921_-822_267_646_-393_639
0_3_6_13_24_30_35_42_45_53_60_66_73_77_84_87_94_100_106_114_120_130_138_144_148_154_158_163_167_172_177_185_189_200_209_218_227_234_237_246
1_4_17_0_8_11_4_5_6_10_14_15_16_1_2_3_5_6_7_8_10_11_13_17_1_2_8_13_14_16_2_3_4_7_17_1_2_8_9_13_15_17_1_7_15_1_2_5_6_8_9_11_17_1_2_3_7_10_12_16_0_2_7_9_10_12_4_5_6_7_11_12_14_0_1_13_16_1_3_5_9_12_14_16_0_3_16_0_3_10_11_14_16_17_1_2_5_6_8_13_1_5_7_13_15_17_2_7_8_10_13_14_15_16_1_4_5_11_13_14_1_2_3_5_10_11_13_14_16_17_1_2_3_9_10_14_15_16_0_5_7_13_15_16_2_10_13_15_2_5_7_8_9_14_0_9_11_15_5_8_12_13_14_3_5_11_15_0_2_4_6_13_0_5_10_11_16_0_2_3_4_10_14_15_17_0_4_7_9_0_1_2_3_4_8_9_10_12_15_17_0_4_10_11_12_13_14_15_17_0_1_3_4_5_6_7_9_17_0_1_3_5_6_11_13_15_16_0_1_4_5_9_11_13_3_7_12_0_2_7_8_13_14_15_16_17
