629_-932_552_844_196_-581_-845_-239_-764_547_371_-627_-284_-630_288_-306_756
0_1_1_2_3_3_3_3_3_4_4_4_4_4_4_4_4_5_5_6_6_6_6_6_6_6_6_6_6_6_7_7_7_7_8_8_8_8_8_9_9_9_9_9_9_9_10_10_10_10_10_10_10_10_10_10_10_11_11_12_12_13_13_13_13_13_13_14_14_15_15_16_16_16_16_17
0_3_1_2_2_1_3_3_3_3_0_2_0_0_2_3_0
