-876_19_598_581_864_592_426_362_986_-984_-901_-233_742
0_3_5_5_8_13
2_13_26_9_20_10_20_22_8_13_15_16_21
