-663_-459_541_-8_-326_87_-377_-94_-707_71_-95_484_415_-787_-79_-144_421_-263_749_395_54_760_-765_-348_150_-503_-478_-37_-569_-565_995_402_-731_187_800_-427_-179_18_-644_-392_-95_488_-369_-7_-53_790_703_-103_-133_-82_-277_-831_584_668_221_149_-540_-189_-716_-688_-203_477_-449_588_-723_-123_274_-842_-199_162_177_-888_669_665_-63_892_287_-212_135_-475_-359_664_-305_478_-694_473_616_-635_-512_541_520_-171_425_888_893_498_-582_-297_415_370_-98_-335_153_-412_166_189_865_-756_158_458_340_69_101_722_-8_-607_-80_-816_209_968_353_973_-280_375_549_519_-576_-908_-434_902_714_590_577_903_-923_936_372_-545_-32_-177_-261_943_623_965_-78_449_-47_-315_980_312_-811_-544_856_724_-769_-830_215_-778_155_165_618_791_514_-431_253_119_-38_-88_453_737_524_-966_169_-618_47_883_975_863_-878_-843_-236_447_538_606_28_-376_-993_414_-309
0_16_45_70_87_115_138_162_189
3_7_8_19_22_27_33_43_50_51_54_57_76_82_90_91_0_4_8_10_12_18_19_20_24_26_29_33_34_35_37_42_48_50_55_58_64_67_75_77_78_80_83_85_91_0_2_4_6_13_14_22_23_27_29_31_38_45_54_56_60_62_65_66_71_73_76_77_89_91_0_6_20_22_23_31_34_49_63_64_72_78_81_83_85_87_88_0_2_3_8_10_12_14_20_25_27_32_39_42_44_45_49_50_51_53_56_58_71_72_75_77_80_87_92_0_5_7_9_12_17_19_25_26_30_33_38_40_41_42_44_46_51_53_58_63_79_91_3_4_5_11_13_20_28_29_35_42_45_47_54_58_67_68_70_72_75_77_83_85_89_92_0_3_14_19_20_26_32_34_35_38_41_42_43_45_51_52_53_54_59_62_65_66_69_70_80_86_91
