3781
3787
3793
3799
3805
3811
3817
3823
3829
3835
3841
3847
3853
3859
3865
3871
3877
3883
3889
3895
3901
3907
3913
3919
3925
3931
3937
3943
3949
3955
3961
3967
3973
3979
3985
3991
3997
4003
4009
4015
4021
4027
4033
4039
4045
4051
4057
4063
4069
4075
4081
4087
4093
