101111111100111111111110010011001000101011100101001010111100101110101001100111101101010011110110010000010101101010110011111001101111
<h>
<h>
<T8myNosrpUIPSbZ0n1iZTuYuH4ry5xAKnYZky5QycnIMnbf2>
<F_Sw6ffbo7jtL_WbTOHsT_bY_Hp9GFHPELMKlZkaFriPR3EB3wzzIkFugZnGeLYqanahrozxk>
<IcmX9tCOlpvzHX4FNQhXlFviI8e8aVFBbIv_5SF3qs4b4964Xfkh>
<u9XQ3qGDONkYFCoI4vfUMIMBETnWaZsmufRTCNzLl1VhsmOpiW_oZDDLJK2ePFoz0JwbZoPXXLVLafR8MDZu_m>
<bdWgEh9QJ4zZoymiDvxGWD7boTJnC_om7twPj8d9eBrsgmBSilRAxaPBFbds7NE>
<7A6G0uGOUnEBOJWFaXPbqiIeAPcBv1dhDiOFfrWSp8eyflWy2wjlKc0abu77QTNQkhjxc8jVHmU6l05gVQLPlGLNR290Sy>
<JCPOFJycFQUwbeVyip91OAWDkbJybRcljd0SAw5SRNbIC4ZsuUTtzkjbDm51lYbqqvequDE3uM>
<X23Uz2N81bge9RfT9nlOht8qnJaki8PwZOIEUHVCCi11nLsM74Zz8pzSDOFRxAhCWYhE0lxIGRtbqU1z7lz>
<u9XQ3qGDONkYFCoI4vfUMIMBETnWaZsmufRTCNzLl1VhsmOpiW_oZDDLJK2ePFoz0JwbZoPXXLVLafR8MDZu_m>
<h>
<uPCxq779DfByvTC8OqqfjDglkVDMnip0NgaR_RJGbSmF8n_90C9ScSLTbMLfZrWA_oJhGm1ewIz44oeRe4wtglV>
<70gc1VsBcbGoVAMovpVqbp7cgPjcak43A9otJ>
<VtwmDc08BORJ5EPyZOfiTgFidSCiBsEHzZYUTgKYYT5ZUVgo4_lluSCr8ABiHRtnun>
<eCyp7prY>
<tY_XPDtfFqiVyE7el4mD_HQa1tAwT9w48uZhDHsq3l6DDymxCEy48I3ET96IP0J4Xn_sDgBZYjNkRMowMbz8l2L5d6sq>
<bLVy6ELqRC_bRKV1JYPEvEG>
<tMKXo0wrR1gakt2RkUE7lWZv22fUxv8ngbLJFhK5152aUqhR5kJkDRoRPCdRyswYe9mWfoajTtWjOmXvu>
<e8ZD6L3qLmCmNRJ8LNJXf6FyowMelYXzYdJvqlGEsvqS82qB6z1M0rNSZslz6G1a>
<hyxak6yJDW9a5L3bVashgeBTHyjOhCxOkgmFIQ0RiKFt4CojPzuELJQpcg>
<TmYfOL7nEUa3Ox>
<T>
<X23Uz2N81bge9RfT9nlOht8qnJaki8PwZOIEUHVCCi11nLsM74Zz8pzSDOFRxAhCWYhE0lxIGRtbqU1z7lz>
<h>
<eymY_cMBo1L>
<eymY_cMBo1L>
<eymY_cMBo1L>
<vMd51XGS7v5AJpbnm8Bd5RKGCohPM1if988wdwcgUD1zsFJSW53fTLIGUltAjdGX7veSjO1Ewil_epUlI>
<JyW1Ju48PmpJKcvQQEMalzLQcbvJVkL3xeHJgNsjSmtKCoaXbeLr2HvltH>
<TmYfOL7nEUa3Ox>
<X23Uz2N81bge9RfT9nlOht8qnJaki8PwZOIEUHVCCi11nLsM74Zz8pzSDOFRxAhCWYhE0lxIGRtbqU1z7lz>
<ldGGgZ7ek9WRgX4O6N9dCuc4mRDwz_o1mwDTGLp73EASxxuNfLT7N38r1QmLiSzcUhpUwR2>
<tMKXo0wrR1gakt2RkUE7lWZv22fUxv8ngbLJFhK5152aUqhR5kJkDRoRPCdRyswYe9mWfoajTtWjOmXvu>
<X23Uz2N81bge9RfT9nlOht8qnJaki8PwZOIEUHVCCi11nLsM74Zz8pzSDOFRxAhCWYhE0lxIGRtbqU1z7lz>
<h>
<AkBSvwHTjL2yiqzOBdH18CvTAn8DQF20F5YRdc43Dcyw6LfOmqNjrtltswriaMXp9_lWHfQXai4ulF8aAwPBIHY0ruTvio>
<u9XQ3qGDONkYFCoI4vfUMIMBETnWaZsmufRTCNzLl1VhsmOpiW_oZDDLJK2ePFoz0JwbZoPXXLVLafR8MDZu_m>
<8w5ZmaP1FouzTFd>
<eymY_cMBo1L>
<ZQZTUK8TqBz4aUwN6axWdmmzinyY8FjqAX_qXr0GLaZEwvXKdlkaPYuIoGEOkLiY5Zutg5d9CN50CcGpI>
<yNy_JucN74fEherTfaszv4mqhVuCOur027HnI>
<Q2KIzOLP8_4ZexWq08j2g3KoV5ylowwgYgDtLIg92sRnYI6AWeFm3dQ8vOKX9D1vcbySlxy>
<h>
<u9XQ3qGDONkYFCoI4vfUMIMBETnWaZsmufRTCNzLl1VhsmOpiW_oZDDLJK2ePFoz0JwbZoPXXLVLafR8MDZu_m>
<CAHiaJ4TuRsCHXVnPSkeOS9rpxhC050CN1W_IZ5Rfpzx1jLOLASSN_Mto_34>
<TmYfOL7nEUa3Ox>
<7l_RiA8JdZIa88VYJvx85FV9s0_FCXR9smZNeQjYMhcFBVfxtBeA9G88mVHMEtUMj5sjO6fB3UEnANzhWPkX4PAEW6q>
<ZQZTUK8TqBz4aUwN6axWdmmzinyY8FjqAX_qXr0GLaZEwvXKdlkaPYuIoGEOkLiY5Zutg5d9CN50CcGpI>
<7A6G0uGOUnEBOJWFaXPbqiIeAPcBv1dhDiOFfrWSp8eyflWy2wjlKc0abu77QTNQkhjxc8jVHmU6l05gVQLPlGLNR290Sy>
<ilCR613zE>
<X23Uz2N81bge9RfT9nlOht8qnJaki8PwZOIEUHVCCi11nLsM74Zz8pzSDOFRxAhCWYhE0lxIGRtbqU1z7lz>
<DCU0qq_oVBWFQcvv>
<7A6G0uGOUnEBOJWFaXPbqiIeAPcBv1dhDiOFfrWSp8eyflWy2wjlKc0abu77QTNQkhjxc8jVHmU6l05gVQLPlGLNR290Sy>
<OXdchKfnEVFxDh_4zzqHLw39ErRYdJuKun9CW69>
<p7YjD42it1qyWPq_Gfi0Trc3BHmXfAp5yKt0u_INrKh8lYs3i7_m_l69GLcpTaa>
<TAzeKgQPCbp0fVBV7ti61zBgGZdTgU2_q6QAEaVEWXq6IOAjOSwGroHlyIFMg23l_2BjoRMdpKrn>
<wxCD7lRN20>
<X23Uz2N81bge9RfT9nlOht8qnJaki8PwZOIEUHVCCi11nLsM74Zz8pzSDOFRxAhCWYhE0lxIGRtbqU1z7lz>
<ZQZTUK8TqBz4aUwN6axWdmmzinyY8FjqAX_qXr0GLaZEwvXKdlkaPYuIoGEOkLiY5Zutg5d9CN50CcGpI>
<e5iPYZERdSm_mUO6bAc9negwPzUM22o4GYEh6WeRR2lFQMQJahhjZxraR2Bod4>
<7l_RiA8JdZIa88VYJvx85FV9s0_FCXR9smZNeQjYMhcFBVfxtBeA9G88mVHMEtUMj5sjO6fB3UEnANzhWPkX4PAEW6q>
<GcnytSRU0IEt86hRsNbbyv841kqRbo6PrWhCq_gASYPuj>
<I8RGKN8lBPlymWMQdHBAT0mj2cZCM7jeah1e7sm6QNOuvp4ZKd0cKgqPrqr_UBbtdXNCez5mNf77eRhxB>
<Gy6VIwK5NQJdudPAdb8Rdmrzh9Ib_1aCsE69KAdKnXEs5qZrFkXyiOEID>
<hyxak6yJDW9a5L3bVashgeBTHyjOhCxOkgmFIQ0RiKFt4CojPzuELJQpcg>
<SHVG495LThfibJjZrHAdMWoJD_lxOHhRTFyaQyaEcvNbLNorhCAlNrVq53WGgKdWcQZ0yZPJLCg7WQ9q6CnjJk>
<TmYfOL7nEUa3Ox>
<iN1M1zA1rVLNlpYIGk09fg3h0yMDLJd16thSYoamcev_WKoK1endUQNGw>
<Q2KIzOLP8_4ZexWq08j2g3KoV5ylowwgYgDtLIg92sRnYI6AWeFm3dQ8vOKX9D1vcbySlxy>
<7l_RiA8JdZIa88VYJvx85FV9s0_FCXR9smZNeQjYMhcFBVfxtBeA9G88mVHMEtUMj5sjO6fB3UEnANzhWPkX4PAEW6q>
<K_TKNPC7zv3FMD36BZqiPTzf1omeIo1zkCHzZOuYqtxdEgG_Tut>
<3m5DjURe8KtVyZ3D6yBLItvLbjmfutS2RJD2ICHdb4owB6sD_maxB0jbSgI>
<SHVG495LThfibJjZrHAdMWoJD_lxOHhRTFyaQyaEcvNbLNorhCAlNrVq53WGgKdWcQZ0yZPJLCg7WQ9q6CnjJk>
<TmYfOL7nEUa3Ox>
<iLiKG2xcU9GTRvOINrYfZzm4jcG86UigWN>
<4j8>
<mrZFkbyJla>
<ReDv6txLRN4yBffjHIHJN3kjJRJHj5Qte269f24K51ptzEspuM8zFD28SBStyiCRnkLAA>
<ZQZTUK8TqBz4aUwN6axWdmmzinyY8FjqAX_qXr0GLaZEwvXKdlkaPYuIoGEOkLiY5Zutg5d9CN50CcGpI>
<3UdtAR0O8Jug>
<WteF>
<X23Uz2N81bge9RfT9nlOht8qnJaki8PwZOIEUHVCCi11nLsM74Zz8pzSDOFRxAhCWYhE0lxIGRtbqU1z7lz>
<RNIigG>
<TmYfOL7nEUa3Ox>
<GwrN6ewM3zReaxP2u_EBwjmMuiaIIOiz1SdPDvffbrp0tvTYwXT7E5U7pQU7kUITGkDdG1rS>
<3m5DjURe8KtVyZ3D6yBLItvLbjmfutS2RJD2ICHdb4owB6sD_maxB0jbSgI>
<X23Uz2N81bge9RfT9nlOht8qnJaki8PwZOIEUHVCCi11nLsM74Zz8pzSDOFRxAhCWYhE0lxIGRtbqU1z7lz>
<dNVi60wnplpcSk7A4L6jGMQHX_KI_rxPKSToBrGR1p>
<TxLuRd7s2JB0k5ZDmMUnvpzM6dP2WD7PEq1CAdjX_tEZRvYNLo>
<1rw2TepRjRS1Jh8NlDghKXuSppkHEqDeUSTehqjvRoeghWr8SivgTiYrnhCIvxC>
<OTQ9pecgrtm4kxXPnpDI34B6lIYAqZUMpefu001lwsjWORhUfy>
<hyxak6yJDW9a5L3bVashgeBTHyjOhCxOkgmFIQ0RiKFt4CojPzuELJQpcg>
<S00mb2WeNN5SBrwpBhGiPnR0X4X4GHiAnYzcC9XAmLBWJCC0e0zzo6D67CfoV69eHsvkrOSiSssxznw8Jt9hIJwTB0uht>
<d4mPsybPHP3910O0WCo0NE682B4rOLd8YfDxZJLRhKy0F4oJyt3bBFAohzhq_OUehoOaxKphAqEvt06z74Gh5zUjyoDkXH7Bls>
<TmYfOL7nEUa3Ox>
<GwrN6ewM3zReaxP2u_EBwjmMuiaIIOiz1SdPDvffbrp0tvTYwXT7E5U7pQU7kUITGkDdG1rS>
<2uVxSCAC9shtZj7cWFyQGIh0ZXQ2Dyi6aIEzjZulUSsEDKU7A4fCLq6joC8DbDIAayeRaGMnRrrvpITqA59G_hRIfI3Dxn>
<ZQZTUK8TqBz4aUwN6axWdmmzinyY8FjqAX_qXr0GLaZEwvXKdlkaPYuIoGEOkLiY5Zutg5d9CN50CcGpI>
<X23Uz2N81bge9RfT9nlOht8qnJaki8PwZOIEUHVCCi11nLsM74Zz8pzSDOFRxAhCWYhE0lxIGRtbqU1z7lz>
<X23Uz2N81bge9RfT9nlOht8qnJaki8PwZOIEUHVCCi11nLsM74Zz8pzSDOFRxAhCWYhE0lxIGRtbqU1z7lz>
<TmYfOL7nEUa3Ox>
<h>
<v7NgoWcNZ8RWbo6gghTogc8ZSzw_GCnDjRHZva_06dDk8A8HZvpRpuAPlkvgO2i5Kutf2eJr01lsE3nFhiejBlQ>
<vMd51XGS7v5AJpbnm8Bd5RKGCohPM1if988wdwcgUD1zsFJSW53fTLIGUltAjdGX7veSjO1Ewil_epUlI>
<vrMz4lAzQvz2jQnM>
<Gy6VIwK5NQJdudPAdb8Rdmrzh9Ib_1aCsE69KAdKnXEs5qZrFkXyiOEID>
<XQ58f9kVZamnYZP0KC>
<AqqbEDVTNMysSkZZfDfepRccvNb>
<eymY_cMBo1L>
<RXPrqtHpbnWO2gsHxrXuEzh7D4zBoPL_bYSE1PJQc71unzlH2YMxlkWkNZhgEeYlpygzTYKNRUIzMhjxq>
<eymY_cMBo1L>
<ddRpmrihevihdr_k9qk16mMokGKBR9rbqvmy0GvWa>
<JCPOFJycFQUwbeVyip91OAWDkbJybRcljd0SAw5SRNbIC4ZsuUTtzkjbDm51lYbqqvequDE3uM>
<Os4gnfskyNLAVnuxffOc88VzNi0HLDSzHDIIoxUAmeNYhbFVkD_f8udfoqXFJO0qMuHiQR8HRA9miRS3E1s2oyxLFyaOrmJ>
<8dk0q86Mc9AsklL55GDPYqbUT63uS0qB4q8kTpA1_02KbaVW>
<SHVG495LThfibJjZrHAdMWoJD_lxOHhRTFyaQyaEcvNbLNorhCAlNrVq53WGgKdWcQZ0yZPJLCg7WQ9q6CnjJk>
<Gy6VIwK5NQJdudPAdb8Rdmrzh9Ib_1aCsE69KAdKnXEs5qZrFkXyiOEID>
<PpcZhlP7HojBontugaS53Aw_r_k7ADf1DdNEON5OqpEV51s2qcUx8dmQV>
<UqM_9tR4y5XFwaK2uFn2hXxEyLsEoFYMPfQPh3sSDnh9ISdgD9VIpPM1k4elGWEaNbOnO0_Kvl4i_3Sp589Mq9UYXe5RJ>
<rGyDrSwdfH3It4N8UhtuqNH4UWO871CDIyZ309A1o7s_d>
<rT8q91JauORIl4hL485LEgP2lCwvjHCufa3E66_FagUl2E2wK8TdNFm14gAvwr7V20CpBuplX33F4VkJc7XcvYi>
<a7jNSwwgwsSjCHbPMGg5UM7kvaLHYwMDrbmEFJ8JrGilDMEamTKzS31ooU_4AYtbnqbce6VXr2ZRJ>
<p7YjD42it1qyWPq_Gfi0Trc3BHmXfAp5yKt0u_INrKh8lYs3i7_m_l69GLcpTaa>
<Gy6VIwK5NQJdudPAdb8Rdmrzh9Ib_1aCsE69KAdKnXEs5qZrFkXyiOEID>
<zEFkPH9F5mIp8pPIKlCE6Pau9E0k7UYZLa0GvR7sIiv3LmvXEzfGKFC8ZLCmVONmGPL6OMITd>
<91dsUjZqTiZhHMHPzVLr2ZjC1dcP1eXD7QXil2cLngMk5uK>
<eymY_cMBo1L>
<XsWlNstBJca1MBY6iX4ffGrhbNYuW5W0a0WII1Kujq>
<5JTclGqBw34ITUiPZuwjqf430H40nPPLWr0CGaB4RhMDrouYzBjNiatqbLrfrMPmzkh0gnFD_ClOcXmtU>
<3bIn8JQ3UipXXjBLzbrkELKcDAKKf_0S4>
<O9n1rcyWV22IVNT0VbKFZjppUImxZNi9AqWBMentersFdbs6MHPPsWgtLUnEFwJHSF2I2wY8e>
-----
