11010000010110100011011010011001001000000100000010010011000100111001010101011001001011001000100110010010011011001110000011001001110000000011111001100000011101110010001101001110000111000001010011010110100100000000010100100111000011000
<45LSevGhHJOheU4bYS56u6WYjNrt94SkmC7lfn_cJFhI9_lljqheamuOCYRTEjS5oCE0Q9oV1PuJna_>
<v9SrJbHm0xyjpClU3OtFz_sKNjEgn78V>
<45LSevGhHJOheU4bYS56u6WYjNrt94SkmC7lfn_cJFhI9_lljqheamuOCYRTEjS5oCE0Q9oV1PuJna_>
<MCmfdHVJ3a78v6NPdl2JdSwAKXbI1ZIlOntqkMBsd6AubsxhnwEDOwoPzILhtL2EXbVxerGL6gG8kQSz>
<45LSevGhHJOheU4bYS56u6WYjNrt94SkmC7lfn_cJFhI9_lljqheamuOCYRTEjS5oCE0Q9oV1PuJna_>
<45LSevGhHJOheU4bYS56u6WYjNrt94SkmC7lfn_cJFhI9_lljqheamuOCYRTEjS5oCE0Q9oV1PuJna_>
<MCmfdHVJ3a78v6NPdl2JdSwAKXbI1ZIlOntqkMBsd6AubsxhnwEDOwoPzILhtL2EXbVxerGL6gG8kQSz>
<45LSevGhHJOheU4bYS56u6WYjNrt94SkmC7lfn_cJFhI9_lljqheamuOCYRTEjS5oCE0Q9oV1PuJna_>
<45LSevGhHJOheU4bYS56u6WYjNrt94SkmC7lfn_cJFhI9_lljqheamuOCYRTEjS5oCE0Q9oV1PuJna_>
<Jg1bMJP0AZOKnnl4vbI7Xzrwbl2F3EVt_ews0m8QieBX68LowkjHonG9o5>
<MCmfdHVJ3a78v6NPdl2JdSwAKXbI1ZIlOntqkMBsd6AubsxhnwEDOwoPzILhtL2EXbVxerGL6gG8kQSz>
<AJH9CouuQfNLCIs8cK>
<SQWNc3PzGEt2LNJ8szh9SlrJKLqjOs089pNQms0zDCaT6nSfRZHr2AMYJzPOhqfBCznNL32Xxr>
<MCmfdHVJ3a78v6NPdl2JdSwAKXbI1ZIlOntqkMBsd6AubsxhnwEDOwoPzILhtL2EXbVxerGL6gG8kQSz>
<fNqdlTIHu8EIqSNH9yayDBmfoxG9XA0VW6m1fhrLBX1TajuWL4UYNPx6XLIXIRuPqmteAl9khb0bH9_EWAXsZMgJGHcbrGl8Up7M>
<Jg1bMJP0AZOKnnl4vbI7Xzrwbl2F3EVt_ews0m8QieBX68LowkjHonG9o5>
<AJH9CouuQfNLCIs8cK>
<MCmfdHVJ3a78v6NPdl2JdSwAKXbI1ZIlOntqkMBsd6AubsxhnwEDOwoPzILhtL2EXbVxerGL6gG8kQSz>
<6qD8S2j80XfcChqKQNklgEWIgcnIF8bsX4cTXOZZEAXhgB1Xkui6WrLVYPCbRHgooK_iZ8ASSy>
<yb3bGMaJl5P1Nat50ziml4UXvOORKIh0RnlXOvvlAe760AwH4yaSkw6Fcd6I_au9crksimMCVLwpIBFLItvnja>
<45LSevGhHJOheU4bYS56u6WYjNrt94SkmC7lfn_cJFhI9_lljqheamuOCYRTEjS5oCE0Q9oV1PuJna_>
<pdO1CayyVun1>
<ijC1JjXZJcEsHZt_cW7X56Grf1UpxUp0C7EhDaVqS0z_IxBigxLnAm299>
<45LSevGhHJOheU4bYS56u6WYjNrt94SkmC7lfn_cJFhI9_lljqheamuOCYRTEjS5oCE0Q9oV1PuJna_>
<SXyPuuz87ie0FzgfbcrSpaIQ4oTVW5Mx>
<SQWNc3PzGEt2LNJ8szh9SlrJKLqjOs089pNQms0zDCaT6nSfRZHr2AMYJzPOhqfBCznNL32Xxr>
<MCmfdHVJ3a78v6NPdl2JdSwAKXbI1ZIlOntqkMBsd6AubsxhnwEDOwoPzILhtL2EXbVxerGL6gG8kQSz>
<3qs8rr>
<IsAAP8FpY1JXSGlyHqa6utQj9JVRad0e2hu5UboIqMaMJ7LdR86s9dEGXpWshoEGWSv0hwECMrA49hfs>
<Jg1bMJP0AZOKnnl4vbI7Xzrwbl2F3EVt_ews0m8QieBX68LowkjHonG9o5>
<AJH9CouuQfNLCIs8cK>
<KsRFnMP8jZh97czcQcKI0gbfHQPrZEmLs5TfIrPUbGAuO9CYSIaFiTBhK5f_X4rxl1CP3BP0Lj5FjKjWgv>
<45LSevGhHJOheU4bYS56u6WYjNrt94SkmC7lfn_cJFhI9_lljqheamuOCYRTEjS5oCE0Q9oV1PuJna_>
<45LSevGhHJOheU4bYS56u6WYjNrt94SkmC7lfn_cJFhI9_lljqheamuOCYRTEjS5oCE0Q9oV1PuJna_>
<L5UjH6_Bg7n_VGPz9uQGiQWlx68DwKeOFnbFkszvuy92d3H>
<yb3bGMaJl5P1Nat50ziml4UXvOORKIh0RnlXOvvlAe760AwH4yaSkw6Fcd6I_au9crksimMCVLwpIBFLItvnja>
<6qD8S2j80XfcChqKQNklgEWIgcnIF8bsX4cTXOZZEAXhgB1Xkui6WrLVYPCbRHgooK_iZ8ASSy>
<Jg1bMJP0AZOKnnl4vbI7Xzrwbl2F3EVt_ews0m8QieBX68LowkjHonG9o5>
<yb3bGMaJl5P1Nat50ziml4UXvOORKIh0RnlXOvvlAe760AwH4yaSkw6Fcd6I_au9crksimMCVLwpIBFLItvnja>
<ijC1JjXZJcEsHZt_cW7X56Grf1UpxUp0C7EhDaVqS0z_IxBigxLnAm299>
<45LSevGhHJOheU4bYS56u6WYjNrt94SkmC7lfn_cJFhI9_lljqheamuOCYRTEjS5oCE0Q9oV1PuJna_>
<YVsnaUlwiPgk3m14IPB24FT0iz2MrP1XfFxuFuVykNBzlMIKCQAThR2njp>
<45LSevGhHJOheU4bYS56u6WYjNrt94SkmC7lfn_cJFhI9_lljqheamuOCYRTEjS5oCE0Q9oV1PuJna_>
<SQWNc3PzGEt2LNJ8szh9SlrJKLqjOs089pNQms0zDCaT6nSfRZHr2AMYJzPOhqfBCznNL32Xxr>
<yb3bGMaJl5P1Nat50ziml4UXvOORKIh0RnlXOvvlAe760AwH4yaSkw6Fcd6I_au9crksimMCVLwpIBFLItvnja>
<45LSevGhHJOheU4bYS56u6WYjNrt94SkmC7lfn_cJFhI9_lljqheamuOCYRTEjS5oCE0Q9oV1PuJna_>
<ijC1JjXZJcEsHZt_cW7X56Grf1UpxUp0C7EhDaVqS0z_IxBigxLnAm299>
<6qD8S2j80XfcChqKQNklgEWIgcnIF8bsX4cTXOZZEAXhgB1Xkui6WrLVYPCbRHgooK_iZ8ASSy>
<aSrrBL5GCEfM14A77Dzz6YtX4k>
<Jg1bMJP0AZOKnnl4vbI7Xzrwbl2F3EVt_ews0m8QieBX68LowkjHonG9o5>
<ijC1JjXZJcEsHZt_cW7X56Grf1UpxUp0C7EhDaVqS0z_IxBigxLnAm299>
<q8KdzHqTIF5lGMtNa>
<ijC1JjXZJcEsHZt_cW7X56Grf1UpxUp0C7EhDaVqS0z_IxBigxLnAm299>
<6qD8S2j80XfcChqKQNklgEWIgcnIF8bsX4cTXOZZEAXhgB1Xkui6WrLVYPCbRHgooK_iZ8ASSy>
<GMDdWVw5tB8l5suGPcrkfrHmch90SXSyO1XrVG2zgBOSfX9ACsnjTMfC8fW6jy5uGqT5f>
<1b9UymDLsUijC92WFM7wAtOWTV9>
<1b9UymDLsUijC92WFM7wAtOWTV9>
<AJH9CouuQfNLCIs8cK>
<AJH9CouuQfNLCIs8cK>
<iyYLNSmctdJcGQl3U15A4rIXFEVbfIxJsqqFh1B6PWC8P>
<SQWNc3PzGEt2LNJ8szh9SlrJKLqjOs089pNQms0zDCaT6nSfRZHr2AMYJzPOhqfBCznNL32Xxr>
<q8KdzHqTIF5lGMtNa>
<twZHU9fp2mwSZKcapFwIs7JiJmu_5aFICHcLzaIc0XstMsiAS8k9grXFv>
<xkjIC>
<M3n6qPEPh3EjV0uuKMDIhEQuRapQ7bzQEV3>
<ijC1JjXZJcEsHZt_cW7X56Grf1UpxUp0C7EhDaVqS0z_IxBigxLnAm299>
<MCmfdHVJ3a78v6NPdl2JdSwAKXbI1ZIlOntqkMBsd6AubsxhnwEDOwoPzILhtL2EXbVxerGL6gG8kQSz>
<Bz8AOTGFSFJHf6qRtXRW9EvAuxd9sX8o1j_wAuQ9C4H5aextru7Hc5AfoMAObNP77ENbUpttWZKkp5DWtVuAsUB38yyw6BS>
<AJH9CouuQfNLCIs8cK>
<WGumtsm9ga3b>
<MCmfdHVJ3a78v6NPdl2JdSwAKXbI1ZIlOntqkMBsd6AubsxhnwEDOwoPzILhtL2EXbVxerGL6gG8kQSz>
<uglXz2MXosFfkTqA38>
<45LSevGhHJOheU4bYS56u6WYjNrt94SkmC7lfn_cJFhI9_lljqheamuOCYRTEjS5oCE0Q9oV1PuJna_>
<q2iG0ALHcJX1rq9DGDHxjyjBeAQPvFOS8bTJT8U3xC>
<Bz8AOTGFSFJHf6qRtXRW9EvAuxd9sX8o1j_wAuQ9C4H5aextru7Hc5AfoMAObNP77ENbUpttWZKkp5DWtVuAsUB38yyw6BS>
<HWwFjXt6oE_eMpHE5N_4CrLnKJ4XkhstTjlt0itfO5gydgJdrj8BpnAMFSYSeUaEhQJ2q57I2hNYjXGRpvPvyTDcV3o8>
<AAyrTYtNp2qX8pvAVFKp42CsFJ>
<yb3bGMaJl5P1Nat50ziml4UXvOORKIh0RnlXOvvlAe760AwH4yaSkw6Fcd6I_au9crksimMCVLwpIBFLItvnja>
<SQWNc3PzGEt2LNJ8szh9SlrJKLqjOs089pNQms0zDCaT6nSfRZHr2AMYJzPOhqfBCznNL32Xxr>
<iv6xzcJBNNMb6Uw9gSUFLZN4_qWDkXnp9J4XpTsmbNW>
<iv6xzcJBNNMb6Uw9gSUFLZN4_qWDkXnp9J4XpTsmbNW>
<q8KdzHqTIF5lGMtNa>
<nzG__z9miqQYs4caPEoZduSzZsqNk3KJ5iCbafYmjOb8tdK_EZrlQ4MhrSzmp2C7Y1TWl4sIH9mUvtoFdljOEsim1R5evqBdA>
<45LSevGhHJOheU4bYS56u6WYjNrt94SkmC7lfn_cJFhI9_lljqheamuOCYRTEjS5oCE0Q9oV1PuJna_>
<rdPSb0VC1iDpRoUg3GLRMrQCBoRVzJJH2kXQoybqI3eAqoB7UURJle5Uv>
<sOb_Ot3zOJdbH4c2EODK64gk5sFqxV4rKZfSqxE4fPqMoIILzgCSEmgYtF4DK7LFajbt2Y5N>
<1b9UymDLsUijC92WFM7wAtOWTV9>
<6qD8S2j80XfcChqKQNklgEWIgcnIF8bsX4cTXOZZEAXhgB1Xkui6WrLVYPCbRHgooK_iZ8ASSy>
<B_rogyyx9AVqiP3eOPtolNN2VysBOt87gRFmLW17WeV0RaVS>
<Jg1bMJP0AZOKnnl4vbI7Xzrwbl2F3EVt_ews0m8QieBX68LowkjHonG9o5>
<yb3bGMaJl5P1Nat50ziml4UXvOORKIh0RnlXOvvlAe760AwH4yaSkw6Fcd6I_au9crksimMCVLwpIBFLItvnja>
<iyYLNSmctdJcGQl3U15A4rIXFEVbfIxJsqqFh1B6PWC8P>
<ZNGyYzgC0jtZfsLd9OCepSIjwCDTDvA8riwnvCQEA5PDW0jKjQfo95CD5eBXM4IHriDW3RvakrGuJ4b7E6DKslmNN2Oy2l>
<YVsnaUlwiPgk3m14IPB24FT0iz2MrP1XfFxuFuVykNBzlMIKCQAThR2njp>
<ijC1JjXZJcEsHZt_cW7X56Grf1UpxUp0C7EhDaVqS0z_IxBigxLnAm299>
<ihZVDPCUEDXBJgcE2l7GTLQxg6r_EPftf6orDkjJAOw7RrTxj7r>
<wNzt0J5B9fC6qVMfJ3uWoj317oqC_fUM5Nj7WJb3cMexrTX>
<yb3bGMaJl5P1Nat50ziml4UXvOORKIh0RnlXOvvlAe760AwH4yaSkw6Fcd6I_au9crksimMCVLwpIBFLItvnja>
<Jg1bMJP0AZOKnnl4vbI7Xzrwbl2F3EVt_ews0m8QieBX68LowkjHonG9o5>
<OkkWqgnNQZjpDQdw44UwoafIPm1z4R05ShUpXIf_36rgu0ulU9FUfw94ox4bTmUPL1dJVCWM>
<ijC1JjXZJcEsHZt_cW7X56Grf1UpxUp0C7EhDaVqS0z_IxBigxLnAm299>
<SQWNc3PzGEt2LNJ8szh9SlrJKLqjOs089pNQms0zDCaT6nSfRZHr2AMYJzPOhqfBCznNL32Xxr>
<s0RSOBoIVXgT0wAQphgYlIqIboPDlrdgzG4pfFPO>
<AJH9CouuQfNLCIs8cK>
<ZNGyYzgC0jtZfsLd9OCepSIjwCDTDvA8riwnvCQEA5PDW0jKjQfo95CD5eBXM4IHriDW3RvakrGuJ4b7E6DKslmNN2Oy2l>
<ghw>
<MAgB5Hmg0MVsbHyHeH90NUIVjWUqGNMtrMqH22bW3UrI_0geciCSKpip9_7nRTjE8a4dUQvNiughloj54e85uuw2eeC>
<yb3bGMaJl5P1Nat50ziml4UXvOORKIh0RnlXOvvlAe760AwH4yaSkw6Fcd6I_au9crksimMCVLwpIBFLItvnja>
<xlwVxykOTYIsd3rOLLq_wcVlmzkDKFMp1NsQmrLxYIj7FIiBCmULt3oXg05CB>
<qXLNQ53OS2oeDnOkoeYNxYBanxA0GptW5zXVtyk0SC3KRW8FwTDEIctyLmncvViSU>
<yb3bGMaJl5P1Nat50ziml4UXvOORKIh0RnlXOvvlAe760AwH4yaSkw6Fcd6I_au9crksimMCVLwpIBFLItvnja>
<yb3bGMaJl5P1Nat50ziml4UXvOORKIh0RnlXOvvlAe760AwH4yaSkw6Fcd6I_au9crksimMCVLwpIBFLItvnja>
<_Swun5MweAFNSErXz7nnLXvF7vCqAhwz32Dc3rD5>
<GonQ4bzE7rVdSt>
<2BAu_Z29qXZQXdJgDD3HG7q7Eie7mAt2_1OJQfIalmXM83blctR7tVAXlvMAtPUTq2XnucKi2F_JA_L>
<ihZVDPCUEDXBJgcE2l7GTLQxg6r_EPftf6orDkjJAOw7RrTxj7r>
<xlwVxykOTYIsd3rOLLq_wcVlmzkDKFMp1NsQmrLxYIj7FIiBCmULt3oXg05CB>
<ZNGyYzgC0jtZfsLd9OCepSIjwCDTDvA8riwnvCQEA5PDW0jKjQfo95CD5eBXM4IHriDW3RvakrGuJ4b7E6DKslmNN2Oy2l>
<xlwVxykOTYIsd3rOLLq_wcVlmzkDKFMp1NsQmrLxYIj7FIiBCmULt3oXg05CB>
<ghw>
<anmYHx5f2NXaTx9WVbCzoqXee>
<038rXXRfn3YF5tOYKzoQwiUEDaNWTR2tywtazgBl8QJEYXOGjy3XD3LT2x>
<SQWNc3PzGEt2LNJ8szh9SlrJKLqjOs089pNQms0zDCaT6nSfRZHr2AMYJzPOhqfBCznNL32Xxr>
<6qD8S2j80XfcChqKQNklgEWIgcnIF8bsX4cTXOZZEAXhgB1Xkui6WrLVYPCbRHgooK_iZ8ASSy>
<8MsA6mQeUNWhU4kqnKf8o4NJM3LmVEgOK0mrJnt8vLxzgEg9XDL5tYILAUL45jH6xeoWiYMAprzUxYFpMijAH>
<ijC1JjXZJcEsHZt_cW7X56Grf1UpxUp0C7EhDaVqS0z_IxBigxLnAm299>
<MCmfdHVJ3a78v6NPdl2JdSwAKXbI1ZIlOntqkMBsd6AubsxhnwEDOwoPzILhtL2EXbVxerGL6gG8kQSz>
<pPJWTYi2yvWznW>
<ZnR5bkJgtK2AaL4M_waYspofLmG_SQLPCtf4KkXE8dxaqP6XMit6EHH9Q1w8Uj>
<ElUE1W5DfET4k1MBiqjL4VXDGqdH_EZtIUUpsYv99zacOPaE2Vc>
<SQWNc3PzGEt2LNJ8szh9SlrJKLqjOs089pNQms0zDCaT6nSfRZHr2AMYJzPOhqfBCznNL32Xxr>
<Jg1bMJP0AZOKnnl4vbI7Xzrwbl2F3EVt_ews0m8QieBX68LowkjHonG9o5>
<1b9UymDLsUijC92WFM7wAtOWTV9>
<AJH9CouuQfNLCIs8cK>
<AJH9CouuQfNLCIs8cK>
<yb3bGMaJl5P1Nat50ziml4UXvOORKIh0RnlXOvvlAe760AwH4yaSkw6Fcd6I_au9crksimMCVLwpIBFLItvnja>
<SQWNc3PzGEt2LNJ8szh9SlrJKLqjOs089pNQms0zDCaT6nSfRZHr2AMYJzPOhqfBCznNL32Xxr>
<45LSevGhHJOheU4bYS56u6WYjNrt94SkmC7lfn_cJFhI9_lljqheamuOCYRTEjS5oCE0Q9oV1PuJna_>
<hMbrAmp3GTcsA>
<lClXNYM6IsOcf_>
<000BmdRYx_fB67TNvVRs4AR5tXfQZFAWOKdPgJX_8BLWZhZdASKCV0klmclz8PLEtxdLiC8I0NrAon5x4XG7OcbHuUaocb1PC>
<6y>
<sKixb2_oMfEdjS>
<1b9UymDLsUijC92WFM7wAtOWTV9>
<AJH9CouuQfNLCIs8cK>
<06TybSTMibniUZXRwcq8ImTVbwQVGdpTYtZpoCPCisTwl7tgj8WtIadysS_R>
<FE_YbF6UlUHe9DEHfZnpZ30EEQn3MfSme2yajk4q_GuTZbFfFwndgF>
<ZNGyYzgC0jtZfsLd9OCepSIjwCDTDvA8riwnvCQEA5PDW0jKjQfo95CD5eBXM4IHriDW3RvakrGuJ4b7E6DKslmNN2Oy2l>
<pdO1CayyVun1>
<q8KdzHqTIF5lGMtNa>
<MCmfdHVJ3a78v6NPdl2JdSwAKXbI1ZIlOntqkMBsd6AubsxhnwEDOwoPzILhtL2EXbVxerGL6gG8kQSz>
<AJH9CouuQfNLCIs8cK>
<sOb_Ot3zOJdbH4c2EODK64gk5sFqxV4rKZfSqxE4fPqMoIILzgCSEmgYtF4DK7LFajbt2Y5N>
<cLJfjDbbjjdHGpcy13qpCD_vOF9lv83TNQ6A6rznWmu9Vk7DJATSQ>
<aQ6O>
<hzzPizTTO5jqgjytLrtuP>
<MCmfdHVJ3a78v6NPdl2JdSwAKXbI1ZIlOntqkMBsd6AubsxhnwEDOwoPzILhtL2EXbVxerGL6gG8kQSz>
<AamBA9iFFLiKXIGBwHAOdTBH1z7KitUi3HcCgVbhBDZbcCSQbzqy83Eo9oa2MbRassQWfcwLCY5H9d>
<Z3fkIJxMsH4fLLHXnFv2_6ZvWBY8lhG0SpmxwPLGJo2X6AywOMeLEwovFZWGAD7STfjuzVfMjTJ2Q1Xh87sndSRgiQSwU>
<ykG1mkNvj5QzObUZwmgMJAfqlGncoTija7RzJ3IaHLH_8rEwDvah36XqSyb2lM>
<MCmfdHVJ3a78v6NPdl2JdSwAKXbI1ZIlOntqkMBsd6AubsxhnwEDOwoPzILhtL2EXbVxerGL6gG8kQSz>
<SQWNc3PzGEt2LNJ8szh9SlrJKLqjOs089pNQms0zDCaT6nSfRZHr2AMYJzPOhqfBCznNL32Xxr>
<UtY6_T4ev9sg_hnT7c6fKlJ5Aysr_G1P6fwsTw31Fx__5gxC98wtV4osGkPeSCut3YIU1OEJYyQy9Sluhsu>
<ghw>
<yb3bGMaJl5P1Nat50ziml4UXvOORKIh0RnlXOvvlAe760AwH4yaSkw6Fcd6I_au9crksimMCVLwpIBFLItvnja>
<2BAu_Z29qXZQXdJgDD3HG7q7Eie7mAt2_1OJQfIalmXM83blctR7tVAXlvMAtPUTq2XnucKi2F_JA_L>
<PQWBmU0RdMZH_L3lUID6T61GhTfWAERXN6Uf08RUhspYQqvxq7QTgBq2dceIJHaOxEihPnf8Rep0>
<dxL_TpL_lP7RIQDhRJxZCNvgE_8oeiZlOimA3nIbZ13Uy2DoKqKqKjJR6b6PlNbyD1raefh33UU8h7lKS15zFzUuOs7igyA_xMlC>
<ijC1JjXZJcEsHZt_cW7X56Grf1UpxUp0C7EhDaVqS0z_IxBigxLnAm299>
<NJFQ8iqw9UCxGPOweId5WHgzRlcCZ7DvilWjigsNMi7gmnmDx9Wue8ddVcWs>
<FE_YbF6UlUHe9DEHfZnpZ30EEQn3MfSme2yajk4q_GuTZbFfFwndgF>
<yb3bGMaJl5P1Nat50ziml4UXvOORKIh0RnlXOvvlAe760AwH4yaSkw6Fcd6I_au9crksimMCVLwpIBFLItvnja>
<LshNCh2dpHIdXfvpFXxoE5qj2y0Q6WMqCZjSOJ3tDfct50J2g>
<GWPFt87zvWqtKss_rPN9QASsEu7yC7IXfSAaU7fMnA_zS>
<WSXqdf>
<FE_YbF6UlUHe9DEHfZnpZ30EEQn3MfSme2yajk4q_GuTZbFfFwndgF>
<lClXNYM6IsOcf_>
<q2iG0ALHcJX1rq9DGDHxjyjBeAQPvFOS8bTJT8U3xC>
<45LSevGhHJOheU4bYS56u6WYjNrt94SkmC7lfn_cJFhI9_lljqheamuOCYRTEjS5oCE0Q9oV1PuJna_>
<pRvs4ZaApnpVNsHjXH6a3rNzbDIrVXK1ryGI55BEycpq__MnEpuNCLws3FdtgEpXwGCqPMkfrbqsCaWEsGGFb5Qg5Uq_yQ9>
<MWlA1CxE7svFYWk94jVbCJHbY2Kz8wrPt6LwKSFZkMa6kTq93TrXMmWud7dIXpu6h8gPkTkQJcWLfESKEcDd>
<UNMkk0Ex0q49xV4OIsxnTNuAz_Bn06vpygLlhzXiVqkJuMqdHNNNAx16oA>
<SQWNc3PzGEt2LNJ8szh9SlrJKLqjOs089pNQms0zDCaT6nSfRZHr2AMYJzPOhqfBCznNL32Xxr>
<yb3bGMaJl5P1Nat50ziml4UXvOORKIh0RnlXOvvlAe760AwH4yaSkw6Fcd6I_au9crksimMCVLwpIBFLItvnja>
<MCmfdHVJ3a78v6NPdl2JdSwAKXbI1ZIlOntqkMBsd6AubsxhnwEDOwoPzILhtL2EXbVxerGL6gG8kQSz>
<pdO1CayyVun1>
<ijC1JjXZJcEsHZt_cW7X56Grf1UpxUp0C7EhDaVqS0z_IxBigxLnAm299>
<lEq5HgJTOfPGFkImGSXRRxAmB70qp858BQpWEwk46JPVx>
<ZnR5bkJgtK2AaL4M_waYspofLmG_SQLPCtf4KkXE8dxaqP6XMit6EHH9Q1w8Uj>
<NcUpBojpys4xC4oKD96yi2WTgRsk78kOChwx_2I_J3ic3NF18yJ_wtYysRwqPuCMNb5Ul>
<Bz8AOTGFSFJHf6qRtXRW9EvAuxd9sX8o1j_wAuQ9C4H5aextru7Hc5AfoMAObNP77ENbUpttWZKkp5DWtVuAsUB38yyw6BS>
<6qD8S2j80XfcChqKQNklgEWIgcnIF8bsX4cTXOZZEAXhgB1Xkui6WrLVYPCbRHgooK_iZ8ASSy>
<RTcH7fV6x0f4HcC7_qzze71Lh1BLqg4sbbJpxFUzMqxD6YCxPGcP7>
<z3509fnTRZF65dwPASvHtFFeEAXjg9mI4bC89ddrExaWMDwutd6EfXZ2iZxO9R4TNbAX9vK>
<UtY6_T4ev9sg_hnT7c6fKlJ5Aysr_G1P6fwsTw31Fx__5gxC98wtV4osGkPeSCut3YIU1OEJYyQy9Sluhsu>
<1ezqjSy_NdQXmlRWaDS13OKqDIfLsTSPErNeClWvVSTh0TuELJTdua6mdj_NLpDGrUGu0R26>
<AJH9CouuQfNLCIs8cK>
<nM32UYyAOS9Nnc_chxRaaQh9B2CVF2>
<oDrPxs3xD7FSBKwuRDG2qpPKLFzE97aHR65U1W8Sqs>
<rdPSb0VC1iDpRoUg3GLRMrQCBoRVzJJH2kXQoybqI3eAqoB7UURJle5Uv>
<MbxVcHqTWE8LeMxcjg0S1b>
<ghw>
<FE_YbF6UlUHe9DEHfZnpZ30EEQn3MfSme2yajk4q_GuTZbFfFwndgF>
<GmRfXJBJCj9xm2ifYFD_8gncaR435b7OmKxK30dWdlC4v_aaIzrPtugeaPShtIlNgJoIu1vRsgoA9f0canyFIdU>
<sKixb2_oMfEdjS>
<Jg1bMJP0AZOKnnl4vbI7Xzrwbl2F3EVt_ews0m8QieBX68LowkjHonG9o5>
<IsAAP8FpY1JXSGlyHqa6utQj9JVRad0e2hu5UboIqMaMJ7LdR86s9dEGXpWshoEGWSv0hwECMrA49hfs>
<wNzt0J5B9fC6qVMfJ3uWoj317oqC_fUM5Nj7WJb3cMexrTX>
<iv6xzcJBNNMb6Uw9gSUFLZN4_qWDkXnp9J4XpTsmbNW>
<45LSevGhHJOheU4bYS56u6WYjNrt94SkmC7lfn_cJFhI9_lljqheamuOCYRTEjS5oCE0Q9oV1PuJna_>
<pdO1CayyVun1>
<6qD8S2j80XfcChqKQNklgEWIgcnIF8bsX4cTXOZZEAXhgB1Xkui6WrLVYPCbRHgooK_iZ8ASSy>
<AJH9CouuQfNLCIs8cK>
<8KNV0yJ>
<MbxVcHqTWE8LeMxcjg0S1b>
<MSWUs0VPcyinH89H63dbqu3SorrGl5vaLReBgPkyyb5dRidHc_xV6hfHTa6bkDOqa8an7TVEVAjkC1sQWP>
<ghw>
<NcUpBojpys4xC4oKD96yi2WTgRsk78kOChwx_2I_J3ic3NF18yJ_wtYysRwqPuCMNb5Ul>
<z_ur77IpAYqmxzqAssS5TOqUQuL0VfJCZHrI6uRRLo6HL_S8pAJQNddUVNfvCyppBzAjdd30AWLs7CZj>
<6qD8S2j80XfcChqKQNklgEWIgcnIF8bsX4cTXOZZEAXhgB1Xkui6WrLVYPCbRHgooK_iZ8ASSy>
<8MsA6mQeUNWhU4kqnKf8o4NJM3LmVEgOK0mrJnt8vLxzgEg9XDL5tYILAUL45jH6xeoWiYMAprzUxYFpMijAH>
<DEyyymPsQBBY7CYHlUOATmNCCf51zKE3EavDHXgS7mXCWbbBjFt>
<kbGmEIy>
<21xYwPcVM8_1MNf1WdNfN3>
<fNqdlTIHu8EIqSNH9yayDBmfoxG9XA0VW6m1fhrLBX1TajuWL4UYNPx6XLIXIRuPqmteAl9khb0bH9_EWAXsZMgJGHcbrGl8Up7M>
<45LSevGhHJOheU4bYS56u6WYjNrt94SkmC7lfn_cJFhI9_lljqheamuOCYRTEjS5oCE0Q9oV1PuJna_>
<q2iG0ALHcJX1rq9DGDHxjyjBeAQPvFOS8bTJT8U3xC>
<6qD8S2j80XfcChqKQNklgEWIgcnIF8bsX4cTXOZZEAXhgB1Xkui6WrLVYPCbRHgooK_iZ8ASSy>
<tcJWkFR3JnAL7wVF4jMYr4>
<jUiXssTDY8kzzNspvXIFHB7VV46W_UFA5NnLjsWxpguFSz3gTPK2_EWEEIR1kcH_j>
<MCmfdHVJ3a78v6NPdl2JdSwAKXbI1ZIlOntqkMBsd6AubsxhnwEDOwoPzILhtL2EXbVxerGL6gG8kQSz>
<ghw>
<1b9UymDLsUijC92WFM7wAtOWTV9>
-----
