110100111100100011000010010001101000100100001100111111010010110010101011000000010001001011010111111001000010110000011010110110011111000101100010010000000101000001111101000001001100100001000010001001101000010110000001
<Bcs5SMsHsxKghIwZPSQTvmE36z7DAdgd6ONOrR8CXY7SIryGiGuFe>
<eiePL6I4qdVnFrhohtLrhw5V7iJHYC9OwuoWb0>
<eiePL6I4qdVnFrhohtLrhw5V7iJHYC9OwuoWb0>
<TrW0gtZGrEBZzF8kwXSB6SvqYq5fvAWo7A2RDejnLl3v54HM5sy>
<eiePL6I4qdVnFrhohtLrhw5V7iJHYC9OwuoWb0>
<TrW0gtZGrEBZzF8kwXSB6SvqYq5fvAWo7A2RDejnLl3v54HM5sy>
<lbxjn0vZ5oiuOrHV8m36LVODkjVE3vXGh65vGPd45dYw4vyFvSTiv2Sj>
<vaH1EeRmitbLVyxGbM374vr3wGaloyd1FkTA7gRlNIzMD>
<ErRioiHeUt1RprSjQQpbEE3QwQS6qSGvhMP88KynVZuu>
<8AS2ReEGcTVuRN2DBT0FIJwIQkSwdmdkrqdJIQMfYHyYW84bedj>
<TrW0gtZGrEBZzF8kwXSB6SvqYq5fvAWo7A2RDejnLl3v54HM5sy>
<TrW0gtZGrEBZzF8kwXSB6SvqYq5fvAWo7A2RDejnLl3v54HM5sy>
<DMXoIGTU0Bksxz_l1rgOYRWG1Mcql69V56Bblaf0luXQ>
<eiePL6I4qdVnFrhohtLrhw5V7iJHYC9OwuoWb0>
<eiePL6I4qdVnFrhohtLrhw5V7iJHYC9OwuoWb0>
<Bcs5SMsHsxKghIwZPSQTvmE36z7DAdgd6ONOrR8CXY7SIryGiGuFe>
<KEnv3bmZ9oJdQnzTeq5DNrrk93ikLa1t6>
<zXgWIiUXGzLpN9rMoc4vNSgHP1tCCJvPHWGqsc5ww_NcoviisCPB4b4pxwIrVwp0ioRlDYC3gMHaTCTp23F0lyLqIV9EGUDUY>
<eiePL6I4qdVnFrhohtLrhw5V7iJHYC9OwuoWb0>
<KEnv3bmZ9oJdQnzTeq5DNrrk93ikLa1t6>
<eiePL6I4qdVnFrhohtLrhw5V7iJHYC9OwuoWb0>
<eiePL6I4qdVnFrhohtLrhw5V7iJHYC9OwuoWb0>
<yqiqWFIswW8kwAvqrfqP8yLshaDLdKtDP1MF9kCp5hq0Ctgujrwv2DcNgMx7pV1yZUn5RU5LKEdq>
<yqiqWFIswW8kwAvqrfqP8yLshaDLdKtDP1MF9kCp5hq0Ctgujrwv2DcNgMx7pV1yZUn5RU5LKEdq>
<DMXoIGTU0Bksxz_l1rgOYRWG1Mcql69V56Bblaf0luXQ>
<HVEjkkhVVLd62SYxYvDG0hDraPnZ5xx8Aaz583BGJodOlzsxLoenyR2Caj8vjuNTe56hno2BnaW3Z>
<eiePL6I4qdVnFrhohtLrhw5V7iJHYC9OwuoWb0>
<DMXoIGTU0Bksxz_l1rgOYRWG1Mcql69V56Bblaf0luXQ>
<ErRioiHeUt1RprSjQQpbEE3QwQS6qSGvhMP88KynVZuu>
<B4zV2sZL8o0pV>
<I91Ucoq7sCpy8bxqU1b1aBMCqzILp50ZEYFK>
<DMXoIGTU0Bksxz_l1rgOYRWG1Mcql69V56Bblaf0luXQ>
<pL>
<I91Ucoq7sCpy8bxqU1b1aBMCqzILp50ZEYFK>
<Bcs5SMsHsxKghIwZPSQTvmE36z7DAdgd6ONOrR8CXY7SIryGiGuFe>
<8AS2ReEGcTVuRN2DBT0FIJwIQkSwdmdkrqdJIQMfYHyYW84bedj>
<Fbo9ly4USNdfwQWLQmHEC039swgWKFDGQhcoyu73FJ2wk0TpBbrVZnNYjsUFJXEyRaxazGx1sR6LJ76aj>
<DMXoIGTU0Bksxz_l1rgOYRWG1Mcql69V56Bblaf0luXQ>
<KEnv3bmZ9oJdQnzTeq5DNrrk93ikLa1t6>
<4_TM8JlIUjLwcZK1lTIBVcvyaazuZZ2PeS6SmDybxOJtzVShiMQV43v>
<Bcs5SMsHsxKghIwZPSQTvmE36z7DAdgd6ONOrR8CXY7SIryGiGuFe>
<B4zV2sZL8o0pV>
<zXgWIiUXGzLpN9rMoc4vNSgHP1tCCJvPHWGqsc5ww_NcoviisCPB4b4pxwIrVwp0ioRlDYC3gMHaTCTp23F0lyLqIV9EGUDUY>
<ErRioiHeUt1RprSjQQpbEE3QwQS6qSGvhMP88KynVZuu>
<s43g82TTvKcpSDwnwv_Enu7PUXquouGLbXtW46SKI6kFnusw9L0lZigwnAnVqFsOjnJm62oQ>
<UFfqHtHeAi79x7qqfpkt>
<I91Ucoq7sCpy8bxqU1b1aBMCqzILp50ZEYFK>
<TrW0gtZGrEBZzF8kwXSB6SvqYq5fvAWo7A2RDejnLl3v54HM5sy>
<DsbEmkvTr_Pn46YZJQWIyBZL75bvZMMtmtZ>
<FdbgAAfmmfiHZGWVSc31CO0rJc2TOP9BBD_YogxVsxsP>
<GN>
<JkpcuPnmleseQoMGPfJV5o2sGB6yd0foQqGa>
<UGSE3EcquWbQGsbAt>
<9c16qrOt93x8oT>
<DMXoIGTU0Bksxz_l1rgOYRWG1Mcql69V56Bblaf0luXQ>
<MzXoPJlUWAeCpjcIIKjIfVE6zSvTzGImrTqZrJ8yg5nvYxA3_XtSi1VltM4azzB9>
<eiePL6I4qdVnFrhohtLrhw5V7iJHYC9OwuoWb0>
<Bcs5SMsHsxKghIwZPSQTvmE36z7DAdgd6ONOrR8CXY7SIryGiGuFe>
<lElh6RTSa_S7vUlHJLI4kmArcupVv_TyurzsaBby_j5r7JU97B>
<ErRioiHeUt1RprSjQQpbEE3QwQS6qSGvhMP88KynVZuu>
<vz914fmIzlMKQK_waX0bRJsMaOOCEid3X82G6bAM>
<llzTm9A4Nz8GAJnC4MY5PN8XhjxAnzq2EDPhN>
<FdbgAAfmmfiHZGWVSc31CO0rJc2TOP9BBD_YogxVsxsP>
<DsbEmkvTr_Pn46YZJQWIyBZL75bvZMMtmtZ>
<68GnNACYeMVgTUFCb4MZH1R_fGrqSiHXU3tD_J9uU0jXG1eZRgCe>
<DsbEmkvTr_Pn46YZJQWIyBZL75bvZMMtmtZ>
<TFa3hQ5kvg4DOCxq1vlFFvF18BfAFTP3cMIwXYw_23OFvq_SW6Yy>
<9c16qrOt93x8oT>
<Wu4Imnp91tfi4EYOqsawOl7xpZMISUdJvPU6QcMb4>
<eiePL6I4qdVnFrhohtLrhw5V7iJHYC9OwuoWb0>
<eWWNd3dDMcnUBjnCH4gHhtStdVX7l1WM2uaYBpFAXRQna2yg>
<b4XjfweTcbWv>
<UFfqHtHeAi79x7qqfpkt>
<UFfqHtHeAi79x7qqfpkt>
<Bcs5SMsHsxKghIwZPSQTvmE36z7DAdgd6ONOrR8CXY7SIryGiGuFe>
<I91Ucoq7sCpy8bxqU1b1aBMCqzILp50ZEYFK>
<eiePL6I4qdVnFrhohtLrhw5V7iJHYC9OwuoWb0>
<UFfqHtHeAi79x7qqfpkt>
<Bcs5SMsHsxKghIwZPSQTvmE36z7DAdgd6ONOrR8CXY7SIryGiGuFe>
<nlwOOs8c49HUesRt_8Z8MmRzX0geRrrb0bipSn>
<Bcs5SMsHsxKghIwZPSQTvmE36z7DAdgd6ONOrR8CXY7SIryGiGuFe>
<s43g82TTvKcpSDwnwv_Enu7PUXquouGLbXtW46SKI6kFnusw9L0lZigwnAnVqFsOjnJm62oQ>
<8AS2ReEGcTVuRN2DBT0FIJwIQkSwdmdkrqdJIQMfYHyYW84bedj>
<6lIlxP8H9_zazARgm1EQNf8zLHPOCjPQtEtlwO3aLgWxOFmuT5zFzgQ>
<B4zV2sZL8o0pV>
<eiePL6I4qdVnFrhohtLrhw5V7iJHYC9OwuoWb0>
<_NgOc9ccftkvHCUaUOIpR2gjG7dwyjjLdr86QGoupV7UZDtGo1WCDL6d2xJgF3dCf3us3MYkI2lPIGz3p2AGBJ>
<Bcs5SMsHsxKghIwZPSQTvmE36z7DAdgd6ONOrR8CXY7SIryGiGuFe>
<JqHg4E1LV2ArjvqsXkvGL0hhJqfkuiZ6z1Npz0YHBm21WNUp4UmdFd9imiEY8>
<rzlHI91qxCKzQ583_qRcG86>
<UGSE3EcquWbQGsbAt>
<ZQZTUK8TqBz4aUwN6axWdmmzinyY8FjqAX_qXr0GLaZEwvXKdlkaPYuIoGEOkLiY5Zutg5d9CN50CcGpI>
<TrW0gtZGrEBZzF8kwXSB6SvqYq5fvAWo7A2RDejnLl3v54HM5sy>
<G_8fUbAdNWCxo03vHgUkqIwly1GwP7N03owXboHJ1o5v6CC6SAwiRqpNwugPT20uzvlvc6poxspoKPbqqj>
<bxrujT5otNzHYFxu6A1NEfMBo>
<0FdOxKdLWUps8RSfKfgsZtmQUtiQE84TG3LgUdswwDybis4fN0TvON3ERdCQRuUAtK>
<nEligXil7pjDjV4EmojyL3jHt9PC3qs3yA8OZArhzsX2>
<WjILluGn7EQok6aQdF_itOdVlVcri43bGT_BAQOwkWcGzwqcbXznmqg525q4jeDE00K9jTavpF2sgXgOFkJIFL41QK>
<4mMrry1ClQLutWjF9jNzbP3>
<DMXoIGTU0Bksxz_l1rgOYRWG1Mcql69V56Bblaf0luXQ>
<eiePL6I4qdVnFrhohtLrhw5V7iJHYC9OwuoWb0>
<b>
<UFfqHtHeAi79x7qqfpkt>
<b4XjfweTcbWv>
<KEnv3bmZ9oJdQnzTeq5DNrrk93ikLa1t6>
<9c16qrOt93x8oT>
<6y>
<TFa3hQ5kvg4DOCxq1vlFFvF18BfAFTP3cMIwXYw_23OFvq_SW6Yy>
<yp99j0sMeJrq9KjphPVCoZN3Fk3gz2ktuNr5P20zd_6YTY>
<d2JRUnSjpTgGlUqZT_3bV3Q2V2RzAY9LV_5UJNDKpl>
<vz914fmIzlMKQK_waX0bRJsMaOOCEid3X82G6bAM>
<6y>
<TFa3hQ5kvg4DOCxq1vlFFvF18BfAFTP3cMIwXYw_23OFvq_SW6Yy>
<yp99j0sMeJrq9KjphPVCoZN3Fk3gz2ktuNr5P20zd_6YTY>
<Bcs5SMsHsxKghIwZPSQTvmE36z7DAdgd6ONOrR8CXY7SIryGiGuFe>
<6rvTiOqP8f0icyVCghzyn1iHHE>
<eESvCdA_h5DcizAb8UYlmzfPe6GbtE338zkrioFctoeS1FPUTjFzsD28VGemtClVXGcdzlPs>
<TFa3hQ5kvg4DOCxq1vlFFvF18BfAFTP3cMIwXYw_23OFvq_SW6Yy>
<118cT6sxbOwEbS_nB56>
<s43g82TTvKcpSDwnwv_Enu7PUXquouGLbXtW46SKI6kFnusw9L0lZigwnAnVqFsOjnJm62oQ>
<s1RWt_BVRU0z1FBTXFGbF6J20BfIodd0lI41HXtVnj3giVo6NjG6g4WPtjSqvOb9KEMi>
<u4oKMVjWThP4W0rV81KmbF9u8vvqipCPlrTi>
<TrW0gtZGrEBZzF8kwXSB6SvqYq5fvAWo7A2RDejnLl3v54HM5sy>
<hCHBd9DMCHqlqlrx>
<YpGQPpwSnWjpvhNCTpLwnyoqTS1cMX8rd9xi2NWY7Hkg>
<Bcs5SMsHsxKghIwZPSQTvmE36z7DAdgd6ONOrR8CXY7SIryGiGuFe>
<yp99j0sMeJrq9KjphPVCoZN3Fk3gz2ktuNr5P20zd_6YTY>
<nk6NBW6LV3qIVIxvOMg62T4x4rqJOUlRHdESMoKw7KV5_XWgLYZU_wA_xCUQTS6EB7UWyU0xVCnDL0a1o8>
<jYEJe_Xm0eZwh905EeZC9xaJcQ8jhT9N2yqNnvrGuHRtQ2oqFvm5uw44YCgOXBGgb34dJsSjKv2oqGhen0OqtI>
<dHVrKjyaPo8ZoRaqPPpetkWFRq0KjUbsyUwF3bdoUmpDOw01ZpjADh_QScfnjbBa7j9TpUFL4xbM8p_GTSYB_3J>
<2x333gaw6V>
<B6d7QcQfDuO3lmjHYzL>
<eiePL6I4qdVnFrhohtLrhw5V7iJHYC9OwuoWb0>
<eiePL6I4qdVnFrhohtLrhw5V7iJHYC9OwuoWb0>
<DMXoIGTU0Bksxz_l1rgOYRWG1Mcql69V56Bblaf0luXQ>
<sOb_Ot3zOJdbH4c2EODK64gk5sFqxV4rKZfSqxE4fPqMoIILzgCSEmgYtF4DK7LFajbt2Y5N>
<9c16qrOt93x8oT>
<NNwM9lkHFgBbxmzqLeudxV475ADAr83jGI3x7wkW_B8nnsryUks1f5OK3KW46QOwSYslga2bs3xGhaUpm>
<a7_JU4MTKxh9QV_3PVVObZah6wcM>
<eESvCdA_h5DcizAb8UYlmzfPe6GbtE338zkrioFctoeS1FPUTjFzsD28VGemtClVXGcdzlPs>
<eiePL6I4qdVnFrhohtLrhw5V7iJHYC9OwuoWb0>
<TrW0gtZGrEBZzF8kwXSB6SvqYq5fvAWo7A2RDejnLl3v54HM5sy>
<sqZYRtEUMEmS1nxWGUqHjDoEUI85F8WRYHBbOsRXgTpdjGUqqUtHhmyPw>
<FdbgAAfmmfiHZGWVSc31CO0rJc2TOP9BBD_YogxVsxsP>
<4_TM8JlIUjLwcZK1lTIBVcvyaazuZZ2PeS6SmDybxOJtzVShiMQV43v>
<Gs6S406EzeAuHNT>
<Bcs5SMsHsxKghIwZPSQTvmE36z7DAdgd6ONOrR8CXY7SIryGiGuFe>
<UFfqHtHeAi79x7qqfpkt>
<s43g82TTvKcpSDwnwv_Enu7PUXquouGLbXtW46SKI6kFnusw9L0lZigwnAnVqFsOjnJm62oQ>
<Gs6S406EzeAuHNT>
<Bcs5SMsHsxKghIwZPSQTvmE36z7DAdgd6ONOrR8CXY7SIryGiGuFe>
<zXgWIiUXGzLpN9rMoc4vNSgHP1tCCJvPHWGqsc5ww_NcoviisCPB4b4pxwIrVwp0ioRlDYC3gMHaTCTp23F0lyLqIV9EGUDUY>
<DMXoIGTU0Bksxz_l1rgOYRWG1Mcql69V56Bblaf0luXQ>
<856389R67AOeoAq87XpoutV_HkL0KKNxK7gzvG0f_ebgMxtV6cPZcw13dV4>
<eESvCdA_h5DcizAb8UYlmzfPe6GbtE338zkrioFctoeS1FPUTjFzsD28VGemtClVXGcdzlPs>
<g91Sz_sAMPBEDhglH9gOJzB0q04lr>
<sqZYRtEUMEmS1nxWGUqHjDoEUI85F8WRYHBbOsRXgTpdjGUqqUtHhmyPw>
<9c16qrOt93x8oT>
<I91Ucoq7sCpy8bxqU1b1aBMCqzILp50ZEYFK>
<KEnv3bmZ9oJdQnzTeq5DNrrk93ikLa1t6>
<yp99j0sMeJrq9KjphPVCoZN3Fk3gz2ktuNr5P20zd_6YTY>
<HDmUfB_RFdoWLuY013THATPhsm0vPcNLJQkGDiIBkI7Wr2JKWeK431up7avSOqxA3Y4>
<XWmAJwjj7lgp6MkcmPdN6tIMqpqhaWE6cf4lNWh5TvHmrXw168QOx4>
<74E7cXSv5KAPVBE7oqah1SPRBTo8yDIJAGO>
<qNScIx32ENESmtED25bkaOEHZhnVtAw2fbLkNMM0vpnt>
<JbVh7RgS>
<Bcs5SMsHsxKghIwZPSQTvmE36z7DAdgd6ONOrR8CXY7SIryGiGuFe>
<d9GVabE1J3w4jzYFfuOerReqQmPyG4iF>
<jYEJe_Xm0eZwh905EeZC9xaJcQ8jhT9N2yqNnvrGuHRtQ2oqFvm5uw44YCgOXBGgb34dJsSjKv2oqGhen0OqtI>
<6y>
<TFa3hQ5kvg4DOCxq1vlFFvF18BfAFTP3cMIwXYw_23OFvq_SW6Yy>
<9c16qrOt93x8oT>
<UFfqHtHeAi79x7qqfpkt>
<GhwbQ>
<WjILluGn7EQok6aQdF_itOdVlVcri43bGT_BAQOwkWcGzwqcbXznmqg525q4jeDE00K9jTavpF2sgXgOFkJIFL41QK>
<TrW0gtZGrEBZzF8kwXSB6SvqYq5fvAWo7A2RDejnLl3v54HM5sy>
<CW5aAYyeUHNzHUXZ20DZWglNk8hqtBIGHraFTp4u72V5xg6S10IAnEoMgz8mAkRPtdHSaQQ12xDlgco7F6LOCsPNEOO474L>
<TomBPOOJ>
<B6d7QcQfDuO3lmjHYzL>
<B4zV2sZL8o0pV>
<UAb1MLFlLi6CQ4Kr2DYI5usMuN_QcGtbE63uyIAh8hKNUU5e5nMtMP3_ah>
<Bcs5SMsHsxKghIwZPSQTvmE36z7DAdgd6ONOrR8CXY7SIryGiGuFe>
<DMXoIGTU0Bksxz_l1rgOYRWG1Mcql69V56Bblaf0luXQ>
<6y>
<Fbo9ly4USNdfwQWLQmHEC039swgWKFDGQhcoyu73FJ2wk0TpBbrVZnNYjsUFJXEyRaxazGx1sR6LJ76aj>
<YzLLaokBBUsobc_VIbN9HL4TFcBdmGn>
<KEnv3bmZ9oJdQnzTeq5DNrrk93ikLa1t6>
<HDmUfB_RFdoWLuY013THATPhsm0vPcNLJQkGDiIBkI7Wr2JKWeK431up7avSOqxA3Y4>
<Bcs5SMsHsxKghIwZPSQTvmE36z7DAdgd6ONOrR8CXY7SIryGiGuFe>
<I91Ucoq7sCpy8bxqU1b1aBMCqzILp50ZEYFK>
<936PR>
<9c16qrOt93x8oT>
<DMXoIGTU0Bksxz_l1rgOYRWG1Mcql69V56Bblaf0luXQ>
<eiePL6I4qdVnFrhohtLrhw5V7iJHYC9OwuoWb0>
<8NydCKYvOCqVKDVei8qLgw53NfTolnLfrRsyYB1JFZDMZmy08U5tBiCP7cwjmwYo0jsz3HtXNkAP>
<TFa3hQ5kvg4DOCxq1vlFFvF18BfAFTP3cMIwXYw_23OFvq_SW6Yy>
<TrW0gtZGrEBZzF8kwXSB6SvqYq5fvAWo7A2RDejnLl3v54HM5sy>
<b_tayW9tUtC5imBKPiAhieekK_YExrgfT55n2llAc3VDprbQb_oiKy9FMe>
<_8g967lGtvpT8GX1C2LWJ4bGHVewiClVNCO1hdSwPWJgbD_2pIxRBoIgIYFDruDQ516Mphpexll2uY4JycdCPCedT6VroPGFfd>
<TrW0gtZGrEBZzF8kwXSB6SvqYq5fvAWo7A2RDejnLl3v54HM5sy>
<vKU1HcmUIwVsK2EJQvGPKnObENgI5Go948PJYdIg9fTYkjf>
<TrW0gtZGrEBZzF8kwXSB6SvqYq5fvAWo7A2RDejnLl3v54HM5sy>
<YzLLaokBBUsobc_VIbN9HL4TFcBdmGn>
<I91Ucoq7sCpy8bxqU1b1aBMCqzILp50ZEYFK>
<6y>
<wMEI5o>
<4_TM8JlIUjLwcZK1lTIBVcvyaazuZZ2PeS6SmDybxOJtzVShiMQV43v>
<6JWU1fHDgaGY_uxW10GPDIA00J9T0Cs6GiCcYD_EtrLnZp9RCqkv2nFuQxYB1JKk9V3uFGBBq2>
<UFVnbowX7buvuQtCi_Ox6m8YwX6LDndse6P4IWdPblURRnoW2OA>
<KEnv3bmZ9oJdQnzTeq5DNrrk93ikLa1t6>
<UFfqHtHeAi79x7qqfpkt>
<ErRioiHeUt1RprSjQQpbEE3QwQS6qSGvhMP88KynVZuu>
<CW5aAYyeUHNzHUXZ20DZWglNk8hqtBIGHraFTp4u72V5xg6S10IAnEoMgz8mAkRPtdHSaQQ12xDlgco7F6LOCsPNEOO474L>
<lElh6RTSa_S7vUlHJLI4kmArcupVv_TyurzsaBby_j5r7JU97B>
<6y>
<OHNfLpANSQaBXzxdQPXrb9APT7qKXzT2x9tZrkZAKL0>
-----
